Archive member included to satisfy reference by file (symbol)

c:/program files (x86)/atmel/studio/7.0/toolchain/avr8/avr8-gnu-toolchain/bin/../lib/gcc/avr/5.4.0/../../../../avr/lib/avr6\libm.a(addsf3.o)
                              PCA9685/PCA9685.o (__subsf3)
c:/program files (x86)/atmel/studio/7.0/toolchain/avr8/avr8-gnu-toolchain/bin/../lib/gcc/avr/5.4.0/../../../../avr/lib/avr6\libm.a(addsf3x.o)
                              c:/program files (x86)/atmel/studio/7.0/toolchain/avr8/avr8-gnu-toolchain/bin/../lib/gcc/avr/5.4.0/../../../../avr/lib/avr6\libm.a(addsf3.o) (__addsf3x)
c:/program files (x86)/atmel/studio/7.0/toolchain/avr8/avr8-gnu-toolchain/bin/../lib/gcc/avr/5.4.0/../../../../avr/lib/avr6\libm.a(cmpsf2.o)
                              PCA9685/PCA9685.o (__ltsf2)
c:/program files (x86)/atmel/studio/7.0/toolchain/avr8/avr8-gnu-toolchain/bin/../lib/gcc/avr/5.4.0/../../../../avr/lib/avr6\libm.a(divsf3.o)
                              BNO055/Adafruit_BNO055.o (__divsf3)
c:/program files (x86)/atmel/studio/7.0/toolchain/avr8/avr8-gnu-toolchain/bin/../lib/gcc/avr/5.4.0/../../../../avr/lib/avr6\libm.a(divsf3x.o)
                              c:/program files (x86)/atmel/studio/7.0/toolchain/avr8/avr8-gnu-toolchain/bin/../lib/gcc/avr/5.4.0/../../../../avr/lib/avr6\libm.a(divsf3.o) (__divsf3x)
c:/program files (x86)/atmel/studio/7.0/toolchain/avr8/avr8-gnu-toolchain/bin/../lib/gcc/avr/5.4.0/../../../../avr/lib/avr6\libm.a(fixunssfsi.o)
                              PCA9685/PCA9685.o (__fixunssfsi)
c:/program files (x86)/atmel/studio/7.0/toolchain/avr8/avr8-gnu-toolchain/bin/../lib/gcc/avr/5.4.0/../../../../avr/lib/avr6\libm.a(floatsisf.o)
                              PCA9685/PCA9685.o (__floatunsisf)
c:/program files (x86)/atmel/studio/7.0/toolchain/avr8/avr8-gnu-toolchain/bin/../lib/gcc/avr/5.4.0/../../../../avr/lib/avr6\libm.a(fp_cmp.o)
                              c:/program files (x86)/atmel/studio/7.0/toolchain/avr8/avr8-gnu-toolchain/bin/../lib/gcc/avr/5.4.0/../../../../avr/lib/avr6\libm.a(cmpsf2.o) (__fp_cmp)
c:/program files (x86)/atmel/studio/7.0/toolchain/avr8/avr8-gnu-toolchain/bin/../lib/gcc/avr/5.4.0/../../../../avr/lib/avr6\libm.a(fp_inf.o)
                              c:/program files (x86)/atmel/studio/7.0/toolchain/avr8/avr8-gnu-toolchain/bin/../lib/gcc/avr/5.4.0/../../../../avr/lib/avr6\libm.a(addsf3x.o) (__fp_inf)
c:/program files (x86)/atmel/studio/7.0/toolchain/avr8/avr8-gnu-toolchain/bin/../lib/gcc/avr/5.4.0/../../../../avr/lib/avr6\libm.a(fp_nan.o)
                              c:/program files (x86)/atmel/studio/7.0/toolchain/avr8/avr8-gnu-toolchain/bin/../lib/gcc/avr/5.4.0/../../../../avr/lib/avr6\libm.a(addsf3x.o) (__fp_nan)
c:/program files (x86)/atmel/studio/7.0/toolchain/avr8/avr8-gnu-toolchain/bin/../lib/gcc/avr/5.4.0/../../../../avr/lib/avr6\libm.a(fp_pscA.o)
                              c:/program files (x86)/atmel/studio/7.0/toolchain/avr8/avr8-gnu-toolchain/bin/../lib/gcc/avr/5.4.0/../../../../avr/lib/avr6\libm.a(addsf3x.o) (__fp_pscA)
c:/program files (x86)/atmel/studio/7.0/toolchain/avr8/avr8-gnu-toolchain/bin/../lib/gcc/avr/5.4.0/../../../../avr/lib/avr6\libm.a(fp_pscB.o)
                              c:/program files (x86)/atmel/studio/7.0/toolchain/avr8/avr8-gnu-toolchain/bin/../lib/gcc/avr/5.4.0/../../../../avr/lib/avr6\libm.a(addsf3x.o) (__fp_pscB)
c:/program files (x86)/atmel/studio/7.0/toolchain/avr8/avr8-gnu-toolchain/bin/../lib/gcc/avr/5.4.0/../../../../avr/lib/avr6\libm.a(fp_round.o)
                              c:/program files (x86)/atmel/studio/7.0/toolchain/avr8/avr8-gnu-toolchain/bin/../lib/gcc/avr/5.4.0/../../../../avr/lib/avr6\libm.a(addsf3.o) (__fp_round)
c:/program files (x86)/atmel/studio/7.0/toolchain/avr8/avr8-gnu-toolchain/bin/../lib/gcc/avr/5.4.0/../../../../avr/lib/avr6\libm.a(fp_split3.o)
                              c:/program files (x86)/atmel/studio/7.0/toolchain/avr8/avr8-gnu-toolchain/bin/../lib/gcc/avr/5.4.0/../../../../avr/lib/avr6\libm.a(addsf3x.o) (__fp_split3)
c:/program files (x86)/atmel/studio/7.0/toolchain/avr8/avr8-gnu-toolchain/bin/../lib/gcc/avr/5.4.0/../../../../avr/lib/avr6\libm.a(fp_zero.o)
                              c:/program files (x86)/atmel/studio/7.0/toolchain/avr8/avr8-gnu-toolchain/bin/../lib/gcc/avr/5.4.0/../../../../avr/lib/avr6\libm.a(addsf3x.o) (__fp_zero)
c:/program files (x86)/atmel/studio/7.0/toolchain/avr8/avr8-gnu-toolchain/bin/../lib/gcc/avr/5.4.0/../../../../avr/lib/avr6\libm.a(gesf2.o)
                              PCA9685/PCA9685.o (__gtsf2)
c:/program files (x86)/atmel/studio/7.0/toolchain/avr8/avr8-gnu-toolchain/bin/../lib/gcc/avr/5.4.0/../../../../avr/lib/avr6\libm.a(mulsf3.o)
                              BNO055/Adafruit_BNO055.o (__mulsf3)
c:/program files (x86)/atmel/studio/7.0/toolchain/avr8/avr8-gnu-toolchain/bin/../lib/gcc/avr/5.4.0/../../../../avr/lib/avr6\libm.a(mulsf3x.o)
[...]
Memory Configuration

Name             Origin             Length             Attributes
text             0x00000000         0x00100000         xr
data             0x00800200         0x0000fe00         rw !x
eeprom           0x00810000         0x00010000         rw !x
fuse             0x00820000         0x00000003         rw !x
lock             0x00830000         0x00000400         rw !x
signature        0x00840000         0x00000400         rw !x
user_signatures  0x00850000         0x00000400         rw !x
*default*        0x00000000         0xffffffff

Linker script and memory map

Address of section .data set to 0x800200
LOAD C:/Program Files (x86)/Atmel/Studio/7.0/Packs/atmel/ATmega_DFP/1.2.209/gcc/dev/atmega2560/avr6/crtatmega2560.o
LOAD BNO055/Adafruit_BNO055.o
LOAD BNO055/Adafruit_Sensor.o
LOAD Commands.o
LOAD EtherCardModified/enc28j60.o
LOAD EtherCardModified/EtherCard.o
LOAD EtherCardModified/tcpip.o
LOAD EtherCardModified/udpserver.o
LOAD EtherCardModified/webutil.o
LOAD EtherComm.o
LOAD main.o
LOAD MS5837/MS5837.o
LOAD PCA9685/PCA9685.o
LOAD PCA9685/TwiServoController.o
LOAD Peripherals/HardwareSerial.o
LOAD Peripherals/HardwareSerial0.o
LOAD Peripherals/HardwareSerial1.o
LOAD Peripherals/HardwareSerial2.o
LOAD Peripherals/HardwareSerial3.o
LOAD Peripherals/HardwareServo.o
LOAD Peripherals/HardwareTimer.o
LOAD Peripherals/twi.o
LOAD Peripherals/Wire.o
LOAD Robot.o
LOAD Sensors/ImuSensor.o
LOAD Sensors/PressureSensor.o
LOAD TestIMU.o
LOAD Utils/Print.o
LOAD Utils/Stream.o
START GROUP
LOAD c:/program files (x86)/atmel/studio/7.0/toolchain/avr8/avr8-gnu-toolchain/bin/../lib/gcc/avr/5.4.0/../../../../avr/lib/avr6\libm.a
END GROUP
LOAD c:/program files (x86)/atmel/studio/7.0/toolchain/avr8/avr8-gnu-toolchain/bin/../lib/gcc/avr/5.4.0/avr6\libgcc.a
LOAD c:/program files (x86)/atmel/studio/7.0/toolchain/avr8/avr8-gnu-toolchain/bin/../lib/gcc/avr/5.4.0/../../../../avr/lib/avr6\libm.a
START GROUP
LOAD c:/program files (x86)/atmel/studio/7.0/toolchain/avr8/avr8-gnu-toolchain/bin/../lib/gcc/avr/5.4.0/avr6\libgcc.a
LOAD c:/program files (x86)/atmel/studio/7.0/toolchain/avr8/avr8-gnu-toolchain/bin/../lib/gcc/avr/5.4.0/../../../../avr/lib/avr6\libm.a
LOAD c:/program files (x86)/atmel/studio/7.0/toolchain/avr8/avr8-gnu-toolchain/bin/../lib/gcc/avr/5.4.0/../../../../avr/lib/avr6\libc.a
LOAD C:/Program Files (x86)/Atmel/Studio/7.0/Packs/atmel/ATmega_DFP/1.2.209/gcc/dev/atmega2560/avr6\libatmega2560.a
END GROUP
                0x00100000                __TEXT_REGION_LENGTH__ = DEFINED (__TEXT_REGION_LENGTH__)?__TEXT_REGION_LENGTH__:0x100000
                0x0000fe00                __DATA_REGION_LENGTH__ = DEFINED (__DATA_REGION_LENGTH__)?__DATA_REGION_LENGTH__:0xfe00
                0x00010000                __EEPROM_REGION_LENGTH__ = DEFINED (__EEPROM_REGION_LENGTH__)?__EEPROM_REGION_LENGTH__:0x10000
                [0x00000003]                __FUSE_REGION_LENGTH__ = DEFINED (__FUSE_REGION_LENGTH__)?__FUSE_REGION_LENGTH__:0x400
                0x00000400                __LOCK_REGION_LENGTH__ = DEFINED (__LOCK_REGION_LENGTH__)?__LOCK_REGION_LENGTH__:0x400
                0x00000400                __SIGNATURE_REGION_LENGTH__ = DEFINED (__SIGNATURE_REGION_LENGTH__)?__SIGNATURE_REGION_LENGTH__:0x400
                0x00000400                __USER_SIGNATURE_REGION_LENGTH__ = DEFINED (__USER_SIGNATURE_REGION_LENGTH__)?__USER_SIGNATURE_REGION_LENGTH__:0x400

.hash
 *(.hash)

.dynsym
 *(.dynsym)

.dynstr
 *(.dynstr)

.gnu.version
 *(.gnu.version)

.gnu.version_d
 *(.gnu.version_d)

.gnu.version_r
 *(.gnu.version_r)

.rel.init
 *(.rel.init)

.rela.init
 *(.rela.init)

.rel.text
 *(.rel.text)
 *(.rel.text.*)
 *(.rel.gnu.linkonce.t*)

.rela.text
 *(.rela.text)
 *(.rela.text.*)
 *(.rela.gnu.linkonce.t*)

.rel.fini
 *(.rel.fini)

.rela.fini
 *(.rela.fini)

.rel.rodata
 *(.rel.rodata)
 *(.rel.rodata.*)
 *(.rel.gnu.linkonce.r*)

.rela.rodata
 *(.rela.rodata)
 *(.rela.rodata.*)
 *(.rela.gnu.linkonce.r*)

.rel.data
 *(.rel.data)
 *(.rel.data.*)
 *(.rel.gnu.linkonce.d*)

.rela.data
 *(.rela.data)
 *(.rela.data.*)
 *(.rela.gnu.linkonce.d*)

.rel.ctors
 *(.rel.ctors)

.rela.ctors
 *(.rela.ctors)

.rel.dtors
 *(.rel.dtors)

.rela.dtors
 *(.rela.dtors)

.rel.got
 *(.rel.got)

.rela.got
 *(.rela.got)

.rel.bss
 *(.rel.bss)

.rela.bss
 *(.rela.bss)

.rel.plt
 *(.rel.plt)

.rela.plt
 *(.rela.plt)

.text           0x00000000     0x403e
 *(.vectors)
 .vectors       0x00000000       0xe4 C:/Program Files (x86)/Atmel/Studio/7.0/Packs/atmel/ATmega_DFP/1.2.209/gcc/dev/atmega2560/avr6/crtatmega2560.o
                0x00000000                __vector_default
                0x00000000                __vectors
 *(.vectors)
 *(.progmem.gcc*)
 .progmem.gcc_sw_table.__vector_39
                0x000000e4      0x192 Peripherals/twi.o
                0x00000276                . = ALIGN (0x2)
                0x00000276                __trampolines_start = .
 *(.trampolines)
 .trampolines   0x00000276        0x0 linker stubs
 *(.trampolines*)
                0x00000276                __trampolines_end = .
 *libprintf_flt.a:*(.progmem.data)
 *libc.a:*(.progmem.data)
 *(.progmem*)
 .progmem.data._ZL5iphdr
                0x00000276        0x9 EtherCardModified/tcpip.o
                0x00000280                . = ALIGN (0x2)
 *fill*         0x0000027f        0x1 
 *(.jumptables)
 *(.jumptables*)
 *(.lowtext)
 *(.lowtext*)
                0x00000280                __ctors_start = .
 *(.ctors)
 .ctors         0x00000280        0x2 Commands.o
 .ctors         0x00000282        0x2 main.o
 .ctors         0x00000284        0x2 Peripherals/HardwareSerial0.o
 .ctors         0x00000286        0x2 Peripherals/HardwareSerial1.o
 .ctors         0x00000288        0x2 Peripherals/HardwareSerial2.o
 .ctors         0x0000028a        0x2 Peripherals/HardwareSerial3.o
 .ctors         0x0000028c        0x2 Peripherals/HardwareServo.o
 .ctors         0x0000028e        0x2 Peripherals/HardwareTimer.o
 .ctors         0x00000290        0x2 Peripherals/Wire.o
 .ctors         0x00000292        0x2 Robot.o
 .ctors         0x00000294        0x2 Sensors/ImuSensor.o
 .ctors         0x00000296        0x2 TestIMU.o
                0x00000298                __ctors_end = .
                0x00000298                __dtors_start = .
 *(.dtors)
                0x00000298                __dtors_end = .
 SORT(*)(.ctors)
 SORT(*)(.dtors)
 *(.init0)
 .init0         0x00000298        0x0 C:/Program Files (x86)/Atmel/Studio/7.0/Packs/atmel/ATmega_DFP/1.2.209/gcc/dev/atmega2560/avr6/crtatmega2560.o
                0x00000298                __init
 *(.init0)
 *(.init1)
 *(.init1)
 *(.init2)
 .init2         0x00000298       0x10 C:/Program Files (x86)/Atmel/Studio/7.0/Packs/atmel/ATmega_DFP/1.2.209/gcc/dev/atmega2560/avr6/crtatmega2560.o
 *(.init2)
 *(.init3)
 *(.init3)
 *(.init4)
 .init4         0x000002a8       0x1a c:/program files (x86)/atmel/studio/7.0/toolchain/avr8/avr8-gnu-toolchain/bin/../lib/gcc/avr/5.4.0/avr6\libgcc.a(_copy_data.o)
                0x000002a8                __do_copy_data
 .init4         0x000002c2       0x10 c:/program files (x86)/atmel/studio/7.0/toolchain/avr8/avr8-gnu-toolchain/bin/../lib/gcc/avr/5.4.0/avr6\libgcc.a(_clear_bss.o)
                0x000002c2                __do_clear_bss
 *(.init4)
 *(.init5)
 *(.init5)
 *(.init6)
 .init6         0x000002d2       0x20 c:/program files (x86)/atmel/studio/7.0/toolchain/avr8/avr8-gnu-toolchain/bin/../lib/gcc/avr/5.4.0/avr6\libgcc.a(_ctors.o)
                0x000002d2                __do_global_ctors
 *(.init6)
 *(.init7)
 *(.init7)
 *(.init8)
 *(.init8)
 *(.init9)
 .init9         0x000002f2        0x6 C:/Program Files (x86)/Atmel/Studio/7.0/Packs/atmel/ATmega_DFP/1.2.209/gcc/dev/atmega2560/avr6/crtatmega2560.o
 *(.init9)
 *(.text)
 .text          0x000002f8        0x2 C:/Program Files (x86)/Atmel/Studio/7.0/Packs/atmel/ATmega_DFP/1.2.209/gcc/dev/atmega2560/avr6/crtatmega2560.o
                0x000002f8                __vector_38
                0x000002f8                __vector_22
                0x000002f8                __vector_28
                0x000002f8                __vector_1
                0x000002f8                __vector_32
                0x000002f8                __vector_34
                0x000002f8                __vector_24
                0x000002f8                __vector_12
                0x000002f8                __vector_46
                0x000002f8                __bad_interrupt
                0x000002f8                __vector_6
                0x000002f8                __vector_31
                0x000002f8                __vector_35
                0x000002f8                __vector_3
                0x000002f8                __vector_23
                0x000002f8                __vector_30
                0x000002f8                __vector_45
                0x000002f8                __vector_11
                0x000002f8                __vector_17
                0x000002f8                __vector_19
                0x000002f8                __vector_56
                0x000002f8                __vector_7
                0x000002f8                __vector_49
                0x000002f8                __vector_41
                0x000002f8                __vector_43
                0x000002f8                __vector_27
                0x000002f8                __vector_5
                0x000002f8                __vector_33
                0x000002f8                __vector_47
                0x000002f8                __vector_4
                0x000002f8                __vector_44
                0x000002f8                __vector_9
                0x000002f8                __vector_2
                0x000002f8                __vector_15
                0x000002f8                __vector_29
                0x000002f8                __vector_40
                0x000002f8                __vector_8
                0x000002f8                __vector_48
                0x000002f8                __vector_14
                0x000002f8                __vector_53
                0x000002f8                __vector_10
                0x000002f8                __vector_50
                0x000002f8                __vector_16
                0x000002f8                __vector_18
                0x000002f8                __vector_20
                0x000002f8                __vector_42
                0x000002fa                . = ALIGN (0x2)
 *(.text.*)
 .text._ZN15Adafruit_Sensor15enableAutoRangeEb
                0x000002fa        0x2 BNO055/Adafruit_BNO055.o
                0x000002fa                _ZN15Adafruit_Sensor15enableAutoRangeEb
 .text._ZN15Adafruit_BNO0559getSensorEP8sensor_t
                0x000002fc       0x8a BNO055/Adafruit_BNO055.o
                0x000002fc                _ZN15Adafruit_BNO0559getSensorEP8sensor_t
 .text._ZN15Adafruit_BNO055C2ElhP7TwoWire
                0x00000386       0x22 BNO055/Adafruit_BNO055.o
                0x00000386                _ZN15Adafruit_BNO055C1ElhP7TwoWire
                0x00000386                _ZN15Adafruit_BNO055C2ElhP7TwoWire
 .text._ZN15Adafruit_BNO0556write8ENS_21adafruit_bno055_reg_tEh
                0x000003a8       0x54 BNO055/Adafruit_BNO055.o
                0x000003a8                _ZN15Adafruit_BNO0556write8ENS_21adafruit_bno055_reg_tEh
 .text._ZN15Adafruit_BNO0557setModeENS_24adafruit_bno055_opmode_tE
                0x000003fc       0x1e BNO055/Adafruit_BNO055.o
                0x000003fc                _ZN15Adafruit_BNO0557setModeENS_24adafruit_bno055_opmode_tE
 .text._ZN15Adafruit_BNO0555read8ENS_21adafruit_bno055_reg_tE
                0x0000041a       0x56 BNO055/Adafruit_BNO055.o
                0x0000041a                _ZN15Adafruit_BNO0555read8ENS_21adafruit_bno055_reg_tE
 .text._ZN15Adafruit_BNO0555beginENS_24adafruit_bno055_opmode_tE
                0x00000470       0xda BNO055/Adafruit_BNO055.o
                0x00000470                _ZN15Adafruit_BNO0555beginENS_24adafruit_bno055_opmode_tE
 .text._ZN15Adafruit_BNO0557getTempEv
                0x0000054a        0x6 BNO055/Adafruit_BNO055.o
                0x0000054a                _ZN15Adafruit_BNO0557getTempEv
 .text._ZN15Adafruit_BNO0557readLenENS_21adafruit_bno055_reg_tEPhh
                0x00000550       0xa6 BNO055/Adafruit_BNO055.o
                0x00000550                _ZN15Adafruit_BNO0557readLenENS_21adafruit_bno055_reg_tEPhh
 .text._ZN15Adafruit_BNO0559getVectorENS_22adafruit_vector_type_tE
                0x000005f6      0x32c BNO055/Adafruit_BNO055.o
                0x000005f6                _ZN15Adafruit_BNO0559getVectorENS_22adafruit_vector_type_tE
 .text._ZN15Adafruit_BNO0558getEventEP15sensors_event_t
                0x00000922       0xae BNO055/Adafruit_BNO055.o
                0x00000922                _ZN15Adafruit_BNO0558getEventEP15sensors_event_t
 .text._GLOBAL__sub_I__Z14RunPingCommandPKhh
                0x000009d0       0x14 Commands.o
 .text._ZL10enableChipv
                0x000009e4       0x16 EtherCardModified/enc28j60.o
 .text._ZL11disableChipv
                0x000009fa       0x14 EtherCardModified/enc28j60.o
 .text._ZL6readOphh
                0x00000a0e       0x40 EtherCardModified/enc28j60.o
 .text._ZL7writeOphhh
                0x00000a4e       0x30 EtherCardModified/enc28j60.o
 .text._ZL7SetBankh
                0x00000a7e       0x4a EtherCardModified/enc28j60.o
 .text._ZL11readRegByteh
                0x00000ac8       0x10 EtherCardModified/enc28j60.o
 .text._ZL12writeRegBytehh
                0x00000ad8       0x18 EtherCardModified/enc28j60.o
 .text._ZL8writeReghj
                0x00000af0       0x18 EtherCardModified/enc28j60.o
 .text._ZN8ENC28J6010packetSendEj
                0x00000b08       0xf2 EtherCardModified/enc28j60.o
                0x00000b08                _ZN8ENC28J6010packetSendEj
 .text._ZL13fill_checksumhhjh
                0x00000bfa       0xe2 EtherCardModified/tcpip.o
 .text._ZL6is_lanPKhS0_
                0x00000cdc       0x54 EtherCardModified/tcpip.o
 .text._ZL20fill_ip_hdr_checksumv
                0x00000d30       0x1e EtherCardModified/tcpip.o
 .text._ZL7setMACsPKh
                0x00000d4e       0x14 EtherCardModified/tcpip.o
 .text._ZL12setMACandIPsPKhS0_
                0x00000d62       0x20 EtherCardModified/tcpip.o
 .text._ZN9EtherCard10udpPrepareEjPKhj
                0x00000d82       0xa4 EtherCardModified/tcpip.o
                0x00000d82                _ZN9EtherCard10udpPrepareEjPKhj
 .text._ZN9EtherCard11udpTransmitEj
                0x00000e26       0x40 EtherCardModified/tcpip.o
                0x00000e26                _ZN9EtherCard11udpTransmitEj
 .text._ZN9EtherCard7sendUdpEPKhjjS1_j
                0x00000e66       0x30 EtherCardModified/tcpip.o
                0x00000e66                _ZN9EtherCard7sendUdpEPKhjjS1_j
 .text._ZN9EtherCard6copyIpEPhPKh
                0x00000e96       0x1a EtherCardModified/webutil.o
                0x00000e96                _ZN9EtherCard6copyIpEPhPKh
 .text._ZN9EtherCard7copyMacEPhPKh
                0x00000eb0       0x10 EtherCardModified/webutil.o
                0x00000eb0                _ZN9EtherCard7copyMacEPhPKh
 .text._ZN9EtherComm11SendCommandEhh
                0x00000ec0       0x84 EtherComm.o
                0x00000ec0                _ZN9EtherComm11SendCommandEhh
 .text.main     0x00000f44       0xc4 main.o
                0x00000f44                main
 .text._GLOBAL__sub_I_dir
                0x00001008        0xc main.o
 .text._ZN6MS5837C2ER13HardwareTimer
                0x00001014       0x18 MS5837/MS5837.o
                0x00001014                _ZN6MS5837C2ER13HardwareTimer
                0x00001014                _ZN6MS5837C1ER13HardwareTimer
 .text._ZN6MS58378setModelEh
                0x0000102c        0x6 MS5837/MS5837.o
                0x0000102c                _ZN6MS58378setModelEh
 .text._ZN6MS58379startReadEv
                0x00001032       0x52 MS5837/MS5837.o
                0x00001032                _ZN6MS58379startReadEv
 .text._ZN6MS58378finishedEv
                0x00001084        0xe MS5837/MS5837.o
                0x00001084                _ZN6MS58378finishedEv
 .text._ZN6MS58379calculateEv
                0x00001092      0xd4a MS5837/MS5837.o
                0x00001092                _ZN6MS58379calculateEv
 .text._ZN6MS58378pressureEf
                0x00001ddc       0x62 MS5837/MS5837.o
                0x00001ddc                _ZN6MS58378pressureEf
 .text._ZN6MS583711temperatureEv
                0x00001e3e       0x1c MS5837/MS5837.o
                0x00001e3e                _ZN6MS583711temperatureEv
 .text._ZN6MS58374crc4EPj
                0x00001e5a       0x72 MS5837/MS5837.o
                0x00001e5a                _ZN6MS58374crc4EPj
 .text._ZN6MS58375beginEv
                0x00001ecc       0xf4 MS5837/MS5837.o
                0x00001ecc                _ZN6MS58375beginEv
 .text._ZN6MS58376updateEv
                0x00001fc0      0x1dc MS5837/MS5837.o
                0x00001fc0                _ZN6MS58376updateEv
 .text._ZN7PCA9685C2Eh
                0x0000219c        0x6 PCA9685/PCA9685.o
                0x0000219c                _ZN7PCA9685C1Eh
                0x0000219c                _ZN7PCA9685C2Eh
 .text._ZN18TwiServoControllerC2Eh
                0x000021a2        0x4 PCA9685/TwiServoController.o
                0x000021a2                _ZN18TwiServoControllerC1Eh
                0x000021a2                _ZN18TwiServoControllerC2Eh
 .text._ZN14HardwareSerial9availableEv
                0x000021a6       0x18 Peripherals/HardwareSerial.o
                0x000021a6                _ZN14HardwareSerial9availableEv
 .text._ZN14HardwareSerial4peekEv
                0x000021be       0x1c Peripherals/HardwareSerial.o
                0x000021be                _ZN14HardwareSerial4peekEv
 .text._ZN14HardwareSerial4readEv
                0x000021da       0x28 Peripherals/HardwareSerial.o
                0x000021da                _ZN14HardwareSerial4readEv
 .text._ZN14HardwareSerial17availableForWriteEv
                0x00002202       0x24 Peripherals/HardwareSerial.o
                0x00002202                _ZN14HardwareSerial17availableForWriteEv
 .text._ZN14HardwareSerial17_tx_udr_empty_irqEv
                0x00002226       0x56 Peripherals/HardwareSerial.o
                0x00002226                _ZN14HardwareSerial17_tx_udr_empty_irqEv
 .text._ZN14HardwareSerial5flushEv
                0x0000227c       0x46 Peripherals/HardwareSerial.o
                0x0000227c                _ZN14HardwareSerial5flushEv
 .text._ZN14HardwareSerial5writeEh
                0x000022c2       0xa8 Peripherals/HardwareSerial.o
                0x000022c2                _ZN14HardwareSerial5writeEh
 .text._ZN5Print17availableForWriteEv
                0x0000236a        0x6 Peripherals/HardwareSerial0.o
                0x0000236a                _ZN5Print17availableForWriteEv
 .text.__vector_25
                0x00002370       0x78 Peripherals/HardwareSerial0.o
                0x00002370                __vector_25
 .text.__vector_26
                0x000023e8       0x52 Peripherals/HardwareSerial0.o
                0x000023e8                __vector_26
 .text._GLOBAL__sub_I___vector_25
                0x0000243a       0x46 Peripherals/HardwareSerial0.o
 .text.__vector_36
                0x00002480       0x78 Peripherals/HardwareSerial1.o
                0x00002480                __vector_36
 .text.__vector_37
                0x000024f8       0x52 Peripherals/HardwareSerial1.o
                0x000024f8                __vector_37
 .text._GLOBAL__sub_I___vector_36
                0x0000254a       0x46 Peripherals/HardwareSerial1.o
 .text.__vector_51
                0x00002590       0x78 Peripherals/HardwareSerial2.o
                0x00002590                __vector_51
 .text.__vector_52
                0x00002608       0x52 Peripherals/HardwareSerial2.o
                0x00002608                __vector_52
 .text._GLOBAL__sub_I___vector_51
                0x0000265a       0x46 Peripherals/HardwareSerial2.o
 .text.__vector_54
                0x000026a0       0x78 Peripherals/HardwareSerial3.o
                0x000026a0                __vector_54
 .text.__vector_55
                0x00002718       0x52 Peripherals/HardwareSerial3.o
                0x00002718                __vector_55
 .text._GLOBAL__sub_I___vector_54
                0x0000276a       0x46 Peripherals/HardwareSerial3.o
 .text._ZN13HardwareServo5beginEv
                0x000027b0       0x22 Peripherals/HardwareServo.o
                0x000027b0                _ZN13HardwareServo5beginEv
 .text._ZN13HardwareServo7EnableAEv
                0x000027d2       0x1a Peripherals/HardwareServo.o
                0x000027d2                _ZN13HardwareServo7EnableAEv
 .text._ZN13HardwareServo7EnableCEv
                0x000027ec       0x1a Peripherals/HardwareServo.o
                0x000027ec                _ZN13HardwareServo7EnableCEv
 .text._ZN13HardwareServo9setPulseAEh
                0x00002806       0x4e Peripherals/HardwareServo.o
                0x00002806                _ZN13HardwareServo9setPulseAEh
 .text._ZN13HardwareServo9setPulseCEh
                0x00002854       0x4e Peripherals/HardwareServo.o
                0x00002854                _ZN13HardwareServo9setPulseCEh
 .text._ZN13HardwareServo7setMinAEj
                0x000028a2        0x8 Peripherals/HardwareServo.o
                0x000028a2                _ZN13HardwareServo7setMinAEj
 .text._ZN13HardwareServo7setMinCEj
                0x000028aa        0x8 Peripherals/HardwareServo.o
                0x000028aa                _ZN13HardwareServo7setMinCEj
 .text._ZN13HardwareServo7setMaxAEj
                0x000028b2        0x8 Peripherals/HardwareServo.o
                0x000028b2                _ZN13HardwareServo7setMaxAEj
 .text._ZN13HardwareServo7setMaxCEj
                0x000028ba        0x8 Peripherals/HardwareServo.o
                0x000028ba                _ZN13HardwareServo7setMaxCEj
 .text._GLOBAL__sub_I__ZN13HardwareServoC2ERVjRVhS3_S1_S1_S1_S3_hhh
                0x000028c2      0x17c Peripherals/HardwareServo.o
 .text._ZN13HardwareTimer12findPrescaleEf
                0x00002a3e       0xc6 Peripherals/HardwareTimer.o
                0x00002a3e                _ZN13HardwareTimer12findPrescaleEf
 .text._ZN13HardwareTimer7beginMsEf
                0x00002b04       0xd4 Peripherals/HardwareTimer.o
                0x00002b04                _ZN13HardwareTimer7beginMsEf
 .text._ZN13HardwareTimer5startEh
                0x00002bd8       0x1c Peripherals/HardwareTimer.o
                0x00002bd8                _ZN13HardwareTimer5startEh
 .text._ZN13HardwareTimer8finishedEv
                0x00002bf4        0xc Peripherals/HardwareTimer.o
                0x00002bf4                _ZN13HardwareTimer8finishedEv
 .text._ZN13HardwareTimer13waitForFinishEv
                0x00002c00        0xa Peripherals/HardwareTimer.o
                0x00002c00                _ZN13HardwareTimer13waitForFinishEv
 .text._ZN13HardwareTimer14isr_timer_compEv
                0x00002c0a       0x10 Peripherals/HardwareTimer.o
                0x00002c0a                _ZN13HardwareTimer14isr_timer_compEv
 .text.__vector_21
                0x00002c1a       0x52 Peripherals/HardwareTimer.o
                0x00002c1a                __vector_21
 .text.__vector_13
                0x00002c6c       0x52 Peripherals/HardwareTimer.o
                0x00002c6c                __vector_13
 .text._GLOBAL__sub_I__ZN13HardwareTimerC2ERVhS1_S1_S1_S1_
                0x00002cbe       0x5a Peripherals/HardwareTimer.o
 .text.twi_init
                0x00002d18       0x32 Peripherals/twi.o
                0x00002d18                twi_init
 .text.twi_readFrom
                0x00002d4a       0xa4 Peripherals/twi.o
                0x00002d4a                twi_readFrom
 .text.twi_writeTo
                0x00002dee       0xc6 Peripherals/twi.o
                0x00002dee                twi_writeTo
 .text.twi_transmit
                0x00002eb4       0x54 Peripherals/twi.o
                0x00002eb4                twi_transmit
 .text.twi_attachSlaveRxEvent
                0x00002f08        0xa Peripherals/twi.o
                0x00002f08                twi_attachSlaveRxEvent
 .text.twi_attachSlaveTxEvent
                0x00002f12        0xa Peripherals/twi.o
                0x00002f12                twi_attachSlaveTxEvent
 .text.twi_stop
                0x00002f1c       0x16 Peripherals/twi.o
                0x00002f1c                twi_stop
 .text.twi_releaseBus
                0x00002f32        0xc Peripherals/twi.o
                0x00002f32                twi_releaseBus
 .text.__vector_39
                0x00002f3e      0x238 Peripherals/twi.o
                0x00002f3e                __vector_39
 .text._ZN7TwoWire9availableEv
                0x00003176       0x10 Peripherals/Wire.o
                0x00003176                _ZN7TwoWire9availableEv
 .text._ZN7TwoWire4readEv
                0x00003186       0x28 Peripherals/Wire.o
                0x00003186                _ZN7TwoWire4readEv
 .text._ZN7TwoWire4peekEv
                0x000031ae       0x1e Peripherals/Wire.o
                0x000031ae                _ZN7TwoWire4peekEv
 .text._ZN7TwoWire5flushEv
                0x000031cc        0x2 Peripherals/Wire.o
                0x000031cc                _ZN7TwoWire5flushEv
 .text._ZN7TwoWire16onReceiveServiceEPhi
                0x000031ce       0x58 Peripherals/Wire.o
                0x000031ce                _ZN7TwoWire16onReceiveServiceEPhi
 .text._ZN7TwoWire16onRequestServiceEv
                0x00003226       0x18 Peripherals/Wire.o
                0x00003226                _ZN7TwoWire16onRequestServiceEv
 .text._ZN7TwoWire5writeEh
                0x0000323e       0x54 Peripherals/Wire.o
                0x0000323e                _ZN7TwoWire5writeEh
 .text._ZN7TwoWire5writeEPKhj
                0x00003292       0x5e Peripherals/Wire.o
                0x00003292                _ZN7TwoWire5writeEPKhj
 .text._ZN7TwoWire5beginEv
                0x000032f0       0x20 Peripherals/Wire.o
                0x000032f0                _ZN7TwoWire5beginEv
 .text._ZN7TwoWire17beginTransmissionEh
                0x00003310       0x14 Peripherals/Wire.o
                0x00003310                _ZN7TwoWire17beginTransmissionEh
 .text._ZN7TwoWire17beginTransmissionEi
                0x00003324        0x4 Peripherals/Wire.o
                0x00003324                _ZN7TwoWire17beginTransmissionEi
 .text._ZN7TwoWire15endTransmissionEh
                0x00003328       0x24 Peripherals/Wire.o
                0x00003328                _ZN7TwoWire15endTransmissionEh
 .text._ZN7TwoWire11requestFromEhhmhh
                0x0000334c       0xac Peripherals/Wire.o
                0x0000334c                _ZN7TwoWire11requestFromEhhmhh
 .text._ZN7TwoWire11requestFromEhhh
                0x000033f8       0x1e Peripherals/Wire.o
                0x000033f8                _ZN7TwoWire11requestFromEhhh
 .text._ZN7TwoWire11requestFromEhh
                0x00003416        0x6 Peripherals/Wire.o
                0x00003416                _ZN7TwoWire11requestFromEhh
 .text._ZN7TwoWire11requestFromEii
                0x0000341c        0x6 Peripherals/Wire.o
                0x0000341c                _ZN7TwoWire11requestFromEii
 .text._ZN7TwoWire15endTransmissionEv
                0x00003422        0x6 Peripherals/Wire.o
                0x00003422                _ZN7TwoWire15endTransmissionEv
 .text._GLOBAL__sub_I__ZN7TwoWire8rxBufferE
                0x00003428        0xe Peripherals/Wire.o
 .text._ZN9IReadable15CommandReceivedEhPKhh
                0x00003436       0x20 Robot.o
                0x00003436                _ZN9IReadable15CommandReceivedEhPKhh
 .text._ZN13DigitalSensor6UpdateEPh
                0x00003456        0x2 Robot.o
                0x00003456                _ZN13DigitalSensor6UpdateEPh
 .text._ZN9IWritable15CommandReceivedEhPKhh
                0x00003458       0x10 Robot.o
                0x00003458                _ZN9IWritable15CommandReceivedEhPKhh
 .text._ZN13ServoActuator6UpdateEPh
                0x00003468        0x2 Robot.o
                0x00003468                _ZN13ServoActuator6UpdateEPh
 .text._ZN13DigitalSensor21ReadRegisterRequestedEhPh
                0x0000346a       0x42 Robot.o
                0x0000346a                _ZN13DigitalSensor21ReadRegisterRequestedEhPh
 .text._ZN13ServoActuator22WriteRegisterRequestedEhPKhh
                0x000034ac       0x86 Robot.o
                0x000034ac                _ZN13ServoActuator22WriteRegisterRequestedEhPKhh
 .text._ZN5Robot14RegisterDeviceEhP7IDevice
                0x00003532       0x2a Robot.o
                0x00003532                _ZN5Robot14RegisterDeviceEhP7IDevice
 .text._ZN13DigitalSensor5beginEv
                0x0000355c        0xa Robot.o
                0x0000355c                _ZN13DigitalSensor5beginEv
 .text._ZN13ServoActuator5beginEv
                0x00003566       0x6c Robot.o
                0x00003566                _ZN13ServoActuator5beginEv
 .text._GLOBAL__sub_I__ZN5Robot9registersE
                0x000035d2       0x5c Robot.o
 .text._ZN9ImuSensor6UpdateEPh
                0x0000362e        0x2 Sensors/ImuSensor.o
                0x0000362e                _ZN9ImuSensor6UpdateEPh
 .text._ZN9ImuSensor5beginEv
                0x00003630       0x2a Sensors/ImuSensor.o
                0x00003630                _ZN9ImuSensor5beginEv
 .text._ZN9ImuSensor21ReadRegisterRequestedEhPh
                0x0000365a      0x144 Sensors/ImuSensor.o
                0x0000365a                _ZN9ImuSensor21ReadRegisterRequestedEhPh
 .text._ZN9ImuSensorC2Ehh
                0x0000379e       0x42 Sensors/ImuSensor.o
                0x0000379e                _ZN9ImuSensorC1Ehh
                0x0000379e                _ZN9ImuSensorC2Ehh
 .text._GLOBAL__sub_I__ZN9ImuSensorC2Ehh
                0x000037e0       0x10 Sensors/ImuSensor.o
 .text._ZN14PressureSensor5beginEv
                0x000037f0       0x36 Sensors/PressureSensor.o
                0x000037f0                _ZN14PressureSensor5beginEv
 .text._ZN14PressureSensor21ReadRegisterRequestedEhPh
                0x00003826       0x1c Sensors/PressureSensor.o
                0x00003826                _ZN14PressureSensor21ReadRegisterRequestedEhPh
 .text._ZN14PressureSensor6UpdateEPh
                0x00003842       0xd6 Sensors/PressureSensor.o
                0x00003842                _ZN14PressureSensor6UpdateEPh
 .text._ZN14PressureSensorC2EhR13HardwareTimer
                0x00003918       0x26 Sensors/PressureSensor.o
                0x00003918                _ZN14PressureSensorC2EhR13HardwareTimer
                0x00003918                _ZN14PressureSensorC1EhR13HardwareTimer
 .text._GLOBAL__sub_I_bno
                0x0000393e       0x20 TestIMU.o
 .text._ZN5Print5writeEPKhj
                0x0000395e       0x5e Utils/Print.o
                0x0000395e                _ZN5Print5writeEPKhj
 .text.avr-libc.fplib
                0x000039bc        0xa c:/program files (x86)/atmel/studio/7.0/toolchain/avr8/avr8-gnu-toolchain/bin/../lib/gcc/avr/5.4.0/../../../../avr/lib/avr6\libm.a(addsf3.o)
                0x000039bc                __subsf3
                0x000039be                __addsf3
 .text.avr-libc.fplib
                0x000039c6       0xc0 c:/program files (x86)/atmel/studio/7.0/toolchain/avr8/avr8-gnu-toolchain/bin/../lib/gcc/avr/5.4.0/../../../../avr/lib/avr6\libm.a(addsf3x.o)
                0x000039e0                __addsf3x
 .text.avr-libc.fplib
                0x00003a86        0x8 c:/program files (x86)/atmel/studio/7.0/toolchain/avr8/avr8-gnu-toolchain/bin/../lib/gcc/avr/5.4.0/../../../../avr/lib/avr6\libm.a(cmpsf2.o)
                0x00003a86                __nesf2
                0x00003a86                __eqsf2
                0x00003a86                __cmpsf2
                0x00003a86                __ltsf2
                0x00003a86                __lesf2
 .text.avr-libc.fplib
                0x00003a8e        0x4 c:/program files (x86)/atmel/studio/7.0/toolchain/avr8/avr8-gnu-toolchain/bin/../lib/gcc/avr/5.4.0/../../../../avr/lib/avr6\libm.a(divsf3.o)
                0x00003a8e                __divsf3
 .text.avr-libc.fplib
                0x00003a92       0xcc c:/program files (x86)/atmel/studio/7.0/toolchain/avr8/avr8-gnu-toolchain/bin/../lib/gcc/avr/5.4.0/../../../../avr/lib/avr6\libm.a(divsf3x.o)
                0x00003aa8                __divsf3x
                0x00003aac                __divsf3_pse
 .text.avr-libc.fplib
                0x00003b5e       0x58 c:/program files (x86)/atmel/studio/7.0/toolchain/avr8/avr8-gnu-toolchain/bin/../lib/gcc/avr/5.4.0/../../../../avr/lib/avr6\libm.a(fixunssfsi.o)
                0x00003b5e                __fixunssfsi
 .text.avr-libc.fplib
                0x00003bb6       0x7a c:/program files (x86)/atmel/studio/7.0/toolchain/avr8/avr8-gnu-toolchain/bin/../lib/gcc/avr/5.4.0/../../../../avr/lib/avr6\libm.a(floatsisf.o)
                0x00003bb6                __floatunsisf
                0x00003bba                __floatsisf
 .text.avr-libc.fplib
                0x00003c30       0x48 c:/program files (x86)/atmel/studio/7.0/toolchain/avr8/avr8-gnu-toolchain/bin/../lib/gcc/avr/5.4.0/../../../../avr/lib/avr6\libm.a(fp_cmp.o)
                0x00003c30                __fp_cmp
 .text.avr-libc.fplib
                0x00003c78        0xc c:/program files (x86)/atmel/studio/7.0/toolchain/avr8/avr8-gnu-toolchain/bin/../lib/gcc/avr/5.4.0/../../../../avr/lib/avr6\libm.a(fp_inf.o)
                0x00003c78                __fp_inf
 .text.avr-libc.fplib
                0x00003c84        0x6 c:/program files (x86)/atmel/studio/7.0/toolchain/avr8/avr8-gnu-toolchain/bin/../lib/gcc/avr/5.4.0/../../../../avr/lib/avr6\libm.a(fp_nan.o)
                0x00003c84                __fp_nan
 .text.avr-libc.fplib
                0x00003c8a        0xe c:/program files (x86)/atmel/studio/7.0/toolchain/avr8/avr8-gnu-toolchain/bin/../lib/gcc/avr/5.4.0/../../../../avr/lib/avr6\libm.a(fp_pscA.o)
                0x00003c8a                __fp_pscA
 .text.avr-libc.fplib
                0x00003c98        0xe c:/program files (x86)/atmel/studio/7.0/toolchain/avr8/avr8-gnu-toolchain/bin/../lib/gcc/avr/5.4.0/../../../../avr/lib/avr6\libm.a(fp_pscB.o)
                0x00003c98                __fp_pscB
 .text.avr-libc.fplib
                0x00003ca6       0x22 c:/program files (x86)/atmel/studio/7.0/toolchain/avr8/avr8-gnu-toolchain/bin/../lib/gcc/avr/5.4.0/../../../../avr/lib/avr6\libm.a(fp_round.o)
                0x00003ca6                __fp_round
 .text.avr-libc.fplib
                0x00003cc8       0x44 c:/program files (x86)/atmel/studio/7.0/toolchain/avr8/avr8-gnu-toolchain/bin/../lib/gcc/avr/5.4.0/../../../../avr/lib/avr6\libm.a(fp_split3.o)
                0x00003cc8                __fp_split3
                0x00003cd8                __fp_splitA
 .text.avr-libc.fplib
                0x00003d0c        0xe c:/program files (x86)/atmel/studio/7.0/toolchain/avr8/avr8-gnu-toolchain/bin/../lib/gcc/avr/5.4.0/../../../../avr/lib/avr6\libm.a(fp_zero.o)
                0x00003d0c                __fp_zero
                0x00003d0e                __fp_szero
 .text.avr-libc.fplib
                0x00003d1a        0x8 c:/program files (x86)/atmel/studio/7.0/toolchain/avr8/avr8-gnu-toolchain/bin/../lib/gcc/avr/5.4.0/../../../../avr/lib/avr6\libm.a(gesf2.o)
                0x00003d1a                __gesf2
                0x00003d1a                __gtsf2
 .text.avr-libc.fplib
                0x00003d22        0x4 c:/program files (x86)/atmel/studio/7.0/toolchain/avr8/avr8-gnu-toolchain/bin/../lib/gcc/avr/5.4.0/../../../../avr/lib/avr6\libm.a(mulsf3.o)
                0x00003d22                __mulsf3
 .text.avr-libc.fplib
                0x00003d26       0xc2 c:/program files (x86)/atmel/studio/7.0/toolchain/avr8/avr8-gnu-toolchain/bin/../lib/gcc/avr/5.4.0/../../../../avr/lib/avr6\libm.a(mulsf3x.o)
                0x00003d3a                __mulsf3x
                0x00003d3e                __mulsf3_pse
 .text.libgcc.mul
                0x00003de8       0x1e c:/program files (x86)/atmel/studio/7.0/toolchain/avr8/avr8-gnu-toolchain/bin/../lib/gcc/avr/5.4.0/avr6\libgcc.a(_mulsi3.o)
                0x00003de8                __mulsi3
 .text.libgcc.div
                0x00003e06       0x44 c:/program files (x86)/atmel/studio/7.0/toolchain/avr8/avr8-gnu-toolchain/bin/../lib/gcc/avr/5.4.0/avr6\libgcc.a(_udivmodsi4.o)
                0x00003e06                __udivmodsi4
 .text.libgcc   0x00003e4a       0x10 c:/program files (x86)/atmel/studio/7.0/toolchain/avr8/avr8-gnu-toolchain/bin/../lib/gcc/avr/5.4.0/avr6\libgcc.a(_tablejump2.o)
                0x00003e4a                __tablejump2__
 .text.libgcc.mul
                0x00003e5a       0x1e c:/program files (x86)/atmel/studio/7.0/toolchain/avr8/avr8-gnu-toolchain/bin/../lib/gcc/avr/5.4.0/avr6\libgcc.a(_umulhisi3.o)
                0x00003e5a                __umulhisi3
 .text.libgcc.mul
                0x00003e78       0x14 c:/program files (x86)/atmel/studio/7.0/toolchain/avr8/avr8-gnu-toolchain/bin/../lib/gcc/avr/5.4.0/avr6\libgcc.a(_muluhisi3.o)
                0x00003e78                __muluhisi3
 .text.libgcc.mul
                0x00003e8c       0x92 c:/program files (x86)/atmel/studio/7.0/toolchain/avr8/avr8-gnu-toolchain/bin/../lib/gcc/avr/5.4.0/avr6\libgcc.a(_muldi3.o)
                0x00003e8c                __muldi3
 .text.libgcc.mul
                0x00003f1e       0x10 c:/program files (x86)/atmel/studio/7.0/toolchain/avr8/avr8-gnu-toolchain/bin/../lib/gcc/avr/5.4.0/avr6\libgcc.a(_muldi3_6.o)
                0x00003f1e                __muldi3_6
 .text.libgcc.builtins
                0x00003f2e       0x32 c:/program files (x86)/atmel/studio/7.0/toolchain/avr8/avr8-gnu-toolchain/bin/../lib/gcc/avr/5.4.0/avr6\libgcc.a(_ashldi3.o)
                0x00003f2e                __ashldi3
 .text.libgcc.builtins
                0x00003f60       0x3c c:/program files (x86)/atmel/studio/7.0/toolchain/avr8/avr8-gnu-toolchain/bin/../lib/gcc/avr/5.4.0/avr6\libgcc.a(_ashrdi3.o)
                0x00003f60                __ashrdi3
                0x00003f64                __lshrdi3
 .text.libgcc   0x00003f9c       0x12 c:/program files (x86)/atmel/studio/7.0/toolchain/avr8/avr8-gnu-toolchain/bin/../lib/gcc/avr/5.4.0/avr6\libgcc.a(_adddi3.o)
                0x00003f9c                __adddi3
 .text.libgcc   0x00003fae       0x18 c:/program files (x86)/atmel/studio/7.0/toolchain/avr8/avr8-gnu-toolchain/bin/../lib/gcc/avr/5.4.0/avr6\libgcc.a(_adddi3_s8.o)
                0x00003fae                __adddi3_s8
 .text.libgcc   0x00003fc6       0x12 c:/program files (x86)/atmel/studio/7.0/toolchain/avr8/avr8-gnu-toolchain/bin/../lib/gcc/avr/5.4.0/avr6\libgcc.a(_subdi3.o)
                0x00003fc6                __subdi3
 .text.libgcc   0x00003fd8       0x18 c:/program files (x86)/atmel/studio/7.0/toolchain/avr8/avr8-gnu-toolchain/bin/../lib/gcc/avr/5.4.0/avr6\libgcc.a(_cmpdi2_s8.o)
                0x00003fd8                __cmpdi2_s8
 .text.avr-libc
                0x00003ff0       0x12 c:/program files (x86)/atmel/studio/7.0/toolchain/avr8/avr8-gnu-toolchain/bin/../lib/gcc/avr/5.4.0/../../../../avr/lib/avr6\libc.a(memcpy_P.o)
                0x00003ff0                memcpy_P
 .text.avr-libc
                0x00004002       0x1a c:/program files (x86)/atmel/studio/7.0/toolchain/avr8/avr8-gnu-toolchain/bin/../lib/gcc/avr/5.4.0/../../../../avr/lib/avr6\libc.a(memcmp.o)
                0x00004002                memcmp
 .text.avr-libc
                0x0000401c       0x1e c:/program files (x86)/atmel/studio/7.0/toolchain/avr8/avr8-gnu-toolchain/bin/../lib/gcc/avr/5.4.0/../../../../avr/lib/avr6\libc.a(strncpy.o)
                0x0000401c                strncpy
                0x0000403a                . = ALIGN (0x2)
 *(.fini9)
 .fini9         0x0000403a        0x0 c:/program files (x86)/atmel/studio/7.0/toolchain/avr8/avr8-gnu-toolchain/bin/../lib/gcc/avr/5.4.0/avr6\libgcc.a(_exit.o)
                0x0000403a                _exit
                0x0000403a                exit
 *(.fini9)
 *(.fini8)
 *(.fini8)
 *(.fini7)
 *(.fini7)
 *(.fini6)
 *(.fini6)
 *(.fini5)
 *(.fini5)
 *(.fini4)
 *(.fini4)
 *(.fini3)
 *(.fini3)
 *(.fini2)
 *(.fini2)
 *(.fini1)
 *(.fini1)
 *(.fini0)
 .fini0         0x0000403a        0x4 c:/program files (x86)/atmel/studio/7.0/toolchain/avr8/avr8-gnu-toolchain/bin/../lib/gcc/avr/5.4.0/avr6\libgcc.a(_exit.o)
 *(.fini0)
                0x0000403e                _etext = .

.data           0x00800200       0x74 load address 0x0000403e
                0x00800200                PROVIDE (__data_start, .)
 *(.data)
 *(.data*)
 .data._ZN9EtherComm6bufferE
                0x00800200        0x2 EtherComm.o
                0x00800200                _ZN9EtherComm6bufferE
 .data._ZN9EtherComm7_destIPE
                0x00800202        0x4 EtherComm.o
                0x00800202                _ZN9EtherComm7_destIPE
 .data.pos      0x00800206        0x1 main.o
                0x00800206                pos
 .data.dir      0x00800207        0x1 main.o
                0x00800207                dir
 *(.gnu.linkonce.d*)
 *(.rodata)
 *(.rodata*)
 .rodata.str1.1
                0x00800208        0x7 BNO055/Adafruit_BNO055.o
 .rodata._ZTV15Adafruit_BNO055
                0x0080020f        0xa BNO055/Adafruit_BNO055.o
                0x0080020f                _ZTV15Adafruit_BNO055
 .rodata.allOnes
                0x00800219        0x6 EtherCardModified/tcpip.o
                0x00800219                allOnes
 .rodata._ZN6MS583711MS5837_30BAE
                0x0080021f        0x1 MS5837/MS5837.o
                0x0080021f                _ZN6MS583711MS5837_30BAE
 .rodata._ZTV14HardwareSerial
                0x00800220       0x12 Peripherals/HardwareSerial.o
                0x00800220                _ZTV14HardwareSerial
 .rodata._ZTV7TwoWire
                0x00800232       0x12 Peripherals/Wire.o
                0x00800232                _ZTV7TwoWire
 .rodata._ZTV13DigitalSensor
                0x00800244        0xc Robot.o
                0x00800244                _ZTV13DigitalSensor
 .rodata._ZTV13ServoActuator
                0x00800250        0xc Robot.o
                0x00800250                _ZTV13ServoActuator
 .rodata._ZTV9ImuSensor
                0x0080025c        0xc Sensors/ImuSensor.o
                0x0080025c                _ZTV9ImuSensor
 .rodata._ZTV14PressureSensor
                0x00800268        0xc Sensors/PressureSensor.o
                0x00800268                _ZTV14PressureSensor
 *(.gnu.linkonce.r*)
                0x00800274                . = ALIGN (0x2)
                0x00800274                _edata = .
                0x00800274                PROVIDE (__data_end, .)

.bss            0x00800274      0x69f
                0x00800274                PROVIDE (__bss_start, .)
 *(.bss)
 *(.bss*)
 .bss._ZL14SendDataBuffer
                0x00800274        0x2 Commands.o
 .bss._ZL9selectPin
                0x00800276        0x1 EtherCardModified/enc28j60.o
 .bss._ZL10selectPort
                0x00800277        0x2 EtherCardModified/enc28j60.o
 .bss._ZL12Enc28j60Bank
                0x00800279        0x1 EtherCardModified/enc28j60.o
 .bss._ZN8ENC28J606bufferE
                0x0080027a      0x200 EtherCardModified/EtherCard.o
                0x0080027a                _ZN8ENC28J606bufferE
 .bss._ZN9EtherCard11broadcastipE
                0x0080047a        0x4 EtherCardModified/EtherCard.o
                0x0080047a                _ZN9EtherCard11broadcastipE
 .bss._ZN9EtherCard7netmaskE
                0x0080047e        0x4 EtherCardModified/EtherCard.o
                0x0080047e                _ZN9EtherCard7netmaskE
 .bss._ZN9EtherCard4myipE
                0x00800482        0x4 EtherCardModified/EtherCard.o
                0x00800482                _ZN9EtherCard4myipE
 .bss._ZN9EtherCard5mymacE
                0x00800486        0x6 EtherCardModified/EtherCard.o
                0x00800486                _ZN9EtherCard5mymacE
 .bss._ZL9gwmacaddr
                0x0080048c        0x6 EtherCardModified/tcpip.o
 .bss._ZL11destmacaddr
                0x00800492        0x6 EtherCardModified/tcpip.o
 .bss._ZN9EtherComm9_destPortE
                0x00800498        0x2 EtherComm.o
                0x00800498                _ZN9EtherComm9_destPortE
 .bss._ZN9EtherComm9_recvPortE
                0x0080049a        0x2 EtherComm.o
                0x0080049a                _ZN9EtherComm9_recvPortE
 .bss.TwiServo  0x0080049c        0x5 main.o
                0x0080049c                TwiServo
 .bss.Serial    0x008004a1       0x33 Peripherals/HardwareSerial0.o
                0x008004a1                Serial
 .bss.Serial1   0x008004d4       0x33 Peripherals/HardwareSerial1.o
                0x008004d4                Serial1
 .bss.Serial2   0x00800507       0x33 Peripherals/HardwareSerial2.o
                0x00800507                Serial2
 .bss.Serial3   0x0080053a       0x33 Peripherals/HardwareSerial3.o
                0x0080053a                Serial3
 .bss.Servo5    0x0080056d       0x1d Peripherals/HardwareServo.o
                0x0080056d                Servo5
 .bss.Servo4    0x0080058a       0x1d Peripherals/HardwareServo.o
                0x0080058a                Servo4
 .bss.Servo3    0x008005a7       0x1d Peripherals/HardwareServo.o
                0x008005a7                Servo3
 .bss.Servo1    0x008005c4       0x1d Peripherals/HardwareServo.o
                0x008005c4                Servo1
 .bss.Timer2    0x008005e1        0xc Peripherals/HardwareTimer.o
                0x008005e1                Timer2
 .bss.Timer0    0x008005ed        0xc Peripherals/HardwareTimer.o
                0x008005ed                Timer0
 .bss.twi_error
                0x008005f9        0x1 Peripherals/twi.o
 .bss.twi_rxBufferIndex
                0x008005fa        0x1 Peripherals/twi.o
 .bss.twi_rxBuffer
                0x008005fb       0x20 Peripherals/twi.o
 .bss.twi_txBufferLength
                0x0080061b        0x1 Peripherals/twi.o
 .bss.twi_txBufferIndex
                0x0080061c        0x1 Peripherals/twi.o
 .bss.twi_txBuffer
                0x0080061d       0x20 Peripherals/twi.o
 .bss.twi_masterBufferLength
                0x0080063d        0x1 Peripherals/twi.o
 .bss.twi_masterBufferIndex
                0x0080063e        0x1 Peripherals/twi.o
 .bss.twi_masterBuffer
                0x0080063f       0x20 Peripherals/twi.o
 .bss.twi_onSlaveReceive
                0x0080065f        0x2 Peripherals/twi.o
 .bss.twi_onSlaveTransmit
                0x00800661        0x2 Peripherals/twi.o
 .bss.twi_inRepStart
                0x00800663        0x1 Peripherals/twi.o
 .bss.twi_sendStop
                0x00800664        0x1 Peripherals/twi.o
 .bss.twi_slarw
                0x00800665        0x1 Peripherals/twi.o
 .bss.twi_state
                0x00800666        0x1 Peripherals/twi.o
 .bss.Wire      0x00800667        0x2 Peripherals/Wire.o
                0x00800667                Wire
 .bss._ZN7TwoWire14user_onReceiveE
                0x00800669        0x2 Peripherals/Wire.o
                0x00800669                _ZN7TwoWire14user_onReceiveE
 .bss._ZN7TwoWire14user_onRequestE
                0x0080066b        0x2 Peripherals/Wire.o
                0x0080066b                _ZN7TwoWire14user_onRequestE
 .bss._ZN7TwoWire12transmittingE
                0x0080066d        0x1 Peripherals/Wire.o
                0x0080066d                _ZN7TwoWire12transmittingE
 .bss._ZN7TwoWire14txBufferLengthE
                0x0080066e        0x1 Peripherals/Wire.o
                0x0080066e                _ZN7TwoWire14txBufferLengthE
 .bss._ZN7TwoWire13txBufferIndexE
                0x0080066f        0x1 Peripherals/Wire.o
                0x0080066f                _ZN7TwoWire13txBufferIndexE
 .bss._ZN7TwoWire8txBufferE
                0x00800670       0x20 Peripherals/Wire.o
                0x00800670                _ZN7TwoWire8txBufferE
 .bss._ZN7TwoWire9txAddressE
                0x00800690        0x1 Peripherals/Wire.o
                0x00800690                _ZN7TwoWire9txAddressE
 .bss._ZN7TwoWire14rxBufferLengthE
                0x00800691        0x1 Peripherals/Wire.o
                0x00800691                _ZN7TwoWire14rxBufferLengthE
 .bss._ZN7TwoWire13rxBufferIndexE
                0x00800692        0x1 Peripherals/Wire.o
                0x00800692                _ZN7TwoWire13rxBufferIndexE
 .bss._ZN7TwoWire8rxBufferE
                0x00800693       0x20 Peripherals/Wire.o
                0x00800693                _ZN7TwoWire8rxBufferE
 .bss.TestServo
                0x008006b3        0x7 Robot.o
                0x008006b3                TestServo
 .bss.Pressure  0x008006ba       0x2c Robot.o
                0x008006ba                Pressure
 .bss.Imu       0x008006e6        0xf Robot.o
                0x008006e6                Imu
 .bss.BtnTest   0x008006f5        0x7 Robot.o
                0x008006f5                BtnTest
 .bss._ZN5Robot9registersE
                0x008006fc      0x200 Robot.o
                0x008006fc                _ZN5Robot9registersE
 .bss.vector    0x008008fc        0xc Sensors/ImuSensor.o
                0x008008fc                vector
 .bss.bno       0x00800908        0xb TestIMU.o
                0x00800908                bno
 *(COMMON)
                0x00800913                PROVIDE (__bss_end, .)
                0x0000403e                __data_load_start = LOADADDR (.data)
                0x000040b2                __data_load_end = (__data_load_start + SIZEOF (.data))

.noinit         0x00800913        0x0
                [!provide]                PROVIDE (__noinit_start, .)
 *(.noinit*)
                [!provide]                PROVIDE (__noinit_end, .)
                0x00800913                _end = .
                [!provide]                PROVIDE (__heap_start, .)

.eeprom         0x00810000        0x0
 *(.eeprom*)
                0x00810000                __eeprom_end = .

.fuse
 *(.fuse)
 *(.lfuse)
 *(.hfuse)
 *(.efuse)

.lock
 *(.lock*)

.signature
 *(.signature*)

.user_signatures
 *(.user_signatures*)

.stab
 *(.stab)

.stabstr
 *(.stabstr)

.stab.excl
 *(.stab.excl)

.stab.exclstr
 *(.stab.exclstr)

.stab.index
 *(.stab.index)

.stab.indexstr
 *(.stab.indexstr)

.comment        0x00000000       0x30
 *(.comment)
 .comment       0x00000000       0x30 BNO055/Adafruit_BNO055.o
                                 0x31 (size before relaxing)
 .comment       0x00000030       0x31 Commands.o
 .comment       0x00000030       0x31 EtherCardModified/enc28j60.o
 .comment       0x00000030       0x31 EtherCardModified/EtherCard.o
 .comment       0x00000030       0x31 EtherCardModified/tcpip.o
 .comment       0x00000030       0x31 EtherCardModified/webutil.o
 .comment       0x00000030       0x31 EtherComm.o
 .comment       0x00000030       0x31 main.o
 .comment       0x00000030       0x31 MS5837/MS5837.o
 .comment       0x00000030       0x31 PCA9685/PCA9685.o
 .comment       0x00000030       0x31 PCA9685/TwiServoController.o
 .comment       0x00000030       0x31 Peripherals/HardwareSerial.o
 .comment       0x00000030       0x31 Peripherals/HardwareSerial0.o
 .comment       0x00000030       0x31 Peripherals/HardwareSerial1.o
 .comment       0x00000030       0x31 Peripherals/HardwareSerial2.o
 .comment       0x00000030       0x31 Peripherals/HardwareSerial3.o
 .comment       0x00000030       0x31 Peripherals/HardwareServo.o
 .comment       0x00000030       0x31 Peripherals/HardwareTimer.o
 .comment       0x00000030       0x31 Peripherals/twi.o
 .comment       0x00000030       0x31 Peripherals/Wire.o
 .comment       0x00000030       0x31 Robot.o
 .comment       0x00000030       0x31 Sensors/ImuSensor.o
 .comment       0x00000030       0x31 Sensors/PressureSensor.o
 .comment       0x00000030       0x31 TestIMU.o
 .comment       0x00000030       0x31 Utils/Print.o

.note.gnu.avr.deviceinfo
                0x00000000       0x40
 .note.gnu.avr.deviceinfo
                0x00000000       0x40 C:/Program Files (x86)/Atmel/Studio/7.0/Packs/atmel/ATmega_DFP/1.2.209/gcc/dev/atmega2560/avr6/crtatmega2560.o

.note.gnu.build-id
 *(.note.gnu.build-id)

.debug
 *(.debug)

.line
 *(.line)

.debug_srcinfo
 *(.debug_srcinfo)

.debug_sfnames
 *(.debug_sfnames)

.debug_aranges  0x00000000      0xab8
 *(.debug_aranges)
 .debug_aranges
                0x00000000       0xe8 BNO055/Adafruit_BNO055.o
 .debug_aranges
                0x000000e8       0x40 Commands.o
 .debug_aranges
                0x00000128       0x88 EtherCardModified/enc28j60.o
 .debug_aranges
                0x000001b0       0x28 EtherCardModified/EtherCard.o
 .debug_aranges
                0x000001d8       0xb0 EtherCardModified/tcpip.o
 .debug_aranges
                0x00000288       0x60 EtherCardModified/webutil.o
 .debug_aranges
                0x000002e8       0x38 EtherComm.o
 .debug_aranges
                0x00000320       0x28 main.o
 .debug_aranges
                0x00000348       0x68 MS5837/MS5837.o
 .debug_aranges
                0x000003b0       0xa0 PCA9685/PCA9685.o
 .debug_aranges
                0x00000450       0x30 PCA9685/TwiServoController.o
 .debug_aranges
                0x00000480       0x68 Peripherals/HardwareSerial.o
 .debug_aranges
                0x000004e8       0x48 Peripherals/HardwareSerial0.o
 .debug_aranges
                0x00000530       0x48 Peripherals/HardwareSerial1.o
 .debug_aranges
                0x00000578       0x48 Peripherals/HardwareSerial2.o
 .debug_aranges
                0x000005c0       0x48 Peripherals/HardwareSerial3.o
 .debug_aranges
                0x00000608       0xa8 Peripherals/HardwareServo.o
 .debug_aranges
                0x000006b0       0x78 Peripherals/HardwareTimer.o
 .debug_aranges
                0x00000728       0x80 Peripherals/twi.o
 .debug_aranges
                0x000007a8       0xf8 Peripherals/Wire.o
 .debug_aranges
                0x000008a0       0x80 Robot.o
 .debug_aranges
                0x00000920       0x50 Sensors/ImuSensor.o
 .debug_aranges
                0x00000970       0x40 Sensors/PressureSensor.o
 .debug_aranges
                0x000009b0       0x40 TestIMU.o
 .debug_aranges
                0x000009f0       0xc8 Utils/Print.o

.debug_pubnames
 *(.debug_pubnames)

.debug_info     0x00000000    0x18901
 *(.debug_info .gnu.linkonce.wi.*)
 .debug_info    0x00000000      0xbbc C:/Program Files (x86)/Atmel/Studio/7.0/Packs/atmel/ATmega_DFP/1.2.209/gcc/dev/atmega2560/avr6/crtatmega2560.o
 .debug_info    0x00000bbc     0x4250 BNO055/Adafruit_BNO055.o
 .debug_info    0x00004e0c      0x91c Commands.o
 .debug_info    0x00005728      0xfd8 EtherCardModified/enc28j60.o
 .debug_info    0x00006700      0x77b EtherCardModified/EtherCard.o
 .debug_info    0x00006e7b     0x10d6 EtherCardModified/tcpip.o
 .debug_info    0x00007f51      0xa2a EtherCardModified/webutil.o
 .debug_info    0x0000897b      0x984 EtherComm.o
 .debug_info    0x000092ff      0xe25 main.o
 .debug_info    0x0000a124      0xcbc MS5837/MS5837.o
 .debug_info    0x0000ade0     0x109d PCA9685/PCA9685.o
 .debug_info    0x0000be7d      0x6da PCA9685/TwiServoController.o
 .debug_info    0x0000c557      0xdbe Peripherals/HardwareSerial.o
 .debug_info    0x0000d315      0x989 Peripherals/HardwareSerial0.o
 .debug_info    0x0000dc9e      0x989 Peripherals/HardwareSerial1.o
 .debug_info    0x0000e627      0x989 Peripherals/HardwareSerial2.o
 .debug_info    0x0000efb0      0x98f Peripherals/HardwareSerial3.o
 .debug_info    0x0000f93f      0xaee Peripherals/HardwareServo.o
 .debug_info    0x0001042d      0x69b Peripherals/HardwareTimer.o
 .debug_info    0x00010ac8      0x60a Peripherals/twi.o
 .debug_info    0x000110d2     0x163d Peripherals/Wire.o
 .debug_info    0x0001270f     0x1be2 Robot.o
 .debug_info    0x000142f1     0x154a Sensors/ImuSensor.o
 .debug_info    0x0001583b     0x116b Sensors/PressureSensor.o
 .debug_info    0x000169a6      0xd9b TestIMU.o
 .debug_info    0x00017741     0x11c0 Utils/Print.o

.debug_abbrev   0x00000000     0x5a0f
 *(.debug_abbrev)
 .debug_abbrev  0x00000000      0xb1a C:/Program Files (x86)/Atmel/Studio/7.0/Packs/atmel/ATmega_DFP/1.2.209/gcc/dev/atmega2560/avr6/crtatmega2560.o
 .debug_abbrev  0x00000b1a      0x5a8 BNO055/Adafruit_BNO055.o
 .debug_abbrev  0x000010c2      0x28b Commands.o
 .debug_abbrev  0x0000134d      0x3b9 EtherCardModified/enc28j60.o
 .debug_abbrev  0x00001706      0x180 EtherCardModified/EtherCard.o
 .debug_abbrev  0x00001886      0x379 EtherCardModified/tcpip.o
 .debug_abbrev  0x00001bff      0x315 EtherCardModified/webutil.o
 .debug_abbrev  0x00001f14      0x247 EtherComm.o
 .debug_abbrev  0x0000215b      0x2e8 main.o
 .debug_abbrev  0x00002443      0x362 MS5837/MS5837.o
 .debug_abbrev  0x000027a5      0x30c PCA9685/PCA9685.o
 .debug_abbrev  0x00002ab1      0x236 PCA9685/TwiServoController.o
 .debug_abbrev  0x00002ce7      0x363 Peripherals/HardwareSerial.o
 .debug_abbrev  0x0000304a      0x2d8 Peripherals/HardwareSerial0.o
 .debug_abbrev  0x00003322      0x2d8 Peripherals/HardwareSerial1.o
 .debug_abbrev  0x000035fa      0x2d8 Peripherals/HardwareSerial2.o
 .debug_abbrev  0x000038d2      0x2d8 Peripherals/HardwareSerial3.o
 .debug_abbrev  0x00003baa      0x1fb Peripherals/HardwareServo.o
 .debug_abbrev  0x00003da5      0x236 Peripherals/HardwareTimer.o
 .debug_abbrev  0x00003fdb      0x222 Peripherals/twi.o
 .debug_abbrev  0x000041fd      0x428 Peripherals/Wire.o
 .debug_abbrev  0x00004625      0x52a Robot.o
 .debug_abbrev  0x00004b4f      0x4e7 Sensors/ImuSensor.o
 .debug_abbrev  0x00005036      0x3f5 Sensors/PressureSensor.o
 .debug_abbrev  0x0000542b      0x348 TestIMU.o
 .debug_abbrev  0x00005773      0x29c Utils/Print.o

.debug_line     0x00000000     0x6726
 *(.debug_line .debug_line.* .debug_line_end)
 .debug_line    0x00000000      0x1f9 C:/Program Files (x86)/Atmel/Studio/7.0/Packs/atmel/ATmega_DFP/1.2.209/gcc/dev/atmega2560/avr6/crtatmega2560.o
 .debug_line    0x000001f9      0xc47 BNO055/Adafruit_BNO055.o
 .debug_line    0x00000e40      0x1a6 Commands.o
 .debug_line    0x00000fe6      0x63a EtherCardModified/enc28j60.o
 .debug_line    0x00001620      0x16b EtherCardModified/EtherCard.o
 .debug_line    0x0000178b      0x808 EtherCardModified/tcpip.o
 .debug_line    0x00001f93      0x474 EtherCardModified/webutil.o
 .debug_line    0x00002407      0x21b EtherComm.o
 .debug_line    0x00002622      0x27b main.o
 .debug_line    0x0000289d      0x51a MS5837/MS5837.o
 .debug_line    0x00002db7      0x521 PCA9685/PCA9685.o
 .debug_line    0x000032d8      0x218 PCA9685/TwiServoController.o
 .debug_line    0x000034f0      0x51d Peripherals/HardwareSerial.o
 .debug_line    0x00003a0d      0x23c Peripherals/HardwareSerial0.o
 .debug_line    0x00003c49      0x23b Peripherals/HardwareSerial1.o
 .debug_line    0x00003e84      0x23a Peripherals/HardwareSerial2.o
 .debug_line    0x000040be      0x23a Peripherals/HardwareSerial3.o
 .debug_line    0x000042f8      0x2b1 Peripherals/HardwareServo.o
 .debug_line    0x000045a9      0x2da Peripherals/HardwareTimer.o
 .debug_line    0x00004883      0x53e Peripherals/twi.o
 .debug_line    0x00004dc1      0x58b Peripherals/Wire.o
 .debug_line    0x0000534c      0x56f Robot.o
 .debug_line    0x000058bb      0x381 Sensors/ImuSensor.o
 .debug_line    0x00005c3c      0x2cc Sensors/PressureSensor.o
 .debug_line    0x00005f08      0x333 TestIMU.o
 .debug_line    0x0000623b      0x4eb Utils/Print.o

.debug_frame    0x00000000     0x21b0
 *(.debug_frame)
 .debug_frame   0x00000000      0x470 BNO055/Adafruit_BNO055.o
 .debug_frame   0x00000470       0x64 Commands.o
 .debug_frame   0x000004d4      0x1b4 EtherCardModified/enc28j60.o
 .debug_frame   0x00000688       0x70 EtherCardModified/EtherCard.o
 .debug_frame   0x000006f8      0x240 EtherCardModified/tcpip.o
 .debug_frame   0x00000938      0x14c EtherCardModified/webutil.o
 .debug_frame   0x00000a84       0x8c EtherComm.o
 .debug_frame   0x00000b10       0x34 main.o
 .debug_frame   0x00000b44      0x1a4 MS5837/MS5837.o
 .debug_frame   0x00000ce8      0x21c PCA9685/PCA9685.o
 .debug_frame   0x00000f04       0x74 PCA9685/TwiServoController.o
 .debug_frame   0x00000f78      0x104 Peripherals/HardwareSerial.o
 .debug_frame   0x0000107c       0xec Peripherals/HardwareSerial0.o
 .debug_frame   0x00001168       0xec Peripherals/HardwareSerial1.o
 .debug_frame   0x00001254       0xec Peripherals/HardwareSerial2.o
 .debug_frame   0x00001340       0xec Peripherals/HardwareSerial3.o
 .debug_frame   0x0000142c      0x1ac Peripherals/HardwareServo.o
 .debug_frame   0x000015d8      0x1e4 Peripherals/HardwareTimer.o
 .debug_frame   0x000017bc      0x134 Peripherals/twi.o
 .debug_frame   0x000018f0      0x280 Peripherals/Wire.o
 .debug_frame   0x00001b70       0xfc Robot.o
 .debug_frame   0x00001c6c       0xd4 Sensors/ImuSensor.o
 .debug_frame   0x00001d40       0xc0 Sensors/PressureSensor.o
 .debug_frame   0x00001e00       0xd0 TestIMU.o
 .debug_frame   0x00001ed0      0x2e0 Utils/Print.o

.debug_str      0x00000000     0x6930
 *(.debug_str)
 .debug_str     0x00000000      0x3e6 C:/Program Files (x86)/Atmel/Studio/7.0/Packs/atmel/ATmega_DFP/1.2.209/gcc/dev/atmega2560/avr6/crtatmega2560.o
 .debug_str     0x000003e6     0x3160 BNO055/Adafruit_BNO055.o
                               0x32cd (size before relaxing)
 .debug_str     0x00003546      0x870 Commands.o
                                0xa73 (size before relaxing)
 .debug_str     0x00003db6      0x21f EtherCardModified/enc28j60.o
                                0x54d (size before relaxing)
 .debug_str     0x00003fd5       0xf7 EtherCardModified/EtherCard.o
                                0x8cb (size before relaxing)
 .debug_str     0x000040cc      0x1fe EtherCardModified/tcpip.o
                                0x9c4 (size before relaxing)
 .debug_str     0x000042ca      0x124 EtherCardModified/webutil.o
                                0x930 (size before relaxing)
 .debug_str     0x000043ee       0xfe EtherComm.o
                                0xa36 (size before relaxing)
 .debug_str     0x000044ec      0x628 main.o
                                0xeb0 (size before relaxing)
 .debug_str     0x00004b14      0x417 MS5837/MS5837.o
                                0x708 (size before relaxing)
 .debug_str     0x00004f2b       0xb3 PCA9685/PCA9685.o
                                0x67c (size before relaxing)
 .debug_str     0x00004fde       0x47 PCA9685/TwiServoController.o
                                0x542 (size before relaxing)
 .debug_str     0x00005025      0x833 Peripherals/HardwareSerial.o
                                0xa8f (size before relaxing)
 .debug_str     0x00005858       0x89 Peripherals/HardwareSerial0.o
                                0x7cb (size before relaxing)
 .debug_str     0x000058e1       0x52 Peripherals/HardwareSerial1.o
                                0x7cc (size before relaxing)
 .debug_str     0x00005933       0x52 Peripherals/HardwareSerial2.o
                                0x7cc (size before relaxing)
 .debug_str     0x00005985       0x52 Peripherals/HardwareSerial3.o
                                0x7cc (size before relaxing)
 .debug_str     0x000059d7       0x6d Peripherals/HardwareServo.o
                                0x5e2 (size before relaxing)
 .debug_str     0x00005a44       0x7a Peripherals/HardwareTimer.o
                                0x484 (size before relaxing)
 .debug_str     0x00005abe      0x287 Peripherals/twi.o
                                0x37c (size before relaxing)
 .debug_str     0x00005d45      0x3a0 Peripherals/Wire.o
                                0xc70 (size before relaxing)
 .debug_str     0x000060e5      0x41c Robot.o
                               0x1344 (size before relaxing)
 .debug_str     0x00006501       0xd6 Sensors/ImuSensor.o
                               0x13d5 (size before relaxing)
 .debug_str     0x000065d7       0xc0 Sensors/PressureSensor.o
                                0xee0 (size before relaxing)
 .debug_str     0x00006697      0x122 TestIMU.o
                               0x14df (size before relaxing)
 .debug_str     0x000067b9      0x177 Utils/Print.o
                                0x4a3 (size before relaxing)

.debug_loc      0x00000000     0xc012
 *(.debug_loc)
 .debug_loc     0x00000000     0x2157 BNO055/Adafruit_BNO055.o
 .debug_loc     0x00002157      0x257 Commands.o
 .debug_loc     0x000023ae      0x955 EtherCardModified/enc28j60.o
 .debug_loc     0x00002d03      0x25f EtherCardModified/EtherCard.o
 .debug_loc     0x00002f62      0xa60 EtherCardModified/tcpip.o
 .debug_loc     0x000039c2      0x9be EtherCardModified/webutil.o
 .debug_loc     0x00004380      0x486 EtherComm.o
 .debug_loc     0x00004806       0xb9 main.o
 .debug_loc     0x000048bf      0xed7 MS5837/MS5837.o
 .debug_loc     0x00005796      0xe27 PCA9685/PCA9685.o
 .debug_loc     0x000065bd      0x333 PCA9685/TwiServoController.o
 .debug_loc     0x000068f0      0x4e0 Peripherals/HardwareSerial.o
 .debug_loc     0x00006dd0      0x1ca Peripherals/HardwareSerial0.o
 .debug_loc     0x00006f9a      0x1ca Peripherals/HardwareSerial1.o
 .debug_loc     0x00007164      0x1ca Peripherals/HardwareSerial2.o
 .debug_loc     0x0000732e      0x1ca Peripherals/HardwareSerial3.o
 .debug_loc     0x000074f8      0x71a Peripherals/HardwareServo.o
 .debug_loc     0x00007c12      0x687 Peripherals/HardwareTimer.o
 .debug_loc     0x00008299      0x54a Peripherals/twi.o
 .debug_loc     0x000087e3      0xb3b Peripherals/Wire.o
 .debug_loc     0x0000931e      0x72c Robot.o
 .debug_loc     0x00009a4a      0x5e9 Sensors/ImuSensor.o
 .debug_loc     0x0000a033      0x506 Sensors/PressureSensor.o
 .debug_loc     0x0000a539      0x4b9 TestIMU.o
 .debug_loc     0x0000a9f2     0x1620 Utils/Print.o

.debug_macinfo
 *(.debug_macinfo)

.debug_weaknames
 *(.debug_weaknames)

.debug_funcnames
 *(.debug_funcnames)

.debug_typenames
 *(.debug_typenames)

.debug_varnames
 *(.debug_varnames)

.debug_pubtypes
 *(.debug_pubtypes)

.debug_ranges   0x00000000      0x9e0
 *(.debug_ranges)
 .debug_ranges  0x00000000       0xd8 BNO055/Adafruit_BNO055.o
 .debug_ranges  0x000000d8       0x30 Commands.o
 .debug_ranges  0x00000108       0xc0 EtherCardModified/enc28j60.o
 .debug_ranges  0x000001c8       0x18 EtherCardModified/EtherCard.o
 .debug_ranges  0x000001e0       0xe0 EtherCardModified/tcpip.o
 .debug_ranges  0x000002c0       0x68 EtherCardModified/webutil.o
 .debug_ranges  0x00000328       0x28 EtherComm.o
 .debug_ranges  0x00000350       0x18 main.o
 .debug_ranges  0x00000368       0x58 MS5837/MS5837.o
 .debug_ranges  0x000003c0       0x90 PCA9685/PCA9685.o
 .debug_ranges  0x00000450       0x38 PCA9685/TwiServoController.o
 .debug_ranges  0x00000488       0x58 Peripherals/HardwareSerial.o
 .debug_ranges  0x000004e0       0x38 Peripherals/HardwareSerial0.o
 .debug_ranges  0x00000518       0x38 Peripherals/HardwareSerial1.o
 .debug_ranges  0x00000550       0x38 Peripherals/HardwareSerial2.o
 .debug_ranges  0x00000588       0x38 Peripherals/HardwareSerial3.o
 .debug_ranges  0x000005c0       0x98 Peripherals/HardwareServo.o
 .debug_ranges  0x00000658       0x68 Peripherals/HardwareTimer.o
 .debug_ranges  0x000006c0       0x70 Peripherals/twi.o
 .debug_ranges  0x00000730       0xe8 Peripherals/Wire.o
 .debug_ranges  0x00000818       0x70 Robot.o
 .debug_ranges  0x00000888       0x40 Sensors/ImuSensor.o
 .debug_ranges  0x000008c8       0x30 Sensors/PressureSensor.o
 .debug_ranges  0x000008f8       0x30 TestIMU.o
 .debug_ranges  0x00000928       0xb8 Utils/Print.o

.debug_macro
 *(.debug_macro)
OUTPUT(RovController.elf elf32-avr)
LOAD linker stubs
