Archive member included to satisfy reference by file (symbol)

c:/program files (x86)/atmel/studio/7.0/toolchain/avr8/avr8-gnu-toolchain/bin/../lib/gcc/avr/5.4.0/../../../../avr/lib/avr6\libm.a(addsf3.o)
                              Utils/Print.o (__subsf3)
c:/program files (x86)/atmel/studio/7.0/toolchain/avr8/avr8-gnu-toolchain/bin/../lib/gcc/avr/5.4.0/../../../../avr/lib/avr6\libm.a(addsf3x.o)
                              c:/program files (x86)/atmel/studio/7.0/toolchain/avr8/avr8-gnu-toolchain/bin/../lib/gcc/avr/5.4.0/../../../../avr/lib/avr6\libm.a(addsf3.o) (__addsf3x)
c:/program files (x86)/atmel/studio/7.0/toolchain/avr8/avr8-gnu-toolchain/bin/../lib/gcc/avr/5.4.0/../../../../avr/lib/avr6\libm.a(cmpsf2.o)
                              Utils/Print.o (__ltsf2)
c:/program files (x86)/atmel/studio/7.0/toolchain/avr8/avr8-gnu-toolchain/bin/../lib/gcc/avr/5.4.0/../../../../avr/lib/avr6\libm.a(divsf3.o)
                              BNO055/Adafruit_BNO055.o (__divsf3)
c:/program files (x86)/atmel/studio/7.0/toolchain/avr8/avr8-gnu-toolchain/bin/../lib/gcc/avr/5.4.0/../../../../avr/lib/avr6\libm.a(divsf3x.o)
                              c:/program files (x86)/atmel/studio/7.0/toolchain/avr8/avr8-gnu-toolchain/bin/../lib/gcc/avr/5.4.0/../../../../avr/lib/avr6\libm.a(divsf3.o) (__divsf3x)
c:/program files (x86)/atmel/studio/7.0/toolchain/avr8/avr8-gnu-toolchain/bin/../lib/gcc/avr/5.4.0/../../../../avr/lib/avr6\libm.a(fixunssfsi.o)
                              Utils/Print.o (__fixunssfsi)
c:/program files (x86)/atmel/studio/7.0/toolchain/avr8/avr8-gnu-toolchain/bin/../lib/gcc/avr/5.4.0/../../../../avr/lib/avr6\libm.a(floatsisf.o)
                              Utils/Print.o (__floatunsisf)
c:/program files (x86)/atmel/studio/7.0/toolchain/avr8/avr8-gnu-toolchain/bin/../lib/gcc/avr/5.4.0/../../../../avr/lib/avr6\libm.a(fp_cmp.o)
                              c:/program files (x86)/atmel/studio/7.0/toolchain/avr8/avr8-gnu-toolchain/bin/../lib/gcc/avr/5.4.0/../../../../avr/lib/avr6\libm.a(cmpsf2.o) (__fp_cmp)
c:/program files (x86)/atmel/studio/7.0/toolchain/avr8/avr8-gnu-toolchain/bin/../lib/gcc/avr/5.4.0/../../../../avr/lib/avr6\libm.a(fp_inf.o)
                              c:/program files (x86)/atmel/studio/7.0/toolchain/avr8/avr8-gnu-toolchain/bin/../lib/gcc/avr/5.4.0/../../../../avr/lib/avr6\libm.a(addsf3x.o) (__fp_inf)
c:/program files (x86)/atmel/studio/7.0/toolchain/avr8/avr8-gnu-toolchain/bin/../lib/gcc/avr/5.4.0/../../../../avr/lib/avr6\libm.a(fp_nan.o)
                              c:/program files (x86)/atmel/studio/7.0/toolchain/avr8/avr8-gnu-toolchain/bin/../lib/gcc/avr/5.4.0/../../../../avr/lib/avr6\libm.a(addsf3x.o) (__fp_nan)
c:/program files (x86)/atmel/studio/7.0/toolchain/avr8/avr8-gnu-toolchain/bin/../lib/gcc/avr/5.4.0/../../../../avr/lib/avr6\libm.a(fp_pscA.o)
                              c:/program files (x86)/atmel/studio/7.0/toolchain/avr8/avr8-gnu-toolchain/bin/../lib/gcc/avr/5.4.0/../../../../avr/lib/avr6\libm.a(addsf3x.o) (__fp_pscA)
c:/program files (x86)/atmel/studio/7.0/toolchain/avr8/avr8-gnu-toolchain/bin/../lib/gcc/avr/5.4.0/../../../../avr/lib/avr6\libm.a(fp_pscB.o)
                              c:/program files (x86)/atmel/studio/7.0/toolchain/avr8/avr8-gnu-toolchain/bin/../lib/gcc/avr/5.4.0/../../../../avr/lib/avr6\libm.a(addsf3x.o) (__fp_pscB)
c:/program files (x86)/atmel/studio/7.0/toolchain/avr8/avr8-gnu-toolchain/bin/../lib/gcc/avr/5.4.0/../../../../avr/lib/avr6\libm.a(fp_round.o)
                              c:/program files (x86)/atmel/studio/7.0/toolchain/avr8/avr8-gnu-toolchain/bin/../lib/gcc/avr/5.4.0/../../../../avr/lib/avr6\libm.a(addsf3.o) (__fp_round)
c:/program files (x86)/atmel/studio/7.0/toolchain/avr8/avr8-gnu-toolchain/bin/../lib/gcc/avr/5.4.0/../../../../avr/lib/avr6\libm.a(fp_split3.o)
                              c:/program files (x86)/atmel/studio/7.0/toolchain/avr8/avr8-gnu-toolchain/bin/../lib/gcc/avr/5.4.0/../../../../avr/lib/avr6\libm.a(addsf3x.o) (__fp_split3)
c:/program files (x86)/atmel/studio/7.0/toolchain/avr8/avr8-gnu-toolchain/bin/../lib/gcc/avr/5.4.0/../../../../avr/lib/avr6\libm.a(fp_zero.o)
                              c:/program files (x86)/atmel/studio/7.0/toolchain/avr8/avr8-gnu-toolchain/bin/../lib/gcc/avr/5.4.0/../../../../avr/lib/avr6\libm.a(addsf3x.o) (__fp_zero)
c:/program files (x86)/atmel/studio/7.0/toolchain/avr8/avr8-gnu-toolchain/bin/../lib/gcc/avr/5.4.0/../../../../avr/lib/avr6\libm.a(gesf2.o)
                              Utils/Print.o (__gtsf2)
c:/program files (x86)/atmel/studio/7.0/toolchain/avr8/avr8-gnu-toolchain/bin/../lib/gcc/avr/5.4.0/../../../../avr/lib/avr6\libm.a(mulsf3.o)
                              BNO055/Adafruit_BNO055.o (__mulsf3)
c:/program files (x86)/atmel/studio/7.0/toolchain/avr8/avr8-gnu-toolchain/bin/../lib/gcc/avr/5.4.0/../../../../avr/lib/avr6\libm.a(mulsf3x.o)
[...]
Memory Configuration

Name             Origin             Length             Attributes
text             0x00000000         0x00100000         xr
data             0x00800200         0x0000fe00         rw !x
eeprom           0x00810000         0x00010000         rw !x
fuse             0x00820000         0x00000003         rw !x
lock             0x00830000         0x00000400         rw !x
signature        0x00840000         0x00000400         rw !x
user_signatures  0x00850000         0x00000400         rw !x
*default*        0x00000000         0xffffffff

Linker script and memory map

Address of section .data set to 0x800200
LOAD C:/Program Files (x86)/Atmel/Studio/7.0/Packs/atmel/ATmega_DFP/1.2.209/gcc/dev/atmega2560/avr6/crtatmega2560.o
LOAD BNO055/Adafruit_BNO055.o
LOAD BNO055/Adafruit_Sensor.o
LOAD Commands.o
LOAD EtherCardModified/enc28j60.o
LOAD EtherCardModified/EtherCard.o
LOAD EtherCardModified/tcpip.o
LOAD EtherCardModified/udpserver.o
LOAD EtherCardModified/webutil.o
LOAD EtherComm.o
LOAD main.o
LOAD Peripherals/HardwareSerial.o
LOAD Peripherals/HardwareSerial0.o
LOAD Peripherals/HardwareSerial1.o
LOAD Peripherals/HardwareSerial2.o
LOAD Peripherals/HardwareSerial3.o
LOAD Peripherals/TWI/TWI.o
LOAD Robot.o
LOAD Sensors/ImuSensor.o
LOAD TestIMU.o
LOAD Timer1.o
LOAD Utils/Print.o
LOAD Utils/Stream.o
START GROUP
LOAD c:/program files (x86)/atmel/studio/7.0/toolchain/avr8/avr8-gnu-toolchain/bin/../lib/gcc/avr/5.4.0/../../../../avr/lib/avr6\libm.a
END GROUP
LOAD c:/program files (x86)/atmel/studio/7.0/toolchain/avr8/avr8-gnu-toolchain/bin/../lib/gcc/avr/5.4.0/avr6\libgcc.a
LOAD c:/program files (x86)/atmel/studio/7.0/toolchain/avr8/avr8-gnu-toolchain/bin/../lib/gcc/avr/5.4.0/../../../../avr/lib/avr6\libm.a
START GROUP
LOAD c:/program files (x86)/atmel/studio/7.0/toolchain/avr8/avr8-gnu-toolchain/bin/../lib/gcc/avr/5.4.0/avr6\libgcc.a
LOAD c:/program files (x86)/atmel/studio/7.0/toolchain/avr8/avr8-gnu-toolchain/bin/../lib/gcc/avr/5.4.0/../../../../avr/lib/avr6\libm.a
LOAD c:/program files (x86)/atmel/studio/7.0/toolchain/avr8/avr8-gnu-toolchain/bin/../lib/gcc/avr/5.4.0/../../../../avr/lib/avr6\libc.a
LOAD C:/Program Files (x86)/Atmel/Studio/7.0/Packs/atmel/ATmega_DFP/1.2.209/gcc/dev/atmega2560/avr6\libatmega2560.a
END GROUP
                0x00100000                __TEXT_REGION_LENGTH__ = DEFINED (__TEXT_REGION_LENGTH__)?__TEXT_REGION_LENGTH__:0x100000
                0x0000fe00                __DATA_REGION_LENGTH__ = DEFINED (__DATA_REGION_LENGTH__)?__DATA_REGION_LENGTH__:0xfe00
                0x00010000                __EEPROM_REGION_LENGTH__ = DEFINED (__EEPROM_REGION_LENGTH__)?__EEPROM_REGION_LENGTH__:0x10000
                [0x00000003]                __FUSE_REGION_LENGTH__ = DEFINED (__FUSE_REGION_LENGTH__)?__FUSE_REGION_LENGTH__:0x400
                0x00000400                __LOCK_REGION_LENGTH__ = DEFINED (__LOCK_REGION_LENGTH__)?__LOCK_REGION_LENGTH__:0x400
                0x00000400                __SIGNATURE_REGION_LENGTH__ = DEFINED (__SIGNATURE_REGION_LENGTH__)?__SIGNATURE_REGION_LENGTH__:0x400
                0x00000400                __USER_SIGNATURE_REGION_LENGTH__ = DEFINED (__USER_SIGNATURE_REGION_LENGTH__)?__USER_SIGNATURE_REGION_LENGTH__:0x400

.hash
 *(.hash)

.dynsym
 *(.dynsym)

.dynstr
 *(.dynstr)

.gnu.version
 *(.gnu.version)

.gnu.version_d
 *(.gnu.version_d)

.gnu.version_r
 *(.gnu.version_r)

.rel.init
 *(.rel.init)

.rela.init
 *(.rela.init)

.rel.text
 *(.rel.text)
 *(.rel.text.*)
 *(.rel.gnu.linkonce.t*)

.rela.text
 *(.rela.text)
 *(.rela.text.*)
 *(.rela.gnu.linkonce.t*)

.rel.fini
 *(.rel.fini)

.rela.fini
 *(.rela.fini)

.rel.rodata
 *(.rel.rodata)
 *(.rel.rodata.*)
 *(.rel.gnu.linkonce.r*)

.rela.rodata
 *(.rela.rodata)
 *(.rela.rodata.*)
 *(.rela.gnu.linkonce.r*)

.rel.data
 *(.rel.data)
 *(.rel.data.*)
 *(.rel.gnu.linkonce.d*)

.rela.data
 *(.rela.data)
 *(.rela.data.*)
 *(.rela.gnu.linkonce.d*)

.rel.ctors
 *(.rel.ctors)

.rela.ctors
 *(.rela.ctors)

.rel.dtors
 *(.rel.dtors)

.rela.dtors
 *(.rela.dtors)

.rel.got
 *(.rel.got)

.rela.got
 *(.rela.got)

.rel.bss
 *(.rel.bss)

.rela.bss
 *(.rela.bss)

.rel.plt
 *(.rel.plt)

.rela.plt
 *(.rela.plt)

.text           0x00000000     0x2dee
 *(.vectors)
 .vectors       0x00000000       0xe4 C:/Program Files (x86)/Atmel/Studio/7.0/Packs/atmel/ATmega_DFP/1.2.209/gcc/dev/atmega2560/avr6/crtatmega2560.o
                0x00000000                __vector_default
                0x00000000                __vectors
 *(.vectors)
 *(.progmem.gcc*)
 .progmem.gcc_sw_table.__vector_39
                0x000000e4      0x192 Peripherals/TWI/TWI.o
                0x00000276                . = ALIGN (0x2)
                0x00000276                __trampolines_start = .
 *(.trampolines)
 .trampolines   0x00000276        0x0 linker stubs
 *(.trampolines*)
                0x00000276                __trampolines_end = .
 *libprintf_flt.a:*(.progmem.data)
 *libc.a:*(.progmem.data)
 *(.progmem*)
 .progmem.data._ZL5iphdr
                0x00000276        0x9 EtherCardModified/tcpip.o
 .progmem.data._ZL9arpreqhdr
                0x0000027f        0x8 EtherCardModified/tcpip.o
                0x00000288                . = ALIGN (0x2)
 *fill*         0x00000287        0x1 
 *(.jumptables)
 *(.jumptables*)
 *(.lowtext)
 *(.lowtext*)
                0x00000288                __ctors_start = .
 *(.ctors)
 .ctors         0x00000288        0x2 Commands.o
 .ctors         0x0000028a        0x2 Peripherals/HardwareSerial0.o
 .ctors         0x0000028c        0x2 Peripherals/HardwareSerial1.o
 .ctors         0x0000028e        0x2 Peripherals/HardwareSerial2.o
 .ctors         0x00000290        0x2 Peripherals/HardwareSerial3.o
 .ctors         0x00000292        0x2 Peripherals/TWI/TWI.o
 .ctors         0x00000294        0x2 Robot.o
 .ctors         0x00000296        0x2 Sensors/ImuSensor.o
 .ctors         0x00000298        0x2 TestIMU.o
                0x0000029a                __ctors_end = .
                0x0000029a                __dtors_start = .
 *(.dtors)
                0x0000029a                __dtors_end = .
 SORT(*)(.ctors)
 SORT(*)(.dtors)
 *(.init0)
 .init0         0x0000029a        0x0 C:/Program Files (x86)/Atmel/Studio/7.0/Packs/atmel/ATmega_DFP/1.2.209/gcc/dev/atmega2560/avr6/crtatmega2560.o
                0x0000029a                __init
 *(.init0)
 *(.init1)
 *(.init1)
 *(.init2)
 .init2         0x0000029a       0x10 C:/Program Files (x86)/Atmel/Studio/7.0/Packs/atmel/ATmega_DFP/1.2.209/gcc/dev/atmega2560/avr6/crtatmega2560.o
 *(.init2)
 *(.init3)
 *(.init3)
 *(.init4)
 .init4         0x000002aa       0x1a c:/program files (x86)/atmel/studio/7.0/toolchain/avr8/avr8-gnu-toolchain/bin/../lib/gcc/avr/5.4.0/avr6\libgcc.a(_copy_data.o)
                0x000002aa                __do_copy_data
 .init4         0x000002c4       0x10 c:/program files (x86)/atmel/studio/7.0/toolchain/avr8/avr8-gnu-toolchain/bin/../lib/gcc/avr/5.4.0/avr6\libgcc.a(_clear_bss.o)
                0x000002c4                __do_clear_bss
 *(.init4)
 *(.init5)
 *(.init5)
 *(.init6)
 .init6         0x000002d4       0x20 c:/program files (x86)/atmel/studio/7.0/toolchain/avr8/avr8-gnu-toolchain/bin/../lib/gcc/avr/5.4.0/avr6\libgcc.a(_ctors.o)
                0x000002d4                __do_global_ctors
 *(.init6)
 *(.init7)
 *(.init7)
 *(.init8)
 *(.init8)
 *(.init9)
 .init9         0x000002f4        0x8 C:/Program Files (x86)/Atmel/Studio/7.0/Packs/atmel/ATmega_DFP/1.2.209/gcc/dev/atmega2560/avr6/crtatmega2560.o
 *(.init9)
 *(.text)
 .text          0x000002fc        0x2 C:/Program Files (x86)/Atmel/Studio/7.0/Packs/atmel/ATmega_DFP/1.2.209/gcc/dev/atmega2560/avr6/crtatmega2560.o
                0x000002fc                __vector_38
                0x000002fc                __vector_22
                0x000002fc                __vector_28
                0x000002fc                __vector_1
                0x000002fc                __vector_32
                0x000002fc                __vector_34
                0x000002fc                __vector_24
                0x000002fc                __vector_12
                0x000002fc                __vector_46
                0x000002fc                __bad_interrupt
                0x000002fc                __vector_6
                0x000002fc                __vector_31
                0x000002fc                __vector_35
                0x000002fc                __vector_3
                0x000002fc                __vector_23
                0x000002fc                __vector_30
                0x000002fc                __vector_45
                0x000002fc                __vector_11
                0x000002fc                __vector_13
                0x000002fc                __vector_17
                0x000002fc                __vector_19
                0x000002fc                __vector_56
                0x000002fc                __vector_7
                0x000002fc                __vector_49
                0x000002fc                __vector_41
                0x000002fc                __vector_43
                0x000002fc                __vector_27
                0x000002fc                __vector_5
                0x000002fc                __vector_33
                0x000002fc                __vector_47
                0x000002fc                __vector_4
                0x000002fc                __vector_44
                0x000002fc                __vector_9
                0x000002fc                __vector_2
                0x000002fc                __vector_21
                0x000002fc                __vector_15
                0x000002fc                __vector_29
                0x000002fc                __vector_40
                0x000002fc                __vector_8
                0x000002fc                __vector_48
                0x000002fc                __vector_14
                0x000002fc                __vector_53
                0x000002fc                __vector_10
                0x000002fc                __vector_50
                0x000002fc                __vector_16
                0x000002fc                __vector_18
                0x000002fc                __vector_20
                0x000002fc                __vector_42
                0x000002fe                . = ALIGN (0x2)
 *(.text.*)
 .text._ZN15Adafruit_Sensor15enableAutoRangeEb
                0x000002fe        0x2 BNO055/Adafruit_BNO055.o
                0x000002fe                _ZN15Adafruit_Sensor15enableAutoRangeEb
 .text._ZN15Adafruit_BNO0559getSensorEP8sensor_t
                0x00000300       0x8a BNO055/Adafruit_BNO055.o
                0x00000300                _ZN15Adafruit_BNO0559getSensorEP8sensor_t
 .text._ZN15Adafruit_BNO055C2ElhP7TwoWire
                0x0000038a       0x22 BNO055/Adafruit_BNO055.o
                0x0000038a                _ZN15Adafruit_BNO055C1ElhP7TwoWire
                0x0000038a                _ZN15Adafruit_BNO055C2ElhP7TwoWire
 .text._ZN15Adafruit_BNO0556write8ENS_21adafruit_bno055_reg_tEh
                0x000003ac       0x54 BNO055/Adafruit_BNO055.o
                0x000003ac                _ZN15Adafruit_BNO0556write8ENS_21adafruit_bno055_reg_tEh
 .text._ZN15Adafruit_BNO0557setModeENS_24adafruit_bno055_opmode_tE
                0x00000400       0x1e BNO055/Adafruit_BNO055.o
                0x00000400                _ZN15Adafruit_BNO0557setModeENS_24adafruit_bno055_opmode_tE
 .text._ZN15Adafruit_BNO0555read8ENS_21adafruit_bno055_reg_tE
                0x0000041e       0x56 BNO055/Adafruit_BNO055.o
                0x0000041e                _ZN15Adafruit_BNO0555read8ENS_21adafruit_bno055_reg_tE
 .text._ZN15Adafruit_BNO0555beginENS_24adafruit_bno055_opmode_tE
                0x00000474       0xda BNO055/Adafruit_BNO055.o
                0x00000474                _ZN15Adafruit_BNO0555beginENS_24adafruit_bno055_opmode_tE
 .text._ZN15Adafruit_BNO0557getTempEv
                0x0000054e        0x6 BNO055/Adafruit_BNO055.o
                0x0000054e                _ZN15Adafruit_BNO0557getTempEv
 .text._ZN15Adafruit_BNO0557readLenENS_21adafruit_bno055_reg_tEPhh
                0x00000554       0xa6 BNO055/Adafruit_BNO055.o
                0x00000554                _ZN15Adafruit_BNO0557readLenENS_21adafruit_bno055_reg_tEPhh
 .text._ZN15Adafruit_BNO0559getVectorENS_22adafruit_vector_type_tE
                0x000005fa      0x32c BNO055/Adafruit_BNO055.o
                0x000005fa                _ZN15Adafruit_BNO0559getVectorENS_22adafruit_vector_type_tE
 .text._ZN15Adafruit_BNO0558getEventEP15sensors_event_t
                0x00000926       0xae BNO055/Adafruit_BNO055.o
                0x00000926                _ZN15Adafruit_BNO0558getEventEP15sensors_event_t
 .text._Z14RunPingCommandPKhh
                0x000009d4       0x18 Commands.o
                0x000009d4                _Z14RunPingCommandPKhh
 .text._Z14RunEchoCommandPKhh
                0x000009ec       0x26 Commands.o
                0x000009ec                _Z14RunEchoCommandPKhh
 .text._Z13RunLedCommandPKhh
                0x00000a12       0x1a Commands.o
                0x00000a12                _Z13RunLedCommandPKhh
 .text._Z22RunUpdateDeviceCommandPKhh
                0x00000a2c       0x36 Commands.o
                0x00000a2c                _Z22RunUpdateDeviceCommandPKhh
 .text._ZN9EtherComm15CommandReceivedEhPKhh
                0x00000a62       0x32 Commands.o
                0x00000a62                _ZN9EtherComm15CommandReceivedEhPKhh
 .text._GLOBAL__sub_I__Z14RunPingCommandPKhh
                0x00000a94       0x14 Commands.o
 .text._ZL10enableChipv
                0x00000aa8       0x16 EtherCardModified/enc28j60.o
 .text._ZL11disableChipv
                0x00000abe       0x14 EtherCardModified/enc28j60.o
 .text._ZL6readOphh
                0x00000ad2       0x40 EtherCardModified/enc28j60.o
 .text._ZL7writeOphhh
                0x00000b12       0x30 EtherCardModified/enc28j60.o
 .text._ZL7readBufjPh
                0x00000b42       0x44 EtherCardModified/enc28j60.o
 .text._ZL7SetBankh
                0x00000b86       0x4a EtherCardModified/enc28j60.o
 .text._ZL11readRegByteh
                0x00000bd0       0x10 EtherCardModified/enc28j60.o
 .text._ZL12writeRegBytehh
                0x00000be0       0x18 EtherCardModified/enc28j60.o
 .text._ZL8writeReghj
                0x00000bf8       0x18 EtherCardModified/enc28j60.o
 .text._ZN8ENC28J607initSPIERVh
                0x00000c10       0x24 EtherCardModified/enc28j60.o
                0x00000c10                _ZN8ENC28J607initSPIERVh
 .text._ZN8ENC28J6010initializeEjPKhRVhS3_h
                0x00000c34      0x100 EtherCardModified/enc28j60.o
                0x00000c34                _ZN8ENC28J6010initializeEjPKhRVhS3_h
 .text._ZN8ENC28J608isLinkUpEv
                0x00000d34       0x26 EtherCardModified/enc28j60.o
                0x00000d34                _ZN8ENC28J608isLinkUpEv
 .text._ZN8ENC28J6010packetSendEj
                0x00000d5a       0xf2 EtherCardModified/enc28j60.o
                0x00000d5a                _ZN8ENC28J6010packetSendEj
 .text._ZN8ENC28J6013packetReceiveEv
                0x00000e4c       0xca EtherCardModified/enc28j60.o
                0x00000e4c                _ZN8ENC28J6013packetReceiveEv
 .text._ZN9EtherCard5beginEPKhRVhS3_h
                0x00000f16       0x32 EtherCardModified/EtherCard.o
                0x00000f16                _ZN9EtherCard5beginEPKhRVhS3_h
 .text._ZN9EtherCard11staticSetupEPKhS1_S1_S1_
                0x00000f48       0x5c EtherCardModified/EtherCard.o
                0x00000f48                _ZN9EtherCard11staticSetupEPKhS1_S1_S1_
 .text._ZL13fill_checksumhhjh
                0x00000fa4       0xe2 EtherCardModified/tcpip.o
 .text._ZL6is_lanPKhS0_
                0x00001086       0x54 EtherCardModified/tcpip.o
 .text._ZL20fill_ip_hdr_checksumv
                0x000010da       0x1e EtherCardModified/tcpip.o
 .text._ZL7setMACsPKh
                0x000010f8       0x14 EtherCardModified/tcpip.o
 .text._ZL11make_eth_ipv
                0x0000110c       0x1e EtherCardModified/tcpip.o
 .text._ZL12setMACandIPsPKhS0_
                0x0000112a       0x20 EtherCardModified/tcpip.o
 .text._ZL16client_store_macPhS_
                0x0000114a       0x2c EtherCardModified/tcpip.o
 .text._ZL17client_arp_whohasPh
                0x00001176       0x60 EtherCardModified/tcpip.o
 .text._ZN9EtherCard10udpPrepareEjPKhj
                0x000011d6       0xa4 EtherCardModified/tcpip.o
                0x000011d6                _ZN9EtherCard10udpPrepareEjPKhj
 .text._ZN9EtherCard11udpTransmitEj
                0x0000127a       0x40 EtherCardModified/tcpip.o
                0x0000127a                _ZN9EtherCard11udpTransmitEj
 .text._ZN9EtherCard7sendUdpEPKhjjS1_j
                0x000012ba       0x30 EtherCardModified/tcpip.o
                0x000012ba                _ZN9EtherCard7sendUdpEPKhjjS1_j
 .text._ZN9EtherCard7setGwIpEPKh
                0x000012ea       0x18 EtherCardModified/tcpip.o
                0x000012ea                _ZN9EtherCard7setGwIpEPKh
 .text._ZN9EtherCard22updateBroadcastAddressEv
                0x00001302       0x2a EtherCardModified/tcpip.o
                0x00001302                _ZN9EtherCard22updateBroadcastAddressEv
 .text._ZN9EtherCard10packetLoopEj
                0x0000132c      0x272 EtherCardModified/tcpip.o
                0x0000132c                _ZN9EtherCard10packetLoopEj
 .text._ZN9EtherCard21udpServerListenOnPortEPFvjPhjPKcjEj
                0x0000159e       0x34 EtherCardModified/udpserver.o
                0x0000159e                _ZN9EtherCard21udpServerListenOnPortEPFvjPhjPKcjEj
 .text._ZN9EtherCard18udpServerListeningEv
                0x000015d2        0xe EtherCardModified/udpserver.o
                0x000015d2                _ZN9EtherCard18udpServerListeningEv
 .text._ZN9EtherCard27udpServerHasProcessedPacketEj
                0x000015e0       0xc6 EtherCardModified/udpserver.o
                0x000015e0                _ZN9EtherCard27udpServerHasProcessedPacketEj
 .text._ZN9EtherCard6copyIpEPhPKh
                0x000016a6       0x1a EtherCardModified/webutil.o
                0x000016a6                _ZN9EtherCard6copyIpEPhPKh
 .text._ZN9EtherCard7copyMacEPhPKh
                0x000016c0       0x10 EtherCardModified/webutil.o
                0x000016c0                _ZN9EtherCard7copyMacEPhPKh
 .text._ZN9EtherComm13CheckChecksumEPKch
                0x000016d0       0x38 EtherComm.o
                0x000016d0                _ZN9EtherComm13CheckChecksumEPKch
 .text._Z10udpReceivejPhjPKcj
                0x00001708       0x42 EtherComm.o
                0x00001708                _Z10udpReceivejPhjPKcj
 .text._ZN9EtherComm5beginEjjRVhS1_h
                0x0000174a       0x52 EtherComm.o
                0x0000174a                _ZN9EtherComm5beginEjjRVhS1_h
 .text._ZN9EtherComm11SendCommandEhh
                0x0000179c       0x84 EtherComm.o
                0x0000179c                _ZN9EtherComm11SendCommandEhh
 .text.main     0x00001820       0x76 main.o
                0x00001820                main
 .text._ZN14HardwareSerial9availableEv
                0x00001896       0x18 Peripherals/HardwareSerial.o
                0x00001896                _ZN14HardwareSerial9availableEv
 .text._ZN14HardwareSerial4peekEv
                0x000018ae       0x1c Peripherals/HardwareSerial.o
                0x000018ae                _ZN14HardwareSerial4peekEv
 .text._ZN14HardwareSerial4readEv
                0x000018ca       0x28 Peripherals/HardwareSerial.o
                0x000018ca                _ZN14HardwareSerial4readEv
 .text._ZN14HardwareSerial17availableForWriteEv
                0x000018f2       0x24 Peripherals/HardwareSerial.o
                0x000018f2                _ZN14HardwareSerial17availableForWriteEv
 .text._ZN14HardwareSerial17_tx_udr_empty_irqEv
                0x00001916       0x56 Peripherals/HardwareSerial.o
                0x00001916                _ZN14HardwareSerial17_tx_udr_empty_irqEv
 .text._ZN14HardwareSerial5flushEv
                0x0000196c       0x46 Peripherals/HardwareSerial.o
                0x0000196c                _ZN14HardwareSerial5flushEv
 .text._ZN14HardwareSerial5writeEh
                0x000019b2       0xa8 Peripherals/HardwareSerial.o
                0x000019b2                _ZN14HardwareSerial5writeEh
 .text._ZN14HardwareSerial5beginEmh
                0x00001a5a       0xca Peripherals/HardwareSerial.o
                0x00001a5a                _ZN14HardwareSerial5beginEmh
 .text._ZN5Print17availableForWriteEv
                0x00001b24        0x6 Peripherals/HardwareSerial0.o
                0x00001b24                _ZN5Print17availableForWriteEv
 .text.__vector_25
                0x00001b2a       0x78 Peripherals/HardwareSerial0.o
                0x00001b2a                __vector_25
 .text.__vector_26
                0x00001ba2       0x52 Peripherals/HardwareSerial0.o
                0x00001ba2                __vector_26
 .text._GLOBAL__sub_I___vector_25
                0x00001bf4       0x46 Peripherals/HardwareSerial0.o
 .text.__vector_36
                0x00001c3a       0x78 Peripherals/HardwareSerial1.o
                0x00001c3a                __vector_36
 .text.__vector_37
                0x00001cb2       0x52 Peripherals/HardwareSerial1.o
                0x00001cb2                __vector_37
 .text._GLOBAL__sub_I___vector_36
                0x00001d04       0x46 Peripherals/HardwareSerial1.o
 .text.__vector_51
                0x00001d4a       0x78 Peripherals/HardwareSerial2.o
                0x00001d4a                __vector_51
 .text.__vector_52
                0x00001dc2       0x52 Peripherals/HardwareSerial2.o
                0x00001dc2                __vector_52
 .text._GLOBAL__sub_I___vector_51
                0x00001e14       0x46 Peripherals/HardwareSerial2.o
 .text.__vector_54
                0x00001e5a       0x78 Peripherals/HardwareSerial3.o
                0x00001e5a                __vector_54
 .text.__vector_55
                0x00001ed2       0x52 Peripherals/HardwareSerial3.o
                0x00001ed2                __vector_55
 .text._GLOBAL__sub_I___vector_54
                0x00001f24       0x46 Peripherals/HardwareSerial3.o
 .text._ZN7TwoWire9availableEv
                0x00001f6a       0x10 Peripherals/TWI/TWI.o
                0x00001f6a                _ZN7TwoWire9availableEv
 .text._ZN7TwoWire4readEv
                0x00001f7a       0x28 Peripherals/TWI/TWI.o
                0x00001f7a                _ZN7TwoWire4readEv
 .text._ZN7TwoWire4peekEv
                0x00001fa2       0x1e Peripherals/TWI/TWI.o
                0x00001fa2                _ZN7TwoWire4peekEv
 .text._ZN7TwoWire5flushEv
                0x00001fc0        0x2 Peripherals/TWI/TWI.o
                0x00001fc0                _ZN7TwoWire5flushEv
 .text._ZN7TwoWire16onReceiveServiceEPhi
                0x00001fc2       0x58 Peripherals/TWI/TWI.o
                0x00001fc2                _ZN7TwoWire16onReceiveServiceEPhi
 .text._ZN7TwoWire16onRequestServiceEv
                0x0000201a       0x18 Peripherals/TWI/TWI.o
                0x0000201a                _ZN7TwoWire16onRequestServiceEv
 .text._ZN7TwoWire5beginEv
                0x00002032       0x5a Peripherals/TWI/TWI.o
                0x00002032                _ZN7TwoWire5beginEv
 .text._Z4stopv
                0x0000208c       0x16 Peripherals/TWI/TWI.o
                0x0000208c                _Z4stopv
 .text._Z10releaseBusv
                0x000020a2        0xc Peripherals/TWI/TWI.o
                0x000020a2                _Z10releaseBusv
 .text._Z8readFromhPhhh
                0x000020ae       0xa4 Peripherals/TWI/TWI.o
                0x000020ae                _Z8readFromhPhhh
 .text._ZN7TwoWire17beginTransmissionEh
                0x00002152       0x14 Peripherals/TWI/TWI.o
                0x00002152                _ZN7TwoWire17beginTransmissionEh
 .text._Z7writeTohPhhhh
                0x00002166       0xc2 Peripherals/TWI/TWI.o
                0x00002166                _Z7writeTohPhhhh
 .text._ZN7TwoWire15endTransmissionEh
                0x00002228       0x24 Peripherals/TWI/TWI.o
                0x00002228                _ZN7TwoWire15endTransmissionEh
 .text._ZN7TwoWire11requestFromEhhmhh
                0x0000224c       0xac Peripherals/TWI/TWI.o
                0x0000224c                _ZN7TwoWire11requestFromEhhmhh
 .text._ZN7TwoWire11requestFromEhhh
                0x000022f8       0x1e Peripherals/TWI/TWI.o
                0x000022f8                _ZN7TwoWire11requestFromEhhh
 .text._ZN7TwoWire11requestFromEhh
                0x00002316        0x6 Peripherals/TWI/TWI.o
                0x00002316                _ZN7TwoWire11requestFromEhh
 .text._ZN7TwoWire15endTransmissionEv
                0x0000231c        0x6 Peripherals/TWI/TWI.o
                0x0000231c                _ZN7TwoWire15endTransmissionEv
 .text._Z8transmitPKhh
                0x00002322       0x54 Peripherals/TWI/TWI.o
                0x00002322                _Z8transmitPKhh
 .text._ZN7TwoWire5writeEh
                0x00002376       0x54 Peripherals/TWI/TWI.o
                0x00002376                _ZN7TwoWire5writeEh
 .text._ZN7TwoWire5writeEPKhj
                0x000023ca       0x5e Peripherals/TWI/TWI.o
                0x000023ca                _ZN7TwoWire5writeEPKhj
 .text.__vector_39
                0x00002428      0x238 Peripherals/TWI/TWI.o
                0x00002428                __vector_39
 .text._GLOBAL__sub_I__ZN7TwoWire8rxBufferE
                0x00002660        0xe Peripherals/TWI/TWI.o
 .text._ZN13DigitalSensor5beginEv
                0x0000266e        0x4 Robot.o
                0x0000266e                _ZN13DigitalSensor5beginEv
 .text._ZN13DigitalSensor14IsValidRequestEPKhh
                0x00002672        0x8 Robot.o
                0x00002672                _ZN13DigitalSensor14IsValidRequestEPKhh
 .text._ZN13DigitalSensor15UpdateRequestedEPh
                0x0000267a       0x1e Robot.o
                0x0000267a                _ZN13DigitalSensor15UpdateRequestedEPh
 .text._ZN7ISensor6UpdateEPKhh
                0x00002698       0x44 Robot.o
                0x00002698                _ZN7ISensor6UpdateEPKhh
 .text._ZN5Robot6SetLedEb
                0x000026dc        0xc Robot.o
                0x000026dc                _ZN5Robot6SetLedEb
 .text._ZN5Robot14RegisterDeviceER7ISensor
                0x000026e8       0x4c Robot.o
                0x000026e8                _ZN5Robot14RegisterDeviceER7ISensor
 .text._ZN5Robot15RegisterDevicesEv
                0x00002734       0x10 Robot.o
                0x00002734                _ZN5Robot15RegisterDevicesEv
 .text._ZN5Robot5beginEv
                0x00002744        0x6 Robot.o
                0x00002744                _ZN5Robot5beginEv
 .text._GLOBAL__sub_I__ZN5Robot7devicesE
                0x0000274a       0x2c Robot.o
 .text._ZN9ImuSensor14IsValidRequestEPKhh
                0x00002776        0x8 Sensors/ImuSensor.o
                0x00002776                _ZN9ImuSensor14IsValidRequestEPKhh
 .text._ZN9ImuSensor5beginEv
                0x0000277e        0xa Sensors/ImuSensor.o
                0x0000277e                _ZN9ImuSensor5beginEv
 .text._ZN9ImuSensor15UpdateRequestedEPh
                0x00002788      0x1f2 Sensors/ImuSensor.o
                0x00002788                _ZN9ImuSensor15UpdateRequestedEPh
 .text._ZN9ImuSensorC2Eh
                0x0000297a       0x2e Sensors/ImuSensor.o
                0x0000297a                _ZN9ImuSensorC1Eh
                0x0000297a                _ZN9ImuSensorC2Eh
 .text._GLOBAL__sub_I__ZN9ImuSensorC2Eh
                0x000029a8       0x10 Sensors/ImuSensor.o
 .text._GLOBAL__sub_I_bno
                0x000029b8       0x20 TestIMU.o
 .text._ZN5Print5writeEPKhj
                0x000029d8       0x5e Utils/Print.o
                0x000029d8                _ZN5Print5writeEPKhj
 .text._ZN5Print5printEPKc
                0x00002a36       0x2c Utils/Print.o
                0x00002a36                _ZN5Print5printEPKc
 .text._ZN5Print7printlnEv
                0x00002a62       0x18 Utils/Print.o
                0x00002a62                _ZN5Print7printlnEv
 .text._ZN5Print7printlnEPKc
                0x00002a7a       0x20 Utils/Print.o
                0x00002a7a                _ZN5Print7printlnEPKc
 .text.avr-libc.fplib
                0x00002a9a        0x4 c:/program files (x86)/atmel/studio/7.0/toolchain/avr8/avr8-gnu-toolchain/bin/../lib/gcc/avr/5.4.0/../../../../avr/lib/avr6\libm.a(divsf3.o)
                0x00002a9a                __divsf3
 .text.avr-libc.fplib
                0x00002a9e       0xcc c:/program files (x86)/atmel/studio/7.0/toolchain/avr8/avr8-gnu-toolchain/bin/../lib/gcc/avr/5.4.0/../../../../avr/lib/avr6\libm.a(divsf3x.o)
                0x00002ab4                __divsf3x
                0x00002ab8                __divsf3_pse
 .text.avr-libc.fplib
                0x00002b6a       0x7a c:/program files (x86)/atmel/studio/7.0/toolchain/avr8/avr8-gnu-toolchain/bin/../lib/gcc/avr/5.4.0/../../../../avr/lib/avr6\libm.a(floatsisf.o)
                0x00002b6a                __floatunsisf
                0x00002b6e                __floatsisf
 .text.avr-libc.fplib
                0x00002be4        0xc c:/program files (x86)/atmel/studio/7.0/toolchain/avr8/avr8-gnu-toolchain/bin/../lib/gcc/avr/5.4.0/../../../../avr/lib/avr6\libm.a(fp_inf.o)
                0x00002be4                __fp_inf
 .text.avr-libc.fplib
                0x00002bf0        0x6 c:/program files (x86)/atmel/studio/7.0/toolchain/avr8/avr8-gnu-toolchain/bin/../lib/gcc/avr/5.4.0/../../../../avr/lib/avr6\libm.a(fp_nan.o)
                0x00002bf0                __fp_nan
 .text.avr-libc.fplib
                0x00002bf6        0xe c:/program files (x86)/atmel/studio/7.0/toolchain/avr8/avr8-gnu-toolchain/bin/../lib/gcc/avr/5.4.0/../../../../avr/lib/avr6\libm.a(fp_pscA.o)
                0x00002bf6                __fp_pscA
 .text.avr-libc.fplib
                0x00002c04        0xe c:/program files (x86)/atmel/studio/7.0/toolchain/avr8/avr8-gnu-toolchain/bin/../lib/gcc/avr/5.4.0/../../../../avr/lib/avr6\libm.a(fp_pscB.o)
                0x00002c04                __fp_pscB
 .text.avr-libc.fplib
                0x00002c12       0x22 c:/program files (x86)/atmel/studio/7.0/toolchain/avr8/avr8-gnu-toolchain/bin/../lib/gcc/avr/5.4.0/../../../../avr/lib/avr6\libm.a(fp_round.o)
                0x00002c12                __fp_round
 .text.avr-libc.fplib
                0x00002c34       0x44 c:/program files (x86)/atmel/studio/7.0/toolchain/avr8/avr8-gnu-toolchain/bin/../lib/gcc/avr/5.4.0/../../../../avr/lib/avr6\libm.a(fp_split3.o)
                0x00002c34                __fp_split3
                0x00002c44                __fp_splitA
 .text.avr-libc.fplib
                0x00002c78        0xe c:/program files (x86)/atmel/studio/7.0/toolchain/avr8/avr8-gnu-toolchain/bin/../lib/gcc/avr/5.4.0/../../../../avr/lib/avr6\libm.a(fp_zero.o)
                0x00002c78                __fp_zero
                0x00002c7a                __fp_szero
 .text.avr-libc.fplib
                0x00002c86        0x4 c:/program files (x86)/atmel/studio/7.0/toolchain/avr8/avr8-gnu-toolchain/bin/../lib/gcc/avr/5.4.0/../../../../avr/lib/avr6\libm.a(mulsf3.o)
                0x00002c86                __mulsf3
 .text.avr-libc.fplib
                0x00002c8a       0xc2 c:/program files (x86)/atmel/studio/7.0/toolchain/avr8/avr8-gnu-toolchain/bin/../lib/gcc/avr/5.4.0/../../../../avr/lib/avr6\libm.a(mulsf3x.o)
                0x00002c9e                __mulsf3x
                0x00002ca2                __mulsf3_pse
 .text.libgcc.div
                0x00002d4c       0x44 c:/program files (x86)/atmel/studio/7.0/toolchain/avr8/avr8-gnu-toolchain/bin/../lib/gcc/avr/5.4.0/avr6\libgcc.a(_udivmodsi4.o)
                0x00002d4c                __udivmodsi4
 .text.libgcc   0x00002d90       0x10 c:/program files (x86)/atmel/studio/7.0/toolchain/avr8/avr8-gnu-toolchain/bin/../lib/gcc/avr/5.4.0/avr6\libgcc.a(_tablejump2.o)
                0x00002d90                __tablejump2__
 .text.avr-libc
                0x00002da0       0x12 c:/program files (x86)/atmel/studio/7.0/toolchain/avr8/avr8-gnu-toolchain/bin/../lib/gcc/avr/5.4.0/../../../../avr/lib/avr6\libc.a(memcpy_P.o)
                0x00002da0                memcpy_P
 .text.avr-libc
                0x00002db2       0x1a c:/program files (x86)/atmel/studio/7.0/toolchain/avr8/avr8-gnu-toolchain/bin/../lib/gcc/avr/5.4.0/../../../../avr/lib/avr6\libc.a(memcmp.o)
                0x00002db2                memcmp
 .text.avr-libc
                0x00002dcc       0x1e c:/program files (x86)/atmel/studio/7.0/toolchain/avr8/avr8-gnu-toolchain/bin/../lib/gcc/avr/5.4.0/../../../../avr/lib/avr6\libc.a(strncpy.o)
                0x00002dcc                strncpy
                0x00002dea                . = ALIGN (0x2)
 *(.fini9)
 .fini9         0x00002dea        0x0 c:/program files (x86)/atmel/studio/7.0/toolchain/avr8/avr8-gnu-toolchain/bin/../lib/gcc/avr/5.4.0/avr6\libgcc.a(_exit.o)
                0x00002dea                _exit
                0x00002dea                exit
 *(.fini9)
 *(.fini8)
 *(.fini8)
 *(.fini7)
 *(.fini7)
 *(.fini6)
 *(.fini6)
 *(.fini5)
 *(.fini5)
 *(.fini4)
 *(.fini4)
 *(.fini3)
 *(.fini3)
 *(.fini2)
 *(.fini2)
 *(.fini1)
 *(.fini1)
 *(.fini0)
 .fini0         0x00002dea        0x4 c:/program files (x86)/atmel/studio/7.0/toolchain/avr8/avr8-gnu-toolchain/bin/../lib/gcc/avr/5.4.0/avr6\libgcc.a(_exit.o)
 *(.fini0)
                0x00002dee                _etext = .

.data           0x00800200       0xf6 load address 0x00002dee
                0x00800200                PROVIDE (__data_start, .)
 *(.data)
 *(.data*)
 .data._ZN9EtherComm6bufferE
                0x00800200        0x2 EtherComm.o
                0x00800200                _ZN9EtherComm6bufferE
 .data._ZN9EtherComm7_destIPE
                0x00800202        0x4 EtherComm.o
                0x00800202                _ZN9EtherComm7_destIPE
 .data._ZN9EtherComm6_mymacE
                0x00800206        0x6 EtherComm.o
                0x00800206                _ZN9EtherComm6_mymacE
 .data._ZN9EtherComm5_gwipE
                0x0080020c        0x4 EtherComm.o
                0x0080020c                _ZN9EtherComm5_gwipE
 .data._ZN9EtherComm5_myipE
                0x00800210        0x4 EtherComm.o
                0x00800210                _ZN9EtherComm5_myipE
 *(.gnu.linkonce.d*)
 *(.rodata)
 *(.rodata*)
 .rodata.str1.1
                0x00800214        0x7 BNO055/Adafruit_BNO055.o
 .rodata._ZTV15Adafruit_BNO055
                0x0080021b        0xa BNO055/Adafruit_BNO055.o
                0x0080021b                _ZTV15Adafruit_BNO055
 .rodata.allOnes
                0x00800225        0x6 EtherCardModified/tcpip.o
                0x00800225                allOnes
 .rodata.str1.1
                0x0080022b       0x7f main.o
 .rodata._ZTV14HardwareSerial
                0x008002aa       0x12 Peripherals/HardwareSerial.o
                0x008002aa                _ZTV14HardwareSerial
 .rodata._ZTV7TwoWire
                0x008002bc       0x12 Peripherals/TWI/TWI.o
                0x008002bc                _ZTV7TwoWire
 .rodata._ZTV13DigitalSensor
                0x008002ce        0xc Robot.o
                0x008002ce                _ZTV13DigitalSensor
 .rodata._ZTV9ImuSensor
                0x008002da        0xc Sensors/ImuSensor.o
                0x008002da                _ZTV9ImuSensor
 .rodata.str1.1
                0x008002e6        0xf Utils/Print.o
 *(.gnu.linkonce.r*)
                0x008002f6                . = ALIGN (0x2)
 *fill*         0x008002f5        0x1 
                0x008002f6                _edata = .
                0x008002f6                PROVIDE (__data_end, .)

.bss            0x008002f6      0x61f
                0x008002f6                PROVIDE (__bss_start, .)
 *(.bss)
 *(.bss*)
 .bss._ZL14SendDataBuffer
                0x008002f6        0x2 Commands.o
 .bss._ZZN8ENC28J6013packetReceiveEvE14gNextPacketPtr
                0x008002f8        0x2 EtherCardModified/enc28j60.o
 .bss._ZZN8ENC28J6013packetReceiveEvE16unreleasedPacket
                0x008002fa        0x1 EtherCardModified/enc28j60.o
 .bss._ZL9selectPin
                0x008002fb        0x1 EtherCardModified/enc28j60.o
 .bss._ZL10selectPort
                0x008002fc        0x2 EtherCardModified/enc28j60.o
 .bss._ZL12Enc28j60Bank
                0x008002fe        0x1 EtherCardModified/enc28j60.o
 .bss._ZN8ENC28J6010bufferSizeE
                0x008002ff        0x2 EtherCardModified/enc28j60.o
                0x008002ff                _ZN8ENC28J6010bufferSizeE
 .bss._ZN8ENC28J606bufferE
                0x00800301      0x200 EtherCardModified/EtherCard.o
                0x00800301                _ZN8ENC28J606bufferE
 .bss._ZN9EtherCard8delaycntE
                0x00800501        0x2 EtherCardModified/EtherCard.o
                0x00800501                _ZN9EtherCard8delaycntE
 .bss._ZN9EtherCard5hisipE
                0x00800503        0x4 EtherCardModified/EtherCard.o
                0x00800503                _ZN9EtherCard5hisipE
 .bss._ZN9EtherCard5dnsipE
                0x00800507        0x4 EtherCardModified/EtherCard.o
                0x00800507                _ZN9EtherCard5dnsipE
 .bss._ZN9EtherCard4gwipE
                0x0080050b        0x4 EtherCardModified/EtherCard.o
                0x0080050b                _ZN9EtherCard4gwipE
 .bss._ZN9EtherCard11broadcastipE
                0x0080050f        0x4 EtherCardModified/EtherCard.o
                0x0080050f                _ZN9EtherCard11broadcastipE
 .bss._ZN9EtherCard7netmaskE
                0x00800513        0x4 EtherCardModified/EtherCard.o
                0x00800513                _ZN9EtherCard7netmaskE
 .bss._ZN9EtherCard4myipE
                0x00800517        0x4 EtherCardModified/EtherCard.o
                0x00800517                _ZN9EtherCard4myipE
 .bss._ZN9EtherCard5mymacE
                0x0080051b        0x6 EtherCardModified/EtherCard.o
                0x0080051b                _ZN9EtherCard5mymacE
 .bss._ZL9waitgwmac
                0x00800521        0x1 EtherCardModified/tcpip.o
 .bss._ZL9gwmacaddr
                0x00800522        0x6 EtherCardModified/tcpip.o
 .bss._ZL12has_dest_mac
                0x00800528        0x1 EtherCardModified/tcpip.o
 .bss._ZL20waiting_for_dest_mac
                0x00800529        0x1 EtherCardModified/tcpip.o
 .bss._ZL11has_dns_mac
                0x0080052a        0x1 EtherCardModified/tcpip.o
 .bss._ZL19waiting_for_dns_mac
                0x0080052b        0x1 EtherCardModified/tcpip.o
 .bss._ZL11destmacaddr
                0x0080052c        0x6 EtherCardModified/tcpip.o
 .bss._ZL7icmp_cb
                0x00800532        0x2 EtherCardModified/tcpip.o
 .bss.numListeners
                0x00800534        0x1 EtherCardModified/udpserver.o
                0x00800534                numListeners
 .bss.listeners
                0x00800535       0x28 EtherCardModified/udpserver.o
                0x00800535                listeners
 .bss._ZN9EtherComm9_destPortE
                0x0080055d        0x2 EtherComm.o
                0x0080055d                _ZN9EtherComm9_destPortE
 .bss._ZN9EtherComm9_recvPortE
                0x0080055f        0x2 EtherComm.o
                0x0080055f                _ZN9EtherComm9_recvPortE
 .bss.Serial    0x00800561       0x33 Peripherals/HardwareSerial0.o
                0x00800561                Serial
 .bss.Serial1   0x00800594       0x33 Peripherals/HardwareSerial1.o
                0x00800594                Serial1
 .bss.Serial2   0x008005c7       0x33 Peripherals/HardwareSerial2.o
                0x008005c7                Serial2
 .bss.Serial3   0x008005fa       0x33 Peripherals/HardwareSerial3.o
                0x008005fa                Serial3
 .bss.Wire      0x0080062d        0x2 Peripherals/TWI/TWI.o
                0x0080062d                Wire
 .bss._ZL9twi_error
                0x0080062f        0x1 Peripherals/TWI/TWI.o
 .bss._ZL17twi_rxBufferIndex
                0x00800630        0x1 Peripherals/TWI/TWI.o
 .bss._ZL12twi_rxBuffer
                0x00800631       0x20 Peripherals/TWI/TWI.o
 .bss._ZL18twi_txBufferLength
                0x00800651        0x1 Peripherals/TWI/TWI.o
 .bss._ZL17twi_txBufferIndex
                0x00800652        0x1 Peripherals/TWI/TWI.o
 .bss._ZL12twi_txBuffer
                0x00800653       0x20 Peripherals/TWI/TWI.o
 .bss._ZL22twi_masterBufferLength
                0x00800673        0x1 Peripherals/TWI/TWI.o
 .bss._ZL21twi_masterBufferIndex
                0x00800674        0x1 Peripherals/TWI/TWI.o
 .bss._ZL16twi_masterBuffer
                0x00800675       0x20 Peripherals/TWI/TWI.o
 .bss._ZL18twi_onSlaveReceive
                0x00800695        0x2 Peripherals/TWI/TWI.o
 .bss._ZL19twi_onSlaveTransmit
                0x00800697        0x2 Peripherals/TWI/TWI.o
 .bss._ZL14twi_inRepStart
                0x00800699        0x1 Peripherals/TWI/TWI.o
 .bss._ZL12twi_sendStop
                0x0080069a        0x1 Peripherals/TWI/TWI.o
 .bss._ZL9twi_slarw
                0x0080069b        0x1 Peripherals/TWI/TWI.o
 .bss._ZL9twi_state
                0x0080069c        0x1 Peripherals/TWI/TWI.o
 .bss._ZN7TwoWire14user_onReceiveE
                0x0080069d        0x2 Peripherals/TWI/TWI.o
                0x0080069d                _ZN7TwoWire14user_onReceiveE
 .bss._ZN7TwoWire14user_onRequestE
                0x0080069f        0x2 Peripherals/TWI/TWI.o
                0x0080069f                _ZN7TwoWire14user_onRequestE
 .bss._ZN7TwoWire12transmittingE
                0x008006a1        0x1 Peripherals/TWI/TWI.o
                0x008006a1                _ZN7TwoWire12transmittingE
 .bss._ZN7TwoWire14txBufferLengthE
                0x008006a2        0x1 Peripherals/TWI/TWI.o
                0x008006a2                _ZN7TwoWire14txBufferLengthE
 .bss._ZN7TwoWire13txBufferIndexE
                0x008006a3        0x1 Peripherals/TWI/TWI.o
                0x008006a3                _ZN7TwoWire13txBufferIndexE
 .bss._ZN7TwoWire8txBufferE
                0x008006a4       0x20 Peripherals/TWI/TWI.o
                0x008006a4                _ZN7TwoWire8txBufferE
 .bss._ZN7TwoWire9txAddressE
                0x008006c4        0x1 Peripherals/TWI/TWI.o
                0x008006c4                _ZN7TwoWire9txAddressE
 .bss._ZN7TwoWire14rxBufferLengthE
                0x008006c5        0x1 Peripherals/TWI/TWI.o
                0x008006c5                _ZN7TwoWire14rxBufferLengthE
 .bss._ZN7TwoWire13rxBufferIndexE
                0x008006c6        0x1 Peripherals/TWI/TWI.o
                0x008006c6                _ZN7TwoWire13rxBufferIndexE
 .bss._ZN7TwoWire8rxBufferE
                0x008006c7       0x20 Peripherals/TWI/TWI.o
                0x008006c7                _ZN7TwoWire8rxBufferE
 .bss.Imu       0x008006e7        0xf Robot.o
                0x008006e7                Imu
 .bss.BtnTest   0x008006f6        0x8 Robot.o
                0x008006f6                BtnTest
 .bss._ZN5Robot7devicesE
                0x008006fe      0x200 Robot.o
                0x008006fe                _ZN5Robot7devicesE
 .bss.vector    0x008008fe        0xc Sensors/ImuSensor.o
                0x008008fe                vector
 .bss.bno       0x0080090a        0xb TestIMU.o
                0x0080090a                bno
 *(COMMON)
                0x00800915                PROVIDE (__bss_end, .)
                0x00002dee                __data_load_start = LOADADDR (.data)
                0x00002ee4                __data_load_end = (__data_load_start + SIZEOF (.data))

.noinit         0x00800915        0x0
                [!provide]                PROVIDE (__noinit_start, .)
 *(.noinit*)
                [!provide]                PROVIDE (__noinit_end, .)
                0x00800915                _end = .
                [!provide]                PROVIDE (__heap_start, .)

.eeprom         0x00810000        0x0
 *(.eeprom*)
                0x00810000                __eeprom_end = .

.fuse
 *(.fuse)
 *(.lfuse)
 *(.hfuse)
 *(.efuse)

.lock
 *(.lock*)

.signature
 *(.signature*)

.user_signatures
 *(.user_signatures*)

.stab
 *(.stab)

.stabstr
 *(.stabstr)

.stab.excl
 *(.stab.excl)

.stab.exclstr
 *(.stab.exclstr)

.stab.index
 *(.stab.index)

.stab.indexstr
 *(.stab.indexstr)

.comment        0x00000000       0x30
 *(.comment)
 .comment       0x00000000       0x30 BNO055/Adafruit_BNO055.o
                                 0x31 (size before relaxing)
 .comment       0x00000030       0x31 Commands.o
 .comment       0x00000030       0x31 EtherCardModified/enc28j60.o
 .comment       0x00000030       0x31 EtherCardModified/EtherCard.o
 .comment       0x00000030       0x31 EtherCardModified/tcpip.o
 .comment       0x00000030       0x31 EtherCardModified/udpserver.o
 .comment       0x00000030       0x31 EtherCardModified/webutil.o
 .comment       0x00000030       0x31 EtherComm.o
 .comment       0x00000030       0x31 main.o
 .comment       0x00000030       0x31 Peripherals/HardwareSerial.o
 .comment       0x00000030       0x31 Peripherals/HardwareSerial0.o
 .comment       0x00000030       0x31 Peripherals/HardwareSerial1.o
 .comment       0x00000030       0x31 Peripherals/HardwareSerial2.o
 .comment       0x00000030       0x31 Peripherals/HardwareSerial3.o
 .comment       0x00000030       0x31 Peripherals/TWI/TWI.o
 .comment       0x00000030       0x31 Robot.o
 .comment       0x00000030       0x31 Sensors/ImuSensor.o
 .comment       0x00000030       0x31 TestIMU.o
 .comment       0x00000030       0x31 Utils/Print.o

.note.gnu.avr.deviceinfo
                0x00000000       0x40
 .note.gnu.avr.deviceinfo
                0x00000000       0x40 C:/Program Files (x86)/Atmel/Studio/7.0/Packs/atmel/ATmega_DFP/1.2.209/gcc/dev/atmega2560/avr6/crtatmega2560.o

.note.gnu.build-id
 *(.note.gnu.build-id)

.debug
 *(.debug)

.line
 *(.line)

.debug_srcinfo
 *(.debug_srcinfo)

.debug_sfnames
 *(.debug_sfnames)

.debug_aranges  0x00000000      0x800
 *(.debug_aranges)
 .debug_aranges
                0x00000000       0xe8 BNO055/Adafruit_BNO055.o
 .debug_aranges
                0x000000e8       0x48 Commands.o
 .debug_aranges
                0x00000130       0x88 EtherCardModified/enc28j60.o
 .debug_aranges
                0x000001b8       0x28 EtherCardModified/EtherCard.o
 .debug_aranges
                0x000001e0       0xb0 EtherCardModified/tcpip.o
 .debug_aranges
                0x00000290       0x40 EtherCardModified/udpserver.o
 .debug_aranges
                0x000002d0       0x60 EtherCardModified/webutil.o
 .debug_aranges
                0x00000330       0x38 EtherComm.o
 .debug_aranges
                0x00000368       0x20 main.o
 .debug_aranges
                0x00000388       0x68 Peripherals/HardwareSerial.o
 .debug_aranges
                0x000003f0       0x48 Peripherals/HardwareSerial0.o
 .debug_aranges
                0x00000438       0x48 Peripherals/HardwareSerial1.o
 .debug_aranges
                0x00000480       0x48 Peripherals/HardwareSerial2.o
 .debug_aranges
                0x000004c8       0x48 Peripherals/HardwareSerial3.o
 .debug_aranges
                0x00000510      0x130 Peripherals/TWI/TWI.o
 .debug_aranges
                0x00000640       0x68 Robot.o
 .debug_aranges
                0x000006a8       0x50 Sensors/ImuSensor.o
 .debug_aranges
                0x000006f8       0x40 TestIMU.o
 .debug_aranges
                0x00000738       0xc8 Utils/Print.o

.debug_pubnames
 *(.debug_pubnames)

.debug_info     0x00000000    0x13da7
 *(.debug_info .gnu.linkonce.wi.*)
 .debug_info    0x00000000      0xbbc C:/Program Files (x86)/Atmel/Studio/7.0/Packs/atmel/ATmega_DFP/1.2.209/gcc/dev/atmega2560/avr6/crtatmega2560.o
 .debug_info    0x00000bbc     0x4250 BNO055/Adafruit_BNO055.o
 .debug_info    0x00004e0c      0xba7 Commands.o
 .debug_info    0x000059b3      0xfd8 EtherCardModified/enc28j60.o
 .debug_info    0x0000698b      0x77b EtherCardModified/EtherCard.o
 .debug_info    0x00007106     0x10d6 EtherCardModified/tcpip.o
 .debug_info    0x000081dc      0x6de EtherCardModified/udpserver.o
 .debug_info    0x000088ba      0xa2a EtherCardModified/webutil.o
 .debug_info    0x000092e4      0x984 EtherComm.o
 .debug_info    0x00009c68      0xb56 main.o
 .debug_info    0x0000a7be      0xdbe Peripherals/HardwareSerial.o
 .debug_info    0x0000b57c      0x989 Peripherals/HardwareSerial0.o
 .debug_info    0x0000bf05      0x989 Peripherals/HardwareSerial1.o
 .debug_info    0x0000c88e      0x989 Peripherals/HardwareSerial2.o
 .debug_info    0x0000d217      0x98f Peripherals/HardwareSerial3.o
 .debug_info    0x0000dba6     0x1a0d Peripherals/TWI/TWI.o
 .debug_info    0x0000f5b3     0x1296 Robot.o
 .debug_info    0x00010849     0x1603 Sensors/ImuSensor.o
 .debug_info    0x00011e4c      0xd9b TestIMU.o
 .debug_info    0x00012be7     0x11c0 Utils/Print.o

.debug_abbrev   0x00000000     0x4c16
 *(.debug_abbrev)
 .debug_abbrev  0x00000000      0xb1a C:/Program Files (x86)/Atmel/Studio/7.0/Packs/atmel/ATmega_DFP/1.2.209/gcc/dev/atmega2560/avr6/crtatmega2560.o
 .debug_abbrev  0x00000b1a      0x5a8 BNO055/Adafruit_BNO055.o
 .debug_abbrev  0x000010c2      0x3c0 Commands.o
 .debug_abbrev  0x00001482      0x3b9 EtherCardModified/enc28j60.o
 .debug_abbrev  0x0000183b      0x180 EtherCardModified/EtherCard.o
 .debug_abbrev  0x000019bb      0x379 EtherCardModified/tcpip.o
 .debug_abbrev  0x00001d34      0x1fd EtherCardModified/udpserver.o
 .debug_abbrev  0x00001f31      0x315 EtherCardModified/webutil.o
 .debug_abbrev  0x00002246      0x247 EtherComm.o
 .debug_abbrev  0x0000248d      0x3c2 main.o
 .debug_abbrev  0x0000284f      0x363 Peripherals/HardwareSerial.o
 .debug_abbrev  0x00002bb2      0x2d8 Peripherals/HardwareSerial0.o
 .debug_abbrev  0x00002e8a      0x2d8 Peripherals/HardwareSerial1.o
 .debug_abbrev  0x00003162      0x2d8 Peripherals/HardwareSerial2.o
 .debug_abbrev  0x0000343a      0x2d8 Peripherals/HardwareSerial3.o
 .debug_abbrev  0x00003712      0x531 Peripherals/TWI/TWI.o
 .debug_abbrev  0x00003c43      0x4fd Robot.o
 .debug_abbrev  0x00004140      0x4f2 Sensors/ImuSensor.o
 .debug_abbrev  0x00004632      0x348 TestIMU.o
 .debug_abbrev  0x0000497a      0x29c Utils/Print.o

.debug_line     0x00000000     0x5139
 *(.debug_line .debug_line.* .debug_line_end)
 .debug_line    0x00000000      0x1f9 C:/Program Files (x86)/Atmel/Studio/7.0/Packs/atmel/ATmega_DFP/1.2.209/gcc/dev/atmega2560/avr6/crtatmega2560.o
 .debug_line    0x000001f9      0xc51 BNO055/Adafruit_BNO055.o
 .debug_line    0x00000e4a      0x1e9 Commands.o
 .debug_line    0x00001033      0x62e EtherCardModified/enc28j60.o
 .debug_line    0x00001661      0x15f EtherCardModified/EtherCard.o
 .debug_line    0x000017c0      0x7fc EtherCardModified/tcpip.o
 .debug_line    0x00001fbc      0x211 EtherCardModified/udpserver.o
 .debug_line    0x000021cd      0x468 EtherCardModified/webutil.o
 .debug_line    0x00002635      0x20a EtherComm.o
 .debug_line    0x0000283f      0x1b7 main.o
 .debug_line    0x000029f6      0x51d Peripherals/HardwareSerial.o
 .debug_line    0x00002f13      0x23c Peripherals/HardwareSerial0.o
 .debug_line    0x0000314f      0x23b Peripherals/HardwareSerial1.o
 .debug_line    0x0000338a      0x23a Peripherals/HardwareSerial2.o
 .debug_line    0x000035c4      0x23a Peripherals/HardwareSerial3.o
 .debug_line    0x000037fe      0x9be Peripherals/TWI/TWI.o
 .debug_line    0x000041bc      0x387 Robot.o
 .debug_line    0x00004543      0x3c4 Sensors/ImuSensor.o
 .debug_line    0x00004907      0x347 TestIMU.o
 .debug_line    0x00004c4e      0x4eb Utils/Print.o

.debug_frame    0x00000000     0x1940
 *(.debug_frame)
 .debug_frame   0x00000000      0x470 BNO055/Adafruit_BNO055.o
 .debug_frame   0x00000470       0x74 Commands.o
 .debug_frame   0x000004e4      0x1b4 EtherCardModified/enc28j60.o
 .debug_frame   0x00000698       0x70 EtherCardModified/EtherCard.o
 .debug_frame   0x00000708      0x240 EtherCardModified/tcpip.o
 .debug_frame   0x00000948       0xb8 EtherCardModified/udpserver.o
 .debug_frame   0x00000a00      0x14c EtherCardModified/webutil.o
 .debug_frame   0x00000b4c       0x8c EtherComm.o
 .debug_frame   0x00000bd8       0x24 main.o
 .debug_frame   0x00000bfc      0x104 Peripherals/HardwareSerial.o
 .debug_frame   0x00000d00       0xec Peripherals/HardwareSerial0.o
 .debug_frame   0x00000dec       0xec Peripherals/HardwareSerial1.o
 .debug_frame   0x00000ed8       0xec Peripherals/HardwareSerial2.o
 .debug_frame   0x00000fc4       0xec Peripherals/HardwareSerial3.o
 .debug_frame   0x000010b0      0x340 Peripherals/TWI/TWI.o
 .debug_frame   0x000013f0       0xd4 Robot.o
 .debug_frame   0x000014c4       0xcc Sensors/ImuSensor.o
 .debug_frame   0x00001590       0xd0 TestIMU.o
 .debug_frame   0x00001660      0x2e0 Utils/Print.o

.debug_str      0x00000000     0x5b94
 *(.debug_str)
 .debug_str     0x00000000      0x3e6 C:/Program Files (x86)/Atmel/Studio/7.0/Packs/atmel/ATmega_DFP/1.2.209/gcc/dev/atmega2560/avr6/crtatmega2560.o
 .debug_str     0x000003e6     0x316e BNO055/Adafruit_BNO055.o
                               0x32cd (size before relaxing)
 .debug_str     0x00003554      0x9f0 Commands.o
                                0xc11 (size before relaxing)
 .debug_str     0x00003f44      0x21f EtherCardModified/enc28j60.o
                                0x54d (size before relaxing)
 .debug_str     0x00004163       0xf7 EtherCardModified/EtherCard.o
                                0x8cb (size before relaxing)
 .debug_str     0x0000425a      0x1fe EtherCardModified/tcpip.o
                                0x9c4 (size before relaxing)
 .debug_str     0x00004458       0x68 EtherCardModified/udpserver.o
                                0x843 (size before relaxing)
 .debug_str     0x000044c0      0x124 EtherCardModified/webutil.o
                                0x930 (size before relaxing)
 .debug_str     0x000045e4       0xfe EtherComm.o
                                0xa36 (size before relaxing)
 .debug_str     0x000046e2       0x67 main.o
                                0xba1 (size before relaxing)
 .debug_str     0x00004749      0x7fc Peripherals/HardwareSerial.o
                                0xa8f (size before relaxing)
 .debug_str     0x00004f45       0x89 Peripherals/HardwareSerial0.o
                                0x7cb (size before relaxing)
 .debug_str     0x00004fce       0x52 Peripherals/HardwareSerial1.o
                                0x7cc (size before relaxing)
 .debug_str     0x00005020       0x52 Peripherals/HardwareSerial2.o
                                0x7cc (size before relaxing)
 .debug_str     0x00005072       0x52 Peripherals/HardwareSerial3.o
                                0x7cc (size before relaxing)
 .debug_str     0x000050c4      0x5ec Peripherals/TWI/TWI.o
                                0xd7b (size before relaxing)
 .debug_str     0x000056b0      0x17a Robot.o
                               0x198a (size before relaxing)
 .debug_str     0x0000582a       0xe7 Sensors/ImuSensor.o
                               0x1375 (size before relaxing)
 .debug_str     0x00005911      0x10c TestIMU.o
                               0x14df (size before relaxing)
 .debug_str     0x00005a1d      0x177 Utils/Print.o
                                0x4a3 (size before relaxing)

.debug_loc      0x00000000     0x8c64
 *(.debug_loc)
 .debug_loc     0x00000000     0x2157 BNO055/Adafruit_BNO055.o
 .debug_loc     0x00002157      0x37d Commands.o
 .debug_loc     0x000024d4      0x955 EtherCardModified/enc28j60.o
 .debug_loc     0x00002e29      0x25f EtherCardModified/EtherCard.o
 .debug_loc     0x00003088      0xa60 EtherCardModified/tcpip.o
 .debug_loc     0x00003ae8      0x243 EtherCardModified/udpserver.o
 .debug_loc     0x00003d2b      0x9be EtherCardModified/webutil.o
 .debug_loc     0x000046e9      0x486 EtherComm.o
 .debug_loc     0x00004b6f       0x16 main.o
 .debug_loc     0x00004b85      0x4e0 Peripherals/HardwareSerial.o
 .debug_loc     0x00005065      0x1ca Peripherals/HardwareSerial0.o
 .debug_loc     0x0000522f      0x1ca Peripherals/HardwareSerial1.o
 .debug_loc     0x000053f9      0x1ca Peripherals/HardwareSerial2.o
 .debug_loc     0x000055c3      0x1ca Peripherals/HardwareSerial3.o
 .debug_loc     0x0000578d      0xff6 Peripherals/TWI/TWI.o
 .debug_loc     0x00006783      0x29c Robot.o
 .debug_loc     0x00006a1f      0x76c Sensors/ImuSensor.o
 .debug_loc     0x0000718b      0x4b9 TestIMU.o
 .debug_loc     0x00007644     0x1620 Utils/Print.o

.debug_macinfo
 *(.debug_macinfo)

.debug_weaknames
 *(.debug_weaknames)

.debug_funcnames
 *(.debug_funcnames)

.debug_typenames
 *(.debug_typenames)

.debug_varnames
 *(.debug_varnames)

.debug_pubtypes
 *(.debug_pubtypes)

.debug_ranges   0x00000000      0x788
 *(.debug_ranges)
 .debug_ranges  0x00000000       0xd8 BNO055/Adafruit_BNO055.o
 .debug_ranges  0x000000d8       0x38 Commands.o
 .debug_ranges  0x00000110       0xc0 EtherCardModified/enc28j60.o
 .debug_ranges  0x000001d0       0x18 EtherCardModified/EtherCard.o
 .debug_ranges  0x000001e8       0xe0 EtherCardModified/tcpip.o
 .debug_ranges  0x000002c8       0x48 EtherCardModified/udpserver.o
 .debug_ranges  0x00000310       0x68 EtherCardModified/webutil.o
 .debug_ranges  0x00000378       0x28 EtherComm.o
 .debug_ranges  0x000003a0       0x10 main.o
 .debug_ranges  0x000003b0       0x58 Peripherals/HardwareSerial.o
 .debug_ranges  0x00000408       0x38 Peripherals/HardwareSerial0.o
 .debug_ranges  0x00000440       0x38 Peripherals/HardwareSerial1.o
 .debug_ranges  0x00000478       0x38 Peripherals/HardwareSerial2.o
 .debug_ranges  0x000004b0       0x38 Peripherals/HardwareSerial3.o
 .debug_ranges  0x000004e8      0x120 Peripherals/TWI/TWI.o
 .debug_ranges  0x00000608       0x58 Robot.o
 .debug_ranges  0x00000660       0x40 Sensors/ImuSensor.o
 .debug_ranges  0x000006a0       0x30 TestIMU.o
 .debug_ranges  0x000006d0       0xb8 Utils/Print.o

.debug_macro
 *(.debug_macro)
OUTPUT(RovController.elf elf32-avr)
LOAD linker stubs
