Archive member included to satisfy reference by file (symbol)

c:/program files (x86)/atmel/studio/7.0/toolchain/avr8/avr8-gnu-toolchain/bin/../lib/gcc/avr/5.4.0/../../../../avr/lib/avr6\libm.a(addsf3.o)
                              Utils/Print.o (__subsf3)
c:/program files (x86)/atmel/studio/7.0/toolchain/avr8/avr8-gnu-toolchain/bin/../lib/gcc/avr/5.4.0/../../../../avr/lib/avr6\libm.a(addsf3x.o)
                              c:/program files (x86)/atmel/studio/7.0/toolchain/avr8/avr8-gnu-toolchain/bin/../lib/gcc/avr/5.4.0/../../../../avr/lib/avr6\libm.a(addsf3.o) (__addsf3x)
c:/program files (x86)/atmel/studio/7.0/toolchain/avr8/avr8-gnu-toolchain/bin/../lib/gcc/avr/5.4.0/../../../../avr/lib/avr6\libm.a(cmpsf2.o)
                              Utils/Print.o (__ltsf2)
c:/program files (x86)/atmel/studio/7.0/toolchain/avr8/avr8-gnu-toolchain/bin/../lib/gcc/avr/5.4.0/../../../../avr/lib/avr6\libm.a(divsf3.o)
                              BNO055/Adafruit_BNO055.o (__divsf3)
c:/program files (x86)/atmel/studio/7.0/toolchain/avr8/avr8-gnu-toolchain/bin/../lib/gcc/avr/5.4.0/../../../../avr/lib/avr6\libm.a(divsf3x.o)
                              c:/program files (x86)/atmel/studio/7.0/toolchain/avr8/avr8-gnu-toolchain/bin/../lib/gcc/avr/5.4.0/../../../../avr/lib/avr6\libm.a(divsf3.o) (__divsf3x)
c:/program files (x86)/atmel/studio/7.0/toolchain/avr8/avr8-gnu-toolchain/bin/../lib/gcc/avr/5.4.0/../../../../avr/lib/avr6\libm.a(fixunssfsi.o)
                              Utils/Print.o (__fixunssfsi)
c:/program files (x86)/atmel/studio/7.0/toolchain/avr8/avr8-gnu-toolchain/bin/../lib/gcc/avr/5.4.0/../../../../avr/lib/avr6\libm.a(floatsisf.o)
                              Utils/Print.o (__floatunsisf)
c:/program files (x86)/atmel/studio/7.0/toolchain/avr8/avr8-gnu-toolchain/bin/../lib/gcc/avr/5.4.0/../../../../avr/lib/avr6\libm.a(fp_cmp.o)
                              c:/program files (x86)/atmel/studio/7.0/toolchain/avr8/avr8-gnu-toolchain/bin/../lib/gcc/avr/5.4.0/../../../../avr/lib/avr6\libm.a(cmpsf2.o) (__fp_cmp)
c:/program files (x86)/atmel/studio/7.0/toolchain/avr8/avr8-gnu-toolchain/bin/../lib/gcc/avr/5.4.0/../../../../avr/lib/avr6\libm.a(fp_inf.o)
                              c:/program files (x86)/atmel/studio/7.0/toolchain/avr8/avr8-gnu-toolchain/bin/../lib/gcc/avr/5.4.0/../../../../avr/lib/avr6\libm.a(addsf3x.o) (__fp_inf)
c:/program files (x86)/atmel/studio/7.0/toolchain/avr8/avr8-gnu-toolchain/bin/../lib/gcc/avr/5.4.0/../../../../avr/lib/avr6\libm.a(fp_nan.o)
                              c:/program files (x86)/atmel/studio/7.0/toolchain/avr8/avr8-gnu-toolchain/bin/../lib/gcc/avr/5.4.0/../../../../avr/lib/avr6\libm.a(addsf3x.o) (__fp_nan)
c:/program files (x86)/atmel/studio/7.0/toolchain/avr8/avr8-gnu-toolchain/bin/../lib/gcc/avr/5.4.0/../../../../avr/lib/avr6\libm.a(fp_pscA.o)
                              c:/program files (x86)/atmel/studio/7.0/toolchain/avr8/avr8-gnu-toolchain/bin/../lib/gcc/avr/5.4.0/../../../../avr/lib/avr6\libm.a(addsf3x.o) (__fp_pscA)
c:/program files (x86)/atmel/studio/7.0/toolchain/avr8/avr8-gnu-toolchain/bin/../lib/gcc/avr/5.4.0/../../../../avr/lib/avr6\libm.a(fp_pscB.o)
                              c:/program files (x86)/atmel/studio/7.0/toolchain/avr8/avr8-gnu-toolchain/bin/../lib/gcc/avr/5.4.0/../../../../avr/lib/avr6\libm.a(addsf3x.o) (__fp_pscB)
c:/program files (x86)/atmel/studio/7.0/toolchain/avr8/avr8-gnu-toolchain/bin/../lib/gcc/avr/5.4.0/../../../../avr/lib/avr6\libm.a(fp_round.o)
                              c:/program files (x86)/atmel/studio/7.0/toolchain/avr8/avr8-gnu-toolchain/bin/../lib/gcc/avr/5.4.0/../../../../avr/lib/avr6\libm.a(addsf3.o) (__fp_round)
c:/program files (x86)/atmel/studio/7.0/toolchain/avr8/avr8-gnu-toolchain/bin/../lib/gcc/avr/5.4.0/../../../../avr/lib/avr6\libm.a(fp_split3.o)
                              c:/program files (x86)/atmel/studio/7.0/toolchain/avr8/avr8-gnu-toolchain/bin/../lib/gcc/avr/5.4.0/../../../../avr/lib/avr6\libm.a(addsf3x.o) (__fp_split3)
c:/program files (x86)/atmel/studio/7.0/toolchain/avr8/avr8-gnu-toolchain/bin/../lib/gcc/avr/5.4.0/../../../../avr/lib/avr6\libm.a(fp_zero.o)
                              c:/program files (x86)/atmel/studio/7.0/toolchain/avr8/avr8-gnu-toolchain/bin/../lib/gcc/avr/5.4.0/../../../../avr/lib/avr6\libm.a(addsf3x.o) (__fp_zero)
c:/program files (x86)/atmel/studio/7.0/toolchain/avr8/avr8-gnu-toolchain/bin/../lib/gcc/avr/5.4.0/../../../../avr/lib/avr6\libm.a(gesf2.o)
                              Utils/Print.o (__gtsf2)
c:/program files (x86)/atmel/studio/7.0/toolchain/avr8/avr8-gnu-toolchain/bin/../lib/gcc/avr/5.4.0/../../../../avr/lib/avr6\libm.a(mulsf3.o)
                              BNO055/Adafruit_BNO055.o (__mulsf3)
c:/program files (x86)/atmel/studio/7.0/toolchain/avr8/avr8-gnu-toolchain/bin/../lib/gcc/avr/5.4.0/../../../../avr/lib/avr6\libm.a(mulsf3x.o)
[...]
Memory Configuration

Name             Origin             Length             Attributes
text             0x00000000         0x00100000         xr
data             0x00800200         0x0000fe00         rw !x
eeprom           0x00810000         0x00010000         rw !x
fuse             0x00820000         0x00000003         rw !x
lock             0x00830000         0x00000400         rw !x
signature        0x00840000         0x00000400         rw !x
user_signatures  0x00850000         0x00000400         rw !x
*default*        0x00000000         0xffffffff

Linker script and memory map

Address of section .data set to 0x800200
LOAD C:/Program Files (x86)/Atmel/Studio/7.0/Packs/atmel/ATmega_DFP/1.2.209/gcc/dev/atmega2560/avr6/crtatmega2560.o
LOAD BNO055/Adafruit_BNO055.o
LOAD Commands.o
LOAD EtherCardModified/enc28j60.o
LOAD EtherCardModified/EtherCard.o
LOAD EtherCardModified/tcpip.o
LOAD EtherCardModified/udpserver.o
LOAD EtherCardModified/webutil.o
LOAD EtherComm.o
LOAD main.o
LOAD Peripherals/HardwareSerial.o
LOAD Peripherals/HardwareSerial0.o
LOAD Peripherals/HardwareSerial1.o
LOAD Peripherals/HardwareSerial2.o
LOAD Peripherals/HardwareSerial3.o
LOAD Peripherals/TWI/TWI.o
LOAD Robot.o
LOAD Sensors/ImuSensor.o
LOAD TestIMU.o
LOAD Timer1.o
LOAD Utils/Print.o
LOAD Utils/Stream.o
START GROUP
LOAD c:/program files (x86)/atmel/studio/7.0/toolchain/avr8/avr8-gnu-toolchain/bin/../lib/gcc/avr/5.4.0/../../../../avr/lib/avr6\libm.a
END GROUP
LOAD c:/program files (x86)/atmel/studio/7.0/toolchain/avr8/avr8-gnu-toolchain/bin/../lib/gcc/avr/5.4.0/avr6\libgcc.a
LOAD c:/program files (x86)/atmel/studio/7.0/toolchain/avr8/avr8-gnu-toolchain/bin/../lib/gcc/avr/5.4.0/../../../../avr/lib/avr6\libm.a
START GROUP
LOAD c:/program files (x86)/atmel/studio/7.0/toolchain/avr8/avr8-gnu-toolchain/bin/../lib/gcc/avr/5.4.0/avr6\libgcc.a
LOAD c:/program files (x86)/atmel/studio/7.0/toolchain/avr8/avr8-gnu-toolchain/bin/../lib/gcc/avr/5.4.0/../../../../avr/lib/avr6\libm.a
LOAD c:/program files (x86)/atmel/studio/7.0/toolchain/avr8/avr8-gnu-toolchain/bin/../lib/gcc/avr/5.4.0/../../../../avr/lib/avr6\libc.a
LOAD C:/Program Files (x86)/Atmel/Studio/7.0/Packs/atmel/ATmega_DFP/1.2.209/gcc/dev/atmega2560/avr6\libatmega2560.a
END GROUP
                0x00100000                __TEXT_REGION_LENGTH__ = DEFINED (__TEXT_REGION_LENGTH__)?__TEXT_REGION_LENGTH__:0x100000
                0x0000fe00                __DATA_REGION_LENGTH__ = DEFINED (__DATA_REGION_LENGTH__)?__DATA_REGION_LENGTH__:0xfe00
                0x00010000                __EEPROM_REGION_LENGTH__ = DEFINED (__EEPROM_REGION_LENGTH__)?__EEPROM_REGION_LENGTH__:0x10000
                [0x00000003]                __FUSE_REGION_LENGTH__ = DEFINED (__FUSE_REGION_LENGTH__)?__FUSE_REGION_LENGTH__:0x400
                0x00000400                __LOCK_REGION_LENGTH__ = DEFINED (__LOCK_REGION_LENGTH__)?__LOCK_REGION_LENGTH__:0x400
                0x00000400                __SIGNATURE_REGION_LENGTH__ = DEFINED (__SIGNATURE_REGION_LENGTH__)?__SIGNATURE_REGION_LENGTH__:0x400
                0x00000400                __USER_SIGNATURE_REGION_LENGTH__ = DEFINED (__USER_SIGNATURE_REGION_LENGTH__)?__USER_SIGNATURE_REGION_LENGTH__:0x400

.hash
 *(.hash)

.dynsym
 *(.dynsym)

.dynstr
 *(.dynstr)

.gnu.version
 *(.gnu.version)

.gnu.version_d
 *(.gnu.version_d)

.gnu.version_r
 *(.gnu.version_r)

.rel.init
 *(.rel.init)

.rela.init
 *(.rela.init)

.rel.text
 *(.rel.text)
 *(.rel.text.*)
 *(.rel.gnu.linkonce.t*)

.rela.text
 *(.rela.text)
 *(.rela.text.*)
 *(.rela.gnu.linkonce.t*)

.rel.fini
 *(.rel.fini)

.rela.fini
 *(.rela.fini)

.rel.rodata
 *(.rel.rodata)
 *(.rel.rodata.*)
 *(.rel.gnu.linkonce.r*)

.rela.rodata
 *(.rela.rodata)
 *(.rela.rodata.*)
 *(.rela.gnu.linkonce.r*)

.rel.data
 *(.rel.data)
 *(.rel.data.*)
 *(.rel.gnu.linkonce.d*)

.rela.data
 *(.rela.data)
 *(.rela.data.*)
 *(.rela.gnu.linkonce.d*)

.rel.ctors
 *(.rel.ctors)

.rela.ctors
 *(.rela.ctors)

.rel.dtors
 *(.rel.dtors)

.rela.dtors
 *(.rela.dtors)

.rel.got
 *(.rel.got)

.rela.got
 *(.rela.got)

.rel.bss
 *(.rel.bss)

.rela.bss
 *(.rela.bss)

.rel.plt
 *(.rel.plt)

.rela.plt
 *(.rela.plt)

.text           0x00000000     0x2766
 *(.vectors)
 .vectors       0x00000000       0xe4 C:/Program Files (x86)/Atmel/Studio/7.0/Packs/atmel/ATmega_DFP/1.2.209/gcc/dev/atmega2560/avr6/crtatmega2560.o
                0x00000000                __vector_default
                0x00000000                __vectors
 *(.vectors)
 *(.progmem.gcc*)
 .progmem.gcc_sw_table.__vector_39
                0x000000e4       0xb2 Peripherals/TWI/TWI.o
                0x00000196                . = ALIGN (0x2)
                0x00000196                __trampolines_start = .
 *(.trampolines)
 .trampolines   0x00000196        0x0 linker stubs
 *(.trampolines*)
                0x00000196                __trampolines_end = .
 *libprintf_flt.a:*(.progmem.data)
 *libc.a:*(.progmem.data)
 *(.progmem*)
 .progmem.data._ZL5iphdr
                0x00000196        0x9 EtherCardModified/tcpip.o
 .progmem.data._ZL9arpreqhdr
                0x0000019f        0x8 EtherCardModified/tcpip.o
                0x000001a8                . = ALIGN (0x2)
 *fill*         0x000001a7        0x1 
 *(.jumptables)
 *(.jumptables*)
 *(.lowtext)
 *(.lowtext*)
                0x000001a8                __ctors_start = .
 *(.ctors)
 .ctors         0x000001a8        0x2 Commands.o
 .ctors         0x000001aa        0x2 Peripherals/HardwareSerial0.o
 .ctors         0x000001ac        0x2 Peripherals/HardwareSerial1.o
 .ctors         0x000001ae        0x2 Peripherals/HardwareSerial2.o
 .ctors         0x000001b0        0x2 Peripherals/HardwareSerial3.o
 .ctors         0x000001b2        0x2 Robot.o
 .ctors         0x000001b4        0x2 Sensors/ImuSensor.o
 .ctors         0x000001b6        0x2 TestIMU.o
                0x000001b8                __ctors_end = .
                0x000001b8                __dtors_start = .
 *(.dtors)
                0x000001b8                __dtors_end = .
 SORT(*)(.ctors)
 SORT(*)(.dtors)
 *(.init0)
 .init0         0x000001b8        0x0 C:/Program Files (x86)/Atmel/Studio/7.0/Packs/atmel/ATmega_DFP/1.2.209/gcc/dev/atmega2560/avr6/crtatmega2560.o
                0x000001b8                __init
 *(.init0)
 *(.init1)
 *(.init1)
 *(.init2)
 .init2         0x000001b8       0x10 C:/Program Files (x86)/Atmel/Studio/7.0/Packs/atmel/ATmega_DFP/1.2.209/gcc/dev/atmega2560/avr6/crtatmega2560.o
 *(.init2)
 *(.init3)
 *(.init3)
 *(.init4)
 .init4         0x000001c8       0x1a c:/program files (x86)/atmel/studio/7.0/toolchain/avr8/avr8-gnu-toolchain/bin/../lib/gcc/avr/5.4.0/avr6\libgcc.a(_copy_data.o)
                0x000001c8                __do_copy_data
 .init4         0x000001e2       0x10 c:/program files (x86)/atmel/studio/7.0/toolchain/avr8/avr8-gnu-toolchain/bin/../lib/gcc/avr/5.4.0/avr6\libgcc.a(_clear_bss.o)
                0x000001e2                __do_clear_bss
 *(.init4)
 *(.init5)
 *(.init5)
 *(.init6)
 .init6         0x000001f2       0x20 c:/program files (x86)/atmel/studio/7.0/toolchain/avr8/avr8-gnu-toolchain/bin/../lib/gcc/avr/5.4.0/avr6\libgcc.a(_ctors.o)
                0x000001f2                __do_global_ctors
 *(.init6)
 *(.init7)
 *(.init7)
 *(.init8)
 *(.init8)
 *(.init9)
 .init9         0x00000212        0x8 C:/Program Files (x86)/Atmel/Studio/7.0/Packs/atmel/ATmega_DFP/1.2.209/gcc/dev/atmega2560/avr6/crtatmega2560.o
 *(.init9)
 *(.text)
 .text          0x0000021a        0x2 C:/Program Files (x86)/Atmel/Studio/7.0/Packs/atmel/ATmega_DFP/1.2.209/gcc/dev/atmega2560/avr6/crtatmega2560.o
                0x0000021a                __vector_38
                0x0000021a                __vector_22
                0x0000021a                __vector_28
                0x0000021a                __vector_1
                0x0000021a                __vector_32
                0x0000021a                __vector_34
                0x0000021a                __vector_24
                0x0000021a                __vector_12
                0x0000021a                __vector_46
                0x0000021a                __bad_interrupt
                0x0000021a                __vector_6
                0x0000021a                __vector_31
                0x0000021a                __vector_35
                0x0000021a                __vector_3
                0x0000021a                __vector_23
                0x0000021a                __vector_30
                0x0000021a                __vector_45
                0x0000021a                __vector_11
                0x0000021a                __vector_13
                0x0000021a                __vector_17
                0x0000021a                __vector_19
                0x0000021a                __vector_56
                0x0000021a                __vector_7
                0x0000021a                __vector_49
                0x0000021a                __vector_41
                0x0000021a                __vector_43
                0x0000021a                __vector_27
                0x0000021a                __vector_5
                0x0000021a                __vector_33
                0x0000021a                __vector_47
                0x0000021a                __vector_4
                0x0000021a                __vector_44
                0x0000021a                __vector_9
                0x0000021a                __vector_2
                0x0000021a                __vector_21
                0x0000021a                __vector_15
                0x0000021a                __vector_29
                0x0000021a                __vector_40
                0x0000021a                __vector_8
                0x0000021a                __vector_48
                0x0000021a                __vector_14
                0x0000021a                __vector_53
                0x0000021a                __vector_10
                0x0000021a                __vector_50
                0x0000021a                __vector_16
                0x0000021a                __vector_18
                0x0000021a                __vector_20
                0x0000021a                __vector_42
                0x0000021c                . = ALIGN (0x2)
 *(.text.*)
 .text._ZN15Adafruit_Sensor15enableAutoRangeEb
                0x0000021c        0x2 BNO055/Adafruit_BNO055.o
                0x0000021c                _ZN15Adafruit_Sensor15enableAutoRangeEb
 .text._ZN15Adafruit_BNO0559getSensorEP8sensor_t
                0x0000021e       0x8a BNO055/Adafruit_BNO055.o
                0x0000021e                _ZN15Adafruit_BNO0559getSensorEP8sensor_t
 .text._ZN15Adafruit_BNO055C2ElhP3TWI
                0x000002a8       0x22 BNO055/Adafruit_BNO055.o
                0x000002a8                _ZN15Adafruit_BNO055C2ElhP3TWI
                0x000002a8                _ZN15Adafruit_BNO055C1ElhP3TWI
 .text._ZN15Adafruit_BNO0556write8ENS_21adafruit_bno055_reg_tEh
                0x000002ca       0x66 BNO055/Adafruit_BNO055.o
                0x000002ca                _ZN15Adafruit_BNO0556write8ENS_21adafruit_bno055_reg_tEh
 .text._ZN15Adafruit_BNO0557setModeENS_24adafruit_bno055_opmode_tE
                0x00000330       0x1e BNO055/Adafruit_BNO055.o
                0x00000330                _ZN15Adafruit_BNO0557setModeENS_24adafruit_bno055_opmode_tE
 .text._ZN15Adafruit_BNO0557readLenENS_21adafruit_bno055_reg_tEPhh
                0x0000034e       0x5c BNO055/Adafruit_BNO055.o
                0x0000034e                _ZN15Adafruit_BNO0557readLenENS_21adafruit_bno055_reg_tEPhh
 .text._ZN15Adafruit_BNO0555read8ENS_21adafruit_bno055_reg_tE
                0x000003aa       0x20 BNO055/Adafruit_BNO055.o
                0x000003aa                _ZN15Adafruit_BNO0555read8ENS_21adafruit_bno055_reg_tE
 .text._ZN15Adafruit_BNO0555beginENS_24adafruit_bno055_opmode_tE
                0x000003ca       0xda BNO055/Adafruit_BNO055.o
                0x000003ca                _ZN15Adafruit_BNO0555beginENS_24adafruit_bno055_opmode_tE
 .text._ZN15Adafruit_BNO0557getTempEv
                0x000004a4        0x6 BNO055/Adafruit_BNO055.o
                0x000004a4                _ZN15Adafruit_BNO0557getTempEv
 .text._ZN15Adafruit_BNO0559getVectorENS_22adafruit_vector_type_tE
                0x000004aa      0x32c BNO055/Adafruit_BNO055.o
                0x000004aa                _ZN15Adafruit_BNO0559getVectorENS_22adafruit_vector_type_tE
 .text._ZN15Adafruit_BNO0558getEventEP15sensors_event_t
                0x000007d6       0xae BNO055/Adafruit_BNO055.o
                0x000007d6                _ZN15Adafruit_BNO0558getEventEP15sensors_event_t
 .text._Z14RunPingCommandPKhh
                0x00000884       0x18 Commands.o
                0x00000884                _Z14RunPingCommandPKhh
 .text._Z14RunEchoCommandPKhh
                0x0000089c       0x26 Commands.o
                0x0000089c                _Z14RunEchoCommandPKhh
 .text._Z13RunLedCommandPKhh
                0x000008c2       0x1a Commands.o
                0x000008c2                _Z13RunLedCommandPKhh
 .text._Z22RunUpdateDeviceCommandPKhh
                0x000008dc       0x36 Commands.o
                0x000008dc                _Z22RunUpdateDeviceCommandPKhh
 .text._ZN9EtherComm15CommandReceivedEhPKhh
                0x00000912       0x32 Commands.o
                0x00000912                _ZN9EtherComm15CommandReceivedEhPKhh
 .text._GLOBAL__sub_I__Z14RunPingCommandPKhh
                0x00000944       0x14 Commands.o
 .text._ZL10enableChipv
                0x00000958       0x16 EtherCardModified/enc28j60.o
 .text._ZL11disableChipv
                0x0000096e       0x14 EtherCardModified/enc28j60.o
 .text._ZL6readOphh
                0x00000982       0x40 EtherCardModified/enc28j60.o
 .text._ZL7writeOphhh
                0x000009c2       0x30 EtherCardModified/enc28j60.o
 .text._ZL7readBufjPh
                0x000009f2       0x44 EtherCardModified/enc28j60.o
 .text._ZL7SetBankh
                0x00000a36       0x4a EtherCardModified/enc28j60.o
 .text._ZL11readRegByteh
                0x00000a80       0x10 EtherCardModified/enc28j60.o
 .text._ZL12writeRegBytehh
                0x00000a90       0x18 EtherCardModified/enc28j60.o
 .text._ZL8writeReghj
                0x00000aa8       0x18 EtherCardModified/enc28j60.o
 .text._ZN8ENC28J607initSPIERVh
                0x00000ac0       0x24 EtherCardModified/enc28j60.o
                0x00000ac0                _ZN8ENC28J607initSPIERVh
 .text._ZN8ENC28J6010initializeEjPKhRVhS3_h
                0x00000ae4      0x100 EtherCardModified/enc28j60.o
                0x00000ae4                _ZN8ENC28J6010initializeEjPKhRVhS3_h
 .text._ZN8ENC28J608isLinkUpEv
                0x00000be4       0x26 EtherCardModified/enc28j60.o
                0x00000be4                _ZN8ENC28J608isLinkUpEv
 .text._ZN8ENC28J6010packetSendEj
                0x00000c0a       0xf2 EtherCardModified/enc28j60.o
                0x00000c0a                _ZN8ENC28J6010packetSendEj
 .text._ZN8ENC28J6013packetReceiveEv
                0x00000cfc       0xca EtherCardModified/enc28j60.o
                0x00000cfc                _ZN8ENC28J6013packetReceiveEv
 .text._ZN9EtherCard5beginEPKhRVhS3_h
                0x00000dc6       0x32 EtherCardModified/EtherCard.o
                0x00000dc6                _ZN9EtherCard5beginEPKhRVhS3_h
 .text._ZN9EtherCard11staticSetupEPKhS1_S1_S1_
                0x00000df8       0x5c EtherCardModified/EtherCard.o
                0x00000df8                _ZN9EtherCard11staticSetupEPKhS1_S1_S1_
 .text._ZL13fill_checksumhhjh
                0x00000e54       0xe2 EtherCardModified/tcpip.o
 .text._ZL6is_lanPKhS0_
                0x00000f36       0x54 EtherCardModified/tcpip.o
 .text._ZL20fill_ip_hdr_checksumv
                0x00000f8a       0x1e EtherCardModified/tcpip.o
 .text._ZL7setMACsPKh
                0x00000fa8       0x14 EtherCardModified/tcpip.o
 .text._ZL11make_eth_ipv
                0x00000fbc       0x1e EtherCardModified/tcpip.o
 .text._ZL12setMACandIPsPKhS0_
                0x00000fda       0x20 EtherCardModified/tcpip.o
 .text._ZL16client_store_macPhS_
                0x00000ffa       0x2c EtherCardModified/tcpip.o
 .text._ZL17client_arp_whohasPh
                0x00001026       0x60 EtherCardModified/tcpip.o
 .text._ZN9EtherCard10udpPrepareEjPKhj
                0x00001086       0xa4 EtherCardModified/tcpip.o
                0x00001086                _ZN9EtherCard10udpPrepareEjPKhj
 .text._ZN9EtherCard11udpTransmitEj
                0x0000112a       0x40 EtherCardModified/tcpip.o
                0x0000112a                _ZN9EtherCard11udpTransmitEj
 .text._ZN9EtherCard7sendUdpEPKhjjS1_j
                0x0000116a       0x30 EtherCardModified/tcpip.o
                0x0000116a                _ZN9EtherCard7sendUdpEPKhjjS1_j
 .text._ZN9EtherCard7setGwIpEPKh
                0x0000119a       0x18 EtherCardModified/tcpip.o
                0x0000119a                _ZN9EtherCard7setGwIpEPKh
 .text._ZN9EtherCard22updateBroadcastAddressEv
                0x000011b2       0x2a EtherCardModified/tcpip.o
                0x000011b2                _ZN9EtherCard22updateBroadcastAddressEv
 .text._ZN9EtherCard10packetLoopEj
                0x000011dc      0x272 EtherCardModified/tcpip.o
                0x000011dc                _ZN9EtherCard10packetLoopEj
 .text._ZN9EtherCard21udpServerListenOnPortEPFvjPhjPKcjEj
                0x0000144e       0x34 EtherCardModified/udpserver.o
                0x0000144e                _ZN9EtherCard21udpServerListenOnPortEPFvjPhjPKcjEj
 .text._ZN9EtherCard18udpServerListeningEv
                0x00001482        0xe EtherCardModified/udpserver.o
                0x00001482                _ZN9EtherCard18udpServerListeningEv
 .text._ZN9EtherCard27udpServerHasProcessedPacketEj
                0x00001490       0xc6 EtherCardModified/udpserver.o
                0x00001490                _ZN9EtherCard27udpServerHasProcessedPacketEj
 .text._ZN9EtherCard6copyIpEPhPKh
                0x00001556       0x1a EtherCardModified/webutil.o
                0x00001556                _ZN9EtherCard6copyIpEPhPKh
 .text._ZN9EtherCard7copyMacEPhPKh
                0x00001570       0x10 EtherCardModified/webutil.o
                0x00001570                _ZN9EtherCard7copyMacEPhPKh
 .text._ZN9EtherComm13CheckChecksumEPKch
                0x00001580       0x38 EtherComm.o
                0x00001580                _ZN9EtherComm13CheckChecksumEPKch
 .text._Z10udpReceivejPhjPKcj
                0x000015b8       0x42 EtherComm.o
                0x000015b8                _Z10udpReceivejPhjPKcj
 .text._ZN9EtherComm5beginEjjRVhS1_h
                0x000015fa       0x52 EtherComm.o
                0x000015fa                _ZN9EtherComm5beginEjjRVhS1_h
 .text._ZN9EtherComm11SendCommandEhh
                0x0000164c       0x84 EtherComm.o
                0x0000164c                _ZN9EtherComm11SendCommandEhh
 .text.main     0x000016d0       0x6c main.o
                0x000016d0                main
 .text._ZN14HardwareSerial9availableEv
                0x0000173c       0x18 Peripherals/HardwareSerial.o
                0x0000173c                _ZN14HardwareSerial9availableEv
 .text._ZN14HardwareSerial4peekEv
                0x00001754       0x1c Peripherals/HardwareSerial.o
                0x00001754                _ZN14HardwareSerial4peekEv
 .text._ZN14HardwareSerial4readEv
                0x00001770       0x28 Peripherals/HardwareSerial.o
                0x00001770                _ZN14HardwareSerial4readEv
 .text._ZN14HardwareSerial17availableForWriteEv
                0x00001798       0x24 Peripherals/HardwareSerial.o
                0x00001798                _ZN14HardwareSerial17availableForWriteEv
 .text._ZN14HardwareSerial17_tx_udr_empty_irqEv
                0x000017bc       0x56 Peripherals/HardwareSerial.o
                0x000017bc                _ZN14HardwareSerial17_tx_udr_empty_irqEv
 .text._ZN14HardwareSerial5flushEv
                0x00001812       0x46 Peripherals/HardwareSerial.o
                0x00001812                _ZN14HardwareSerial5flushEv
 .text._ZN14HardwareSerial5writeEh
                0x00001858       0xa8 Peripherals/HardwareSerial.o
                0x00001858                _ZN14HardwareSerial5writeEh
 .text._ZN14HardwareSerial5beginEmh
                0x00001900       0xc6 Peripherals/HardwareSerial.o
                0x00001900                _ZN14HardwareSerial5beginEmh
 .text.__vector_25
                0x000019c6       0x78 Peripherals/HardwareSerial0.o
                0x000019c6                __vector_25
 .text.__vector_26
                0x00001a3e       0x52 Peripherals/HardwareSerial0.o
                0x00001a3e                __vector_26
 .text._GLOBAL__sub_I___vector_25
                0x00001a90       0x46 Peripherals/HardwareSerial0.o
 .text.__vector_36
                0x00001ad6       0x78 Peripherals/HardwareSerial1.o
                0x00001ad6                __vector_36
 .text.__vector_37
                0x00001b4e       0x52 Peripherals/HardwareSerial1.o
                0x00001b4e                __vector_37
 .text._GLOBAL__sub_I___vector_36
                0x00001ba0       0x46 Peripherals/HardwareSerial1.o
 .text.__vector_51
                0x00001be6       0x78 Peripherals/HardwareSerial2.o
                0x00001be6                __vector_51
 .text.__vector_52
                0x00001c5e       0x52 Peripherals/HardwareSerial2.o
                0x00001c5e                __vector_52
 .text._GLOBAL__sub_I___vector_51
                0x00001cb0       0x46 Peripherals/HardwareSerial2.o
 .text.__vector_54
                0x00001cf6       0x78 Peripherals/HardwareSerial3.o
                0x00001cf6                __vector_54
 .text.__vector_55
                0x00001d6e       0x52 Peripherals/HardwareSerial3.o
                0x00001d6e                __vector_55
 .text._GLOBAL__sub_I___vector_54
                0x00001dc0       0x46 Peripherals/HardwareSerial3.o
 .text._ZN3TWI5beginEv
                0x00001e06       0x2c Peripherals/TWI/TWI.o
                0x00001e06                _ZN3TWI5beginEv
 .text._Z8readFromhPhhS_hb
                0x00001e32       0x88 Peripherals/TWI/TWI.o
                0x00001e32                _Z8readFromhPhhS_hb
 .text._ZN3TWI9readAsyncEPhhhS0_hb
                0x00001eba       0x38 Peripherals/TWI/TWI.o
                0x00001eba                _ZN3TWI9readAsyncEPhhhS0_hb
 .text._Z7writeTohPhhS_hb
                0x00001ef2       0x84 Peripherals/TWI/TWI.o
                0x00001ef2                _Z7writeTohPhhS_hb
 .text._ZN3TWI10writeAsyncEhPhhS0_hb
                0x00001f76       0x3c Peripherals/TWI/TWI.o
                0x00001f76                _ZN3TWI10writeAsyncEhPhhS0_hb
 .text._ZN3TWI9availableEv
                0x00001fb2        0xa Peripherals/TWI/TWI.o
                0x00001fb2                _ZN3TWI9availableEv
 .text._Z4stopv
                0x00001fbc       0x16 Peripherals/TWI/TWI.o
                0x00001fbc                _Z4stopv
 .text._Z10releaseBusv
                0x00001fd2        0xc Peripherals/TWI/TWI.o
                0x00001fd2                _Z10releaseBusv
 .text.__vector_39
                0x00001fde      0x1b0 Peripherals/TWI/TWI.o
                0x00001fde                __vector_39
 .text._ZN13DigitalSensor5beginEv
                0x0000218e        0x4 Robot.o
                0x0000218e                _ZN13DigitalSensor5beginEv
 .text._ZN13DigitalSensor14IsValidRequestEPKhh
                0x00002192        0x8 Robot.o
                0x00002192                _ZN13DigitalSensor14IsValidRequestEPKhh
 .text._ZN13DigitalSensor15UpdateRequestedEPh
                0x0000219a       0x1e Robot.o
                0x0000219a                _ZN13DigitalSensor15UpdateRequestedEPh
 .text._ZN7ISensor6UpdateEPKhh
                0x000021b8       0x44 Robot.o
                0x000021b8                _ZN7ISensor6UpdateEPKhh
 .text._ZN5Robot6SetLedEb
                0x000021fc        0xc Robot.o
                0x000021fc                _ZN5Robot6SetLedEb
 .text._ZN5Robot14RegisterDeviceER7ISensor
                0x00002208       0x4c Robot.o
                0x00002208                _ZN5Robot14RegisterDeviceER7ISensor
 .text._ZN5Robot15RegisterDevicesEv
                0x00002254       0x10 Robot.o
                0x00002254                _ZN5Robot15RegisterDevicesEv
 .text._ZN5Robot5beginEv
                0x00002264        0x6 Robot.o
                0x00002264                _ZN5Robot5beginEv
 .text._GLOBAL__sub_I__ZN5Robot7devicesE
                0x0000226a       0x2c Robot.o
 .text._ZN9ImuSensor14IsValidRequestEPKhh
                0x00002296        0x8 Sensors/ImuSensor.o
                0x00002296                _ZN9ImuSensor14IsValidRequestEPKhh
 .text._ZN9ImuSensor5beginEv
                0x0000229e        0xa Sensors/ImuSensor.o
                0x0000229e                _ZN9ImuSensor5beginEv
 .text._ZN9ImuSensor15UpdateRequestedEPh
                0x000022a8       0x4a Sensors/ImuSensor.o
                0x000022a8                _ZN9ImuSensor15UpdateRequestedEPh
 .text._ZN9ImuSensorC2Eh
                0x000022f2       0x2e Sensors/ImuSensor.o
                0x000022f2                _ZN9ImuSensorC1Eh
                0x000022f2                _ZN9ImuSensorC2Eh
 .text._GLOBAL__sub_I__ZN9ImuSensorC2Eh
                0x00002320       0x10 Sensors/ImuSensor.o
 .text._GLOBAL__sub_I_bno
                0x00002330       0x20 TestIMU.o
 .text._ZN5Print5writeEPKhj
                0x00002350       0x5e Utils/Print.o
                0x00002350                _ZN5Print5writeEPKhj
 .text._ZN5Print5printEPKc
                0x000023ae       0x2c Utils/Print.o
                0x000023ae                _ZN5Print5printEPKc
 .text._ZN5Print7printlnEv
                0x000023da       0x18 Utils/Print.o
                0x000023da                _ZN5Print7printlnEv
 .text._ZN5Print7printlnEPKc
                0x000023f2       0x20 Utils/Print.o
                0x000023f2                _ZN5Print7printlnEPKc
 .text.avr-libc.fplib
                0x00002412        0x4 c:/program files (x86)/atmel/studio/7.0/toolchain/avr8/avr8-gnu-toolchain/bin/../lib/gcc/avr/5.4.0/../../../../avr/lib/avr6\libm.a(divsf3.o)
                0x00002412                __divsf3
 .text.avr-libc.fplib
                0x00002416       0xcc c:/program files (x86)/atmel/studio/7.0/toolchain/avr8/avr8-gnu-toolchain/bin/../lib/gcc/avr/5.4.0/../../../../avr/lib/avr6\libm.a(divsf3x.o)
                0x0000242c                __divsf3x
                0x00002430                __divsf3_pse
 .text.avr-libc.fplib
                0x000024e2       0x7a c:/program files (x86)/atmel/studio/7.0/toolchain/avr8/avr8-gnu-toolchain/bin/../lib/gcc/avr/5.4.0/../../../../avr/lib/avr6\libm.a(floatsisf.o)
                0x000024e2                __floatunsisf
                0x000024e6                __floatsisf
 .text.avr-libc.fplib
                0x0000255c        0xc c:/program files (x86)/atmel/studio/7.0/toolchain/avr8/avr8-gnu-toolchain/bin/../lib/gcc/avr/5.4.0/../../../../avr/lib/avr6\libm.a(fp_inf.o)
                0x0000255c                __fp_inf
 .text.avr-libc.fplib
                0x00002568        0x6 c:/program files (x86)/atmel/studio/7.0/toolchain/avr8/avr8-gnu-toolchain/bin/../lib/gcc/avr/5.4.0/../../../../avr/lib/avr6\libm.a(fp_nan.o)
                0x00002568                __fp_nan
 .text.avr-libc.fplib
                0x0000256e        0xe c:/program files (x86)/atmel/studio/7.0/toolchain/avr8/avr8-gnu-toolchain/bin/../lib/gcc/avr/5.4.0/../../../../avr/lib/avr6\libm.a(fp_pscA.o)
                0x0000256e                __fp_pscA
 .text.avr-libc.fplib
                0x0000257c        0xe c:/program files (x86)/atmel/studio/7.0/toolchain/avr8/avr8-gnu-toolchain/bin/../lib/gcc/avr/5.4.0/../../../../avr/lib/avr6\libm.a(fp_pscB.o)
                0x0000257c                __fp_pscB
 .text.avr-libc.fplib
                0x0000258a       0x22 c:/program files (x86)/atmel/studio/7.0/toolchain/avr8/avr8-gnu-toolchain/bin/../lib/gcc/avr/5.4.0/../../../../avr/lib/avr6\libm.a(fp_round.o)
                0x0000258a                __fp_round
 .text.avr-libc.fplib
                0x000025ac       0x44 c:/program files (x86)/atmel/studio/7.0/toolchain/avr8/avr8-gnu-toolchain/bin/../lib/gcc/avr/5.4.0/../../../../avr/lib/avr6\libm.a(fp_split3.o)
                0x000025ac                __fp_split3
                0x000025bc                __fp_splitA
 .text.avr-libc.fplib
                0x000025f0        0xe c:/program files (x86)/atmel/studio/7.0/toolchain/avr8/avr8-gnu-toolchain/bin/../lib/gcc/avr/5.4.0/../../../../avr/lib/avr6\libm.a(fp_zero.o)
                0x000025f0                __fp_zero
                0x000025f2                __fp_szero
 .text.avr-libc.fplib
                0x000025fe        0x4 c:/program files (x86)/atmel/studio/7.0/toolchain/avr8/avr8-gnu-toolchain/bin/../lib/gcc/avr/5.4.0/../../../../avr/lib/avr6\libm.a(mulsf3.o)
                0x000025fe                __mulsf3
 .text.avr-libc.fplib
                0x00002602       0xc2 c:/program files (x86)/atmel/studio/7.0/toolchain/avr8/avr8-gnu-toolchain/bin/../lib/gcc/avr/5.4.0/../../../../avr/lib/avr6\libm.a(mulsf3x.o)
                0x00002616                __mulsf3x
                0x0000261a                __mulsf3_pse
 .text.libgcc.div
                0x000026c4       0x44 c:/program files (x86)/atmel/studio/7.0/toolchain/avr8/avr8-gnu-toolchain/bin/../lib/gcc/avr/5.4.0/avr6\libgcc.a(_udivmodsi4.o)
                0x000026c4                __udivmodsi4
 .text.libgcc   0x00002708       0x10 c:/program files (x86)/atmel/studio/7.0/toolchain/avr8/avr8-gnu-toolchain/bin/../lib/gcc/avr/5.4.0/avr6\libgcc.a(_tablejump2.o)
                0x00002708                __tablejump2__
 .text.avr-libc
                0x00002718       0x12 c:/program files (x86)/atmel/studio/7.0/toolchain/avr8/avr8-gnu-toolchain/bin/../lib/gcc/avr/5.4.0/../../../../avr/lib/avr6\libc.a(memcpy_P.o)
                0x00002718                memcpy_P
 .text.avr-libc
                0x0000272a       0x1a c:/program files (x86)/atmel/studio/7.0/toolchain/avr8/avr8-gnu-toolchain/bin/../lib/gcc/avr/5.4.0/../../../../avr/lib/avr6\libc.a(memcmp.o)
                0x0000272a                memcmp
 .text.avr-libc
                0x00002744       0x1e c:/program files (x86)/atmel/studio/7.0/toolchain/avr8/avr8-gnu-toolchain/bin/../lib/gcc/avr/5.4.0/../../../../avr/lib/avr6\libc.a(strncpy.o)
                0x00002744                strncpy
                0x00002762                . = ALIGN (0x2)
 *(.fini9)
 .fini9         0x00002762        0x0 c:/program files (x86)/atmel/studio/7.0/toolchain/avr8/avr8-gnu-toolchain/bin/../lib/gcc/avr/5.4.0/avr6\libgcc.a(_exit.o)
                0x00002762                _exit
                0x00002762                exit
 *(.fini9)
 *(.fini8)
 *(.fini8)
 *(.fini7)
 *(.fini7)
 *(.fini6)
 *(.fini6)
 *(.fini5)
 *(.fini5)
 *(.fini4)
 *(.fini4)
 *(.fini3)
 *(.fini3)
 *(.fini2)
 *(.fini2)
 *(.fini1)
 *(.fini1)
 *(.fini0)
 .fini0         0x00002762        0x4 c:/program files (x86)/atmel/studio/7.0/toolchain/avr8/avr8-gnu-toolchain/bin/../lib/gcc/avr/5.4.0/avr6\libgcc.a(_exit.o)
 *(.fini0)
                0x00002766                _etext = .

.data           0x00800200       0xe4 load address 0x00002766
                0x00800200                PROVIDE (__data_start, .)
 *(.data)
 *(.data*)
 .data._ZN9EtherComm6bufferE
                0x00800200        0x2 EtherComm.o
                0x00800200                _ZN9EtherComm6bufferE
 .data._ZN9EtherComm7_destIPE
                0x00800202        0x4 EtherComm.o
                0x00800202                _ZN9EtherComm7_destIPE
 .data._ZN9EtherComm6_mymacE
                0x00800206        0x6 EtherComm.o
                0x00800206                _ZN9EtherComm6_mymacE
 .data._ZN9EtherComm5_gwipE
                0x0080020c        0x4 EtherComm.o
                0x0080020c                _ZN9EtherComm5_gwipE
 .data._ZN9EtherComm5_myipE
                0x00800210        0x4 EtherComm.o
                0x00800210                _ZN9EtherComm5_myipE
 *(.gnu.linkonce.d*)
 *(.rodata)
 *(.rodata*)
 .rodata.str1.1
                0x00800214        0x7 BNO055/Adafruit_BNO055.o
 .rodata._ZTV15Adafruit_BNO055
                0x0080021b        0xa BNO055/Adafruit_BNO055.o
                0x0080021b                _ZTV15Adafruit_BNO055
 .rodata.allOnes
                0x00800225        0x6 EtherCardModified/tcpip.o
                0x00800225                allOnes
 .rodata.str1.1
                0x0080022b       0x7f main.o
 .rodata._ZTV14HardwareSerial
                0x008002aa       0x12 Peripherals/HardwareSerial.o
                0x008002aa                _ZTV14HardwareSerial
 .rodata._ZTV13DigitalSensor
                0x008002bc        0xc Robot.o
                0x008002bc                _ZTV13DigitalSensor
 .rodata._ZTV9ImuSensor
                0x008002c8        0xc Sensors/ImuSensor.o
                0x008002c8                _ZTV9ImuSensor
 .rodata.str1.1
                0x008002d4        0xf Utils/Print.o
 *(.gnu.linkonce.r*)
                0x008002e4                . = ALIGN (0x2)
 *fill*         0x008002e3        0x1 
                0x008002e4                _edata = .
                0x008002e4                PROVIDE (__data_end, .)

.bss            0x008002e4      0x575
                0x008002e4                PROVIDE (__bss_start, .)
 *(.bss)
 *(.bss*)
 .bss.tempReg   0x008002e4        0x1 BNO055/Adafruit_BNO055.o
                0x008002e4                tempReg
 .bss._ZL14SendDataBuffer
                0x008002e5        0x2 Commands.o
 .bss._ZZN8ENC28J6013packetReceiveEvE14gNextPacketPtr
                0x008002e7        0x2 EtherCardModified/enc28j60.o
 .bss._ZZN8ENC28J6013packetReceiveEvE16unreleasedPacket
                0x008002e9        0x1 EtherCardModified/enc28j60.o
 .bss._ZL9selectPin
                0x008002ea        0x1 EtherCardModified/enc28j60.o
 .bss._ZL10selectPort
                0x008002eb        0x2 EtherCardModified/enc28j60.o
 .bss._ZL12Enc28j60Bank
                0x008002ed        0x1 EtherCardModified/enc28j60.o
 .bss._ZN8ENC28J6010bufferSizeE
                0x008002ee        0x2 EtherCardModified/enc28j60.o
                0x008002ee                _ZN8ENC28J6010bufferSizeE
 .bss._ZN8ENC28J606bufferE
                0x008002f0      0x200 EtherCardModified/EtherCard.o
                0x008002f0                _ZN8ENC28J606bufferE
 .bss._ZN9EtherCard8delaycntE
                0x008004f0        0x2 EtherCardModified/EtherCard.o
                0x008004f0                _ZN9EtherCard8delaycntE
 .bss._ZN9EtherCard5hisipE
                0x008004f2        0x4 EtherCardModified/EtherCard.o
                0x008004f2                _ZN9EtherCard5hisipE
 .bss._ZN9EtherCard5dnsipE
                0x008004f6        0x4 EtherCardModified/EtherCard.o
                0x008004f6                _ZN9EtherCard5dnsipE
 .bss._ZN9EtherCard4gwipE
                0x008004fa        0x4 EtherCardModified/EtherCard.o
                0x008004fa                _ZN9EtherCard4gwipE
 .bss._ZN9EtherCard11broadcastipE
                0x008004fe        0x4 EtherCardModified/EtherCard.o
                0x008004fe                _ZN9EtherCard11broadcastipE
 .bss._ZN9EtherCard7netmaskE
                0x00800502        0x4 EtherCardModified/EtherCard.o
                0x00800502                _ZN9EtherCard7netmaskE
 .bss._ZN9EtherCard4myipE
                0x00800506        0x4 EtherCardModified/EtherCard.o
                0x00800506                _ZN9EtherCard4myipE
 .bss._ZN9EtherCard5mymacE
                0x0080050a        0x6 EtherCardModified/EtherCard.o
                0x0080050a                _ZN9EtherCard5mymacE
 .bss._ZL9waitgwmac
                0x00800510        0x1 EtherCardModified/tcpip.o
 .bss._ZL9gwmacaddr
                0x00800511        0x6 EtherCardModified/tcpip.o
 .bss._ZL12has_dest_mac
                0x00800517        0x1 EtherCardModified/tcpip.o
 .bss._ZL20waiting_for_dest_mac
                0x00800518        0x1 EtherCardModified/tcpip.o
 .bss._ZL11has_dns_mac
                0x00800519        0x1 EtherCardModified/tcpip.o
 .bss._ZL19waiting_for_dns_mac
                0x0080051a        0x1 EtherCardModified/tcpip.o
 .bss._ZL11destmacaddr
                0x0080051b        0x6 EtherCardModified/tcpip.o
 .bss._ZL7icmp_cb
                0x00800521        0x2 EtherCardModified/tcpip.o
 .bss.numListeners
                0x00800523        0x1 EtherCardModified/udpserver.o
                0x00800523                numListeners
 .bss.listeners
                0x00800524       0x28 EtherCardModified/udpserver.o
                0x00800524                listeners
 .bss._ZN9EtherComm9_destPortE
                0x0080054c        0x2 EtherComm.o
                0x0080054c                _ZN9EtherComm9_destPortE
 .bss._ZN9EtherComm9_recvPortE
                0x0080054e        0x2 EtherComm.o
                0x0080054e                _ZN9EtherComm9_recvPortE
 .bss.Serial    0x00800550       0x33 Peripherals/HardwareSerial0.o
                0x00800550                Serial
 .bss.Serial1   0x00800583       0x33 Peripherals/HardwareSerial1.o
                0x00800583                Serial1
 .bss.Serial2   0x008005b6       0x33 Peripherals/HardwareSerial2.o
                0x008005b6                Serial2
 .bss.Serial3   0x008005e9       0x33 Peripherals/HardwareSerial3.o
                0x008005e9                Serial3
 .bss.Twi       0x0080061c        0x1 Peripherals/TWI/TWI.o
                0x0080061c                Twi
 .bss._ZL9twi_error
                0x0080061d        0x1 Peripherals/TWI/TWI.o
 .bss._ZL19twi_regBufferLength
                0x0080061e        0x1 Peripherals/TWI/TWI.o
 .bss._ZL18twi_regBufferIndex
                0x0080061f        0x1 Peripherals/TWI/TWI.o
 .bss._ZL13twi_regBuffer
                0x00800620        0x2 Peripherals/TWI/TWI.o
 .bss._ZL22twi_masterBufferLength
                0x00800622        0x1 Peripherals/TWI/TWI.o
 .bss._ZL21twi_masterBufferIndex
                0x00800623        0x1 Peripherals/TWI/TWI.o
 .bss._ZL16twi_masterBuffer
                0x00800624        0x2 Peripherals/TWI/TWI.o
 .bss._ZL14twi_inRepStart
                0x00800626        0x1 Peripherals/TWI/TWI.o
 .bss._ZL12twi_sendStop
                0x00800627        0x1 Peripherals/TWI/TWI.o
 .bss._ZL9twi_slarw
                0x00800628        0x1 Peripherals/TWI/TWI.o
 .bss._ZL9twi_state
                0x00800629        0x1 Peripherals/TWI/TWI.o
 .bss._ZL12transmitting
                0x0080062a        0x1 Peripherals/TWI/TWI.o
 .bss.Imu       0x0080062b        0xf Robot.o
                0x0080062b                Imu
 .bss.BtnTest   0x0080063a        0x8 Robot.o
                0x0080063a                BtnTest
 .bss._ZN5Robot7devicesE
                0x00800642      0x200 Robot.o
                0x00800642                _ZN5Robot7devicesE
 .bss.vector    0x00800842        0xc Sensors/ImuSensor.o
                0x00800842                vector
 .bss.bno       0x0080084e        0xb TestIMU.o
                0x0080084e                bno
 *(COMMON)
                0x00800859                PROVIDE (__bss_end, .)
                0x00002766                __data_load_start = LOADADDR (.data)
                0x0000284a                __data_load_end = (__data_load_start + SIZEOF (.data))

.noinit         0x00800859        0x0
                [!provide]                PROVIDE (__noinit_start, .)
 *(.noinit*)
                [!provide]                PROVIDE (__noinit_end, .)
                0x00800859                _end = .
                [!provide]                PROVIDE (__heap_start, .)

.eeprom         0x00810000        0x0
 *(.eeprom*)
                0x00810000                __eeprom_end = .

.fuse
 *(.fuse)
 *(.lfuse)
 *(.hfuse)
 *(.efuse)

.lock
 *(.lock*)

.signature
 *(.signature*)

.user_signatures
 *(.user_signatures*)

.stab
 *(.stab)

.stabstr
 *(.stabstr)

.stab.excl
 *(.stab.excl)

.stab.exclstr
 *(.stab.exclstr)

.stab.index
 *(.stab.index)

.stab.indexstr
 *(.stab.indexstr)

.comment        0x00000000       0x30
 *(.comment)
 .comment       0x00000000       0x30 BNO055/Adafruit_BNO055.o
                                 0x31 (size before relaxing)
 .comment       0x00000030       0x31 Commands.o
 .comment       0x00000030       0x31 EtherCardModified/enc28j60.o
 .comment       0x00000030       0x31 EtherCardModified/EtherCard.o
 .comment       0x00000030       0x31 EtherCardModified/tcpip.o
 .comment       0x00000030       0x31 EtherCardModified/udpserver.o
 .comment       0x00000030       0x31 EtherCardModified/webutil.o
 .comment       0x00000030       0x31 EtherComm.o
 .comment       0x00000030       0x31 main.o
 .comment       0x00000030       0x31 Peripherals/HardwareSerial.o
 .comment       0x00000030       0x31 Peripherals/HardwareSerial0.o
 .comment       0x00000030       0x31 Peripherals/HardwareSerial1.o
 .comment       0x00000030       0x31 Peripherals/HardwareSerial2.o
 .comment       0x00000030       0x31 Peripherals/HardwareSerial3.o
 .comment       0x00000030       0x31 Peripherals/TWI/TWI.o
 .comment       0x00000030       0x31 Robot.o
 .comment       0x00000030       0x31 Sensors/ImuSensor.o
 .comment       0x00000030       0x31 TestIMU.o
 .comment       0x00000030       0x31 Utils/Print.o

.note.gnu.avr.deviceinfo
                0x00000000       0x40
 .note.gnu.avr.deviceinfo
                0x00000000       0x40 C:/Program Files (x86)/Atmel/Studio/7.0/Packs/atmel/ATmega_DFP/1.2.209/gcc/dev/atmega2560/avr6/crtatmega2560.o

.note.gnu.build-id
 *(.note.gnu.build-id)

.debug
 *(.debug)

.line
 *(.line)

.debug_srcinfo
 *(.debug_srcinfo)

.debug_sfnames
 *(.debug_sfnames)

.debug_aranges  0x00000000      0x760
 *(.debug_aranges)
 .debug_aranges
                0x00000000       0xe8 BNO055/Adafruit_BNO055.o
 .debug_aranges
                0x000000e8       0x48 Commands.o
 .debug_aranges
                0x00000130       0x88 EtherCardModified/enc28j60.o
 .debug_aranges
                0x000001b8       0x28 EtherCardModified/EtherCard.o
 .debug_aranges
                0x000001e0       0xb0 EtherCardModified/tcpip.o
 .debug_aranges
                0x00000290       0x40 EtherCardModified/udpserver.o
 .debug_aranges
                0x000002d0       0x60 EtherCardModified/webutil.o
 .debug_aranges
                0x00000330       0x38 EtherComm.o
 .debug_aranges
                0x00000368       0x20 main.o
 .debug_aranges
                0x00000388       0x68 Peripherals/HardwareSerial.o
 .debug_aranges
                0x000003f0       0x48 Peripherals/HardwareSerial0.o
 .debug_aranges
                0x00000438       0x48 Peripherals/HardwareSerial1.o
 .debug_aranges
                0x00000480       0x48 Peripherals/HardwareSerial2.o
 .debug_aranges
                0x000004c8       0x48 Peripherals/HardwareSerial3.o
 .debug_aranges
                0x00000510       0x90 Peripherals/TWI/TWI.o
 .debug_aranges
                0x000005a0       0x68 Robot.o
 .debug_aranges
                0x00000608       0x50 Sensors/ImuSensor.o
 .debug_aranges
                0x00000658       0x40 TestIMU.o
 .debug_aranges
                0x00000698       0xc8 Utils/Print.o

.debug_pubnames
 *(.debug_pubnames)

.debug_info     0x00000000    0x12e98
 *(.debug_info .gnu.linkonce.wi.*)
 .debug_info    0x00000000      0xbbc C:/Program Files (x86)/Atmel/Studio/7.0/Packs/atmel/ATmega_DFP/1.2.209/gcc/dev/atmega2560/avr6/crtatmega2560.o
 .debug_info    0x00000bbc     0x42fc BNO055/Adafruit_BNO055.o
 .debug_info    0x00004eb8      0xba7 Commands.o
 .debug_info    0x00005a5f      0xfd8 EtherCardModified/enc28j60.o
 .debug_info    0x00006a37      0x77b EtherCardModified/EtherCard.o
 .debug_info    0x000071b2     0x10d6 EtherCardModified/tcpip.o
 .debug_info    0x00008288      0x6de EtherCardModified/udpserver.o
 .debug_info    0x00008966      0xa2a EtherCardModified/webutil.o
 .debug_info    0x00009390      0x984 EtherComm.o
 .debug_info    0x00009d14      0xb56 main.o
 .debug_info    0x0000a86a      0xdbe Peripherals/HardwareSerial.o
 .debug_info    0x0000b628      0x989 Peripherals/HardwareSerial0.o
 .debug_info    0x0000bfb1      0x989 Peripherals/HardwareSerial1.o
 .debug_info    0x0000c93a      0x989 Peripherals/HardwareSerial2.o
 .debug_info    0x0000d2c3      0x98f Peripherals/HardwareSerial3.o
 .debug_info    0x0000dc52      0x88f Peripherals/TWI/TWI.o
 .debug_info    0x0000e4e1     0x1396 Robot.o
 .debug_info    0x0000f877     0x1571 Sensors/ImuSensor.o
 .debug_info    0x00010de8      0xef0 TestIMU.o
 .debug_info    0x00011cd8     0x11c0 Utils/Print.o

.debug_abbrev   0x00000000     0x4a05
 *(.debug_abbrev)
 .debug_abbrev  0x00000000      0xb1a C:/Program Files (x86)/Atmel/Studio/7.0/Packs/atmel/ATmega_DFP/1.2.209/gcc/dev/atmega2560/avr6/crtatmega2560.o
 .debug_abbrev  0x00000b1a      0x597 BNO055/Adafruit_BNO055.o
 .debug_abbrev  0x000010b1      0x3c0 Commands.o
 .debug_abbrev  0x00001471      0x3b9 EtherCardModified/enc28j60.o
 .debug_abbrev  0x0000182a      0x180 EtherCardModified/EtherCard.o
 .debug_abbrev  0x000019aa      0x379 EtherCardModified/tcpip.o
 .debug_abbrev  0x00001d23      0x1fd EtherCardModified/udpserver.o
 .debug_abbrev  0x00001f20      0x315 EtherCardModified/webutil.o
 .debug_abbrev  0x00002235      0x247 EtherComm.o
 .debug_abbrev  0x0000247c      0x3c2 main.o
 .debug_abbrev  0x0000283e      0x363 Peripherals/HardwareSerial.o
 .debug_abbrev  0x00002ba1      0x2d8 Peripherals/HardwareSerial0.o
 .debug_abbrev  0x00002e79      0x2d8 Peripherals/HardwareSerial1.o
 .debug_abbrev  0x00003151      0x2d8 Peripherals/HardwareSerial2.o
 .debug_abbrev  0x00003429      0x2d8 Peripherals/HardwareSerial3.o
 .debug_abbrev  0x00003701      0x2d2 Peripherals/TWI/TWI.o
 .debug_abbrev  0x000039d3      0x517 Robot.o
 .debug_abbrev  0x00003eea      0x4eb Sensors/ImuSensor.o
 .debug_abbrev  0x000043d5      0x394 TestIMU.o
 .debug_abbrev  0x00004769      0x29c Utils/Print.o

.debug_line     0x00000000     0x4afe
 *(.debug_line .debug_line.* .debug_line_end)
 .debug_line    0x00000000      0x1f9 C:/Program Files (x86)/Atmel/Studio/7.0/Packs/atmel/ATmega_DFP/1.2.209/gcc/dev/atmega2560/avr6/crtatmega2560.o
 .debug_line    0x000001f9      0xbd9 BNO055/Adafruit_BNO055.o
 .debug_line    0x00000dd2      0x1e9 Commands.o
 .debug_line    0x00000fbb      0x62e EtherCardModified/enc28j60.o
 .debug_line    0x000015e9      0x15f EtherCardModified/EtherCard.o
 .debug_line    0x00001748      0x7fc EtherCardModified/tcpip.o
 .debug_line    0x00001f44      0x211 EtherCardModified/udpserver.o
 .debug_line    0x00002155      0x468 EtherCardModified/webutil.o
 .debug_line    0x000025bd      0x20a EtherComm.o
 .debug_line    0x000027c7      0x1b7 main.o
 .debug_line    0x0000297e      0x51d Peripherals/HardwareSerial.o
 .debug_line    0x00002e9b      0x23c Peripherals/HardwareSerial0.o
 .debug_line    0x000030d7      0x23b Peripherals/HardwareSerial1.o
 .debug_line    0x00003312      0x23a Peripherals/HardwareSerial2.o
 .debug_line    0x0000354c      0x23a Peripherals/HardwareSerial3.o
 .debug_line    0x00003786      0x4cf Peripherals/TWI/TWI.o
 .debug_line    0x00003c55      0x33a Robot.o
 .debug_line    0x00003f8f      0x33d Sensors/ImuSensor.o
 .debug_line    0x000042cc      0x347 TestIMU.o
 .debug_line    0x00004613      0x4eb Utils/Print.o

.debug_frame    0x00000000     0x1794
 *(.debug_frame)
 .debug_frame   0x00000000      0x494 BNO055/Adafruit_BNO055.o
 .debug_frame   0x00000494       0x74 Commands.o
 .debug_frame   0x00000508      0x1b4 EtherCardModified/enc28j60.o
 .debug_frame   0x000006bc       0x70 EtherCardModified/EtherCard.o
 .debug_frame   0x0000072c      0x240 EtherCardModified/tcpip.o
 .debug_frame   0x0000096c       0xb8 EtherCardModified/udpserver.o
 .debug_frame   0x00000a24      0x14c EtherCardModified/webutil.o
 .debug_frame   0x00000b70       0x8c EtherComm.o
 .debug_frame   0x00000bfc       0x24 main.o
 .debug_frame   0x00000c20      0x104 Peripherals/HardwareSerial.o
 .debug_frame   0x00000d24       0xec Peripherals/HardwareSerial0.o
 .debug_frame   0x00000e10       0xec Peripherals/HardwareSerial1.o
 .debug_frame   0x00000efc       0xec Peripherals/HardwareSerial2.o
 .debug_frame   0x00000fe8       0xec Peripherals/HardwareSerial3.o
 .debug_frame   0x000010d4      0x194 Peripherals/TWI/TWI.o
 .debug_frame   0x00001268       0xd4 Robot.o
 .debug_frame   0x0000133c       0xa8 Sensors/ImuSensor.o
 .debug_frame   0x000013e4       0xd0 TestIMU.o
 .debug_frame   0x000014b4      0x2e0 Utils/Print.o

.debug_str      0x00000000     0x576e
 *(.debug_str)
 .debug_str     0x00000000      0x3e6 C:/Program Files (x86)/Atmel/Studio/7.0/Packs/atmel/ATmega_DFP/1.2.209/gcc/dev/atmega2560/avr6/crtatmega2560.o
 .debug_str     0x000003e6     0x315e BNO055/Adafruit_BNO055.o
                               0x32ae (size before relaxing)
 .debug_str     0x00003544      0x9f0 Commands.o
                                0xc11 (size before relaxing)
 .debug_str     0x00003f34      0x224 EtherCardModified/enc28j60.o
                                0x54d (size before relaxing)
 .debug_str     0x00004158       0xf7 EtherCardModified/EtherCard.o
                                0x8cb (size before relaxing)
 .debug_str     0x0000424f      0x1fe EtherCardModified/tcpip.o
                                0x9c4 (size before relaxing)
 .debug_str     0x0000444d       0x68 EtherCardModified/udpserver.o
                                0x843 (size before relaxing)
 .debug_str     0x000044b5      0x16a EtherCardModified/webutil.o
                                0x930 (size before relaxing)
 .debug_str     0x0000461f       0xfe EtherComm.o
                                0xa36 (size before relaxing)
 .debug_str     0x0000471d       0x67 main.o
                                0xba1 (size before relaxing)
 .debug_str     0x00004784      0x7fc Peripherals/HardwareSerial.o
                                0xa8f (size before relaxing)
 .debug_str     0x00004f80       0x89 Peripherals/HardwareSerial0.o
                                0x7cb (size before relaxing)
 .debug_str     0x00005009       0x52 Peripherals/HardwareSerial1.o
                                0x7cc (size before relaxing)
 .debug_str     0x0000505b       0x52 Peripherals/HardwareSerial2.o
                                0x7cc (size before relaxing)
 .debug_str     0x000050ad       0x52 Peripherals/HardwareSerial3.o
                                0x7cc (size before relaxing)
 .debug_str     0x000050ff      0x18b Peripherals/TWI/TWI.o
                                0x441 (size before relaxing)
 .debug_str     0x0000528a      0x17a Robot.o
                               0x1a13 (size before relaxing)
 .debug_str     0x00005404       0xe7 Sensors/ImuSensor.o
                               0x134f (size before relaxing)
 .debug_str     0x000054eb      0x10c TestIMU.o
                               0x15b1 (size before relaxing)
 .debug_str     0x000055f7      0x177 Utils/Print.o
                                0x4a3 (size before relaxing)

.debug_loc      0x00000000     0x831e
 *(.debug_loc)
 .debug_loc     0x00000000     0x217d BNO055/Adafruit_BNO055.o
 .debug_loc     0x0000217d      0x37d Commands.o
 .debug_loc     0x000024fa      0x955 EtherCardModified/enc28j60.o
 .debug_loc     0x00002e4f      0x25f EtherCardModified/EtherCard.o
 .debug_loc     0x000030ae      0xa60 EtherCardModified/tcpip.o
 .debug_loc     0x00003b0e      0x243 EtherCardModified/udpserver.o
 .debug_loc     0x00003d51      0x9be EtherCardModified/webutil.o
 .debug_loc     0x0000470f      0x486 EtherComm.o
 .debug_loc     0x00004b95       0x16 main.o
 .debug_loc     0x00004bab      0x4e0 Peripherals/HardwareSerial.o
 .debug_loc     0x0000508b      0x1ca Peripherals/HardwareSerial0.o
 .debug_loc     0x00005255      0x1ca Peripherals/HardwareSerial1.o
 .debug_loc     0x0000541f      0x1ca Peripherals/HardwareSerial2.o
 .debug_loc     0x000055e9      0x1ca Peripherals/HardwareSerial3.o
 .debug_loc     0x000057b3      0x805 Peripherals/TWI/TWI.o
 .debug_loc     0x00005fb8      0x29c Robot.o
 .debug_loc     0x00006254      0x5f1 Sensors/ImuSensor.o
 .debug_loc     0x00006845      0x4b9 TestIMU.o
 .debug_loc     0x00006cfe     0x1620 Utils/Print.o

.debug_macinfo
 *(.debug_macinfo)

.debug_weaknames
 *(.debug_weaknames)

.debug_funcnames
 *(.debug_funcnames)

.debug_typenames
 *(.debug_typenames)

.debug_varnames
 *(.debug_varnames)

.debug_pubtypes
 *(.debug_pubtypes)

.debug_ranges   0x00000000      0x6e8
 *(.debug_ranges)
 .debug_ranges  0x00000000       0xd8 BNO055/Adafruit_BNO055.o
 .debug_ranges  0x000000d8       0x38 Commands.o
 .debug_ranges  0x00000110       0xc0 EtherCardModified/enc28j60.o
 .debug_ranges  0x000001d0       0x18 EtherCardModified/EtherCard.o
 .debug_ranges  0x000001e8       0xe0 EtherCardModified/tcpip.o
 .debug_ranges  0x000002c8       0x48 EtherCardModified/udpserver.o
 .debug_ranges  0x00000310       0x68 EtherCardModified/webutil.o
 .debug_ranges  0x00000378       0x28 EtherComm.o
 .debug_ranges  0x000003a0       0x10 main.o
 .debug_ranges  0x000003b0       0x58 Peripherals/HardwareSerial.o
 .debug_ranges  0x00000408       0x38 Peripherals/HardwareSerial0.o
 .debug_ranges  0x00000440       0x38 Peripherals/HardwareSerial1.o
 .debug_ranges  0x00000478       0x38 Peripherals/HardwareSerial2.o
 .debug_ranges  0x000004b0       0x38 Peripherals/HardwareSerial3.o
 .debug_ranges  0x000004e8       0x80 Peripherals/TWI/TWI.o
 .debug_ranges  0x00000568       0x58 Robot.o
 .debug_ranges  0x000005c0       0x40 Sensors/ImuSensor.o
 .debug_ranges  0x00000600       0x30 TestIMU.o
 .debug_ranges  0x00000630       0xb8 Utils/Print.o

.debug_macro
 *(.debug_macro)
OUTPUT(RovController.elf elf32-avr)
LOAD linker stubs
