Archive member included to satisfy reference by file (symbol)

c:/program files (x86)/atmel/studio/7.0/toolchain/avr8/avr8-gnu-toolchain/bin/../lib/gcc/avr/5.4.0/../../../../avr/lib/avr6\libm.a(addsf3.o)
                              Micro/Peripherals/HardwareTimer.o (__subsf3)
c:/program files (x86)/atmel/studio/7.0/toolchain/avr8/avr8-gnu-toolchain/bin/../lib/gcc/avr/5.4.0/../../../../avr/lib/avr6\libm.a(addsf3x.o)
                              c:/program files (x86)/atmel/studio/7.0/toolchain/avr8/avr8-gnu-toolchain/bin/../lib/gcc/avr/5.4.0/../../../../avr/lib/avr6\libm.a(addsf3.o) (__addsf3x)
c:/program files (x86)/atmel/studio/7.0/toolchain/avr8/avr8-gnu-toolchain/bin/../lib/gcc/avr/5.4.0/../../../../avr/lib/avr6\libm.a(cmpsf2.o)
                              Micro/Peripherals/HardwareTimer.o (__ltsf2)
c:/program files (x86)/atmel/studio/7.0/toolchain/avr8/avr8-gnu-toolchain/bin/../lib/gcc/avr/5.4.0/../../../../avr/lib/avr6\libm.a(divsf3.o)
                              BNO055/Adafruit_BNO055.o (__divsf3)
c:/program files (x86)/atmel/studio/7.0/toolchain/avr8/avr8-gnu-toolchain/bin/../lib/gcc/avr/5.4.0/../../../../avr/lib/avr6\libm.a(divsf3x.o)
                              c:/program files (x86)/atmel/studio/7.0/toolchain/avr8/avr8-gnu-toolchain/bin/../lib/gcc/avr/5.4.0/../../../../avr/lib/avr6\libm.a(divsf3.o) (__divsf3x)
c:/program files (x86)/atmel/studio/7.0/toolchain/avr8/avr8-gnu-toolchain/bin/../lib/gcc/avr/5.4.0/../../../../avr/lib/avr6\libm.a(fixunssfsi.o)
                              Micro/Peripherals/HardwareTimer.o (__fixunssfsi)
c:/program files (x86)/atmel/studio/7.0/toolchain/avr8/avr8-gnu-toolchain/bin/../lib/gcc/avr/5.4.0/../../../../avr/lib/avr6\libm.a(floatsisf.o)
                              PCA9685/PCA9685.o (__floatunsisf)
c:/program files (x86)/atmel/studio/7.0/toolchain/avr8/avr8-gnu-toolchain/bin/../lib/gcc/avr/5.4.0/../../../../avr/lib/avr6\libm.a(fp_cmp.o)
                              c:/program files (x86)/atmel/studio/7.0/toolchain/avr8/avr8-gnu-toolchain/bin/../lib/gcc/avr/5.4.0/../../../../avr/lib/avr6\libm.a(cmpsf2.o) (__fp_cmp)
c:/program files (x86)/atmel/studio/7.0/toolchain/avr8/avr8-gnu-toolchain/bin/../lib/gcc/avr/5.4.0/../../../../avr/lib/avr6\libm.a(fp_inf.o)
                              c:/program files (x86)/atmel/studio/7.0/toolchain/avr8/avr8-gnu-toolchain/bin/../lib/gcc/avr/5.4.0/../../../../avr/lib/avr6\libm.a(addsf3x.o) (__fp_inf)
c:/program files (x86)/atmel/studio/7.0/toolchain/avr8/avr8-gnu-toolchain/bin/../lib/gcc/avr/5.4.0/../../../../avr/lib/avr6\libm.a(fp_nan.o)
                              c:/program files (x86)/atmel/studio/7.0/toolchain/avr8/avr8-gnu-toolchain/bin/../lib/gcc/avr/5.4.0/../../../../avr/lib/avr6\libm.a(addsf3x.o) (__fp_nan)
c:/program files (x86)/atmel/studio/7.0/toolchain/avr8/avr8-gnu-toolchain/bin/../lib/gcc/avr/5.4.0/../../../../avr/lib/avr6\libm.a(fp_pscA.o)
                              c:/program files (x86)/atmel/studio/7.0/toolchain/avr8/avr8-gnu-toolchain/bin/../lib/gcc/avr/5.4.0/../../../../avr/lib/avr6\libm.a(addsf3x.o) (__fp_pscA)
c:/program files (x86)/atmel/studio/7.0/toolchain/avr8/avr8-gnu-toolchain/bin/../lib/gcc/avr/5.4.0/../../../../avr/lib/avr6\libm.a(fp_pscB.o)
                              c:/program files (x86)/atmel/studio/7.0/toolchain/avr8/avr8-gnu-toolchain/bin/../lib/gcc/avr/5.4.0/../../../../avr/lib/avr6\libm.a(addsf3x.o) (__fp_pscB)
c:/program files (x86)/atmel/studio/7.0/toolchain/avr8/avr8-gnu-toolchain/bin/../lib/gcc/avr/5.4.0/../../../../avr/lib/avr6\libm.a(fp_round.o)
                              c:/program files (x86)/atmel/studio/7.0/toolchain/avr8/avr8-gnu-toolchain/bin/../lib/gcc/avr/5.4.0/../../../../avr/lib/avr6\libm.a(addsf3.o) (__fp_round)
c:/program files (x86)/atmel/studio/7.0/toolchain/avr8/avr8-gnu-toolchain/bin/../lib/gcc/avr/5.4.0/../../../../avr/lib/avr6\libm.a(fp_split3.o)
                              c:/program files (x86)/atmel/studio/7.0/toolchain/avr8/avr8-gnu-toolchain/bin/../lib/gcc/avr/5.4.0/../../../../avr/lib/avr6\libm.a(addsf3x.o) (__fp_split3)
c:/program files (x86)/atmel/studio/7.0/toolchain/avr8/avr8-gnu-toolchain/bin/../lib/gcc/avr/5.4.0/../../../../avr/lib/avr6\libm.a(fp_zero.o)
                              c:/program files (x86)/atmel/studio/7.0/toolchain/avr8/avr8-gnu-toolchain/bin/../lib/gcc/avr/5.4.0/../../../../avr/lib/avr6\libm.a(addsf3x.o) (__fp_zero)
c:/program files (x86)/atmel/studio/7.0/toolchain/avr8/avr8-gnu-toolchain/bin/../lib/gcc/avr/5.4.0/../../../../avr/lib/avr6\libm.a(gesf2.o)
                              Micro/Peripherals/HardwareTimer.o (__gtsf2)
c:/program files (x86)/atmel/studio/7.0/toolchain/avr8/avr8-gnu-toolchain/bin/../lib/gcc/avr/5.4.0/../../../../avr/lib/avr6\libm.a(mulsf3.o)
                              BNO055/Adafruit_BNO055.o (__mulsf3)
c:/program files (x86)/atmel/studio/7.0/toolchain/avr8/avr8-gnu-toolchain/bin/../lib/gcc/avr/5.4.0/../../../../avr/lib/avr6\libm.a(mulsf3x.o)
[...]
Memory Configuration

Name             Origin             Length             Attributes
text             0x00000000         0x00100000         xr
data             0x00800200         0x0000fe00         rw !x
eeprom           0x00810000         0x00010000         rw !x
fuse             0x00820000         0x00000003         rw !x
lock             0x00830000         0x00000400         rw !x
signature        0x00840000         0x00000400         rw !x
user_signatures  0x00850000         0x00000400         rw !x
*default*        0x00000000         0xffffffff

Linker script and memory map

Address of section .data set to 0x800200
LOAD C:/Program Files (x86)/Atmel/Studio/7.0/Packs/atmel/ATmega_DFP/1.2.209/gcc/dev/atmega2560/avr6/crtatmega2560.o
LOAD BNO055/Adafruit_BNO055.o
LOAD BNO055/Adafruit_Sensor.o
LOAD Commands.o
LOAD EtherCardModified/enc28j60.o
LOAD EtherCardModified/EtherCard.o
LOAD EtherCardModified/tcpip.o
LOAD EtherCardModified/udpserver.o
LOAD EtherCardModified/webutil.o
LOAD EtherComm.o
LOAD main.o
LOAD Micro/Peripherals/HardwareSerial.o
LOAD Micro/Peripherals/HardwareServo.o
LOAD Micro/Peripherals/HardwareTimer.o
LOAD Micro/Peripherals/twi.o
LOAD Micro/Peripherals/Wire.o
LOAD MS5837/MS5837.o
LOAD PCA9685/PCA9685.o
LOAD PCA9685/TwiServoController.o
LOAD PcbPins/HardwarePcbServo.o
LOAD PcbPins/PcbPins.o
LOAD PcbPins/TwiPcbServo.o
LOAD Robot.o
LOAD Sensors/ImuSensor.o
LOAD Sensors/PressureSensor.o
LOAD Utils/Print.o
LOAD Utils/Stream.o
START GROUP
LOAD c:/program files (x86)/atmel/studio/7.0/toolchain/avr8/avr8-gnu-toolchain/bin/../lib/gcc/avr/5.4.0/../../../../avr/lib/avr6\libm.a
END GROUP
LOAD c:/program files (x86)/atmel/studio/7.0/toolchain/avr8/avr8-gnu-toolchain/bin/../lib/gcc/avr/5.4.0/avr6\libgcc.a
LOAD c:/program files (x86)/atmel/studio/7.0/toolchain/avr8/avr8-gnu-toolchain/bin/../lib/gcc/avr/5.4.0/../../../../avr/lib/avr6\libm.a
START GROUP
LOAD c:/program files (x86)/atmel/studio/7.0/toolchain/avr8/avr8-gnu-toolchain/bin/../lib/gcc/avr/5.4.0/avr6\libgcc.a
LOAD c:/program files (x86)/atmel/studio/7.0/toolchain/avr8/avr8-gnu-toolchain/bin/../lib/gcc/avr/5.4.0/../../../../avr/lib/avr6\libm.a
LOAD c:/program files (x86)/atmel/studio/7.0/toolchain/avr8/avr8-gnu-toolchain/bin/../lib/gcc/avr/5.4.0/../../../../avr/lib/avr6\libc.a
LOAD C:/Program Files (x86)/Atmel/Studio/7.0/Packs/atmel/ATmega_DFP/1.2.209/gcc/dev/atmega2560/avr6\libatmega2560.a
END GROUP
                0x00100000                __TEXT_REGION_LENGTH__ = DEFINED (__TEXT_REGION_LENGTH__)?__TEXT_REGION_LENGTH__:0x100000
                0x0000fe00                __DATA_REGION_LENGTH__ = DEFINED (__DATA_REGION_LENGTH__)?__DATA_REGION_LENGTH__:0xfe00
                0x00010000                __EEPROM_REGION_LENGTH__ = DEFINED (__EEPROM_REGION_LENGTH__)?__EEPROM_REGION_LENGTH__:0x10000
                [0x00000003]                __FUSE_REGION_LENGTH__ = DEFINED (__FUSE_REGION_LENGTH__)?__FUSE_REGION_LENGTH__:0x400
                0x00000400                __LOCK_REGION_LENGTH__ = DEFINED (__LOCK_REGION_LENGTH__)?__LOCK_REGION_LENGTH__:0x400
                0x00000400                __SIGNATURE_REGION_LENGTH__ = DEFINED (__SIGNATURE_REGION_LENGTH__)?__SIGNATURE_REGION_LENGTH__:0x400
                0x00000400                __USER_SIGNATURE_REGION_LENGTH__ = DEFINED (__USER_SIGNATURE_REGION_LENGTH__)?__USER_SIGNATURE_REGION_LENGTH__:0x400

.hash
 *(.hash)

.dynsym
 *(.dynsym)

.dynstr
 *(.dynstr)

.gnu.version
 *(.gnu.version)

.gnu.version_d
 *(.gnu.version_d)

.gnu.version_r
 *(.gnu.version_r)

.rel.init
 *(.rel.init)

.rela.init
 *(.rela.init)

.rel.text
 *(.rel.text)
 *(.rel.text.*)
 *(.rel.gnu.linkonce.t*)

.rela.text
 *(.rela.text)
 *(.rela.text.*)
 *(.rela.gnu.linkonce.t*)

.rel.fini
 *(.rel.fini)

.rela.fini
 *(.rela.fini)

.rel.rodata
 *(.rel.rodata)
 *(.rel.rodata.*)
 *(.rel.gnu.linkonce.r*)

.rela.rodata
 *(.rela.rodata)
 *(.rela.rodata.*)
 *(.rela.gnu.linkonce.r*)

.rel.data
 *(.rel.data)
 *(.rel.data.*)
 *(.rel.gnu.linkonce.d*)

.rela.data
 *(.rela.data)
 *(.rela.data.*)
 *(.rela.gnu.linkonce.d*)

.rel.ctors
 *(.rel.ctors)

.rela.ctors
 *(.rela.ctors)

.rel.dtors
 *(.rel.dtors)

.rela.dtors
 *(.rela.dtors)

.rel.got
 *(.rel.got)

.rela.got
 *(.rela.got)

.rel.bss
 *(.rel.bss)

.rela.bss
 *(.rela.bss)

.rel.plt
 *(.rel.plt)

.rela.plt
 *(.rela.plt)

.text           0x00000000     0x5422
 *(.vectors)
 .vectors       0x00000000       0xe4 C:/Program Files (x86)/Atmel/Studio/7.0/Packs/atmel/ATmega_DFP/1.2.209/gcc/dev/atmega2560/avr6/crtatmega2560.o
                0x00000000                __vector_default
                0x00000000                __vectors
 *(.vectors)
 *(.progmem.gcc*)
 .progmem.gcc_sw_table.__vector_39
                0x000000e4      0x192 Micro/Peripherals/twi.o
                0x00000276                . = ALIGN (0x2)
                0x00000276                __trampolines_start = .
 *(.trampolines)
 .trampolines   0x00000276        0x0 linker stubs
 *(.trampolines*)
                0x00000276                __trampolines_end = .
 *libprintf_flt.a:*(.progmem.data)
 *libc.a:*(.progmem.data)
 *(.progmem*)
 .progmem.data._ZL5iphdr
                0x00000276        0x9 EtherCardModified/tcpip.o
 .progmem.data._ZL9arpreqhdr
                0x0000027f        0x8 EtherCardModified/tcpip.o
                0x00000288                . = ALIGN (0x2)
 *fill*         0x00000287        0x1 
 *(.jumptables)
 *(.jumptables*)
 *(.lowtext)
 *(.lowtext*)
                0x00000288                __ctors_start = .
 *(.ctors)
 .ctors         0x00000288        0x2 Commands.o
 .ctors         0x0000028a        0x2 Micro/Peripherals/HardwareSerial.o
 .ctors         0x0000028c        0x2 Micro/Peripherals/HardwareServo.o
 .ctors         0x0000028e        0x2 Micro/Peripherals/HardwareTimer.o
 .ctors         0x00000290        0x2 Micro/Peripherals/Wire.o
 .ctors         0x00000292        0x2 PcbPins/PcbPins.o
 .ctors         0x00000294        0x2 Robot.o
                0x00000296                __ctors_end = .
                0x00000296                __dtors_start = .
 *(.dtors)
                0x00000296                __dtors_end = .
 SORT(*)(.ctors)
 SORT(*)(.dtors)
 *(.init0)
 .init0         0x00000296        0x0 C:/Program Files (x86)/Atmel/Studio/7.0/Packs/atmel/ATmega_DFP/1.2.209/gcc/dev/atmega2560/avr6/crtatmega2560.o
                0x00000296                __init
 *(.init0)
 *(.init1)
 *(.init1)
 *(.init2)
 .init2         0x00000296       0x10 C:/Program Files (x86)/Atmel/Studio/7.0/Packs/atmel/ATmega_DFP/1.2.209/gcc/dev/atmega2560/avr6/crtatmega2560.o
 *(.init2)
 *(.init3)
 *(.init3)
 *(.init4)
 .init4         0x000002a6       0x1a c:/program files (x86)/atmel/studio/7.0/toolchain/avr8/avr8-gnu-toolchain/bin/../lib/gcc/avr/5.4.0/avr6\libgcc.a(_copy_data.o)
                0x000002a6                __do_copy_data
 .init4         0x000002c0       0x10 c:/program files (x86)/atmel/studio/7.0/toolchain/avr8/avr8-gnu-toolchain/bin/../lib/gcc/avr/5.4.0/avr6\libgcc.a(_clear_bss.o)
                0x000002c0                __do_clear_bss
 *(.init4)
 *(.init5)
 *(.init5)
 *(.init6)
 .init6         0x000002d0       0x20 c:/program files (x86)/atmel/studio/7.0/toolchain/avr8/avr8-gnu-toolchain/bin/../lib/gcc/avr/5.4.0/avr6\libgcc.a(_ctors.o)
                0x000002d0                __do_global_ctors
 *(.init6)
 *(.init7)
 *(.init7)
 *(.init8)
 *(.init8)
 *(.init9)
 .init9         0x000002f0        0x8 C:/Program Files (x86)/Atmel/Studio/7.0/Packs/atmel/ATmega_DFP/1.2.209/gcc/dev/atmega2560/avr6/crtatmega2560.o
 *(.init9)
 *(.text)
 .text          0x000002f8        0x2 C:/Program Files (x86)/Atmel/Studio/7.0/Packs/atmel/ATmega_DFP/1.2.209/gcc/dev/atmega2560/avr6/crtatmega2560.o
                0x000002f8                __vector_38
                0x000002f8                __vector_22
                0x000002f8                __vector_28
                0x000002f8                __vector_1
                0x000002f8                __vector_32
                0x000002f8                __vector_34
                0x000002f8                __vector_24
                0x000002f8                __vector_12
                0x000002f8                __vector_55
                0x000002f8                __vector_46
                0x000002f8                __bad_interrupt
                0x000002f8                __vector_6
                0x000002f8                __vector_31
                0x000002f8                __vector_35
                0x000002f8                __vector_3
                0x000002f8                __vector_23
                0x000002f8                __vector_30
                0x000002f8                __vector_45
                0x000002f8                __vector_25
                0x000002f8                __vector_11
                0x000002f8                __vector_54
                0x000002f8                __vector_17
                0x000002f8                __vector_19
                0x000002f8                __vector_56
                0x000002f8                __vector_7
                0x000002f8                __vector_49
                0x000002f8                __vector_41
                0x000002f8                __vector_43
                0x000002f8                __vector_27
                0x000002f8                __vector_5
                0x000002f8                __vector_33
                0x000002f8                __vector_47
                0x000002f8                __vector_52
                0x000002f8                __vector_37
                0x000002f8                __vector_4
                0x000002f8                __vector_44
                0x000002f8                __vector_51
                0x000002f8                __vector_9
                0x000002f8                __vector_2
                0x000002f8                __vector_15
                0x000002f8                __vector_36
                0x000002f8                __vector_29
                0x000002f8                __vector_40
                0x000002f8                __vector_8
                0x000002f8                __vector_26
                0x000002f8                __vector_48
                0x000002f8                __vector_14
                0x000002f8                __vector_53
                0x000002f8                __vector_10
                0x000002f8                __vector_50
                0x000002f8                __vector_16
                0x000002f8                __vector_18
                0x000002f8                __vector_20
                0x000002f8                __vector_42
                0x000002fa                . = ALIGN (0x2)
 *(.text.*)
 .text._ZN15Adafruit_Sensor15enableAutoRangeEb
                0x000002fa        0x2 BNO055/Adafruit_BNO055.o
                0x000002fa                _ZN15Adafruit_Sensor15enableAutoRangeEb
 .text._ZN15Adafruit_BNO0559getSensorEP8sensor_t
                0x000002fc       0x8a BNO055/Adafruit_BNO055.o
                0x000002fc                _ZN15Adafruit_BNO0559getSensorEP8sensor_t
 .text._ZN15Adafruit_BNO055C2ElhP7TwoWire
                0x00000386       0x22 BNO055/Adafruit_BNO055.o
                0x00000386                _ZN15Adafruit_BNO055C1ElhP7TwoWire
                0x00000386                _ZN15Adafruit_BNO055C2ElhP7TwoWire
 .text._ZN15Adafruit_BNO0556write8ENS_21adafruit_bno055_reg_tEh
                0x000003a8       0x54 BNO055/Adafruit_BNO055.o
                0x000003a8                _ZN15Adafruit_BNO0556write8ENS_21adafruit_bno055_reg_tEh
 .text._ZN15Adafruit_BNO0557setModeENS_24adafruit_bno055_opmode_tE
                0x000003fc       0x1e BNO055/Adafruit_BNO055.o
                0x000003fc                _ZN15Adafruit_BNO0557setModeENS_24adafruit_bno055_opmode_tE
 .text._ZN15Adafruit_BNO0555read8ENS_21adafruit_bno055_reg_tE
                0x0000041a       0x56 BNO055/Adafruit_BNO055.o
                0x0000041a                _ZN15Adafruit_BNO0555read8ENS_21adafruit_bno055_reg_tE
 .text._ZN15Adafruit_BNO0555beginENS_24adafruit_bno055_opmode_tE
                0x00000470       0xda BNO055/Adafruit_BNO055.o
                0x00000470                _ZN15Adafruit_BNO0555beginENS_24adafruit_bno055_opmode_tE
 .text._ZN15Adafruit_BNO0557getTempEv
                0x0000054a        0x6 BNO055/Adafruit_BNO055.o
                0x0000054a                _ZN15Adafruit_BNO0557getTempEv
 .text._ZN15Adafruit_BNO0557readLenENS_21adafruit_bno055_reg_tEPhh
                0x00000550       0xa6 BNO055/Adafruit_BNO055.o
                0x00000550                _ZN15Adafruit_BNO0557readLenENS_21adafruit_bno055_reg_tEPhh
 .text._ZN15Adafruit_BNO0559getVectorENS_22adafruit_vector_type_tEPh
                0x000005f6        0x8 BNO055/Adafruit_BNO055.o
                0x000005f6                _ZN15Adafruit_BNO0559getVectorENS_22adafruit_vector_type_tEPh
 .text._ZN15Adafruit_BNO0557getQuatEPh
                0x000005fe        0xc BNO055/Adafruit_BNO055.o
                0x000005fe                _ZN15Adafruit_BNO0557getQuatEPh
 .text._ZN15Adafruit_BNO0559getVectorENS_22adafruit_vector_type_tE
                0x0000060a      0x32c BNO055/Adafruit_BNO055.o
                0x0000060a                _ZN15Adafruit_BNO0559getVectorENS_22adafruit_vector_type_tE
 .text._ZN15Adafruit_BNO0558getEventEP15sensors_event_t
                0x00000936       0xae BNO055/Adafruit_BNO055.o
                0x00000936                _ZN15Adafruit_BNO0558getEventEP15sensors_event_t
 .text._ZN9EtherComm15CommandReceivedEhPKhh
                0x000009e4        0x6 Commands.o
                0x000009e4                _ZN9EtherComm15CommandReceivedEhPKhh
 .text._GLOBAL__sub_I__Z14RunPingCommandPKhh
                0x000009ea       0x14 Commands.o
 .text._ZL10enableChipv
                0x000009fe       0x16 EtherCardModified/enc28j60.o
 .text._ZL11disableChipv
                0x00000a14       0x14 EtherCardModified/enc28j60.o
 .text._ZL6readOphh
                0x00000a28       0x40 EtherCardModified/enc28j60.o
 .text._ZL7writeOphhh
                0x00000a68       0x30 EtherCardModified/enc28j60.o
 .text._ZL7readBufjPh
                0x00000a98       0x44 EtherCardModified/enc28j60.o
 .text._ZL7SetBankh
                0x00000adc       0x4a EtherCardModified/enc28j60.o
 .text._ZL11readRegByteh
                0x00000b26       0x10 EtherCardModified/enc28j60.o
 .text._ZL12writeRegBytehh
                0x00000b36       0x18 EtherCardModified/enc28j60.o
 .text._ZL8writeReghj
                0x00000b4e       0x18 EtherCardModified/enc28j60.o
 .text._ZN8ENC28J607initSPIERVh
                0x00000b66       0x24 EtherCardModified/enc28j60.o
                0x00000b66                _ZN8ENC28J607initSPIERVh
 .text._ZN8ENC28J6010initializeEjPKhRVhS3_h
                0x00000b8a      0x100 EtherCardModified/enc28j60.o
                0x00000b8a                _ZN8ENC28J6010initializeEjPKhRVhS3_h
 .text._ZN8ENC28J608isLinkUpEv
                0x00000c8a       0x26 EtherCardModified/enc28j60.o
                0x00000c8a                _ZN8ENC28J608isLinkUpEv
 .text._ZN8ENC28J6010packetSendEj
                0x00000cb0       0xf2 EtherCardModified/enc28j60.o
                0x00000cb0                _ZN8ENC28J6010packetSendEj
 .text._ZN8ENC28J6013packetReceiveEv
                0x00000da2       0xca EtherCardModified/enc28j60.o
                0x00000da2                _ZN8ENC28J6013packetReceiveEv
 .text._ZN9EtherCard5beginEPKhRVhS3_h
                0x00000e6c       0x32 EtherCardModified/EtherCard.o
                0x00000e6c                _ZN9EtherCard5beginEPKhRVhS3_h
 .text._ZN9EtherCard11staticSetupEPKhS1_S1_S1_
                0x00000e9e       0x5c EtherCardModified/EtherCard.o
                0x00000e9e                _ZN9EtherCard11staticSetupEPKhS1_S1_S1_
 .text._ZL13fill_checksumhhjh
                0x00000efa       0xe2 EtherCardModified/tcpip.o
 .text._ZL6is_lanPKhS0_
                0x00000fdc       0x54 EtherCardModified/tcpip.o
 .text._ZL20fill_ip_hdr_checksumv
                0x00001030       0x1e EtherCardModified/tcpip.o
 .text._ZL7setMACsPKh
                0x0000104e       0x14 EtherCardModified/tcpip.o
 .text._ZL11make_eth_ipv
                0x00001062       0x1e EtherCardModified/tcpip.o
 .text._ZL12setMACandIPsPKhS0_
                0x00001080       0x20 EtherCardModified/tcpip.o
 .text._ZL16client_store_macPhS_
                0x000010a0       0x2c EtherCardModified/tcpip.o
 .text._ZL17client_arp_whohasPh
                0x000010cc       0x60 EtherCardModified/tcpip.o
 .text._ZN9EtherCard10udpPrepareEjPKhj
                0x0000112c       0xa4 EtherCardModified/tcpip.o
                0x0000112c                _ZN9EtherCard10udpPrepareEjPKhj
 .text._ZN9EtherCard11udpTransmitEj
                0x000011d0       0x40 EtherCardModified/tcpip.o
                0x000011d0                _ZN9EtherCard11udpTransmitEj
 .text._ZN9EtherCard7sendUdpEPKhjjS1_j
                0x00001210       0x30 EtherCardModified/tcpip.o
                0x00001210                _ZN9EtherCard7sendUdpEPKhjjS1_j
 .text._ZN9EtherCard7setGwIpEPKh
                0x00001240       0x18 EtherCardModified/tcpip.o
                0x00001240                _ZN9EtherCard7setGwIpEPKh
 .text._ZN9EtherCard22updateBroadcastAddressEv
                0x00001258       0x2a EtherCardModified/tcpip.o
                0x00001258                _ZN9EtherCard22updateBroadcastAddressEv
 .text._ZN9EtherCard10packetLoopEj
                0x00001282      0x272 EtherCardModified/tcpip.o
                0x00001282                _ZN9EtherCard10packetLoopEj
 .text._ZN9EtherCard21udpServerListenOnPortEPFvjPhjPKcjEj
                0x000014f4       0x34 EtherCardModified/udpserver.o
                0x000014f4                _ZN9EtherCard21udpServerListenOnPortEPFvjPhjPKcjEj
 .text._ZN9EtherCard18udpServerListeningEv
                0x00001528        0xe EtherCardModified/udpserver.o
                0x00001528                _ZN9EtherCard18udpServerListeningEv
 .text._ZN9EtherCard27udpServerHasProcessedPacketEj
                0x00001536       0xc6 EtherCardModified/udpserver.o
                0x00001536                _ZN9EtherCard27udpServerHasProcessedPacketEj
 .text._ZN9EtherCard6copyIpEPhPKh
                0x000015fc       0x1a EtherCardModified/webutil.o
                0x000015fc                _ZN9EtherCard6copyIpEPhPKh
 .text._ZN9EtherCard7copyMacEPhPKh
                0x00001616       0x10 EtherCardModified/webutil.o
                0x00001616                _ZN9EtherCard7copyMacEPhPKh
 .text._ZN9EtherComm13CheckChecksumEPKch
                0x00001626       0x46 EtherComm.o
                0x00001626                _ZN9EtherComm13CheckChecksumEPKch
 .text._Z10udpReceivejPhjPKcj
                0x0000166c       0x38 EtherComm.o
                0x0000166c                _Z10udpReceivejPhjPKcj
 .text._ZN9EtherComm5beginEjjRVhS1_h
                0x000016a4       0x52 EtherComm.o
                0x000016a4                _ZN9EtherComm5beginEjjRVhS1_h
 .text._ZN9EtherComm11SendCommandEhh
                0x000016f6       0x76 EtherComm.o
                0x000016f6                _ZN9EtherComm11SendCommandEhh
 .text.main     0x0000176c       0x48 main.o
                0x0000176c                main
 .text._ZN5Print17availableForWriteEv
                0x000017b4        0x6 Micro/Peripherals/HardwareSerial.o
                0x000017b4                _ZN5Print17availableForWriteEv
 .text._ZN14HardwareSerial9availableEv
                0x000017ba       0x1e Micro/Peripherals/HardwareSerial.o
                0x000017ba                _ZN14HardwareSerial9availableEv
 .text._ZN14HardwareSerial4peekEv
                0x000017d8        0x6 Micro/Peripherals/HardwareSerial.o
                0x000017d8                _ZN14HardwareSerial4peekEv
 .text._ZN14HardwareSerial4readEv
                0x000017de       0x1e Micro/Peripherals/HardwareSerial.o
                0x000017de                _ZN14HardwareSerial4readEv
 .text._ZN14HardwareSerial17availableForWriteEv
                0x000017fc       0x1a Micro/Peripherals/HardwareSerial.o
                0x000017fc                _ZN14HardwareSerial17availableForWriteEv
 .text._ZN14HardwareSerial5flushEv
                0x00001816       0x12 Micro/Peripherals/HardwareSerial.o
                0x00001816                _ZN14HardwareSerial5flushEv
 .text._ZN14HardwareSerial5writeEh
                0x00001828       0x20 Micro/Peripherals/HardwareSerial.o
                0x00001828                _ZN14HardwareSerial5writeEh
 .text._ZN14HardwareSerial5beginEmh
                0x00001848       0xa4 Micro/Peripherals/HardwareSerial.o
                0x00001848                _ZN14HardwareSerial5beginEmh
 .text._GLOBAL__sub_I__ZN14HardwareSerialC2ERVjRVhS3_S3_S3_
                0x000018ec       0xc6 Micro/Peripherals/HardwareSerial.o
 .text._ZN13HardwareServo5beginEv
                0x000019b2       0x22 Micro/Peripherals/HardwareServo.o
                0x000019b2                _ZN13HardwareServo5beginEv
 .text._ZN13HardwareServo7EnableAEv
                0x000019d4       0x1a Micro/Peripherals/HardwareServo.o
                0x000019d4                _ZN13HardwareServo7EnableAEv
 .text._ZN13HardwareServo7EnableBEv
                0x000019ee       0x1a Micro/Peripherals/HardwareServo.o
                0x000019ee                _ZN13HardwareServo7EnableBEv
 .text._ZN13HardwareServo7EnableCEv
                0x00001a08       0x1a Micro/Peripherals/HardwareServo.o
                0x00001a08                _ZN13HardwareServo7EnableCEv
 .text._ZN13HardwareServo8DisableAEv
                0x00001a22       0x1c Micro/Peripherals/HardwareServo.o
                0x00001a22                _ZN13HardwareServo8DisableAEv
 .text._ZN13HardwareServo8DisableBEv
                0x00001a3e       0x1c Micro/Peripherals/HardwareServo.o
                0x00001a3e                _ZN13HardwareServo8DisableBEv
 .text._ZN13HardwareServo8DisableCEv
                0x00001a5a       0x1c Micro/Peripherals/HardwareServo.o
                0x00001a5a                _ZN13HardwareServo8DisableCEv
 .text._ZN13HardwareServo9setPulseAEj
                0x00001a76       0x14 Micro/Peripherals/HardwareServo.o
                0x00001a76                _ZN13HardwareServo9setPulseAEj
 .text._ZN13HardwareServo9setPulseBEj
                0x00001a8a       0x14 Micro/Peripherals/HardwareServo.o
                0x00001a8a                _ZN13HardwareServo9setPulseBEj
 .text._ZN13HardwareServo9setPulseCEj
                0x00001a9e       0x14 Micro/Peripherals/HardwareServo.o
                0x00001a9e                _ZN13HardwareServo9setPulseCEj
 .text._GLOBAL__sub_I__ZN13HardwareServoC2ERVjRVhS3_S1_S1_S1_S3_S3_hhh
                0x00001ab2      0x134 Micro/Peripherals/HardwareServo.o
 .text._ZN13HardwareTimer12findPrescaleEf
                0x00001be6       0xcc Micro/Peripherals/HardwareTimer.o
                0x00001be6                _ZN13HardwareTimer12findPrescaleEf
 .text._ZN13HardwareTimer7beginMsEf
                0x00001cb2       0xde Micro/Peripherals/HardwareTimer.o
                0x00001cb2                _ZN13HardwareTimer7beginMsEf
 .text._ZN13HardwareTimer5startEh
                0x00001d90       0x1c Micro/Peripherals/HardwareTimer.o
                0x00001d90                _ZN13HardwareTimer5startEh
 .text._ZN13HardwareTimer8finishedEv
                0x00001dac        0xc Micro/Peripherals/HardwareTimer.o
                0x00001dac                _ZN13HardwareTimer8finishedEv
 .text._ZN13HardwareTimer13waitForFinishEv
                0x00001db8        0xa Micro/Peripherals/HardwareTimer.o
                0x00001db8                _ZN13HardwareTimer13waitForFinishEv
 .text._ZN13HardwareTimer14isr_timer_compEv
                0x00001dc2       0x10 Micro/Peripherals/HardwareTimer.o
                0x00001dc2                _ZN13HardwareTimer14isr_timer_compEv
 .text.__vector_21
                0x00001dd2       0x52 Micro/Peripherals/HardwareTimer.o
                0x00001dd2                __vector_21
 .text.__vector_13
                0x00001e24       0x52 Micro/Peripherals/HardwareTimer.o
                0x00001e24                __vector_13
 .text._GLOBAL__sub_I__ZN13HardwareTimerC2ERVhS1_S1_S1_S1_
                0x00001e76       0x5a Micro/Peripherals/HardwareTimer.o
 .text.twi_init
                0x00001ed0       0x32 Micro/Peripherals/twi.o
                0x00001ed0                twi_init
 .text.twi_setFrequency
                0x00001f02       0x28 Micro/Peripherals/twi.o
                0x00001f02                twi_setFrequency
 .text.twi_readFrom
                0x00001f2a       0xa4 Micro/Peripherals/twi.o
                0x00001f2a                twi_readFrom
 .text.twi_writeTo
                0x00001fce       0xc6 Micro/Peripherals/twi.o
                0x00001fce                twi_writeTo
 .text.twi_transmit
                0x00002094       0x54 Micro/Peripherals/twi.o
                0x00002094                twi_transmit
 .text.twi_attachSlaveRxEvent
                0x000020e8        0xa Micro/Peripherals/twi.o
                0x000020e8                twi_attachSlaveRxEvent
 .text.twi_attachSlaveTxEvent
                0x000020f2        0xa Micro/Peripherals/twi.o
                0x000020f2                twi_attachSlaveTxEvent
 .text.twi_stop
                0x000020fc       0x16 Micro/Peripherals/twi.o
                0x000020fc                twi_stop
 .text.twi_releaseBus
                0x00002112        0xc Micro/Peripherals/twi.o
                0x00002112                twi_releaseBus
 .text.__vector_39
                0x0000211e      0x23a Micro/Peripherals/twi.o
                0x0000211e                __vector_39
 .text._ZN7TwoWire9availableEv
                0x00002358       0x10 Micro/Peripherals/Wire.o
                0x00002358                _ZN7TwoWire9availableEv
 .text._ZN7TwoWire4readEv
                0x00002368       0x28 Micro/Peripherals/Wire.o
                0x00002368                _ZN7TwoWire4readEv
 .text._ZN7TwoWire4peekEv
                0x00002390       0x1e Micro/Peripherals/Wire.o
                0x00002390                _ZN7TwoWire4peekEv
 .text._ZN7TwoWire5flushEv
                0x000023ae        0x2 Micro/Peripherals/Wire.o
                0x000023ae                _ZN7TwoWire5flushEv
 .text._ZN7TwoWire16onReceiveServiceEPhi
                0x000023b0       0x58 Micro/Peripherals/Wire.o
                0x000023b0                _ZN7TwoWire16onReceiveServiceEPhi
 .text._ZN7TwoWire16onRequestServiceEv
                0x00002408       0x18 Micro/Peripherals/Wire.o
                0x00002408                _ZN7TwoWire16onRequestServiceEv
 .text._ZN7TwoWire5writeEh
                0x00002420       0x54 Micro/Peripherals/Wire.o
                0x00002420                _ZN7TwoWire5writeEh
 .text._ZN7TwoWire5writeEPKhj
                0x00002474       0x5e Micro/Peripherals/Wire.o
                0x00002474                _ZN7TwoWire5writeEPKhj
 .text._ZN7TwoWire5beginEv
                0x000024d2       0x22 Micro/Peripherals/Wire.o
                0x000024d2                _ZN7TwoWire5beginEv
 .text._ZN7TwoWire8setClockEm
                0x000024f4        0x8 Micro/Peripherals/Wire.o
                0x000024f4                _ZN7TwoWire8setClockEm
 .text._ZN7TwoWire17beginTransmissionEh
                0x000024fc       0x14 Micro/Peripherals/Wire.o
                0x000024fc                _ZN7TwoWire17beginTransmissionEh
 .text._ZN7TwoWire17beginTransmissionEi
                0x00002510        0x4 Micro/Peripherals/Wire.o
                0x00002510                _ZN7TwoWire17beginTransmissionEi
 .text._ZN7TwoWire15endTransmissionEh
                0x00002514       0x24 Micro/Peripherals/Wire.o
                0x00002514                _ZN7TwoWire15endTransmissionEh
 .text._ZN7TwoWire11requestFromEhhmhh
                0x00002538       0xac Micro/Peripherals/Wire.o
                0x00002538                _ZN7TwoWire11requestFromEhhmhh
 .text._ZN7TwoWire11requestFromEhhh
                0x000025e4       0x1e Micro/Peripherals/Wire.o
                0x000025e4                _ZN7TwoWire11requestFromEhhh
 .text._ZN7TwoWire11requestFromEhh
                0x00002602        0x6 Micro/Peripherals/Wire.o
                0x00002602                _ZN7TwoWire11requestFromEhh
 .text._ZN7TwoWire11requestFromEii
                0x00002608        0x6 Micro/Peripherals/Wire.o
                0x00002608                _ZN7TwoWire11requestFromEii
 .text._ZN7TwoWire15endTransmissionEv
                0x0000260e        0x6 Micro/Peripherals/Wire.o
                0x0000260e                _ZN7TwoWire15endTransmissionEv
 .text._GLOBAL__sub_I__ZN7TwoWire8rxBufferE
                0x00002614        0xe Micro/Peripherals/Wire.o
 .text._ZN6MS5837C2ER13HardwareTimer
                0x00002622       0x18 MS5837/MS5837.o
                0x00002622                _ZN6MS5837C2ER13HardwareTimer
                0x00002622                _ZN6MS5837C1ER13HardwareTimer
 .text._ZN6MS58378setModelEh
                0x0000263a        0x6 MS5837/MS5837.o
                0x0000263a                _ZN6MS58378setModelEh
 .text._ZN6MS58379startReadEv
                0x00002640       0x4c MS5837/MS5837.o
                0x00002640                _ZN6MS58379startReadEv
 .text._ZN6MS58378finishedEv
                0x0000268c        0xe MS5837/MS5837.o
                0x0000268c                _ZN6MS58378finishedEv
 .text._ZN6MS58379calculateEv
                0x0000269a      0xd4a MS5837/MS5837.o
                0x0000269a                _ZN6MS58379calculateEv
 .text._ZN6MS58378pressureEf
                0x000033e4       0x62 MS5837/MS5837.o
                0x000033e4                _ZN6MS58378pressureEf
 .text._ZN6MS583711temperatureEv
                0x00003446       0x1c MS5837/MS5837.o
                0x00003446                _ZN6MS583711temperatureEv
 .text._ZN6MS58374crc4EPj
                0x00003462       0x72 MS5837/MS5837.o
                0x00003462                _ZN6MS58374crc4EPj
 .text._ZN6MS58375beginEv
                0x000034d4       0xf2 MS5837/MS5837.o
                0x000034d4                _ZN6MS58375beginEv
 .text._ZN6MS58376updateEv
                0x000035c6      0x1e0 MS5837/MS5837.o
                0x000035c6                _ZN6MS58376updateEv
 .text._ZN7PCA9685C2Eh
                0x000037a6        0x6 PCA9685/PCA9685.o
                0x000037a6                _ZN7PCA9685C1Eh
                0x000037a6                _ZN7PCA9685C2Eh
 .text._ZN7PCA96856setPWMEhjj
                0x000037ac       0x98 PCA9685/PCA9685.o
                0x000037ac                _ZN7PCA96856setPWMEhjj
 .text._ZN7PCA968517writeMicrosecondsEhj
                0x00003844       0x98 PCA9685/PCA9685.o
                0x00003844                _ZN7PCA968517writeMicrosecondsEhj
 .text._ZN7PCA968522getOscillatorFrequencyEv
                0x000038dc        0xc PCA9685/PCA9685.o
                0x000038dc                _ZN7PCA968522getOscillatorFrequencyEv
 .text._ZN7PCA968522setOscillatorFrequencyEm
                0x000038e8        0xc PCA9685/PCA9685.o
                0x000038e8                _ZN7PCA968522setOscillatorFrequencyEm
 .text._ZN7PCA96855read8Eh
                0x000038f4       0x42 PCA9685/PCA9685.o
                0x000038f4                _ZN7PCA96855read8Eh
 .text._ZN7PCA96856write8Ehh
                0x00003936       0x36 PCA9685/PCA9685.o
                0x00003936                _ZN7PCA96856write8Ehh
 .text._ZN7PCA96855resetEv
                0x0000396c       0x14 PCA9685/PCA9685.o
                0x0000396c                _ZN7PCA96855resetEv
 .text._ZN7PCA96859setExtClkEh
                0x00003980       0x56 PCA9685/PCA9685.o
                0x00003980                _ZN7PCA96859setExtClkEh
 .text._ZN7PCA968510setPWMFreqEf
                0x000039d6      0x150 PCA9685/PCA9685.o
                0x000039d6                _ZN7PCA968510setPWMFreqEf
 .text._ZN7PCA96855beginEh
                0x00003b26       0x46 PCA9685/PCA9685.o
                0x00003b26                _ZN7PCA96855beginEh
 .text._ZN18TwiServoControllerC2Eh
                0x00003b6c        0x4 PCA9685/TwiServoController.o
                0x00003b6c                _ZN18TwiServoControllerC1Eh
                0x00003b6c                _ZN18TwiServoControllerC2Eh
 .text._ZN18TwiServoController5beginEv
                0x00003b70       0x48 PCA9685/TwiServoController.o
                0x00003b70                _ZN18TwiServoController5beginEv
 .text._ZN18TwiServoController8setPulseEhj
                0x00003bb8        0x8 PCA9685/TwiServoController.o
                0x00003bb8                _ZN18TwiServoController8setPulseEhj
 .text._ZN18TwiServoController7releaseEh
                0x00003bc0       0x10 PCA9685/TwiServoController.o
                0x00003bc0                _ZN18TwiServoController7releaseEh
 .text._ZN16HardwarePcbServo8setPulseEj
                0x00003bd0       0x2e PcbPins/HardwarePcbServo.o
                0x00003bd0                _ZN16HardwarePcbServo8setPulseEj
 .text._ZN16HardwarePcbServo6enableEb
                0x00003bfe       0x58 PcbPins/HardwarePcbServo.o
                0x00003bfe                _ZN16HardwarePcbServo6enableEb
 .text._ZN16HardwarePcbServoC2ER13HardwareServoNS_9ServoId_tE
                0x00003c56       0x12 PcbPins/HardwarePcbServo.o
                0x00003c56                _ZN16HardwarePcbServoC1ER13HardwareServoNS_9ServoId_tE
                0x00003c56                _ZN16HardwarePcbServoC2ER13HardwareServoNS_9ServoId_tE
 .text._GLOBAL__sub_I_PcbServoA1
                0x00003c68      0x14e PcbPins/PcbPins.o
 .text._ZN11TwiPcbServo8setPulseEj
                0x00003db6       0x18 PcbPins/TwiPcbServo.o
                0x00003db6                _ZN11TwiPcbServo8setPulseEj
 .text._ZN11TwiPcbServo6enableEb
                0x00003dce       0x20 PcbPins/TwiPcbServo.o
                0x00003dce                _ZN11TwiPcbServo6enableEb
 .text._ZN11TwiPcbServoC2ER18TwiServoControllerh
                0x00003dee       0x1c PcbPins/TwiPcbServo.o
                0x00003dee                _ZN11TwiPcbServoC2ER18TwiServoControllerh
                0x00003dee                _ZN11TwiPcbServoC1ER18TwiServoControllerh
 .text._ZN9IReadable15CommandReceivedEhPKhh
                0x00003e0a       0x20 Robot.o
                0x00003e0a                _ZN9IReadable15CommandReceivedEhPKhh
 .text._ZN13DigitalSensor6UpdateEPh
                0x00003e2a        0x2 Robot.o
                0x00003e2a                _ZN13DigitalSensor6UpdateEPh
 .text._ZN9IWritable15CommandReceivedEhPKhh
                0x00003e2c       0x10 Robot.o
                0x00003e2c                _ZN9IWritable15CommandReceivedEhPKhh
 .text._ZN15DigitalActuator6UpdateEPh
                0x00003e3c        0x2 Robot.o
                0x00003e3c                _ZN15DigitalActuator6UpdateEPh
 .text._ZN13ServoActuator6UpdateEPh
                0x00003e3e        0x2 Robot.o
                0x00003e3e                _ZN13ServoActuator6UpdateEPh
 .text._ZN11TwiRegister6UpdateEPh
                0x00003e40        0x2 Robot.o
                0x00003e40                _ZN11TwiRegister6UpdateEPh
 .text._ZN13DigitalSensor21ReadRegisterRequestedEhPh
                0x00003e42       0x36 Robot.o
                0x00003e42                _ZN13DigitalSensor21ReadRegisterRequestedEhPh
 .text._ZN13ServoActuator22WriteRegisterRequestedEhPKhh
                0x00003e78       0x74 Robot.o
                0x00003e78                _ZN13ServoActuator22WriteRegisterRequestedEhPKhh
 .text._ZN15DigitalActuator22WriteRegisterRequestedEhPKhh
                0x00003eec       0x58 Robot.o
                0x00003eec                _ZN15DigitalActuator22WriteRegisterRequestedEhPKhh
 .text._ZN11TwiRegister22WriteRegisterRequestedEhPKhh
                0x00003f44       0x20 Robot.o
                0x00003f44                _ZN11TwiRegister22WriteRegisterRequestedEhPKhh
 .text._Z19printServoErrorCodeh
                0x00003f64       0x84 Robot.o
                0x00003f64                _Z19printServoErrorCodeh
 .text._ZN5Robot14RegisterDeviceEhP9IRegister
                0x00003fe8       0x3c Robot.o
                0x00003fe8                _ZN5Robot14RegisterDeviceEhP9IRegister
 .text._ZN13ServoActuator5beginEv
                0x00004024       0x40 Robot.o
                0x00004024                _ZN13ServoActuator5beginEv
 .text._ZN13DigitalSensor5beginEv
                0x00004064        0xa Robot.o
                0x00004064                _ZN13DigitalSensor5beginEv
 .text._ZN15DigitalActuator5beginEv
                0x0000406e        0xa Robot.o
                0x0000406e                _ZN15DigitalActuator5beginEv
 .text._ZN11TwiRegister5beginEv
                0x00004078        0xa Robot.o
                0x00004078                _ZN11TwiRegister5beginEv
 .text._Z16initializeServosv
                0x00004082      0x318 Robot.o
                0x00004082                _Z16initializeServosv
 .text._ZN5Robot15CheckErrorsOnlyEv
                0x0000439a        0xa Robot.o
                0x0000439a                _ZN5Robot15CheckErrorsOnlyEv
 .text._Z15PrintErrorCodesv
                0x000043a4       0x3a Robot.o
                0x000043a4                _Z15PrintErrorCodesv
 .text._ZN5Robot15CommandReceivedEhPKhh
                0x000043de       0x4a Robot.o
                0x000043de                _ZN5Robot15CommandReceivedEhPKhh
 .text._GLOBAL__sub_I__ZN5Robot9registersE
                0x00004428      0x340 Robot.o
 .text._ZN5Robot5beginEv
                0x00004768      0x1a6 Robot.o
                0x00004768                _ZN5Robot5beginEv
 .text._ZN5Robot4LoopEv
                0x0000490e       0x2e Robot.o
                0x0000490e                _ZN5Robot4LoopEv
 .text._ZN9ImuSensor6UpdateEPh
                0x0000493c        0x2 Sensors/ImuSensor.o
                0x0000493c                _ZN9ImuSensor6UpdateEPh
 .text._ZN9ImuSensor5beginEv
                0x0000493e       0x66 Sensors/ImuSensor.o
                0x0000493e                _ZN9ImuSensor5beginEv
 .text._ZN9ImuSensor21ReadRegisterRequestedEhPh
                0x000049a4       0xe6 Sensors/ImuSensor.o
                0x000049a4                _ZN9ImuSensor21ReadRegisterRequestedEhPh
 .text._ZN9ImuSensorC2Ehhhhhhhh
                0x00004a8a       0x78 Sensors/ImuSensor.o
                0x00004a8a                _ZN9ImuSensorC2Ehhhhhhhh
                0x00004a8a                _ZN9ImuSensorC1Ehhhhhhhh
 .text._ZN14PressureSensor5beginEv
                0x00004b02       0x36 Sensors/PressureSensor.o
                0x00004b02                _ZN14PressureSensor5beginEv
 .text._ZN14PressureSensor6UpdateEPh
                0x00004b38       0x6e Sensors/PressureSensor.o
                0x00004b38                _ZN14PressureSensor6UpdateEPh
 .text._ZN14PressureSensor21ReadRegisterRequestedEhPh
                0x00004ba6       0x1c Sensors/PressureSensor.o
                0x00004ba6                _ZN14PressureSensor21ReadRegisterRequestedEhPh
 .text._ZN14PressureSensorC2EhR13HardwareTimer
                0x00004bc2       0x26 Sensors/PressureSensor.o
                0x00004bc2                _ZN14PressureSensorC2EhR13HardwareTimer
                0x00004bc2                _ZN14PressureSensorC1EhR13HardwareTimer
 .text._ZN5Print5writeEPKhj
                0x00004be8       0x5e Utils/Print.o
                0x00004be8                _ZN5Print5writeEPKhj
 .text._ZN5Print5printEPKc
                0x00004c46       0x2c Utils/Print.o
                0x00004c46                _ZN5Print5printEPKc
 .text._ZN5Print5printEc
                0x00004c72       0x10 Utils/Print.o
                0x00004c72                _ZN5Print5printEc
 .text._ZN5Print7printlnEv
                0x00004c82       0x18 Utils/Print.o
                0x00004c82                _ZN5Print7printlnEv
 .text._ZN5Print7printlnEPKc
                0x00004c9a       0x20 Utils/Print.o
                0x00004c9a                _ZN5Print7printlnEPKc
 .text._ZN5Print11printNumberEmh
                0x00004cba       0xba Utils/Print.o
                0x00004cba                _ZN5Print11printNumberEmh
 .text._ZN5Print5printEmi
                0x00004d74       0x1e Utils/Print.o
                0x00004d74                _ZN5Print5printEmi
 .text._ZN5Print5printEhi
                0x00004d92        0xe Utils/Print.o
                0x00004d92                _ZN5Print5printEhi
 .text.avr-libc.fplib
                0x00004da0        0xa c:/program files (x86)/atmel/studio/7.0/toolchain/avr8/avr8-gnu-toolchain/bin/../lib/gcc/avr/5.4.0/../../../../avr/lib/avr6\libm.a(addsf3.o)
                0x00004da0                __subsf3
                0x00004da2                __addsf3
 .text.avr-libc.fplib
                0x00004daa       0xc0 c:/program files (x86)/atmel/studio/7.0/toolchain/avr8/avr8-gnu-toolchain/bin/../lib/gcc/avr/5.4.0/../../../../avr/lib/avr6\libm.a(addsf3x.o)
                0x00004dc4                __addsf3x
 .text.avr-libc.fplib
                0x00004e6a        0x8 c:/program files (x86)/atmel/studio/7.0/toolchain/avr8/avr8-gnu-toolchain/bin/../lib/gcc/avr/5.4.0/../../../../avr/lib/avr6\libm.a(cmpsf2.o)
                0x00004e6a                __nesf2
                0x00004e6a                __eqsf2
                0x00004e6a                __cmpsf2
                0x00004e6a                __ltsf2
                0x00004e6a                __lesf2
 .text.avr-libc.fplib
                0x00004e72        0x4 c:/program files (x86)/atmel/studio/7.0/toolchain/avr8/avr8-gnu-toolchain/bin/../lib/gcc/avr/5.4.0/../../../../avr/lib/avr6\libm.a(divsf3.o)
                0x00004e72                __divsf3
 .text.avr-libc.fplib
                0x00004e76       0xcc c:/program files (x86)/atmel/studio/7.0/toolchain/avr8/avr8-gnu-toolchain/bin/../lib/gcc/avr/5.4.0/../../../../avr/lib/avr6\libm.a(divsf3x.o)
                0x00004e8c                __divsf3x
                0x00004e90                __divsf3_pse
 .text.avr-libc.fplib
                0x00004f42       0x58 c:/program files (x86)/atmel/studio/7.0/toolchain/avr8/avr8-gnu-toolchain/bin/../lib/gcc/avr/5.4.0/../../../../avr/lib/avr6\libm.a(fixunssfsi.o)
                0x00004f42                __fixunssfsi
 .text.avr-libc.fplib
                0x00004f9a       0x7a c:/program files (x86)/atmel/studio/7.0/toolchain/avr8/avr8-gnu-toolchain/bin/../lib/gcc/avr/5.4.0/../../../../avr/lib/avr6\libm.a(floatsisf.o)
                0x00004f9a                __floatunsisf
                0x00004f9e                __floatsisf
 .text.avr-libc.fplib
                0x00005014       0x48 c:/program files (x86)/atmel/studio/7.0/toolchain/avr8/avr8-gnu-toolchain/bin/../lib/gcc/avr/5.4.0/../../../../avr/lib/avr6\libm.a(fp_cmp.o)
                0x00005014                __fp_cmp
 .text.avr-libc.fplib
                0x0000505c        0xc c:/program files (x86)/atmel/studio/7.0/toolchain/avr8/avr8-gnu-toolchain/bin/../lib/gcc/avr/5.4.0/../../../../avr/lib/avr6\libm.a(fp_inf.o)
                0x0000505c                __fp_inf
 .text.avr-libc.fplib
                0x00005068        0x6 c:/program files (x86)/atmel/studio/7.0/toolchain/avr8/avr8-gnu-toolchain/bin/../lib/gcc/avr/5.4.0/../../../../avr/lib/avr6\libm.a(fp_nan.o)
                0x00005068                __fp_nan
 .text.avr-libc.fplib
                0x0000506e        0xe c:/program files (x86)/atmel/studio/7.0/toolchain/avr8/avr8-gnu-toolchain/bin/../lib/gcc/avr/5.4.0/../../../../avr/lib/avr6\libm.a(fp_pscA.o)
                0x0000506e                __fp_pscA
 .text.avr-libc.fplib
                0x0000507c        0xe c:/program files (x86)/atmel/studio/7.0/toolchain/avr8/avr8-gnu-toolchain/bin/../lib/gcc/avr/5.4.0/../../../../avr/lib/avr6\libm.a(fp_pscB.o)
                0x0000507c                __fp_pscB
 .text.avr-libc.fplib
                0x0000508a       0x22 c:/program files (x86)/atmel/studio/7.0/toolchain/avr8/avr8-gnu-toolchain/bin/../lib/gcc/avr/5.4.0/../../../../avr/lib/avr6\libm.a(fp_round.o)
                0x0000508a                __fp_round
 .text.avr-libc.fplib
                0x000050ac       0x44 c:/program files (x86)/atmel/studio/7.0/toolchain/avr8/avr8-gnu-toolchain/bin/../lib/gcc/avr/5.4.0/../../../../avr/lib/avr6\libm.a(fp_split3.o)
                0x000050ac                __fp_split3
                0x000050bc                __fp_splitA
 .text.avr-libc.fplib
                0x000050f0        0xe c:/program files (x86)/atmel/studio/7.0/toolchain/avr8/avr8-gnu-toolchain/bin/../lib/gcc/avr/5.4.0/../../../../avr/lib/avr6\libm.a(fp_zero.o)
                0x000050f0                __fp_zero
                0x000050f2                __fp_szero
 .text.avr-libc.fplib
                0x000050fe        0x8 c:/program files (x86)/atmel/studio/7.0/toolchain/avr8/avr8-gnu-toolchain/bin/../lib/gcc/avr/5.4.0/../../../../avr/lib/avr6\libm.a(gesf2.o)
                0x000050fe                __gesf2
                0x000050fe                __gtsf2
 .text.avr-libc.fplib
                0x00005106        0x4 c:/program files (x86)/atmel/studio/7.0/toolchain/avr8/avr8-gnu-toolchain/bin/../lib/gcc/avr/5.4.0/../../../../avr/lib/avr6\libm.a(mulsf3.o)
                0x00005106                __mulsf3
 .text.avr-libc.fplib
                0x0000510a       0xc2 c:/program files (x86)/atmel/studio/7.0/toolchain/avr8/avr8-gnu-toolchain/bin/../lib/gcc/avr/5.4.0/../../../../avr/lib/avr6\libm.a(mulsf3x.o)
                0x0000511e                __mulsf3x
                0x00005122                __mulsf3_pse
 .text.libgcc.mul
                0x000051cc       0x1e c:/program files (x86)/atmel/studio/7.0/toolchain/avr8/avr8-gnu-toolchain/bin/../lib/gcc/avr/5.4.0/avr6\libgcc.a(_mulsi3.o)
                0x000051cc                __mulsi3
 .text.libgcc.div
                0x000051ea       0x44 c:/program files (x86)/atmel/studio/7.0/toolchain/avr8/avr8-gnu-toolchain/bin/../lib/gcc/avr/5.4.0/avr6\libgcc.a(_udivmodsi4.o)
                0x000051ea                __udivmodsi4
 .text.libgcc   0x0000522e       0x10 c:/program files (x86)/atmel/studio/7.0/toolchain/avr8/avr8-gnu-toolchain/bin/../lib/gcc/avr/5.4.0/avr6\libgcc.a(_tablejump2.o)
                0x0000522e                __tablejump2__
 .text.libgcc.mul
                0x0000523e       0x14 c:/program files (x86)/atmel/studio/7.0/toolchain/avr8/avr8-gnu-toolchain/bin/../lib/gcc/avr/5.4.0/avr6\libgcc.a(_muluhisi3.o)
                0x0000523e                __muluhisi3
 .text.libgcc.mul
                0x00005252       0x92 c:/program files (x86)/atmel/studio/7.0/toolchain/avr8/avr8-gnu-toolchain/bin/../lib/gcc/avr/5.4.0/avr6\libgcc.a(_muldi3.o)
                0x00005252                __muldi3
 .text.libgcc.mul
                0x000052e4       0x10 c:/program files (x86)/atmel/studio/7.0/toolchain/avr8/avr8-gnu-toolchain/bin/../lib/gcc/avr/5.4.0/avr6\libgcc.a(_muldi3_6.o)
                0x000052e4                __muldi3_6
 .text.libgcc.builtins
                0x000052f4       0x32 c:/program files (x86)/atmel/studio/7.0/toolchain/avr8/avr8-gnu-toolchain/bin/../lib/gcc/avr/5.4.0/avr6\libgcc.a(_ashldi3.o)
                0x000052f4                __ashldi3
 .text.libgcc.builtins
                0x00005326       0x3c c:/program files (x86)/atmel/studio/7.0/toolchain/avr8/avr8-gnu-toolchain/bin/../lib/gcc/avr/5.4.0/avr6\libgcc.a(_ashrdi3.o)
                0x00005326                __ashrdi3
                0x0000532a                __lshrdi3
 .text.libgcc   0x00005362       0x12 c:/program files (x86)/atmel/studio/7.0/toolchain/avr8/avr8-gnu-toolchain/bin/../lib/gcc/avr/5.4.0/avr6\libgcc.a(_adddi3.o)
                0x00005362                __adddi3
 .text.libgcc   0x00005374       0x18 c:/program files (x86)/atmel/studio/7.0/toolchain/avr8/avr8-gnu-toolchain/bin/../lib/gcc/avr/5.4.0/avr6\libgcc.a(_adddi3_s8.o)
                0x00005374                __adddi3_s8
 .text.libgcc   0x0000538c       0x12 c:/program files (x86)/atmel/studio/7.0/toolchain/avr8/avr8-gnu-toolchain/bin/../lib/gcc/avr/5.4.0/avr6\libgcc.a(_subdi3.o)
                0x0000538c                __subdi3
 .text.libgcc   0x0000539e       0x18 c:/program files (x86)/atmel/studio/7.0/toolchain/avr8/avr8-gnu-toolchain/bin/../lib/gcc/avr/5.4.0/avr6\libgcc.a(_cmpdi2_s8.o)
                0x0000539e                __cmpdi2_s8
 .text.libgcc.mul
                0x000053b6       0x1e c:/program files (x86)/atmel/studio/7.0/toolchain/avr8/avr8-gnu-toolchain/bin/../lib/gcc/avr/5.4.0/avr6\libgcc.a(_umulhisi3.o)
                0x000053b6                __umulhisi3
 .text.avr-libc
                0x000053d4       0x12 c:/program files (x86)/atmel/studio/7.0/toolchain/avr8/avr8-gnu-toolchain/bin/../lib/gcc/avr/5.4.0/../../../../avr/lib/avr6\libc.a(memcpy_P.o)
                0x000053d4                memcpy_P
 .text.avr-libc
                0x000053e6       0x1a c:/program files (x86)/atmel/studio/7.0/toolchain/avr8/avr8-gnu-toolchain/bin/../lib/gcc/avr/5.4.0/../../../../avr/lib/avr6\libc.a(memcmp.o)
                0x000053e6                memcmp
 .text.avr-libc
                0x00005400       0x1e c:/program files (x86)/atmel/studio/7.0/toolchain/avr8/avr8-gnu-toolchain/bin/../lib/gcc/avr/5.4.0/../../../../avr/lib/avr6\libc.a(strncpy.o)
                0x00005400                strncpy
                0x0000541e                . = ALIGN (0x2)
 *(.fini9)
 .fini9         0x0000541e        0x0 c:/program files (x86)/atmel/studio/7.0/toolchain/avr8/avr8-gnu-toolchain/bin/../lib/gcc/avr/5.4.0/avr6\libgcc.a(_exit.o)
                0x0000541e                _exit
                0x0000541e                exit
 *(.fini9)
 *(.fini8)
 *(.fini8)
 *(.fini7)
 *(.fini7)
 *(.fini6)
 *(.fini6)
 *(.fini5)
 *(.fini5)
 *(.fini4)
 *(.fini4)
 *(.fini3)
 *(.fini3)
 *(.fini2)
 *(.fini2)
 *(.fini1)
 *(.fini1)
 *(.fini0)
 .fini0         0x0000541e        0x4 c:/program files (x86)/atmel/studio/7.0/toolchain/avr8/avr8-gnu-toolchain/bin/../lib/gcc/avr/5.4.0/avr6\libgcc.a(_exit.o)
 *(.fini0)
                0x00005422                _etext = .

.data           0x00800200      0x2e8 load address 0x00005422
                0x00800200                PROVIDE (__data_start, .)
 *(.data)
 *(.data*)
 .data._ZN9EtherComm6bufferE
                0x00800200        0x2 EtherComm.o
                0x00800200                _ZN9EtherComm6bufferE
 .data._ZN9EtherComm7_destIPE
                0x00800202        0x4 EtherComm.o
                0x00800202                _ZN9EtherComm7_destIPE
 .data._ZN9EtherComm6_mymacE
                0x00800206        0x6 EtherComm.o
                0x00800206                _ZN9EtherComm6_mymacE
 .data._ZN9EtherComm5_gwipE
                0x0080020c        0x4 EtherComm.o
                0x0080020c                _ZN9EtherComm5_gwipE
 .data._ZN9EtherComm5_myipE
                0x00800210        0x4 EtherComm.o
                0x00800210                _ZN9EtherComm5_myipE
 *(.gnu.linkonce.d*)
 *(.rodata)
 *(.rodata*)
 .rodata.str1.1
                0x00800214        0x7 BNO055/Adafruit_BNO055.o
 .rodata._ZTV15Adafruit_BNO055
                0x0080021b        0xa BNO055/Adafruit_BNO055.o
                0x0080021b                _ZTV15Adafruit_BNO055
 .rodata.allOnes
                0x00800225        0x6 EtherCardModified/tcpip.o
                0x00800225                allOnes
 .rodata.str1.1
                0x0080022b       0x3f main.o
 .rodata._ZTV14HardwareSerial
                0x0080026a       0x12 Micro/Peripherals/HardwareSerial.o
                0x0080026a                _ZTV14HardwareSerial
 .rodata._ZTV7TwoWire
                0x0080027c       0x12 Micro/Peripherals/Wire.o
                0x0080027c                _ZTV7TwoWire
 .rodata._ZN6MS583711MS5837_30BAE
                0x0080028e        0x1 MS5837/MS5837.o
                0x0080028e                _ZN6MS583711MS5837_30BAE
 .rodata._ZTV16HardwarePcbServo
                0x0080028f        0x8 PcbPins/HardwarePcbServo.o
                0x0080028f                _ZTV16HardwarePcbServo
 .rodata._ZTV11TwiPcbServo
                0x00800297        0x8 PcbPins/TwiPcbServo.o
                0x00800297                _ZTV11TwiPcbServo
 .rodata.str1.1
                0x0080029f      0x1f2 Robot.o
                                0x1f4 (size before relaxing)
 .rodata._ZTV13DigitalSensor
                0x00800491        0xc Robot.o
                0x00800491                _ZTV13DigitalSensor
 .rodata._ZTV15DigitalActuator
                0x0080049d        0xc Robot.o
                0x0080049d                _ZTV15DigitalActuator
 .rodata._ZTV13ServoActuator
                0x008004a9        0xc Robot.o
                0x008004a9                _ZTV13ServoActuator
 .rodata._ZTV11TwiRegister
                0x008004b5        0xc Robot.o
                0x008004b5                _ZTV11TwiRegister
 .rodata._ZTV9ImuSensor
                0x008004c1        0xc Sensors/ImuSensor.o
                0x008004c1                _ZTV9ImuSensor
 .rodata._ZTV14PressureSensor
                0x008004cd        0xc Sensors/PressureSensor.o
                0x008004cd                _ZTV14PressureSensor
 .rodata.str1.1
                0x008004d9        0xf Utils/Print.o
 *(.gnu.linkonce.r*)
                0x008004e8                . = ALIGN (0x2)
                0x008004e8                _edata = .
                0x008004e8                PROVIDE (__data_end, .)

.bss            0x008004e8      0x776
                0x008004e8                PROVIDE (__bss_start, .)
 *(.bss)
 *(.bss*)
 .bss._ZL14SendDataBuffer
                0x008004e8        0x2 Commands.o
 .bss._ZZN8ENC28J6013packetReceiveEvE14gNextPacketPtr
                0x008004ea        0x2 EtherCardModified/enc28j60.o
 .bss._ZZN8ENC28J6013packetReceiveEvE16unreleasedPacket
                0x008004ec        0x1 EtherCardModified/enc28j60.o
 .bss._ZL9selectPin
                0x008004ed        0x1 EtherCardModified/enc28j60.o
 .bss._ZL10selectPort
                0x008004ee        0x2 EtherCardModified/enc28j60.o
 .bss._ZL12Enc28j60Bank
                0x008004f0        0x1 EtherCardModified/enc28j60.o
 .bss._ZN8ENC28J6010bufferSizeE
                0x008004f1        0x2 EtherCardModified/enc28j60.o
                0x008004f1                _ZN8ENC28J6010bufferSizeE
 .bss._ZN8ENC28J606bufferE
                0x008004f3      0x200 EtherCardModified/EtherCard.o
                0x008004f3                _ZN8ENC28J606bufferE
 .bss._ZN9EtherCard8delaycntE
                0x008006f3        0x2 EtherCardModified/EtherCard.o
                0x008006f3                _ZN9EtherCard8delaycntE
 .bss._ZN9EtherCard5hisipE
                0x008006f5        0x4 EtherCardModified/EtherCard.o
                0x008006f5                _ZN9EtherCard5hisipE
 .bss._ZN9EtherCard5dnsipE
                0x008006f9        0x4 EtherCardModified/EtherCard.o
                0x008006f9                _ZN9EtherCard5dnsipE
 .bss._ZN9EtherCard4gwipE
                0x008006fd        0x4 EtherCardModified/EtherCard.o
                0x008006fd                _ZN9EtherCard4gwipE
 .bss._ZN9EtherCard11broadcastipE
                0x00800701        0x4 EtherCardModified/EtherCard.o
                0x00800701                _ZN9EtherCard11broadcastipE
 .bss._ZN9EtherCard7netmaskE
                0x00800705        0x4 EtherCardModified/EtherCard.o
                0x00800705                _ZN9EtherCard7netmaskE
 .bss._ZN9EtherCard4myipE
                0x00800709        0x4 EtherCardModified/EtherCard.o
                0x00800709                _ZN9EtherCard4myipE
 .bss._ZN9EtherCard5mymacE
                0x0080070d        0x6 EtherCardModified/EtherCard.o
                0x0080070d                _ZN9EtherCard5mymacE
 .bss._ZL9waitgwmac
                0x00800713        0x1 EtherCardModified/tcpip.o
 .bss._ZL9gwmacaddr
                0x00800714        0x6 EtherCardModified/tcpip.o
 .bss._ZL12has_dest_mac
                0x0080071a        0x1 EtherCardModified/tcpip.o
 .bss._ZL20waiting_for_dest_mac
                0x0080071b        0x1 EtherCardModified/tcpip.o
 .bss._ZL11has_dns_mac
                0x0080071c        0x1 EtherCardModified/tcpip.o
 .bss._ZL19waiting_for_dns_mac
                0x0080071d        0x1 EtherCardModified/tcpip.o
 .bss._ZL11destmacaddr
                0x0080071e        0x6 EtherCardModified/tcpip.o
 .bss._ZL7icmp_cb
                0x00800724        0x2 EtherCardModified/tcpip.o
 .bss.numListeners
                0x00800726        0x1 EtherCardModified/udpserver.o
                0x00800726                numListeners
 .bss.listeners
                0x00800727       0x28 EtherCardModified/udpserver.o
                0x00800727                listeners
 .bss._ZN9EtherComm9_destPortE
                0x0080074f        0x2 EtherComm.o
                0x0080074f                _ZN9EtherComm9_destPortE
 .bss._ZN9EtherComm9_recvPortE
                0x00800751        0x2 EtherComm.o
                0x00800751                _ZN9EtherComm9_recvPortE
 .bss.Serial3   0x00800753        0xc Micro/Peripherals/HardwareSerial.o
                0x00800753                Serial3
 .bss.Serial2   0x0080075f        0xc Micro/Peripherals/HardwareSerial.o
                0x0080075f                Serial2
 .bss.Serial1   0x0080076b        0xc Micro/Peripherals/HardwareSerial.o
                0x0080076b                Serial1
 .bss.Serial    0x00800777        0xc Micro/Peripherals/HardwareSerial.o
                0x00800777                Serial
 .bss.Servo5    0x00800783       0x13 Micro/Peripherals/HardwareServo.o
                0x00800783                Servo5
 .bss.Servo4    0x00800796       0x13 Micro/Peripherals/HardwareServo.o
                0x00800796                Servo4
 .bss.Servo3    0x008007a9       0x13 Micro/Peripherals/HardwareServo.o
                0x008007a9                Servo3
 .bss.Servo1    0x008007bc       0x13 Micro/Peripherals/HardwareServo.o
                0x008007bc                Servo1
 .bss.Timer2    0x008007cf        0xc Micro/Peripherals/HardwareTimer.o
                0x008007cf                Timer2
 .bss.Timer0    0x008007db        0xc Micro/Peripherals/HardwareTimer.o
                0x008007db                Timer0
 .bss.twi_error
                0x008007e7        0x1 Micro/Peripherals/twi.o
 .bss.twi_rxBufferIndex
                0x008007e8        0x1 Micro/Peripherals/twi.o
 .bss.twi_rxBuffer
                0x008007e9       0x20 Micro/Peripherals/twi.o
 .bss.twi_txBufferLength
                0x00800809        0x1 Micro/Peripherals/twi.o
 .bss.twi_txBufferIndex
                0x0080080a        0x1 Micro/Peripherals/twi.o
 .bss.twi_txBuffer
                0x0080080b       0x20 Micro/Peripherals/twi.o
 .bss.twi_masterBufferLength
                0x0080082b        0x1 Micro/Peripherals/twi.o
 .bss.twi_masterBufferIndex
                0x0080082c        0x1 Micro/Peripherals/twi.o
 .bss.twi_masterBuffer
                0x0080082d       0x20 Micro/Peripherals/twi.o
 .bss.twi_onSlaveReceive
                0x0080084d        0x2 Micro/Peripherals/twi.o
 .bss.twi_onSlaveTransmit
                0x0080084f        0x2 Micro/Peripherals/twi.o
 .bss.twi_inRepStart
                0x00800851        0x1 Micro/Peripherals/twi.o
 .bss.twi_sendStop
                0x00800852        0x1 Micro/Peripherals/twi.o
 .bss.twi_slarw
                0x00800853        0x1 Micro/Peripherals/twi.o
 .bss.twi_state
                0x00800854        0x1 Micro/Peripherals/twi.o
 .bss.Wire      0x00800855        0x2 Micro/Peripherals/Wire.o
                0x00800855                Wire
 .bss._ZN7TwoWire14user_onReceiveE
                0x00800857        0x2 Micro/Peripherals/Wire.o
                0x00800857                _ZN7TwoWire14user_onReceiveE
 .bss._ZN7TwoWire14user_onRequestE
                0x00800859        0x2 Micro/Peripherals/Wire.o
                0x00800859                _ZN7TwoWire14user_onRequestE
 .bss._ZN7TwoWire12transmittingE
                0x0080085b        0x1 Micro/Peripherals/Wire.o
                0x0080085b                _ZN7TwoWire12transmittingE
 .bss._ZN7TwoWire14txBufferLengthE
                0x0080085c        0x1 Micro/Peripherals/Wire.o
                0x0080085c                _ZN7TwoWire14txBufferLengthE
 .bss._ZN7TwoWire13txBufferIndexE
                0x0080085d        0x1 Micro/Peripherals/Wire.o
                0x0080085d                _ZN7TwoWire13txBufferIndexE
 .bss._ZN7TwoWire8txBufferE
                0x0080085e       0x20 Micro/Peripherals/Wire.o
                0x0080085e                _ZN7TwoWire8txBufferE
 .bss._ZN7TwoWire9txAddressE
                0x0080087e        0x1 Micro/Peripherals/Wire.o
                0x0080087e                _ZN7TwoWire9txAddressE
 .bss._ZN7TwoWire14rxBufferLengthE
                0x0080087f        0x1 Micro/Peripherals/Wire.o
                0x0080087f                _ZN7TwoWire14rxBufferLengthE
 .bss._ZN7TwoWire13rxBufferIndexE
                0x00800880        0x1 Micro/Peripherals/Wire.o
                0x00800880                _ZN7TwoWire13rxBufferIndexE
 .bss._ZN7TwoWire8rxBufferE
                0x00800881       0x20 Micro/Peripherals/Wire.o
                0x00800881                _ZN7TwoWire8rxBufferE
 .bss.PcbServoD8
                0x008008a1        0x8 PcbPins/PcbPins.o
                0x008008a1                PcbServoD8
 .bss.PcbServoD7
                0x008008a9        0x8 PcbPins/PcbPins.o
                0x008008a9                PcbServoD7
 .bss.PcbServoD6
                0x008008b1        0x8 PcbPins/PcbPins.o
                0x008008b1                PcbServoD6
 .bss.PcbServoD5
                0x008008b9        0x8 PcbPins/PcbPins.o
                0x008008b9                PcbServoD5
 .bss.PcbServoD4
                0x008008c1        0x8 PcbPins/PcbPins.o
                0x008008c1                PcbServoD4
 .bss.PcbServoD3
                0x008008c9        0x8 PcbPins/PcbPins.o
                0x008008c9                PcbServoD3
 .bss.PcbServoD2
                0x008008d1        0x8 PcbPins/PcbPins.o
                0x008008d1                PcbServoD2
 .bss.PcbServoD1
                0x008008d9        0x8 PcbPins/PcbPins.o
                0x008008d9                PcbServoD1
 .bss.PcbServoC8
                0x008008e1        0x8 PcbPins/PcbPins.o
                0x008008e1                PcbServoC8
 .bss.PcbServoC7
                0x008008e9        0x8 PcbPins/PcbPins.o
                0x008008e9                PcbServoC7
 .bss.PcbServoC6
                0x008008f1        0x8 PcbPins/PcbPins.o
                0x008008f1                PcbServoC6
 .bss.PcbServoC5
                0x008008f9        0x8 PcbPins/PcbPins.o
                0x008008f9                PcbServoC5
 .bss.PcbServoC4
                0x00800901        0x8 PcbPins/PcbPins.o
                0x00800901                PcbServoC4
 .bss.PcbServoC3
                0x00800909        0x8 PcbPins/PcbPins.o
                0x00800909                PcbServoC3
 .bss.PcbServoC2
                0x00800911        0x8 PcbPins/PcbPins.o
                0x00800911                PcbServoC2
 .bss.PcbServoC1
                0x00800919        0x8 PcbPins/PcbPins.o
                0x00800919                PcbServoC1
 .bss.PcaServoController
                0x00800921        0x6 PcbPins/PcbPins.o
                0x00800921                PcaServoController
 .bss.PcbServoB6
                0x00800927        0x5 PcbPins/PcbPins.o
                0x00800927                PcbServoB6
 .bss.PcbServoB5
                0x0080092c        0x5 PcbPins/PcbPins.o
                0x0080092c                PcbServoB5
 .bss.PcbServoB4
                0x00800931        0x5 PcbPins/PcbPins.o
                0x00800931                PcbServoB4
 .bss.PcbServoB3
                0x00800936        0x5 PcbPins/PcbPins.o
                0x00800936                PcbServoB3
 .bss.PcbServoB2
                0x0080093b        0x5 PcbPins/PcbPins.o
                0x0080093b                PcbServoB2
 .bss.PcbServoB1
                0x00800940        0x5 PcbPins/PcbPins.o
                0x00800940                PcbServoB1
 .bss.PcbServoA5
                0x00800945        0x5 PcbPins/PcbPins.o
                0x00800945                PcbServoA5
 .bss.PcbServoA4
                0x0080094a        0x5 PcbPins/PcbPins.o
                0x0080094a                PcbServoA4
 .bss.PcbServoA3
                0x0080094f        0x5 PcbPins/PcbPins.o
                0x0080094f                PcbServoA3
 .bss.PcbServoA2
                0x00800954        0x5 PcbPins/PcbPins.o
                0x00800954                PcbServoA2
 .bss.PcbServoA1
                0x00800959        0x5 PcbPins/PcbPins.o
                0x00800959                PcbServoA1
 .bss.ErrorCodes
                0x0080095e        0x4 Robot.o
                0x0080095e                ErrorCodes
 .bss.initialized
                0x00800962        0x1 Robot.o
                0x00800962                initialized
 .bss.TwiSettings
                0x00800963        0x3 Robot.o
                0x00800963                TwiSettings
 .bss.Imu       0x00800966       0x15 Robot.o
                0x00800966                Imu
 .bss.Pressure  0x0080097b       0x2c Robot.o
                0x0080097b                Pressure
 .bss.LED       0x008009a7        0x7 Robot.o
                0x008009a7                LED
 .bss.Button1   0x008009ae        0x7 Robot.o
                0x008009ae                Button1
 .bss.Button0   0x008009b5        0x7 Robot.o
                0x008009b5                Button0
 .bss.ServoD8   0x008009bc        0x6 Robot.o
                0x008009bc                ServoD8
 .bss.ServoD7   0x008009c2        0x6 Robot.o
                0x008009c2                ServoD7
 .bss.ServoD6   0x008009c8        0x6 Robot.o
                0x008009c8                ServoD6
 .bss.ServoD5   0x008009ce        0x6 Robot.o
                0x008009ce                ServoD5
 .bss.ServoD4   0x008009d4        0x6 Robot.o
                0x008009d4                ServoD4
 .bss.ServoD3   0x008009da        0x6 Robot.o
                0x008009da                ServoD3
 .bss.ServoD2   0x008009e0        0x6 Robot.o
                0x008009e0                ServoD2
 .bss.ServoD1   0x008009e6        0x6 Robot.o
                0x008009e6                ServoD1
 .bss.ServoC8   0x008009ec        0x6 Robot.o
                0x008009ec                ServoC8
 .bss.ServoC7   0x008009f2        0x6 Robot.o
                0x008009f2                ServoC7
 .bss.ServoC6   0x008009f8        0x6 Robot.o
                0x008009f8                ServoC6
 .bss.ServoC5   0x008009fe        0x6 Robot.o
                0x008009fe                ServoC5
 .bss.ServoC4   0x00800a04        0x6 Robot.o
                0x00800a04                ServoC4
 .bss.ServoC3   0x00800a0a        0x6 Robot.o
                0x00800a0a                ServoC3
 .bss.ServoC2   0x00800a10        0x6 Robot.o
                0x00800a10                ServoC2
 .bss.ServoC1   0x00800a16        0x6 Robot.o
                0x00800a16                ServoC1
 .bss.ServoB6   0x00800a1c        0x6 Robot.o
                0x00800a1c                ServoB6
 .bss.ServoB5   0x00800a22        0x6 Robot.o
                0x00800a22                ServoB5
 .bss.ServoB4   0x00800a28        0x6 Robot.o
                0x00800a28                ServoB4
 .bss.ServoB3   0x00800a2e        0x6 Robot.o
                0x00800a2e                ServoB3
 .bss.ServoB2   0x00800a34        0x6 Robot.o
                0x00800a34                ServoB2
 .bss.ServoB1   0x00800a3a        0x6 Robot.o
                0x00800a3a                ServoB1
 .bss.ServoA5   0x00800a40        0x6 Robot.o
                0x00800a40                ServoA5
 .bss.ServoA4   0x00800a46        0x6 Robot.o
                0x00800a46                ServoA4
 .bss.ServoA3   0x00800a4c        0x6 Robot.o
                0x00800a4c                ServoA3
 .bss.ServoA2   0x00800a52        0x6 Robot.o
                0x00800a52                ServoA2
 .bss.ServoA1   0x00800a58        0x6 Robot.o
                0x00800a58                ServoA1
 .bss._ZN5Robot9registersE
                0x00800a5e      0x200 Robot.o
                0x00800a5e                _ZN5Robot9registersE
 *(COMMON)
                0x00800c5e                PROVIDE (__bss_end, .)
                0x00005422                __data_load_start = LOADADDR (.data)
                0x0000570a                __data_load_end = (__data_load_start + SIZEOF (.data))

.noinit         0x00800c5e        0x0
                [!provide]                PROVIDE (__noinit_start, .)
 *(.noinit*)
                [!provide]                PROVIDE (__noinit_end, .)
                0x00800c5e                _end = .
                [!provide]                PROVIDE (__heap_start, .)

.eeprom         0x00810000        0x0
 *(.eeprom*)
                0x00810000                __eeprom_end = .

.fuse
 *(.fuse)
 *(.lfuse)
 *(.hfuse)
 *(.efuse)

.lock
 *(.lock*)

.signature
 *(.signature*)

.user_signatures
 *(.user_signatures*)

.stab
 *(.stab)

.stabstr
 *(.stabstr)

.stab.excl
 *(.stab.excl)

.stab.exclstr
 *(.stab.exclstr)

.stab.index
 *(.stab.index)

.stab.indexstr
 *(.stab.indexstr)

.comment        0x00000000       0x30
 *(.comment)
 .comment       0x00000000       0x30 BNO055/Adafruit_BNO055.o
                                 0x31 (size before relaxing)
 .comment       0x00000030       0x31 Commands.o
 .comment       0x00000030       0x31 EtherCardModified/enc28j60.o
 .comment       0x00000030       0x31 EtherCardModified/EtherCard.o
 .comment       0x00000030       0x31 EtherCardModified/tcpip.o
 .comment       0x00000030       0x31 EtherCardModified/udpserver.o
 .comment       0x00000030       0x31 EtherCardModified/webutil.o
 .comment       0x00000030       0x31 EtherComm.o
 .comment       0x00000030       0x31 main.o
 .comment       0x00000030       0x31 Micro/Peripherals/HardwareSerial.o
 .comment       0x00000030       0x31 Micro/Peripherals/HardwareServo.o
 .comment       0x00000030       0x31 Micro/Peripherals/HardwareTimer.o
 .comment       0x00000030       0x31 Micro/Peripherals/twi.o
 .comment       0x00000030       0x31 Micro/Peripherals/Wire.o
 .comment       0x00000030       0x31 MS5837/MS5837.o
 .comment       0x00000030       0x31 PCA9685/PCA9685.o
 .comment       0x00000030       0x31 PCA9685/TwiServoController.o
 .comment       0x00000030       0x31 PcbPins/HardwarePcbServo.o
 .comment       0x00000030       0x31 PcbPins/PcbPins.o
 .comment       0x00000030       0x31 PcbPins/TwiPcbServo.o
 .comment       0x00000030       0x31 Robot.o
 .comment       0x00000030       0x31 Sensors/ImuSensor.o
 .comment       0x00000030       0x31 Sensors/PressureSensor.o
 .comment       0x00000030       0x31 Utils/Print.o

.note.gnu.avr.deviceinfo
                0x00000000       0x40
 .note.gnu.avr.deviceinfo
                0x00000000       0x40 C:/Program Files (x86)/Atmel/Studio/7.0/Packs/atmel/ATmega_DFP/1.2.209/gcc/dev/atmega2560/avr6/crtatmega2560.o

.note.gnu.build-id
 *(.note.gnu.build-id)

.debug
 *(.debug)

.line
 *(.line)

.debug_srcinfo
 *(.debug_srcinfo)

.debug_sfnames
 *(.debug_sfnames)

.debug_aranges  0x00000000      0xa50
 *(.debug_aranges)
 .debug_aranges
                0x00000000       0xf8 BNO055/Adafruit_BNO055.o
 .debug_aranges
                0x000000f8       0x40 Commands.o
 .debug_aranges
                0x00000138       0x88 EtherCardModified/enc28j60.o
 .debug_aranges
                0x000001c0       0x28 EtherCardModified/EtherCard.o
 .debug_aranges
                0x000001e8       0xb0 EtherCardModified/tcpip.o
 .debug_aranges
                0x00000298       0x40 EtherCardModified/udpserver.o
 .debug_aranges
                0x000002d8       0x60 EtherCardModified/webutil.o
 .debug_aranges
                0x00000338       0x38 EtherComm.o
 .debug_aranges
                0x00000370       0x20 main.o
 .debug_aranges
                0x00000390       0x78 Micro/Peripherals/HardwareSerial.o
 .debug_aranges
                0x00000408       0x80 Micro/Peripherals/HardwareServo.o
 .debug_aranges
                0x00000488       0x78 Micro/Peripherals/HardwareTimer.o
 .debug_aranges
                0x00000500       0x80 Micro/Peripherals/twi.o
 .debug_aranges
                0x00000580       0xf8 Micro/Peripherals/Wire.o
 .debug_aranges
                0x00000678       0x68 MS5837/MS5837.o
 .debug_aranges
                0x000006e0       0xa0 PCA9685/PCA9685.o
 .debug_aranges
                0x00000780       0x38 PCA9685/TwiServoController.o
 .debug_aranges
                0x000007b8       0x30 PcbPins/HardwarePcbServo.o
 .debug_aranges
                0x000007e8       0x20 PcbPins/PcbPins.o
 .debug_aranges
                0x00000808       0x30 PcbPins/TwiPcbServo.o
 .debug_aranges
                0x00000838       0xd0 Robot.o
 .debug_aranges
                0x00000908       0x40 Sensors/ImuSensor.o
 .debug_aranges
                0x00000948       0x40 Sensors/PressureSensor.o
 .debug_aranges
                0x00000988       0xc8 Utils/Print.o

.debug_pubnames
 *(.debug_pubnames)

.debug_info     0x00000000    0x1884c
 *(.debug_info .gnu.linkonce.wi.*)
 .debug_info    0x00000000      0xbbc C:/Program Files (x86)/Atmel/Studio/7.0/Packs/atmel/ATmega_DFP/1.2.209/gcc/dev/atmega2560/avr6/crtatmega2560.o
 .debug_info    0x00000bbc     0x437e BNO055/Adafruit_BNO055.o
 .debug_info    0x00004f3a      0x8fa Commands.o
 .debug_info    0x00005834      0xfd8 EtherCardModified/enc28j60.o
 .debug_info    0x0000680c      0x77b EtherCardModified/EtherCard.o
 .debug_info    0x00006f87     0x10d6 EtherCardModified/tcpip.o
 .debug_info    0x0000805d      0x6de EtherCardModified/udpserver.o
 .debug_info    0x0000873b      0x8f0 EtherCardModified/webutil.o
 .debug_info    0x0000902b      0x95e EtherComm.o
 .debug_info    0x00009989      0x752 main.o
 .debug_info    0x0000a0db      0xe35 Micro/Peripherals/HardwareSerial.o
 .debug_info    0x0000af10      0x8eb Micro/Peripherals/HardwareServo.o
 .debug_info    0x0000b7fb      0x69b Micro/Peripherals/HardwareTimer.o
 .debug_info    0x0000be96      0x60a Micro/Peripherals/twi.o
 .debug_info    0x0000c4a0     0x163d Micro/Peripherals/Wire.o
 .debug_info    0x0000dadd      0xcbc MS5837/MS5837.o
 .debug_info    0x0000e799     0x108a PCA9685/PCA9685.o
 .debug_info    0x0000f823      0x656 PCA9685/TwiServoController.o
 .debug_info    0x0000fe79      0x6b1 PcbPins/HardwarePcbServo.o
 .debug_info    0x0001052a      0xd09 PcbPins/PcbPins.o
 .debug_info    0x00011233      0x6f7 PcbPins/TwiPcbServo.o
 .debug_info    0x0001192a     0x399e Robot.o
 .debug_info    0x000152c8     0x1261 Sensors/ImuSensor.o
 .debug_info    0x00016529     0x1163 Sensors/PressureSensor.o
 .debug_info    0x0001768c     0x11c0 Utils/Print.o

.debug_abbrev   0x00000000     0x5204
 *(.debug_abbrev)
 .debug_abbrev  0x00000000      0xb1a C:/Program Files (x86)/Atmel/Studio/7.0/Packs/atmel/ATmega_DFP/1.2.209/gcc/dev/atmega2560/avr6/crtatmega2560.o
 .debug_abbrev  0x00000b1a      0x5a8 BNO055/Adafruit_BNO055.o
 .debug_abbrev  0x000010c2      0x27e Commands.o
 .debug_abbrev  0x00001340      0x3b9 EtherCardModified/enc28j60.o
 .debug_abbrev  0x000016f9      0x180 EtherCardModified/EtherCard.o
 .debug_abbrev  0x00001879      0x379 EtherCardModified/tcpip.o
 .debug_abbrev  0x00001bf2      0x1fd EtherCardModified/udpserver.o
 .debug_abbrev  0x00001def      0x295 EtherCardModified/webutil.o
 .debug_abbrev  0x00002084      0x226 EtherComm.o
 .debug_abbrev  0x000022aa      0x206 main.o
 .debug_abbrev  0x000024b0      0x322 Micro/Peripherals/HardwareSerial.o
 .debug_abbrev  0x000027d2      0x1d4 Micro/Peripherals/HardwareServo.o
 .debug_abbrev  0x000029a6      0x236 Micro/Peripherals/HardwareTimer.o
 .debug_abbrev  0x00002bdc      0x222 Micro/Peripherals/twi.o
 .debug_abbrev  0x00002dfe      0x428 Micro/Peripherals/Wire.o
 .debug_abbrev  0x00003226      0x362 MS5837/MS5837.o
 .debug_abbrev  0x00003588      0x30c PCA9685/PCA9685.o
 .debug_abbrev  0x00003894      0x21c PCA9685/TwiServoController.o
 .debug_abbrev  0x00003ab0      0x21e PcbPins/HardwarePcbServo.o
 .debug_abbrev  0x00003cce      0x1c3 PcbPins/PcbPins.o
 .debug_abbrev  0x00003e91      0x21e PcbPins/TwiPcbServo.o
 .debug_abbrev  0x000040af      0x693 Robot.o
 .debug_abbrev  0x00004742      0x440 Sensors/ImuSensor.o
 .debug_abbrev  0x00004b82      0x3e6 Sensors/PressureSensor.o
 .debug_abbrev  0x00004f68      0x29c Utils/Print.o

.debug_line     0x00000000     0x62a8
 *(.debug_line .debug_line.* .debug_line_end)
 .debug_line    0x00000000      0x1f9 C:/Program Files (x86)/Atmel/Studio/7.0/Packs/atmel/ATmega_DFP/1.2.209/gcc/dev/atmega2560/avr6/crtatmega2560.o
 .debug_line    0x000001f9      0xc94 BNO055/Adafruit_BNO055.o
 .debug_line    0x00000e8d      0x18b Commands.o
 .debug_line    0x00001018      0x630 EtherCardModified/enc28j60.o
 .debug_line    0x00001648      0x15b EtherCardModified/EtherCard.o
 .debug_line    0x000017a3      0x7f8 EtherCardModified/tcpip.o
 .debug_line    0x00001f9b      0x20d EtherCardModified/udpserver.o
 .debug_line    0x000021a8      0x3ae EtherCardModified/webutil.o
 .debug_line    0x00002556      0x1d8 EtherComm.o
 .debug_line    0x0000272e      0x197 main.o
 .debug_line    0x000028c5      0x30a Micro/Peripherals/HardwareSerial.o
 .debug_line    0x00002bcf      0x23a Micro/Peripherals/HardwareServo.o
 .debug_line    0x00002e09      0x2d0 Micro/Peripherals/HardwareTimer.o
 .debug_line    0x000030d9      0x544 Micro/Peripherals/twi.o
 .debug_line    0x0000361d      0x5a0 Micro/Peripherals/Wire.o
 .debug_line    0x00003bbd      0x519 MS5837/MS5837.o
 .debug_line    0x000040d6      0x53c PCA9685/PCA9685.o
 .debug_line    0x00004612      0x1be PCA9685/TwiServoController.o
 .debug_line    0x000047d0      0x20e PcbPins/HardwarePcbServo.o
 .debug_line    0x000049de      0x1f0 PcbPins/PcbPins.o
 .debug_line    0x00004bce      0x15f PcbPins/TwiPcbServo.o
 .debug_line    0x00004d2d      0xa5b Robot.o
 .debug_line    0x00005788      0x39d Sensors/ImuSensor.o
 .debug_line    0x00005b25      0x298 Sensors/PressureSensor.o
 .debug_line    0x00005dbd      0x4eb Utils/Print.o

.debug_frame    0x00000000     0x1ed4
 *(.debug_frame)
 .debug_frame   0x00000000      0x490 BNO055/Adafruit_BNO055.o
 .debug_frame   0x00000490       0x64 Commands.o
 .debug_frame   0x000004f4      0x1b4 EtherCardModified/enc28j60.o
 .debug_frame   0x000006a8       0x70 EtherCardModified/EtherCard.o
 .debug_frame   0x00000718      0x240 EtherCardModified/tcpip.o
 .debug_frame   0x00000958       0xb8 EtherCardModified/udpserver.o
 .debug_frame   0x00000a10      0x130 EtherCardModified/webutil.o
 .debug_frame   0x00000b40       0x98 EtherComm.o
 .debug_frame   0x00000bd8       0x24 main.o
 .debug_frame   0x00000bfc      0x10c Micro/Peripherals/HardwareSerial.o
 .debug_frame   0x00000d08      0x124 Micro/Peripherals/HardwareServo.o
 .debug_frame   0x00000e2c      0x1e4 Micro/Peripherals/HardwareTimer.o
 .debug_frame   0x00001010      0x134 Micro/Peripherals/twi.o
 .debug_frame   0x00001144      0x280 Micro/Peripherals/Wire.o
 .debug_frame   0x000013c4      0x1a4 MS5837/MS5837.o
 .debug_frame   0x00001568      0x21c PCA9685/PCA9685.o
 .debug_frame   0x00001784       0x60 PCA9685/TwiServoController.o
 .debug_frame   0x000017e4       0x44 PcbPins/HardwarePcbServo.o
 .debug_frame   0x00001828       0x24 PcbPins/PcbPins.o
 .debug_frame   0x0000184c       0x44 PcbPins/TwiPcbServo.o
 .debug_frame   0x00001890      0x1e4 Robot.o
 .debug_frame   0x00001a74       0xd0 Sensors/ImuSensor.o
 .debug_frame   0x00001b44       0xb0 Sensors/PressureSensor.o
 .debug_frame   0x00001bf4      0x2e0 Utils/Print.o

.debug_str      0x00000000     0x6ccc
 *(.debug_str)
 .debug_str     0x00000000      0x3e6 C:/Program Files (x86)/Atmel/Studio/7.0/Packs/atmel/ATmega_DFP/1.2.209/gcc/dev/atmega2560/avr6/crtatmega2560.o
 .debug_str     0x000003e6     0x31bd BNO055/Adafruit_BNO055.o
                               0x332b (size before relaxing)
 .debug_str     0x000035a3      0x88f Commands.o
                                0xaa3 (size before relaxing)
 .debug_str     0x00003e32      0x21f EtherCardModified/enc28j60.o
                                0x54d (size before relaxing)
 .debug_str     0x00004051       0xf7 EtherCardModified/EtherCard.o
                                0x8cb (size before relaxing)
 .debug_str     0x00004148      0x1fe EtherCardModified/tcpip.o
                                0x9c4 (size before relaxing)
 .debug_str     0x00004346       0x68 EtherCardModified/udpserver.o
                                0x843 (size before relaxing)
 .debug_str     0x000043ae       0xb4 EtherCardModified/webutil.o
                                0x867 (size before relaxing)
 .debug_str     0x00004462       0xfe EtherComm.o
                                0xa05 (size before relaxing)
 .debug_str     0x00004560       0x5d main.o
                                0x94e (size before relaxing)
 .debug_str     0x000045bd      0x6b0 Micro/Peripherals/HardwareSerial.o
                                0x9a7 (size before relaxing)
 .debug_str     0x00004c6d      0x2ac Micro/Peripherals/HardwareServo.o
                                0x50a (size before relaxing)
 .debug_str     0x00004f19      0x226 Micro/Peripherals/HardwareTimer.o
                                0x48a (size before relaxing)
 .debug_str     0x0000513f      0x28d Micro/Peripherals/twi.o
                                0x382 (size before relaxing)
 .debug_str     0x000053cc      0x44f Micro/Peripherals/Wire.o
                                0xc76 (size before relaxing)
 .debug_str     0x0000581b      0x206 MS5837/MS5837.o
                                0x708 (size before relaxing)
 .debug_str     0x00005a21      0x2c7 PCA9685/PCA9685.o
                                0x686 (size before relaxing)
 .debug_str     0x00005ce8       0xe4 PCA9685/TwiServoController.o
                                0x574 (size before relaxing)
 .debug_str     0x00005dcc      0x1e8 PcbPins/HardwarePcbServo.o
                                0x641 (size before relaxing)
 .debug_str     0x00005fb4      0x16e PcbPins/PcbPins.o
                                0x911 (size before relaxing)
 .debug_str     0x00006122       0xd1 PcbPins/TwiPcbServo.o
                                0x6a1 (size before relaxing)
 .debug_str     0x000061f3      0x739 Robot.o
                               0x2861 (size before relaxing)
 .debug_str     0x0000692c      0x105 Sensors/ImuSensor.o
                                0xf14 (size before relaxing)
 .debug_str     0x00006a31       0xc0 Sensors/PressureSensor.o
                                0xf40 (size before relaxing)
 .debug_str     0x00006af1      0x1db Utils/Print.o
                                0x4a3 (size before relaxing)

.debug_loc      0x00000000     0xbfe5
 *(.debug_loc)
 .debug_loc     0x00000000     0x2220 BNO055/Adafruit_BNO055.o
 .debug_loc     0x00002220      0x1a7 Commands.o
 .debug_loc     0x000023c7      0x955 EtherCardModified/enc28j60.o
 .debug_loc     0x00002d1c      0x25f EtherCardModified/EtherCard.o
 .debug_loc     0x00002f7b      0xa60 EtherCardModified/tcpip.o
 .debug_loc     0x000039db      0x243 EtherCardModified/udpserver.o
 .debug_loc     0x00003c1e      0x8a2 EtherCardModified/webutil.o
 .debug_loc     0x000044c0      0x48e EtherComm.o
 .debug_loc     0x0000494e      0x451 Micro/Peripherals/HardwareSerial.o
 .debug_loc     0x00004d9f      0x60d Micro/Peripherals/HardwareServo.o
 .debug_loc     0x000053ac      0x687 Micro/Peripherals/HardwareTimer.o
 .debug_loc     0x00005a33      0x54a Micro/Peripherals/twi.o
 .debug_loc     0x00005f7d      0xb3b Micro/Peripherals/Wire.o
 .debug_loc     0x00006ab8      0xed7 MS5837/MS5837.o
 .debug_loc     0x0000798f      0xdfb PCA9685/PCA9685.o
 .debug_loc     0x0000878a      0x1a8 PCA9685/TwiServoController.o
 .debug_loc     0x00008932      0x2d6 PcbPins/HardwarePcbServo.o
 .debug_loc     0x00008c08       0x29 PcbPins/PcbPins.o
 .debug_loc     0x00008c31      0x162 PcbPins/TwiPcbServo.o
 .debug_loc     0x00008d93     0x100b Robot.o
 .debug_loc     0x00009d9e      0x821 Sensors/ImuSensor.o
 .debug_loc     0x0000a5bf      0x406 Sensors/PressureSensor.o
 .debug_loc     0x0000a9c5     0x1620 Utils/Print.o

.debug_macinfo
 *(.debug_macinfo)

.debug_weaknames
 *(.debug_weaknames)

.debug_funcnames
 *(.debug_funcnames)

.debug_typenames
 *(.debug_typenames)

.debug_varnames
 *(.debug_varnames)

.debug_pubtypes
 *(.debug_pubtypes)

.debug_ranges   0x00000000      0x988
 *(.debug_ranges)
 .debug_ranges  0x00000000       0xe8 BNO055/Adafruit_BNO055.o
 .debug_ranges  0x000000e8       0x30 Commands.o
 .debug_ranges  0x00000118       0xc0 EtherCardModified/enc28j60.o
 .debug_ranges  0x000001d8       0x18 EtherCardModified/EtherCard.o
 .debug_ranges  0x000001f0       0xe0 EtherCardModified/tcpip.o
 .debug_ranges  0x000002d0       0x48 EtherCardModified/udpserver.o
 .debug_ranges  0x00000318       0x68 EtherCardModified/webutil.o
 .debug_ranges  0x00000380       0x28 EtherComm.o
 .debug_ranges  0x000003a8       0x10 main.o
 .debug_ranges  0x000003b8       0x68 Micro/Peripherals/HardwareSerial.o
 .debug_ranges  0x00000420       0x70 Micro/Peripherals/HardwareServo.o
 .debug_ranges  0x00000490       0x68 Micro/Peripherals/HardwareTimer.o
 .debug_ranges  0x000004f8       0x70 Micro/Peripherals/twi.o
 .debug_ranges  0x00000568       0xe8 Micro/Peripherals/Wire.o
 .debug_ranges  0x00000650       0x58 MS5837/MS5837.o
 .debug_ranges  0x000006a8       0x90 PCA9685/PCA9685.o
 .debug_ranges  0x00000738       0x28 PCA9685/TwiServoController.o
 .debug_ranges  0x00000760       0x20 PcbPins/HardwarePcbServo.o
 .debug_ranges  0x00000780       0x10 PcbPins/PcbPins.o
 .debug_ranges  0x00000790       0x20 PcbPins/TwiPcbServo.o
 .debug_ranges  0x000007b0       0xc0 Robot.o
 .debug_ranges  0x00000870       0x30 Sensors/ImuSensor.o
 .debug_ranges  0x000008a0       0x30 Sensors/PressureSensor.o
 .debug_ranges  0x000008d0       0xb8 Utils/Print.o

.debug_macro
 *(.debug_macro)
OUTPUT(RovController.elf elf32-avr)
LOAD linker stubs
