Archive member included to satisfy reference by file (symbol)

c:/program files (x86)/atmel/studio/7.0/toolchain/avr8/avr8-gnu-toolchain/bin/../lib/gcc/avr/5.4.0/../../../../avr/lib/avr6\libm.a(addsf3.o)
                              Micro/Peripherals/HardwareTimer.o (__subsf3)
c:/program files (x86)/atmel/studio/7.0/toolchain/avr8/avr8-gnu-toolchain/bin/../lib/gcc/avr/5.4.0/../../../../avr/lib/avr6\libm.a(addsf3x.o)
                              c:/program files (x86)/atmel/studio/7.0/toolchain/avr8/avr8-gnu-toolchain/bin/../lib/gcc/avr/5.4.0/../../../../avr/lib/avr6\libm.a(addsf3.o) (__addsf3x)
c:/program files (x86)/atmel/studio/7.0/toolchain/avr8/avr8-gnu-toolchain/bin/../lib/gcc/avr/5.4.0/../../../../avr/lib/avr6\libm.a(cmpsf2.o)
                              Micro/Peripherals/HardwareTimer.o (__ltsf2)
c:/program files (x86)/atmel/studio/7.0/toolchain/avr8/avr8-gnu-toolchain/bin/../lib/gcc/avr/5.4.0/../../../../avr/lib/avr6\libm.a(divsf3.o)
                              BNO055/Adafruit_BNO055.o (__divsf3)
c:/program files (x86)/atmel/studio/7.0/toolchain/avr8/avr8-gnu-toolchain/bin/../lib/gcc/avr/5.4.0/../../../../avr/lib/avr6\libm.a(divsf3x.o)
                              c:/program files (x86)/atmel/studio/7.0/toolchain/avr8/avr8-gnu-toolchain/bin/../lib/gcc/avr/5.4.0/../../../../avr/lib/avr6\libm.a(divsf3.o) (__divsf3x)
c:/program files (x86)/atmel/studio/7.0/toolchain/avr8/avr8-gnu-toolchain/bin/../lib/gcc/avr/5.4.0/../../../../avr/lib/avr6\libm.a(fixunssfsi.o)
                              Micro/Peripherals/HardwareTimer.o (__fixunssfsi)
c:/program files (x86)/atmel/studio/7.0/toolchain/avr8/avr8-gnu-toolchain/bin/../lib/gcc/avr/5.4.0/../../../../avr/lib/avr6\libm.a(floatsisf.o)
                              PCA9685/PCA9685.o (__floatunsisf)
c:/program files (x86)/atmel/studio/7.0/toolchain/avr8/avr8-gnu-toolchain/bin/../lib/gcc/avr/5.4.0/../../../../avr/lib/avr6\libm.a(fp_cmp.o)
                              c:/program files (x86)/atmel/studio/7.0/toolchain/avr8/avr8-gnu-toolchain/bin/../lib/gcc/avr/5.4.0/../../../../avr/lib/avr6\libm.a(cmpsf2.o) (__fp_cmp)
c:/program files (x86)/atmel/studio/7.0/toolchain/avr8/avr8-gnu-toolchain/bin/../lib/gcc/avr/5.4.0/../../../../avr/lib/avr6\libm.a(fp_inf.o)
                              c:/program files (x86)/atmel/studio/7.0/toolchain/avr8/avr8-gnu-toolchain/bin/../lib/gcc/avr/5.4.0/../../../../avr/lib/avr6\libm.a(addsf3x.o) (__fp_inf)
c:/program files (x86)/atmel/studio/7.0/toolchain/avr8/avr8-gnu-toolchain/bin/../lib/gcc/avr/5.4.0/../../../../avr/lib/avr6\libm.a(fp_nan.o)
                              c:/program files (x86)/atmel/studio/7.0/toolchain/avr8/avr8-gnu-toolchain/bin/../lib/gcc/avr/5.4.0/../../../../avr/lib/avr6\libm.a(addsf3x.o) (__fp_nan)
c:/program files (x86)/atmel/studio/7.0/toolchain/avr8/avr8-gnu-toolchain/bin/../lib/gcc/avr/5.4.0/../../../../avr/lib/avr6\libm.a(fp_pscA.o)
                              c:/program files (x86)/atmel/studio/7.0/toolchain/avr8/avr8-gnu-toolchain/bin/../lib/gcc/avr/5.4.0/../../../../avr/lib/avr6\libm.a(addsf3x.o) (__fp_pscA)
c:/program files (x86)/atmel/studio/7.0/toolchain/avr8/avr8-gnu-toolchain/bin/../lib/gcc/avr/5.4.0/../../../../avr/lib/avr6\libm.a(fp_pscB.o)
                              c:/program files (x86)/atmel/studio/7.0/toolchain/avr8/avr8-gnu-toolchain/bin/../lib/gcc/avr/5.4.0/../../../../avr/lib/avr6\libm.a(addsf3x.o) (__fp_pscB)
c:/program files (x86)/atmel/studio/7.0/toolchain/avr8/avr8-gnu-toolchain/bin/../lib/gcc/avr/5.4.0/../../../../avr/lib/avr6\libm.a(fp_round.o)
                              c:/program files (x86)/atmel/studio/7.0/toolchain/avr8/avr8-gnu-toolchain/bin/../lib/gcc/avr/5.4.0/../../../../avr/lib/avr6\libm.a(addsf3.o) (__fp_round)
c:/program files (x86)/atmel/studio/7.0/toolchain/avr8/avr8-gnu-toolchain/bin/../lib/gcc/avr/5.4.0/../../../../avr/lib/avr6\libm.a(fp_split3.o)
                              c:/program files (x86)/atmel/studio/7.0/toolchain/avr8/avr8-gnu-toolchain/bin/../lib/gcc/avr/5.4.0/../../../../avr/lib/avr6\libm.a(addsf3x.o) (__fp_split3)
c:/program files (x86)/atmel/studio/7.0/toolchain/avr8/avr8-gnu-toolchain/bin/../lib/gcc/avr/5.4.0/../../../../avr/lib/avr6\libm.a(fp_zero.o)
                              c:/program files (x86)/atmel/studio/7.0/toolchain/avr8/avr8-gnu-toolchain/bin/../lib/gcc/avr/5.4.0/../../../../avr/lib/avr6\libm.a(addsf3x.o) (__fp_zero)
c:/program files (x86)/atmel/studio/7.0/toolchain/avr8/avr8-gnu-toolchain/bin/../lib/gcc/avr/5.4.0/../../../../avr/lib/avr6\libm.a(gesf2.o)
                              Micro/Peripherals/HardwareTimer.o (__gtsf2)
c:/program files (x86)/atmel/studio/7.0/toolchain/avr8/avr8-gnu-toolchain/bin/../lib/gcc/avr/5.4.0/../../../../avr/lib/avr6\libm.a(mulsf3.o)
                              BNO055/Adafruit_BNO055.o (__mulsf3)
c:/program files (x86)/atmel/studio/7.0/toolchain/avr8/avr8-gnu-toolchain/bin/../lib/gcc/avr/5.4.0/../../../../avr/lib/avr6\libm.a(mulsf3x.o)
[...]
Memory Configuration

Name             Origin             Length             Attributes
text             0x00000000         0x00100000         xr
data             0x00800200         0x0000fe00         rw !x
eeprom           0x00810000         0x00010000         rw !x
fuse             0x00820000         0x00000003         rw !x
lock             0x00830000         0x00000400         rw !x
signature        0x00840000         0x00000400         rw !x
user_signatures  0x00850000         0x00000400         rw !x
*default*        0x00000000         0xffffffff

Linker script and memory map

Address of section .data set to 0x800200
LOAD C:/Program Files (x86)/Atmel/Studio/7.0/Packs/atmel/ATmega_DFP/1.2.209/gcc/dev/atmega2560/avr6/crtatmega2560.o
LOAD BNO055/Adafruit_BNO055.o
LOAD BNO055/Adafruit_Sensor.o
LOAD Commands.o
LOAD EtherCardModified/enc28j60.o
LOAD EtherCardModified/EtherCard.o
LOAD EtherCardModified/tcpip.o
LOAD EtherCardModified/udpserver.o
LOAD EtherCardModified/webutil.o
LOAD EtherComm.o
LOAD main.o
LOAD Micro/Peripherals/HardwareSerial.o
LOAD Micro/Peripherals/HardwareServo.o
LOAD Micro/Peripherals/HardwareTimer.o
LOAD Micro/Peripherals/twi.o
LOAD Micro/Peripherals/Wire.o
LOAD MS5837/MS5837.o
LOAD PCA9685/PCA9685.o
LOAD PCA9685/TwiServoController.o
LOAD PcbPins/HardwarePcbServo.o
LOAD PcbPins/PcbPins.o
LOAD PcbPins/TwiPcbServo.o
LOAD Robot.o
LOAD Sensors/ImuSensor.o
LOAD Sensors/PressureSensor.o
LOAD Utils/Print.o
LOAD Utils/Stream.o
START GROUP
LOAD c:/program files (x86)/atmel/studio/7.0/toolchain/avr8/avr8-gnu-toolchain/bin/../lib/gcc/avr/5.4.0/../../../../avr/lib/avr6\libm.a
END GROUP
LOAD c:/program files (x86)/atmel/studio/7.0/toolchain/avr8/avr8-gnu-toolchain/bin/../lib/gcc/avr/5.4.0/avr6\libgcc.a
LOAD c:/program files (x86)/atmel/studio/7.0/toolchain/avr8/avr8-gnu-toolchain/bin/../lib/gcc/avr/5.4.0/../../../../avr/lib/avr6\libm.a
START GROUP
LOAD c:/program files (x86)/atmel/studio/7.0/toolchain/avr8/avr8-gnu-toolchain/bin/../lib/gcc/avr/5.4.0/avr6\libgcc.a
LOAD c:/program files (x86)/atmel/studio/7.0/toolchain/avr8/avr8-gnu-toolchain/bin/../lib/gcc/avr/5.4.0/../../../../avr/lib/avr6\libm.a
LOAD c:/program files (x86)/atmel/studio/7.0/toolchain/avr8/avr8-gnu-toolchain/bin/../lib/gcc/avr/5.4.0/../../../../avr/lib/avr6\libc.a
LOAD C:/Program Files (x86)/Atmel/Studio/7.0/Packs/atmel/ATmega_DFP/1.2.209/gcc/dev/atmega2560/avr6\libatmega2560.a
END GROUP
                0x00100000                __TEXT_REGION_LENGTH__ = DEFINED (__TEXT_REGION_LENGTH__)?__TEXT_REGION_LENGTH__:0x100000
                0x0000fe00                __DATA_REGION_LENGTH__ = DEFINED (__DATA_REGION_LENGTH__)?__DATA_REGION_LENGTH__:0xfe00
                0x00010000                __EEPROM_REGION_LENGTH__ = DEFINED (__EEPROM_REGION_LENGTH__)?__EEPROM_REGION_LENGTH__:0x10000
                [0x00000003]                __FUSE_REGION_LENGTH__ = DEFINED (__FUSE_REGION_LENGTH__)?__FUSE_REGION_LENGTH__:0x400
                0x00000400                __LOCK_REGION_LENGTH__ = DEFINED (__LOCK_REGION_LENGTH__)?__LOCK_REGION_LENGTH__:0x400
                0x00000400                __SIGNATURE_REGION_LENGTH__ = DEFINED (__SIGNATURE_REGION_LENGTH__)?__SIGNATURE_REGION_LENGTH__:0x400
                0x00000400                __USER_SIGNATURE_REGION_LENGTH__ = DEFINED (__USER_SIGNATURE_REGION_LENGTH__)?__USER_SIGNATURE_REGION_LENGTH__:0x400

.hash
 *(.hash)

.dynsym
 *(.dynsym)

.dynstr
 *(.dynstr)

.gnu.version
 *(.gnu.version)

.gnu.version_d
 *(.gnu.version_d)

.gnu.version_r
 *(.gnu.version_r)

.rel.init
 *(.rel.init)

.rela.init
 *(.rela.init)

.rel.text
 *(.rel.text)
 *(.rel.text.*)
 *(.rel.gnu.linkonce.t*)

.rela.text
 *(.rela.text)
 *(.rela.text.*)
 *(.rela.gnu.linkonce.t*)

.rel.fini
 *(.rel.fini)

.rela.fini
 *(.rela.fini)

.rel.rodata
 *(.rel.rodata)
 *(.rel.rodata.*)
 *(.rel.gnu.linkonce.r*)

.rela.rodata
 *(.rela.rodata)
 *(.rela.rodata.*)
 *(.rela.gnu.linkonce.r*)

.rel.data
 *(.rel.data)
 *(.rel.data.*)
 *(.rel.gnu.linkonce.d*)

.rela.data
 *(.rela.data)
 *(.rela.data.*)
 *(.rela.gnu.linkonce.d*)

.rel.ctors
 *(.rel.ctors)

.rela.ctors
 *(.rela.ctors)

.rel.dtors
 *(.rel.dtors)

.rela.dtors
 *(.rela.dtors)

.rel.got
 *(.rel.got)

.rela.got
 *(.rela.got)

.rel.bss
 *(.rel.bss)

.rela.bss
 *(.rela.bss)

.rel.plt
 *(.rel.plt)

.rela.plt
 *(.rela.plt)

.text           0x00000000     0x5418
 *(.vectors)
 .vectors       0x00000000       0xe4 C:/Program Files (x86)/Atmel/Studio/7.0/Packs/atmel/ATmega_DFP/1.2.209/gcc/dev/atmega2560/avr6/crtatmega2560.o
                0x00000000                __vector_default
                0x00000000                __vectors
 *(.vectors)
 *(.progmem.gcc*)
 .progmem.gcc_sw_table.__vector_39
                0x000000e4      0x192 Micro/Peripherals/twi.o
                0x00000276                . = ALIGN (0x2)
                0x00000276                __trampolines_start = .
 *(.trampolines)
 .trampolines   0x00000276        0x0 linker stubs
 *(.trampolines*)
                0x00000276                __trampolines_end = .
 *libprintf_flt.a:*(.progmem.data)
 *libc.a:*(.progmem.data)
 *(.progmem*)
 .progmem.data._ZL5iphdr
                0x00000276        0x9 EtherCardModified/tcpip.o
 .progmem.data._ZL9arpreqhdr
                0x0000027f        0x8 EtherCardModified/tcpip.o
                0x00000288                . = ALIGN (0x2)
 *fill*         0x00000287        0x1 
 *(.jumptables)
 *(.jumptables*)
 *(.lowtext)
 *(.lowtext*)
                0x00000288                __ctors_start = .
 *(.ctors)
 .ctors         0x00000288        0x2 Commands.o
 .ctors         0x0000028a        0x2 Micro/Peripherals/HardwareSerial.o
 .ctors         0x0000028c        0x2 Micro/Peripherals/HardwareServo.o
 .ctors         0x0000028e        0x2 Micro/Peripherals/HardwareTimer.o
 .ctors         0x00000290        0x2 Micro/Peripherals/Wire.o
 .ctors         0x00000292        0x2 PcbPins/PcbPins.o
 .ctors         0x00000294        0x2 Robot.o
 .ctors         0x00000296        0x2 Sensors/ImuSensor.o
                0x00000298                __ctors_end = .
                0x00000298                __dtors_start = .
 *(.dtors)
                0x00000298                __dtors_end = .
 SORT(*)(.ctors)
 SORT(*)(.dtors)
 *(.init0)
 .init0         0x00000298        0x0 C:/Program Files (x86)/Atmel/Studio/7.0/Packs/atmel/ATmega_DFP/1.2.209/gcc/dev/atmega2560/avr6/crtatmega2560.o
                0x00000298                __init
 *(.init0)
 *(.init1)
 *(.init1)
 *(.init2)
 .init2         0x00000298       0x10 C:/Program Files (x86)/Atmel/Studio/7.0/Packs/atmel/ATmega_DFP/1.2.209/gcc/dev/atmega2560/avr6/crtatmega2560.o
 *(.init2)
 *(.init3)
 *(.init3)
 *(.init4)
 .init4         0x000002a8       0x1a c:/program files (x86)/atmel/studio/7.0/toolchain/avr8/avr8-gnu-toolchain/bin/../lib/gcc/avr/5.4.0/avr6\libgcc.a(_copy_data.o)
                0x000002a8                __do_copy_data
 .init4         0x000002c2       0x10 c:/program files (x86)/atmel/studio/7.0/toolchain/avr8/avr8-gnu-toolchain/bin/../lib/gcc/avr/5.4.0/avr6\libgcc.a(_clear_bss.o)
                0x000002c2                __do_clear_bss
 *(.init4)
 *(.init5)
 *(.init5)
 *(.init6)
 .init6         0x000002d2       0x20 c:/program files (x86)/atmel/studio/7.0/toolchain/avr8/avr8-gnu-toolchain/bin/../lib/gcc/avr/5.4.0/avr6\libgcc.a(_ctors.o)
                0x000002d2                __do_global_ctors
 *(.init6)
 *(.init7)
 *(.init7)
 *(.init8)
 *(.init8)
 *(.init9)
 .init9         0x000002f2        0x8 C:/Program Files (x86)/Atmel/Studio/7.0/Packs/atmel/ATmega_DFP/1.2.209/gcc/dev/atmega2560/avr6/crtatmega2560.o
 *(.init9)
 *(.text)
 .text          0x000002fa        0x2 C:/Program Files (x86)/Atmel/Studio/7.0/Packs/atmel/ATmega_DFP/1.2.209/gcc/dev/atmega2560/avr6/crtatmega2560.o
                0x000002fa                __vector_38
                0x000002fa                __vector_22
                0x000002fa                __vector_28
                0x000002fa                __vector_1
                0x000002fa                __vector_32
                0x000002fa                __vector_34
                0x000002fa                __vector_24
                0x000002fa                __vector_12
                0x000002fa                __vector_55
                0x000002fa                __vector_46
                0x000002fa                __bad_interrupt
                0x000002fa                __vector_6
                0x000002fa                __vector_31
                0x000002fa                __vector_35
                0x000002fa                __vector_3
                0x000002fa                __vector_23
                0x000002fa                __vector_30
                0x000002fa                __vector_45
                0x000002fa                __vector_25
                0x000002fa                __vector_11
                0x000002fa                __vector_54
                0x000002fa                __vector_17
                0x000002fa                __vector_19
                0x000002fa                __vector_56
                0x000002fa                __vector_7
                0x000002fa                __vector_49
                0x000002fa                __vector_41
                0x000002fa                __vector_43
                0x000002fa                __vector_27
                0x000002fa                __vector_5
                0x000002fa                __vector_33
                0x000002fa                __vector_47
                0x000002fa                __vector_52
                0x000002fa                __vector_37
                0x000002fa                __vector_4
                0x000002fa                __vector_44
                0x000002fa                __vector_51
                0x000002fa                __vector_9
                0x000002fa                __vector_2
                0x000002fa                __vector_15
                0x000002fa                __vector_36
                0x000002fa                __vector_29
                0x000002fa                __vector_40
                0x000002fa                __vector_8
                0x000002fa                __vector_26
                0x000002fa                __vector_48
                0x000002fa                __vector_14
                0x000002fa                __vector_53
                0x000002fa                __vector_10
                0x000002fa                __vector_50
                0x000002fa                __vector_16
                0x000002fa                __vector_18
                0x000002fa                __vector_20
                0x000002fa                __vector_42
                0x000002fc                . = ALIGN (0x2)
 *(.text.*)
 .text._ZN15Adafruit_Sensor15enableAutoRangeEb
                0x000002fc        0x2 BNO055/Adafruit_BNO055.o
                0x000002fc                _ZN15Adafruit_Sensor15enableAutoRangeEb
 .text._ZN15Adafruit_BNO0559getSensorEP8sensor_t
                0x000002fe       0x8a BNO055/Adafruit_BNO055.o
                0x000002fe                _ZN15Adafruit_BNO0559getSensorEP8sensor_t
 .text._ZN15Adafruit_BNO055C2ElhP7TwoWire
                0x00000388       0x22 BNO055/Adafruit_BNO055.o
                0x00000388                _ZN15Adafruit_BNO055C1ElhP7TwoWire
                0x00000388                _ZN15Adafruit_BNO055C2ElhP7TwoWire
 .text._ZN15Adafruit_BNO0556write8ENS_21adafruit_bno055_reg_tEh
                0x000003aa       0x54 BNO055/Adafruit_BNO055.o
                0x000003aa                _ZN15Adafruit_BNO0556write8ENS_21adafruit_bno055_reg_tEh
 .text._ZN15Adafruit_BNO0557setModeENS_24adafruit_bno055_opmode_tE
                0x000003fe       0x1e BNO055/Adafruit_BNO055.o
                0x000003fe                _ZN15Adafruit_BNO0557setModeENS_24adafruit_bno055_opmode_tE
 .text._ZN15Adafruit_BNO0555read8ENS_21adafruit_bno055_reg_tE
                0x0000041c       0x56 BNO055/Adafruit_BNO055.o
                0x0000041c                _ZN15Adafruit_BNO0555read8ENS_21adafruit_bno055_reg_tE
 .text._ZN15Adafruit_BNO0555beginENS_24adafruit_bno055_opmode_tE
                0x00000472       0xda BNO055/Adafruit_BNO055.o
                0x00000472                _ZN15Adafruit_BNO0555beginENS_24adafruit_bno055_opmode_tE
 .text._ZN15Adafruit_BNO0557getTempEv
                0x0000054c        0x6 BNO055/Adafruit_BNO055.o
                0x0000054c                _ZN15Adafruit_BNO0557getTempEv
 .text._ZN15Adafruit_BNO0557readLenENS_21adafruit_bno055_reg_tEPhh
                0x00000552       0xa6 BNO055/Adafruit_BNO055.o
                0x00000552                _ZN15Adafruit_BNO0557readLenENS_21adafruit_bno055_reg_tEPhh
 .text._ZN15Adafruit_BNO0559getVectorENS_22adafruit_vector_type_tEPh
                0x000005f8        0x8 BNO055/Adafruit_BNO055.o
                0x000005f8                _ZN15Adafruit_BNO0559getVectorENS_22adafruit_vector_type_tEPh
 .text._ZN15Adafruit_BNO0559getVectorENS_22adafruit_vector_type_tE
                0x00000600      0x32c BNO055/Adafruit_BNO055.o
                0x00000600                _ZN15Adafruit_BNO0559getVectorENS_22adafruit_vector_type_tE
 .text._ZN15Adafruit_BNO0558getEventEP15sensors_event_t
                0x0000092c       0xae BNO055/Adafruit_BNO055.o
                0x0000092c                _ZN15Adafruit_BNO0558getEventEP15sensors_event_t
 .text._ZN9EtherComm15CommandReceivedEhPKhh
                0x000009da        0x6 Commands.o
                0x000009da                _ZN9EtherComm15CommandReceivedEhPKhh
 .text._GLOBAL__sub_I__Z14RunPingCommandPKhh
                0x000009e0       0x14 Commands.o
 .text._ZL10enableChipv
                0x000009f4       0x16 EtherCardModified/enc28j60.o
 .text._ZL11disableChipv
                0x00000a0a       0x14 EtherCardModified/enc28j60.o
 .text._ZL6readOphh
                0x00000a1e       0x40 EtherCardModified/enc28j60.o
 .text._ZL7writeOphhh
                0x00000a5e       0x30 EtherCardModified/enc28j60.o
 .text._ZL7readBufjPh
                0x00000a8e       0x44 EtherCardModified/enc28j60.o
 .text._ZL7SetBankh
                0x00000ad2       0x4a EtherCardModified/enc28j60.o
 .text._ZL11readRegByteh
                0x00000b1c       0x10 EtherCardModified/enc28j60.o
 .text._ZL12writeRegBytehh
                0x00000b2c       0x18 EtherCardModified/enc28j60.o
 .text._ZL8writeReghj
                0x00000b44       0x18 EtherCardModified/enc28j60.o
 .text._ZN8ENC28J607initSPIERVh
                0x00000b5c       0x24 EtherCardModified/enc28j60.o
                0x00000b5c                _ZN8ENC28J607initSPIERVh
 .text._ZN8ENC28J6010initializeEjPKhRVhS3_h
                0x00000b80      0x100 EtherCardModified/enc28j60.o
                0x00000b80                _ZN8ENC28J6010initializeEjPKhRVhS3_h
 .text._ZN8ENC28J608isLinkUpEv
                0x00000c80       0x26 EtherCardModified/enc28j60.o
                0x00000c80                _ZN8ENC28J608isLinkUpEv
 .text._ZN8ENC28J6010packetSendEj
                0x00000ca6       0xf2 EtherCardModified/enc28j60.o
                0x00000ca6                _ZN8ENC28J6010packetSendEj
 .text._ZN8ENC28J6013packetReceiveEv
                0x00000d98       0xca EtherCardModified/enc28j60.o
                0x00000d98                _ZN8ENC28J6013packetReceiveEv
 .text._ZN9EtherCard5beginEPKhRVhS3_h
                0x00000e62       0x32 EtherCardModified/EtherCard.o
                0x00000e62                _ZN9EtherCard5beginEPKhRVhS3_h
 .text._ZN9EtherCard11staticSetupEPKhS1_S1_S1_
                0x00000e94       0x5c EtherCardModified/EtherCard.o
                0x00000e94                _ZN9EtherCard11staticSetupEPKhS1_S1_S1_
 .text._ZL13fill_checksumhhjh
                0x00000ef0       0xe2 EtherCardModified/tcpip.o
 .text._ZL6is_lanPKhS0_
                0x00000fd2       0x54 EtherCardModified/tcpip.o
 .text._ZL20fill_ip_hdr_checksumv
                0x00001026       0x1e EtherCardModified/tcpip.o
 .text._ZL7setMACsPKh
                0x00001044       0x14 EtherCardModified/tcpip.o
 .text._ZL11make_eth_ipv
                0x00001058       0x1e EtherCardModified/tcpip.o
 .text._ZL12setMACandIPsPKhS0_
                0x00001076       0x20 EtherCardModified/tcpip.o
 .text._ZL16client_store_macPhS_
                0x00001096       0x2c EtherCardModified/tcpip.o
 .text._ZL17client_arp_whohasPh
                0x000010c2       0x60 EtherCardModified/tcpip.o
 .text._ZN9EtherCard10udpPrepareEjPKhj
                0x00001122       0xa4 EtherCardModified/tcpip.o
                0x00001122                _ZN9EtherCard10udpPrepareEjPKhj
 .text._ZN9EtherCard11udpTransmitEj
                0x000011c6       0x40 EtherCardModified/tcpip.o
                0x000011c6                _ZN9EtherCard11udpTransmitEj
 .text._ZN9EtherCard7sendUdpEPKhjjS1_j
                0x00001206       0x30 EtherCardModified/tcpip.o
                0x00001206                _ZN9EtherCard7sendUdpEPKhjjS1_j
 .text._ZN9EtherCard7setGwIpEPKh
                0x00001236       0x18 EtherCardModified/tcpip.o
                0x00001236                _ZN9EtherCard7setGwIpEPKh
 .text._ZN9EtherCard22updateBroadcastAddressEv
                0x0000124e       0x2a EtherCardModified/tcpip.o
                0x0000124e                _ZN9EtherCard22updateBroadcastAddressEv
 .text._ZN9EtherCard10packetLoopEj
                0x00001278      0x272 EtherCardModified/tcpip.o
                0x00001278                _ZN9EtherCard10packetLoopEj
 .text._ZN9EtherCard21udpServerListenOnPortEPFvjPhjPKcjEj
                0x000014ea       0x34 EtherCardModified/udpserver.o
                0x000014ea                _ZN9EtherCard21udpServerListenOnPortEPFvjPhjPKcjEj
 .text._ZN9EtherCard18udpServerListeningEv
                0x0000151e        0xe EtherCardModified/udpserver.o
                0x0000151e                _ZN9EtherCard18udpServerListeningEv
 .text._ZN9EtherCard27udpServerHasProcessedPacketEj
                0x0000152c       0xc6 EtherCardModified/udpserver.o
                0x0000152c                _ZN9EtherCard27udpServerHasProcessedPacketEj
 .text._ZN9EtherCard6copyIpEPhPKh
                0x000015f2       0x1a EtherCardModified/webutil.o
                0x000015f2                _ZN9EtherCard6copyIpEPhPKh
 .text._ZN9EtherCard7copyMacEPhPKh
                0x0000160c       0x10 EtherCardModified/webutil.o
                0x0000160c                _ZN9EtherCard7copyMacEPhPKh
 .text._ZN9EtherComm13CheckChecksumEPKch
                0x0000161c       0x46 EtherComm.o
                0x0000161c                _ZN9EtherComm13CheckChecksumEPKch
 .text._Z10udpReceivejPhjPKcj
                0x00001662       0x38 EtherComm.o
                0x00001662                _Z10udpReceivejPhjPKcj
 .text._ZN9EtherComm5beginEjjRVhS1_h
                0x0000169a       0x52 EtherComm.o
                0x0000169a                _ZN9EtherComm5beginEjjRVhS1_h
 .text._ZN9EtherComm11SendCommandEhh
                0x000016ec       0x76 EtherComm.o
                0x000016ec                _ZN9EtherComm11SendCommandEhh
 .text.main     0x00001762       0x44 main.o
                0x00001762                main
 .text._ZN5Print17availableForWriteEv
                0x000017a6        0x6 Micro/Peripherals/HardwareSerial.o
                0x000017a6                _ZN5Print17availableForWriteEv
 .text._ZN14HardwareSerial9availableEv
                0x000017ac       0x1e Micro/Peripherals/HardwareSerial.o
                0x000017ac                _ZN14HardwareSerial9availableEv
 .text._ZN14HardwareSerial4peekEv
                0x000017ca        0x6 Micro/Peripherals/HardwareSerial.o
                0x000017ca                _ZN14HardwareSerial4peekEv
 .text._ZN14HardwareSerial4readEv
                0x000017d0       0x1e Micro/Peripherals/HardwareSerial.o
                0x000017d0                _ZN14HardwareSerial4readEv
 .text._ZN14HardwareSerial17availableForWriteEv
                0x000017ee       0x1a Micro/Peripherals/HardwareSerial.o
                0x000017ee                _ZN14HardwareSerial17availableForWriteEv
 .text._ZN14HardwareSerial5flushEv
                0x00001808       0x12 Micro/Peripherals/HardwareSerial.o
                0x00001808                _ZN14HardwareSerial5flushEv
 .text._ZN14HardwareSerial5writeEh
                0x0000181a       0x20 Micro/Peripherals/HardwareSerial.o
                0x0000181a                _ZN14HardwareSerial5writeEh
 .text._ZN14HardwareSerial5beginEmh
                0x0000183a       0xa4 Micro/Peripherals/HardwareSerial.o
                0x0000183a                _ZN14HardwareSerial5beginEmh
 .text._GLOBAL__sub_I__ZN14HardwareSerialC2ERVjRVhS3_S3_S3_
                0x000018de       0xc6 Micro/Peripherals/HardwareSerial.o
 .text._ZN13HardwareServo5beginEv
                0x000019a4       0x22 Micro/Peripherals/HardwareServo.o
                0x000019a4                _ZN13HardwareServo5beginEv
 .text._ZN13HardwareServo7EnableAEv
                0x000019c6       0x1a Micro/Peripherals/HardwareServo.o
                0x000019c6                _ZN13HardwareServo7EnableAEv
 .text._ZN13HardwareServo7EnableBEv
                0x000019e0       0x1a Micro/Peripherals/HardwareServo.o
                0x000019e0                _ZN13HardwareServo7EnableBEv
 .text._ZN13HardwareServo7EnableCEv
                0x000019fa       0x1a Micro/Peripherals/HardwareServo.o
                0x000019fa                _ZN13HardwareServo7EnableCEv
 .text._ZN13HardwareServo8DisableAEv
                0x00001a14       0x1c Micro/Peripherals/HardwareServo.o
                0x00001a14                _ZN13HardwareServo8DisableAEv
 .text._ZN13HardwareServo8DisableBEv
                0x00001a30       0x1c Micro/Peripherals/HardwareServo.o
                0x00001a30                _ZN13HardwareServo8DisableBEv
 .text._ZN13HardwareServo8DisableCEv
                0x00001a4c       0x1c Micro/Peripherals/HardwareServo.o
                0x00001a4c                _ZN13HardwareServo8DisableCEv
 .text._ZN13HardwareServo9setPulseAEj
                0x00001a68       0x14 Micro/Peripherals/HardwareServo.o
                0x00001a68                _ZN13HardwareServo9setPulseAEj
 .text._ZN13HardwareServo9setPulseBEj
                0x00001a7c       0x14 Micro/Peripherals/HardwareServo.o
                0x00001a7c                _ZN13HardwareServo9setPulseBEj
 .text._ZN13HardwareServo9setPulseCEj
                0x00001a90       0x14 Micro/Peripherals/HardwareServo.o
                0x00001a90                _ZN13HardwareServo9setPulseCEj
 .text._GLOBAL__sub_I__ZN13HardwareServoC2ERVjRVhS3_S1_S1_S1_S3_S3_hhh
                0x00001aa4      0x134 Micro/Peripherals/HardwareServo.o
 .text._ZN13HardwareTimer12findPrescaleEf
                0x00001bd8       0xcc Micro/Peripherals/HardwareTimer.o
                0x00001bd8                _ZN13HardwareTimer12findPrescaleEf
 .text._ZN13HardwareTimer7beginMsEf
                0x00001ca4       0xde Micro/Peripherals/HardwareTimer.o
                0x00001ca4                _ZN13HardwareTimer7beginMsEf
 .text._ZN13HardwareTimer5startEh
                0x00001d82       0x1c Micro/Peripherals/HardwareTimer.o
                0x00001d82                _ZN13HardwareTimer5startEh
 .text._ZN13HardwareTimer8finishedEv
                0x00001d9e        0xc Micro/Peripherals/HardwareTimer.o
                0x00001d9e                _ZN13HardwareTimer8finishedEv
 .text._ZN13HardwareTimer13waitForFinishEv
                0x00001daa        0xa Micro/Peripherals/HardwareTimer.o
                0x00001daa                _ZN13HardwareTimer13waitForFinishEv
 .text._ZN13HardwareTimer14isr_timer_compEv
                0x00001db4       0x10 Micro/Peripherals/HardwareTimer.o
                0x00001db4                _ZN13HardwareTimer14isr_timer_compEv
 .text.__vector_21
                0x00001dc4       0x52 Micro/Peripherals/HardwareTimer.o
                0x00001dc4                __vector_21
 .text.__vector_13
                0x00001e16       0x52 Micro/Peripherals/HardwareTimer.o
                0x00001e16                __vector_13
 .text._GLOBAL__sub_I__ZN13HardwareTimerC2ERVhS1_S1_S1_S1_
                0x00001e68       0x5a Micro/Peripherals/HardwareTimer.o
 .text.twi_init
                0x00001ec2       0x32 Micro/Peripherals/twi.o
                0x00001ec2                twi_init
 .text.twi_readFrom
                0x00001ef4       0xa4 Micro/Peripherals/twi.o
                0x00001ef4                twi_readFrom
 .text.twi_writeTo
                0x00001f98       0xc6 Micro/Peripherals/twi.o
                0x00001f98                twi_writeTo
 .text.twi_transmit
                0x0000205e       0x54 Micro/Peripherals/twi.o
                0x0000205e                twi_transmit
 .text.twi_attachSlaveRxEvent
                0x000020b2        0xa Micro/Peripherals/twi.o
                0x000020b2                twi_attachSlaveRxEvent
 .text.twi_attachSlaveTxEvent
                0x000020bc        0xa Micro/Peripherals/twi.o
                0x000020bc                twi_attachSlaveTxEvent
 .text.twi_stop
                0x000020c6       0x16 Micro/Peripherals/twi.o
                0x000020c6                twi_stop
 .text.twi_releaseBus
                0x000020dc        0xc Micro/Peripherals/twi.o
                0x000020dc                twi_releaseBus
 .text.__vector_39
                0x000020e8      0x23a Micro/Peripherals/twi.o
                0x000020e8                __vector_39
 .text._ZN7TwoWire9availableEv
                0x00002322       0x10 Micro/Peripherals/Wire.o
                0x00002322                _ZN7TwoWire9availableEv
 .text._ZN7TwoWire4readEv
                0x00002332       0x28 Micro/Peripherals/Wire.o
                0x00002332                _ZN7TwoWire4readEv
 .text._ZN7TwoWire4peekEv
                0x0000235a       0x1e Micro/Peripherals/Wire.o
                0x0000235a                _ZN7TwoWire4peekEv
 .text._ZN7TwoWire5flushEv
                0x00002378        0x2 Micro/Peripherals/Wire.o
                0x00002378                _ZN7TwoWire5flushEv
 .text._ZN7TwoWire16onReceiveServiceEPhi
                0x0000237a       0x58 Micro/Peripherals/Wire.o
                0x0000237a                _ZN7TwoWire16onReceiveServiceEPhi
 .text._ZN7TwoWire16onRequestServiceEv
                0x000023d2       0x18 Micro/Peripherals/Wire.o
                0x000023d2                _ZN7TwoWire16onRequestServiceEv
 .text._ZN7TwoWire5writeEh
                0x000023ea       0x54 Micro/Peripherals/Wire.o
                0x000023ea                _ZN7TwoWire5writeEh
 .text._ZN7TwoWire5writeEPKhj
                0x0000243e       0x5e Micro/Peripherals/Wire.o
                0x0000243e                _ZN7TwoWire5writeEPKhj
 .text._ZN7TwoWire5beginEv
                0x0000249c       0x22 Micro/Peripherals/Wire.o
                0x0000249c                _ZN7TwoWire5beginEv
 .text._ZN7TwoWire17beginTransmissionEh
                0x000024be       0x14 Micro/Peripherals/Wire.o
                0x000024be                _ZN7TwoWire17beginTransmissionEh
 .text._ZN7TwoWire17beginTransmissionEi
                0x000024d2        0x4 Micro/Peripherals/Wire.o
                0x000024d2                _ZN7TwoWire17beginTransmissionEi
 .text._ZN7TwoWire15endTransmissionEh
                0x000024d6       0x24 Micro/Peripherals/Wire.o
                0x000024d6                _ZN7TwoWire15endTransmissionEh
 .text._ZN7TwoWire11requestFromEhhmhh
                0x000024fa       0xac Micro/Peripherals/Wire.o
                0x000024fa                _ZN7TwoWire11requestFromEhhmhh
 .text._ZN7TwoWire11requestFromEhhh
                0x000025a6       0x1e Micro/Peripherals/Wire.o
                0x000025a6                _ZN7TwoWire11requestFromEhhh
 .text._ZN7TwoWire11requestFromEhh
                0x000025c4        0x6 Micro/Peripherals/Wire.o
                0x000025c4                _ZN7TwoWire11requestFromEhh
 .text._ZN7TwoWire11requestFromEii
                0x000025ca        0x6 Micro/Peripherals/Wire.o
                0x000025ca                _ZN7TwoWire11requestFromEii
 .text._ZN7TwoWire15endTransmissionEv
                0x000025d0        0x6 Micro/Peripherals/Wire.o
                0x000025d0                _ZN7TwoWire15endTransmissionEv
 .text._GLOBAL__sub_I__ZN7TwoWire8rxBufferE
                0x000025d6        0xe Micro/Peripherals/Wire.o
 .text._ZN6MS5837C2ER13HardwareTimer
                0x000025e4       0x18 MS5837/MS5837.o
                0x000025e4                _ZN6MS5837C2ER13HardwareTimer
                0x000025e4                _ZN6MS5837C1ER13HardwareTimer
 .text._ZN6MS58378setModelEh
                0x000025fc        0x6 MS5837/MS5837.o
                0x000025fc                _ZN6MS58378setModelEh
 .text._ZN6MS58379startReadEv
                0x00002602       0x4c MS5837/MS5837.o
                0x00002602                _ZN6MS58379startReadEv
 .text._ZN6MS58378finishedEv
                0x0000264e        0xe MS5837/MS5837.o
                0x0000264e                _ZN6MS58378finishedEv
 .text._ZN6MS58379calculateEv
                0x0000265c      0xd4a MS5837/MS5837.o
                0x0000265c                _ZN6MS58379calculateEv
 .text._ZN6MS58378pressureEf
                0x000033a6       0x62 MS5837/MS5837.o
                0x000033a6                _ZN6MS58378pressureEf
 .text._ZN6MS583711temperatureEv
                0x00003408       0x1c MS5837/MS5837.o
                0x00003408                _ZN6MS583711temperatureEv
 .text._ZN6MS58374crc4EPj
                0x00003424       0x72 MS5837/MS5837.o
                0x00003424                _ZN6MS58374crc4EPj
 .text._ZN6MS58375beginEv
                0x00003496       0xf2 MS5837/MS5837.o
                0x00003496                _ZN6MS58375beginEv
 .text._ZN6MS58376updateEv
                0x00003588      0x1e0 MS5837/MS5837.o
                0x00003588                _ZN6MS58376updateEv
 .text._ZN7PCA9685C2Eh
                0x00003768        0x6 PCA9685/PCA9685.o
                0x00003768                _ZN7PCA9685C1Eh
                0x00003768                _ZN7PCA9685C2Eh
 .text._ZN7PCA96856setPWMEhjj
                0x0000376e       0x98 PCA9685/PCA9685.o
                0x0000376e                _ZN7PCA96856setPWMEhjj
 .text._ZN7PCA968517writeMicrosecondsEhj
                0x00003806       0x98 PCA9685/PCA9685.o
                0x00003806                _ZN7PCA968517writeMicrosecondsEhj
 .text._ZN7PCA968522getOscillatorFrequencyEv
                0x0000389e        0xc PCA9685/PCA9685.o
                0x0000389e                _ZN7PCA968522getOscillatorFrequencyEv
 .text._ZN7PCA968522setOscillatorFrequencyEm
                0x000038aa        0xc PCA9685/PCA9685.o
                0x000038aa                _ZN7PCA968522setOscillatorFrequencyEm
 .text._ZN7PCA96855read8Eh
                0x000038b6       0x42 PCA9685/PCA9685.o
                0x000038b6                _ZN7PCA96855read8Eh
 .text._ZN7PCA96856write8Ehh
                0x000038f8       0x36 PCA9685/PCA9685.o
                0x000038f8                _ZN7PCA96856write8Ehh
 .text._ZN7PCA96855resetEv
                0x0000392e       0x14 PCA9685/PCA9685.o
                0x0000392e                _ZN7PCA96855resetEv
 .text._ZN7PCA96859setExtClkEh
                0x00003942       0x56 PCA9685/PCA9685.o
                0x00003942                _ZN7PCA96859setExtClkEh
 .text._ZN7PCA968510setPWMFreqEf
                0x00003998      0x150 PCA9685/PCA9685.o
                0x00003998                _ZN7PCA968510setPWMFreqEf
 .text._ZN7PCA96855beginEh
                0x00003ae8       0x46 PCA9685/PCA9685.o
                0x00003ae8                _ZN7PCA96855beginEh
 .text._ZN18TwiServoControllerC2Eh
                0x00003b2e        0x4 PCA9685/TwiServoController.o
                0x00003b2e                _ZN18TwiServoControllerC1Eh
                0x00003b2e                _ZN18TwiServoControllerC2Eh
 .text._ZN18TwiServoController5beginEv
                0x00003b32       0x48 PCA9685/TwiServoController.o
                0x00003b32                _ZN18TwiServoController5beginEv
 .text._ZN18TwiServoController8setPulseEhj
                0x00003b7a        0x8 PCA9685/TwiServoController.o
                0x00003b7a                _ZN18TwiServoController8setPulseEhj
 .text._ZN18TwiServoController7releaseEh
                0x00003b82       0x10 PCA9685/TwiServoController.o
                0x00003b82                _ZN18TwiServoController7releaseEh
 .text._ZN16HardwarePcbServo8setPulseEj
                0x00003b92       0x2e PcbPins/HardwarePcbServo.o
                0x00003b92                _ZN16HardwarePcbServo8setPulseEj
 .text._ZN16HardwarePcbServo6enableEb
                0x00003bc0       0x58 PcbPins/HardwarePcbServo.o
                0x00003bc0                _ZN16HardwarePcbServo6enableEb
 .text._ZN16HardwarePcbServoC2ER13HardwareServoNS_9ServoId_tE
                0x00003c18       0x12 PcbPins/HardwarePcbServo.o
                0x00003c18                _ZN16HardwarePcbServoC1ER13HardwareServoNS_9ServoId_tE
                0x00003c18                _ZN16HardwarePcbServoC2ER13HardwareServoNS_9ServoId_tE
 .text._GLOBAL__sub_I_PcbServoA1
                0x00003c2a      0x14e PcbPins/PcbPins.o
 .text._ZN11TwiPcbServo8setPulseEj
                0x00003d78       0x18 PcbPins/TwiPcbServo.o
                0x00003d78                _ZN11TwiPcbServo8setPulseEj
 .text._ZN11TwiPcbServo6enableEb
                0x00003d90       0x20 PcbPins/TwiPcbServo.o
                0x00003d90                _ZN11TwiPcbServo6enableEb
 .text._ZN11TwiPcbServoC2ER18TwiServoControllerh
                0x00003db0       0x1c PcbPins/TwiPcbServo.o
                0x00003db0                _ZN11TwiPcbServoC2ER18TwiServoControllerh
                0x00003db0                _ZN11TwiPcbServoC1ER18TwiServoControllerh
 .text._ZN9IReadable15CommandReceivedEhPKhh
                0x00003dcc       0x20 Robot.o
                0x00003dcc                _ZN9IReadable15CommandReceivedEhPKhh
 .text._ZN13DigitalSensor6UpdateEPh
                0x00003dec        0x2 Robot.o
                0x00003dec                _ZN13DigitalSensor6UpdateEPh
 .text._ZN9IWritable15CommandReceivedEhPKhh
                0x00003dee       0x10 Robot.o
                0x00003dee                _ZN9IWritable15CommandReceivedEhPKhh
 .text._ZN15DigitalActuator6UpdateEPh
                0x00003dfe        0x2 Robot.o
                0x00003dfe                _ZN15DigitalActuator6UpdateEPh
 .text._ZN13ServoActuator6UpdateEPh
                0x00003e00        0x2 Robot.o
                0x00003e00                _ZN13ServoActuator6UpdateEPh
 .text._ZN13DigitalSensor21ReadRegisterRequestedEhPh
                0x00003e02       0x36 Robot.o
                0x00003e02                _ZN13DigitalSensor21ReadRegisterRequestedEhPh
 .text._ZN15DigitalActuator22WriteRegisterRequestedEhPKhh
                0x00003e38       0x58 Robot.o
                0x00003e38                _ZN15DigitalActuator22WriteRegisterRequestedEhPKhh
 .text._ZN13ServoActuator22WriteRegisterRequestedEhPKhh
                0x00003e90       0x74 Robot.o
                0x00003e90                _ZN13ServoActuator22WriteRegisterRequestedEhPKhh
 .text._ZN15DigitalActuator5beginEv
                0x00003f04       0x2e Robot.o
                0x00003f04                _ZN15DigitalActuator5beginEv
 .text._ZN13DigitalSensor5beginEv
                0x00003f32       0x2e Robot.o
                0x00003f32                _ZN13DigitalSensor5beginEv
 .text._ZN13ServoActuator5beginEv
                0x00003f60       0x7e Robot.o
                0x00003f60                _ZN13ServoActuator5beginEv
 .text._Z19printServoErrorCodeh
                0x00003fde       0x84 Robot.o
                0x00003fde                _Z19printServoErrorCodeh
 .text._Z16initializeServosv
                0x00004062      0x480 Robot.o
                0x00004062                _Z16initializeServosv
 .text._ZN5Robot14RegisterDeviceEhP9IRegister
                0x000044e2       0x2a Robot.o
                0x000044e2                _ZN5Robot14RegisterDeviceEhP9IRegister
 .text._ZN5Robot15CommandReceivedEhPKhh
                0x0000450c       0x2c Robot.o
                0x0000450c                _ZN5Robot15CommandReceivedEhPKhh
 .text._GLOBAL__sub_I__ZN5Robot9registersE
                0x00004538      0x2fa Robot.o
 .text._ZN5Robot5beginEv
                0x00004832      0x174 Robot.o
                0x00004832                _ZN5Robot5beginEv
 .text._ZN5Robot4LoopEv
                0x000049a6       0x2e Robot.o
                0x000049a6                _ZN5Robot4LoopEv
 .text._ZN9ImuSensor6UpdateEPh
                0x000049d4        0x2 Sensors/ImuSensor.o
                0x000049d4                _ZN9ImuSensor6UpdateEPh
 .text._ZN9ImuSensor5beginEv
                0x000049d6       0x2a Sensors/ImuSensor.o
                0x000049d6                _ZN9ImuSensor5beginEv
 .text._ZN9ImuSensor21ReadRegisterRequestedEhPh
                0x00004a00       0x4a Sensors/ImuSensor.o
                0x00004a00                _ZN9ImuSensor21ReadRegisterRequestedEhPh
 .text._ZN9ImuSensorC2Ehh
                0x00004a4a       0x42 Sensors/ImuSensor.o
                0x00004a4a                _ZN9ImuSensorC1Ehh
                0x00004a4a                _ZN9ImuSensorC2Ehh
 .text._GLOBAL__sub_I__ZN9ImuSensorC2Ehh
                0x00004a8c       0x10 Sensors/ImuSensor.o
 .text._ZN14PressureSensor5beginEv
                0x00004a9c       0x36 Sensors/PressureSensor.o
                0x00004a9c                _ZN14PressureSensor5beginEv
 .text._ZN14PressureSensor21ReadRegisterRequestedEhPh
                0x00004ad2       0x1c Sensors/PressureSensor.o
                0x00004ad2                _ZN14PressureSensor21ReadRegisterRequestedEhPh
 .text._ZN14PressureSensor6UpdateEPh
                0x00004aee       0xca Sensors/PressureSensor.o
                0x00004aee                _ZN14PressureSensor6UpdateEPh
 .text._ZN14PressureSensorC2EhR13HardwareTimer
                0x00004bb8       0x26 Sensors/PressureSensor.o
                0x00004bb8                _ZN14PressureSensorC2EhR13HardwareTimer
                0x00004bb8                _ZN14PressureSensorC1EhR13HardwareTimer
 .text._ZN5Print5writeEPKhj
                0x00004bde       0x5e Utils/Print.o
                0x00004bde                _ZN5Print5writeEPKhj
 .text._ZN5Print5printEPKc
                0x00004c3c       0x2c Utils/Print.o
                0x00004c3c                _ZN5Print5printEPKc
 .text._ZN5Print5printEc
                0x00004c68       0x10 Utils/Print.o
                0x00004c68                _ZN5Print5printEc
 .text._ZN5Print7printlnEv
                0x00004c78       0x18 Utils/Print.o
                0x00004c78                _ZN5Print7printlnEv
 .text._ZN5Print7printlnEPKc
                0x00004c90       0x20 Utils/Print.o
                0x00004c90                _ZN5Print7printlnEPKc
 .text._ZN5Print11printNumberEmh
                0x00004cb0       0xba Utils/Print.o
                0x00004cb0                _ZN5Print11printNumberEmh
 .text._ZN5Print5printEmi
                0x00004d6a       0x1e Utils/Print.o
                0x00004d6a                _ZN5Print5printEmi
 .text._ZN5Print5printEhi
                0x00004d88        0xe Utils/Print.o
                0x00004d88                _ZN5Print5printEhi
 .text.avr-libc.fplib
                0x00004d96        0xa c:/program files (x86)/atmel/studio/7.0/toolchain/avr8/avr8-gnu-toolchain/bin/../lib/gcc/avr/5.4.0/../../../../avr/lib/avr6\libm.a(addsf3.o)
                0x00004d96                __subsf3
                0x00004d98                __addsf3
 .text.avr-libc.fplib
                0x00004da0       0xc0 c:/program files (x86)/atmel/studio/7.0/toolchain/avr8/avr8-gnu-toolchain/bin/../lib/gcc/avr/5.4.0/../../../../avr/lib/avr6\libm.a(addsf3x.o)
                0x00004dba                __addsf3x
 .text.avr-libc.fplib
                0x00004e60        0x8 c:/program files (x86)/atmel/studio/7.0/toolchain/avr8/avr8-gnu-toolchain/bin/../lib/gcc/avr/5.4.0/../../../../avr/lib/avr6\libm.a(cmpsf2.o)
                0x00004e60                __nesf2
                0x00004e60                __eqsf2
                0x00004e60                __cmpsf2
                0x00004e60                __ltsf2
                0x00004e60                __lesf2
 .text.avr-libc.fplib
                0x00004e68        0x4 c:/program files (x86)/atmel/studio/7.0/toolchain/avr8/avr8-gnu-toolchain/bin/../lib/gcc/avr/5.4.0/../../../../avr/lib/avr6\libm.a(divsf3.o)
                0x00004e68                __divsf3
 .text.avr-libc.fplib
                0x00004e6c       0xcc c:/program files (x86)/atmel/studio/7.0/toolchain/avr8/avr8-gnu-toolchain/bin/../lib/gcc/avr/5.4.0/../../../../avr/lib/avr6\libm.a(divsf3x.o)
                0x00004e82                __divsf3x
                0x00004e86                __divsf3_pse
 .text.avr-libc.fplib
                0x00004f38       0x58 c:/program files (x86)/atmel/studio/7.0/toolchain/avr8/avr8-gnu-toolchain/bin/../lib/gcc/avr/5.4.0/../../../../avr/lib/avr6\libm.a(fixunssfsi.o)
                0x00004f38                __fixunssfsi
 .text.avr-libc.fplib
                0x00004f90       0x7a c:/program files (x86)/atmel/studio/7.0/toolchain/avr8/avr8-gnu-toolchain/bin/../lib/gcc/avr/5.4.0/../../../../avr/lib/avr6\libm.a(floatsisf.o)
                0x00004f90                __floatunsisf
                0x00004f94                __floatsisf
 .text.avr-libc.fplib
                0x0000500a       0x48 c:/program files (x86)/atmel/studio/7.0/toolchain/avr8/avr8-gnu-toolchain/bin/../lib/gcc/avr/5.4.0/../../../../avr/lib/avr6\libm.a(fp_cmp.o)
                0x0000500a                __fp_cmp
 .text.avr-libc.fplib
                0x00005052        0xc c:/program files (x86)/atmel/studio/7.0/toolchain/avr8/avr8-gnu-toolchain/bin/../lib/gcc/avr/5.4.0/../../../../avr/lib/avr6\libm.a(fp_inf.o)
                0x00005052                __fp_inf
 .text.avr-libc.fplib
                0x0000505e        0x6 c:/program files (x86)/atmel/studio/7.0/toolchain/avr8/avr8-gnu-toolchain/bin/../lib/gcc/avr/5.4.0/../../../../avr/lib/avr6\libm.a(fp_nan.o)
                0x0000505e                __fp_nan
 .text.avr-libc.fplib
                0x00005064        0xe c:/program files (x86)/atmel/studio/7.0/toolchain/avr8/avr8-gnu-toolchain/bin/../lib/gcc/avr/5.4.0/../../../../avr/lib/avr6\libm.a(fp_pscA.o)
                0x00005064                __fp_pscA
 .text.avr-libc.fplib
                0x00005072        0xe c:/program files (x86)/atmel/studio/7.0/toolchain/avr8/avr8-gnu-toolchain/bin/../lib/gcc/avr/5.4.0/../../../../avr/lib/avr6\libm.a(fp_pscB.o)
                0x00005072                __fp_pscB
 .text.avr-libc.fplib
                0x00005080       0x22 c:/program files (x86)/atmel/studio/7.0/toolchain/avr8/avr8-gnu-toolchain/bin/../lib/gcc/avr/5.4.0/../../../../avr/lib/avr6\libm.a(fp_round.o)
                0x00005080                __fp_round
 .text.avr-libc.fplib
                0x000050a2       0x44 c:/program files (x86)/atmel/studio/7.0/toolchain/avr8/avr8-gnu-toolchain/bin/../lib/gcc/avr/5.4.0/../../../../avr/lib/avr6\libm.a(fp_split3.o)
                0x000050a2                __fp_split3
                0x000050b2                __fp_splitA
 .text.avr-libc.fplib
                0x000050e6        0xe c:/program files (x86)/atmel/studio/7.0/toolchain/avr8/avr8-gnu-toolchain/bin/../lib/gcc/avr/5.4.0/../../../../avr/lib/avr6\libm.a(fp_zero.o)
                0x000050e6                __fp_zero
                0x000050e8                __fp_szero
 .text.avr-libc.fplib
                0x000050f4        0x8 c:/program files (x86)/atmel/studio/7.0/toolchain/avr8/avr8-gnu-toolchain/bin/../lib/gcc/avr/5.4.0/../../../../avr/lib/avr6\libm.a(gesf2.o)
                0x000050f4                __gesf2
                0x000050f4                __gtsf2
 .text.avr-libc.fplib
                0x000050fc        0x4 c:/program files (x86)/atmel/studio/7.0/toolchain/avr8/avr8-gnu-toolchain/bin/../lib/gcc/avr/5.4.0/../../../../avr/lib/avr6\libm.a(mulsf3.o)
                0x000050fc                __mulsf3
 .text.avr-libc.fplib
                0x00005100       0xc2 c:/program files (x86)/atmel/studio/7.0/toolchain/avr8/avr8-gnu-toolchain/bin/../lib/gcc/avr/5.4.0/../../../../avr/lib/avr6\libm.a(mulsf3x.o)
                0x00005114                __mulsf3x
                0x00005118                __mulsf3_pse
 .text.libgcc.mul
                0x000051c2       0x1e c:/program files (x86)/atmel/studio/7.0/toolchain/avr8/avr8-gnu-toolchain/bin/../lib/gcc/avr/5.4.0/avr6\libgcc.a(_mulsi3.o)
                0x000051c2                __mulsi3
 .text.libgcc.div
                0x000051e0       0x44 c:/program files (x86)/atmel/studio/7.0/toolchain/avr8/avr8-gnu-toolchain/bin/../lib/gcc/avr/5.4.0/avr6\libgcc.a(_udivmodsi4.o)
                0x000051e0                __udivmodsi4
 .text.libgcc   0x00005224       0x10 c:/program files (x86)/atmel/studio/7.0/toolchain/avr8/avr8-gnu-toolchain/bin/../lib/gcc/avr/5.4.0/avr6\libgcc.a(_tablejump2.o)
                0x00005224                __tablejump2__
 .text.libgcc.mul
                0x00005234       0x14 c:/program files (x86)/atmel/studio/7.0/toolchain/avr8/avr8-gnu-toolchain/bin/../lib/gcc/avr/5.4.0/avr6\libgcc.a(_muluhisi3.o)
                0x00005234                __muluhisi3
 .text.libgcc.mul
                0x00005248       0x92 c:/program files (x86)/atmel/studio/7.0/toolchain/avr8/avr8-gnu-toolchain/bin/../lib/gcc/avr/5.4.0/avr6\libgcc.a(_muldi3.o)
                0x00005248                __muldi3
 .text.libgcc.mul
                0x000052da       0x10 c:/program files (x86)/atmel/studio/7.0/toolchain/avr8/avr8-gnu-toolchain/bin/../lib/gcc/avr/5.4.0/avr6\libgcc.a(_muldi3_6.o)
                0x000052da                __muldi3_6
 .text.libgcc.builtins
                0x000052ea       0x32 c:/program files (x86)/atmel/studio/7.0/toolchain/avr8/avr8-gnu-toolchain/bin/../lib/gcc/avr/5.4.0/avr6\libgcc.a(_ashldi3.o)
                0x000052ea                __ashldi3
 .text.libgcc.builtins
                0x0000531c       0x3c c:/program files (x86)/atmel/studio/7.0/toolchain/avr8/avr8-gnu-toolchain/bin/../lib/gcc/avr/5.4.0/avr6\libgcc.a(_ashrdi3.o)
                0x0000531c                __ashrdi3
                0x00005320                __lshrdi3
 .text.libgcc   0x00005358       0x12 c:/program files (x86)/atmel/studio/7.0/toolchain/avr8/avr8-gnu-toolchain/bin/../lib/gcc/avr/5.4.0/avr6\libgcc.a(_adddi3.o)
                0x00005358                __adddi3
 .text.libgcc   0x0000536a       0x18 c:/program files (x86)/atmel/studio/7.0/toolchain/avr8/avr8-gnu-toolchain/bin/../lib/gcc/avr/5.4.0/avr6\libgcc.a(_adddi3_s8.o)
                0x0000536a                __adddi3_s8
 .text.libgcc   0x00005382       0x12 c:/program files (x86)/atmel/studio/7.0/toolchain/avr8/avr8-gnu-toolchain/bin/../lib/gcc/avr/5.4.0/avr6\libgcc.a(_subdi3.o)
                0x00005382                __subdi3
 .text.libgcc   0x00005394       0x18 c:/program files (x86)/atmel/studio/7.0/toolchain/avr8/avr8-gnu-toolchain/bin/../lib/gcc/avr/5.4.0/avr6\libgcc.a(_cmpdi2_s8.o)
                0x00005394                __cmpdi2_s8
 .text.libgcc.mul
                0x000053ac       0x1e c:/program files (x86)/atmel/studio/7.0/toolchain/avr8/avr8-gnu-toolchain/bin/../lib/gcc/avr/5.4.0/avr6\libgcc.a(_umulhisi3.o)
                0x000053ac                __umulhisi3
 .text.avr-libc
                0x000053ca       0x12 c:/program files (x86)/atmel/studio/7.0/toolchain/avr8/avr8-gnu-toolchain/bin/../lib/gcc/avr/5.4.0/../../../../avr/lib/avr6\libc.a(memcpy_P.o)
                0x000053ca                memcpy_P
 .text.avr-libc
                0x000053dc       0x1a c:/program files (x86)/atmel/studio/7.0/toolchain/avr8/avr8-gnu-toolchain/bin/../lib/gcc/avr/5.4.0/../../../../avr/lib/avr6\libc.a(memcmp.o)
                0x000053dc                memcmp
 .text.avr-libc
                0x000053f6       0x1e c:/program files (x86)/atmel/studio/7.0/toolchain/avr8/avr8-gnu-toolchain/bin/../lib/gcc/avr/5.4.0/../../../../avr/lib/avr6\libc.a(strncpy.o)
                0x000053f6                strncpy
                0x00005414                . = ALIGN (0x2)
 *(.fini9)
 .fini9         0x00005414        0x0 c:/program files (x86)/atmel/studio/7.0/toolchain/avr8/avr8-gnu-toolchain/bin/../lib/gcc/avr/5.4.0/avr6\libgcc.a(_exit.o)
                0x00005414                _exit
                0x00005414                exit
 *(.fini9)
 *(.fini8)
 *(.fini8)
 *(.fini7)
 *(.fini7)
 *(.fini6)
 *(.fini6)
 *(.fini5)
 *(.fini5)
 *(.fini4)
 *(.fini4)
 *(.fini3)
 *(.fini3)
 *(.fini2)
 *(.fini2)
 *(.fini1)
 *(.fini1)
 *(.fini0)
 .fini0         0x00005414        0x4 c:/program files (x86)/atmel/studio/7.0/toolchain/avr8/avr8-gnu-toolchain/bin/../lib/gcc/avr/5.4.0/avr6\libgcc.a(_exit.o)
 *(.fini0)
                0x00005418                _etext = .

.data           0x00800200      0x2a4 load address 0x00005418
                0x00800200                PROVIDE (__data_start, .)
 *(.data)
 *(.data*)
 .data._ZN9EtherComm6bufferE
                0x00800200        0x2 EtherComm.o
                0x00800200                _ZN9EtherComm6bufferE
 .data._ZN9EtherComm7_destIPE
                0x00800202        0x4 EtherComm.o
                0x00800202                _ZN9EtherComm7_destIPE
 .data._ZN9EtherComm6_mymacE
                0x00800206        0x6 EtherComm.o
                0x00800206                _ZN9EtherComm6_mymacE
 .data._ZN9EtherComm5_gwipE
                0x0080020c        0x4 EtherComm.o
                0x0080020c                _ZN9EtherComm5_gwipE
 .data._ZN9EtherComm5_myipE
                0x00800210        0x4 EtherComm.o
                0x00800210                _ZN9EtherComm5_myipE
 *(.gnu.linkonce.d*)
 *(.rodata)
 *(.rodata*)
 .rodata.str1.1
                0x00800214        0x7 BNO055/Adafruit_BNO055.o
 .rodata._ZTV15Adafruit_BNO055
                0x0080021b        0xa BNO055/Adafruit_BNO055.o
                0x0080021b                _ZTV15Adafruit_BNO055
 .rodata.allOnes
                0x00800225        0x6 EtherCardModified/tcpip.o
                0x00800225                allOnes
 .rodata.str1.1
                0x0080022b       0x3f main.o
 .rodata._ZTV14HardwareSerial
                0x0080026a       0x12 Micro/Peripherals/HardwareSerial.o
                0x0080026a                _ZTV14HardwareSerial
 .rodata._ZTV7TwoWire
                0x0080027c       0x12 Micro/Peripherals/Wire.o
                0x0080027c                _ZTV7TwoWire
 .rodata._ZN6MS583711MS5837_30BAE
                0x0080028e        0x1 MS5837/MS5837.o
                0x0080028e                _ZN6MS583711MS5837_30BAE
 .rodata._ZTV16HardwarePcbServo
                0x0080028f        0x8 PcbPins/HardwarePcbServo.o
                0x0080028f                _ZTV16HardwarePcbServo
 .rodata._ZTV11TwiPcbServo
                0x00800297        0x8 PcbPins/TwiPcbServo.o
                0x00800297                _ZTV11TwiPcbServo
 .rodata.str1.1
                0x0080029f      0x1b9 Robot.o
                                0x1bb (size before relaxing)
 .rodata._ZTV13DigitalSensor
                0x00800458        0xc Robot.o
                0x00800458                _ZTV13DigitalSensor
 .rodata._ZTV15DigitalActuator
                0x00800464        0xc Robot.o
                0x00800464                _ZTV15DigitalActuator
 .rodata._ZTV13ServoActuator
                0x00800470        0xc Robot.o
                0x00800470                _ZTV13ServoActuator
 .rodata._ZTV9ImuSensor
                0x0080047c        0xc Sensors/ImuSensor.o
                0x0080047c                _ZTV9ImuSensor
 .rodata._ZTV14PressureSensor
                0x00800488        0xc Sensors/PressureSensor.o
                0x00800488                _ZTV14PressureSensor
 .rodata.str1.1
                0x00800494        0xf Utils/Print.o
 *(.gnu.linkonce.r*)
                0x008004a4                . = ALIGN (0x2)
 *fill*         0x008004a3        0x1 
                0x008004a4                _edata = .
                0x008004a4                PROVIDE (__data_end, .)

.bss            0x008004a4      0x774
                0x008004a4                PROVIDE (__bss_start, .)
 *(.bss)
 *(.bss*)
 .bss._ZL14SendDataBuffer
                0x008004a4        0x2 Commands.o
 .bss._ZZN8ENC28J6013packetReceiveEvE14gNextPacketPtr
                0x008004a6        0x2 EtherCardModified/enc28j60.o
 .bss._ZZN8ENC28J6013packetReceiveEvE16unreleasedPacket
                0x008004a8        0x1 EtherCardModified/enc28j60.o
 .bss._ZL9selectPin
                0x008004a9        0x1 EtherCardModified/enc28j60.o
 .bss._ZL10selectPort
                0x008004aa        0x2 EtherCardModified/enc28j60.o
 .bss._ZL12Enc28j60Bank
                0x008004ac        0x1 EtherCardModified/enc28j60.o
 .bss._ZN8ENC28J6010bufferSizeE
                0x008004ad        0x2 EtherCardModified/enc28j60.o
                0x008004ad                _ZN8ENC28J6010bufferSizeE
 .bss._ZN8ENC28J606bufferE
                0x008004af      0x200 EtherCardModified/EtherCard.o
                0x008004af                _ZN8ENC28J606bufferE
 .bss._ZN9EtherCard8delaycntE
                0x008006af        0x2 EtherCardModified/EtherCard.o
                0x008006af                _ZN9EtherCard8delaycntE
 .bss._ZN9EtherCard5hisipE
                0x008006b1        0x4 EtherCardModified/EtherCard.o
                0x008006b1                _ZN9EtherCard5hisipE
 .bss._ZN9EtherCard5dnsipE
                0x008006b5        0x4 EtherCardModified/EtherCard.o
                0x008006b5                _ZN9EtherCard5dnsipE
 .bss._ZN9EtherCard4gwipE
                0x008006b9        0x4 EtherCardModified/EtherCard.o
                0x008006b9                _ZN9EtherCard4gwipE
 .bss._ZN9EtherCard11broadcastipE
                0x008006bd        0x4 EtherCardModified/EtherCard.o
                0x008006bd                _ZN9EtherCard11broadcastipE
 .bss._ZN9EtherCard7netmaskE
                0x008006c1        0x4 EtherCardModified/EtherCard.o
                0x008006c1                _ZN9EtherCard7netmaskE
 .bss._ZN9EtherCard4myipE
                0x008006c5        0x4 EtherCardModified/EtherCard.o
                0x008006c5                _ZN9EtherCard4myipE
 .bss._ZN9EtherCard5mymacE
                0x008006c9        0x6 EtherCardModified/EtherCard.o
                0x008006c9                _ZN9EtherCard5mymacE
 .bss._ZL9waitgwmac
                0x008006cf        0x1 EtherCardModified/tcpip.o
 .bss._ZL9gwmacaddr
                0x008006d0        0x6 EtherCardModified/tcpip.o
 .bss._ZL12has_dest_mac
                0x008006d6        0x1 EtherCardModified/tcpip.o
 .bss._ZL20waiting_for_dest_mac
                0x008006d7        0x1 EtherCardModified/tcpip.o
 .bss._ZL11has_dns_mac
                0x008006d8        0x1 EtherCardModified/tcpip.o
 .bss._ZL19waiting_for_dns_mac
                0x008006d9        0x1 EtherCardModified/tcpip.o
 .bss._ZL11destmacaddr
                0x008006da        0x6 EtherCardModified/tcpip.o
 .bss._ZL7icmp_cb
                0x008006e0        0x2 EtherCardModified/tcpip.o
 .bss.numListeners
                0x008006e2        0x1 EtherCardModified/udpserver.o
                0x008006e2                numListeners
 .bss.listeners
                0x008006e3       0x28 EtherCardModified/udpserver.o
                0x008006e3                listeners
 .bss._ZN9EtherComm9_destPortE
                0x0080070b        0x2 EtherComm.o
                0x0080070b                _ZN9EtherComm9_destPortE
 .bss._ZN9EtherComm9_recvPortE
                0x0080070d        0x2 EtherComm.o
                0x0080070d                _ZN9EtherComm9_recvPortE
 .bss.Serial3   0x0080070f        0xc Micro/Peripherals/HardwareSerial.o
                0x0080070f                Serial3
 .bss.Serial2   0x0080071b        0xc Micro/Peripherals/HardwareSerial.o
                0x0080071b                Serial2
 .bss.Serial1   0x00800727        0xc Micro/Peripherals/HardwareSerial.o
                0x00800727                Serial1
 .bss.Serial    0x00800733        0xc Micro/Peripherals/HardwareSerial.o
                0x00800733                Serial
 .bss.Servo5    0x0080073f       0x13 Micro/Peripherals/HardwareServo.o
                0x0080073f                Servo5
 .bss.Servo4    0x00800752       0x13 Micro/Peripherals/HardwareServo.o
                0x00800752                Servo4
 .bss.Servo3    0x00800765       0x13 Micro/Peripherals/HardwareServo.o
                0x00800765                Servo3
 .bss.Servo1    0x00800778       0x13 Micro/Peripherals/HardwareServo.o
                0x00800778                Servo1
 .bss.Timer2    0x0080078b        0xc Micro/Peripherals/HardwareTimer.o
                0x0080078b                Timer2
 .bss.Timer0    0x00800797        0xc Micro/Peripherals/HardwareTimer.o
                0x00800797                Timer0
 .bss.twi_error
                0x008007a3        0x1 Micro/Peripherals/twi.o
 .bss.twi_rxBufferIndex
                0x008007a4        0x1 Micro/Peripherals/twi.o
 .bss.twi_rxBuffer
                0x008007a5       0x20 Micro/Peripherals/twi.o
 .bss.twi_txBufferLength
                0x008007c5        0x1 Micro/Peripherals/twi.o
 .bss.twi_txBufferIndex
                0x008007c6        0x1 Micro/Peripherals/twi.o
 .bss.twi_txBuffer
                0x008007c7       0x20 Micro/Peripherals/twi.o
 .bss.twi_masterBufferLength
                0x008007e7        0x1 Micro/Peripherals/twi.o
 .bss.twi_masterBufferIndex
                0x008007e8        0x1 Micro/Peripherals/twi.o
 .bss.twi_masterBuffer
                0x008007e9       0x20 Micro/Peripherals/twi.o
 .bss.twi_onSlaveReceive
                0x00800809        0x2 Micro/Peripherals/twi.o
 .bss.twi_onSlaveTransmit
                0x0080080b        0x2 Micro/Peripherals/twi.o
 .bss.twi_inRepStart
                0x0080080d        0x1 Micro/Peripherals/twi.o
 .bss.twi_sendStop
                0x0080080e        0x1 Micro/Peripherals/twi.o
 .bss.twi_slarw
                0x0080080f        0x1 Micro/Peripherals/twi.o
 .bss.twi_state
                0x00800810        0x1 Micro/Peripherals/twi.o
 .bss.Wire      0x00800811        0x2 Micro/Peripherals/Wire.o
                0x00800811                Wire
 .bss._ZN7TwoWire14user_onReceiveE
                0x00800813        0x2 Micro/Peripherals/Wire.o
                0x00800813                _ZN7TwoWire14user_onReceiveE
 .bss._ZN7TwoWire14user_onRequestE
                0x00800815        0x2 Micro/Peripherals/Wire.o
                0x00800815                _ZN7TwoWire14user_onRequestE
 .bss._ZN7TwoWire12transmittingE
                0x00800817        0x1 Micro/Peripherals/Wire.o
                0x00800817                _ZN7TwoWire12transmittingE
 .bss._ZN7TwoWire14txBufferLengthE
                0x00800818        0x1 Micro/Peripherals/Wire.o
                0x00800818                _ZN7TwoWire14txBufferLengthE
 .bss._ZN7TwoWire13txBufferIndexE
                0x00800819        0x1 Micro/Peripherals/Wire.o
                0x00800819                _ZN7TwoWire13txBufferIndexE
 .bss._ZN7TwoWire8txBufferE
                0x0080081a       0x20 Micro/Peripherals/Wire.o
                0x0080081a                _ZN7TwoWire8txBufferE
 .bss._ZN7TwoWire9txAddressE
                0x0080083a        0x1 Micro/Peripherals/Wire.o
                0x0080083a                _ZN7TwoWire9txAddressE
 .bss._ZN7TwoWire14rxBufferLengthE
                0x0080083b        0x1 Micro/Peripherals/Wire.o
                0x0080083b                _ZN7TwoWire14rxBufferLengthE
 .bss._ZN7TwoWire13rxBufferIndexE
                0x0080083c        0x1 Micro/Peripherals/Wire.o
                0x0080083c                _ZN7TwoWire13rxBufferIndexE
 .bss._ZN7TwoWire8rxBufferE
                0x0080083d       0x20 Micro/Peripherals/Wire.o
                0x0080083d                _ZN7TwoWire8rxBufferE
 .bss.PcbServoD8
                0x0080085d        0x8 PcbPins/PcbPins.o
                0x0080085d                PcbServoD8
 .bss.PcbServoD7
                0x00800865        0x8 PcbPins/PcbPins.o
                0x00800865                PcbServoD7
 .bss.PcbServoD6
                0x0080086d        0x8 PcbPins/PcbPins.o
                0x0080086d                PcbServoD6
 .bss.PcbServoD5
                0x00800875        0x8 PcbPins/PcbPins.o
                0x00800875                PcbServoD5
 .bss.PcbServoD4
                0x0080087d        0x8 PcbPins/PcbPins.o
                0x0080087d                PcbServoD4
 .bss.PcbServoD3
                0x00800885        0x8 PcbPins/PcbPins.o
                0x00800885                PcbServoD3
 .bss.PcbServoD2
                0x0080088d        0x8 PcbPins/PcbPins.o
                0x0080088d                PcbServoD2
 .bss.PcbServoD1
                0x00800895        0x8 PcbPins/PcbPins.o
                0x00800895                PcbServoD1
 .bss.PcbServoC8
                0x0080089d        0x8 PcbPins/PcbPins.o
                0x0080089d                PcbServoC8
 .bss.PcbServoC7
                0x008008a5        0x8 PcbPins/PcbPins.o
                0x008008a5                PcbServoC7
 .bss.PcbServoC6
                0x008008ad        0x8 PcbPins/PcbPins.o
                0x008008ad                PcbServoC6
 .bss.PcbServoC5
                0x008008b5        0x8 PcbPins/PcbPins.o
                0x008008b5                PcbServoC5
 .bss.PcbServoC4
                0x008008bd        0x8 PcbPins/PcbPins.o
                0x008008bd                PcbServoC4
 .bss.PcbServoC3
                0x008008c5        0x8 PcbPins/PcbPins.o
                0x008008c5                PcbServoC3
 .bss.PcbServoC2
                0x008008cd        0x8 PcbPins/PcbPins.o
                0x008008cd                PcbServoC2
 .bss.PcbServoC1
                0x008008d5        0x8 PcbPins/PcbPins.o
                0x008008d5                PcbServoC1
 .bss.PcaServoController
                0x008008dd        0x6 PcbPins/PcbPins.o
                0x008008dd                PcaServoController
 .bss.PcbServoB6
                0x008008e3        0x5 PcbPins/PcbPins.o
                0x008008e3                PcbServoB6
 .bss.PcbServoB5
                0x008008e8        0x5 PcbPins/PcbPins.o
                0x008008e8                PcbServoB5
 .bss.PcbServoB4
                0x008008ed        0x5 PcbPins/PcbPins.o
                0x008008ed                PcbServoB4
 .bss.PcbServoB3
                0x008008f2        0x5 PcbPins/PcbPins.o
                0x008008f2                PcbServoB3
 .bss.PcbServoB2
                0x008008f7        0x5 PcbPins/PcbPins.o
                0x008008f7                PcbServoB2
 .bss.PcbServoB1
                0x008008fc        0x5 PcbPins/PcbPins.o
                0x008008fc                PcbServoB1
 .bss.PcbServoA5
                0x00800901        0x5 PcbPins/PcbPins.o
                0x00800901                PcbServoA5
 .bss.PcbServoA4
                0x00800906        0x5 PcbPins/PcbPins.o
                0x00800906                PcbServoA4
 .bss.PcbServoA3
                0x0080090b        0x5 PcbPins/PcbPins.o
                0x0080090b                PcbServoA3
 .bss.PcbServoA2
                0x00800910        0x5 PcbPins/PcbPins.o
                0x00800910                PcbServoA2
 .bss.PcbServoA1
                0x00800915        0x5 PcbPins/PcbPins.o
                0x00800915                PcbServoA1
 .bss.ServoD8   0x0080091a        0x6 Robot.o
                0x0080091a                ServoD8
 .bss.ServoD7   0x00800920        0x6 Robot.o
                0x00800920                ServoD7
 .bss.ServoD6   0x00800926        0x6 Robot.o
                0x00800926                ServoD6
 .bss.ServoD5   0x0080092c        0x6 Robot.o
                0x0080092c                ServoD5
 .bss.ServoD4   0x00800932        0x6 Robot.o
                0x00800932                ServoD4
 .bss.ServoD3   0x00800938        0x6 Robot.o
                0x00800938                ServoD3
 .bss.ServoD2   0x0080093e        0x6 Robot.o
                0x0080093e                ServoD2
 .bss.ServoD1   0x00800944        0x6 Robot.o
                0x00800944                ServoD1
 .bss.ServoC8   0x0080094a        0x6 Robot.o
                0x0080094a                ServoC8
 .bss.ServoC7   0x00800950        0x6 Robot.o
                0x00800950                ServoC7
 .bss.ServoC6   0x00800956        0x6 Robot.o
                0x00800956                ServoC6
 .bss.ServoC5   0x0080095c        0x6 Robot.o
                0x0080095c                ServoC5
 .bss.ServoC4   0x00800962        0x6 Robot.o
                0x00800962                ServoC4
 .bss.ServoC3   0x00800968        0x6 Robot.o
                0x00800968                ServoC3
 .bss.ServoC2   0x0080096e        0x6 Robot.o
                0x0080096e                ServoC2
 .bss.ServoC1   0x00800974        0x6 Robot.o
                0x00800974                ServoC1
 .bss.ServoB6   0x0080097a        0x6 Robot.o
                0x0080097a                ServoB6
 .bss.ServoB5   0x00800980        0x6 Robot.o
                0x00800980                ServoB5
 .bss.ServoB4   0x00800986        0x6 Robot.o
                0x00800986                ServoB4
 .bss.ServoB3   0x0080098c        0x6 Robot.o
                0x0080098c                ServoB3
 .bss.ServoB2   0x00800992        0x6 Robot.o
                0x00800992                ServoB2
 .bss.ServoB1   0x00800998        0x6 Robot.o
                0x00800998                ServoB1
 .bss.ServoA5   0x0080099e        0x6 Robot.o
                0x0080099e                ServoA5
 .bss.ServoA4   0x008009a4        0x6 Robot.o
                0x008009a4                ServoA4
 .bss.ServoA3   0x008009aa        0x6 Robot.o
                0x008009aa                ServoA3
 .bss.ServoA2   0x008009b0        0x6 Robot.o
                0x008009b0                ServoA2
 .bss.ServoA1   0x008009b6        0x6 Robot.o
                0x008009b6                ServoA1
 .bss.Imu       0x008009bc        0xf Robot.o
                0x008009bc                Imu
 .bss.Pressure  0x008009cb       0x2c Robot.o
                0x008009cb                Pressure
 .bss.LED       0x008009f7        0x7 Robot.o
                0x008009f7                LED
 .bss.Button1   0x008009fe        0x7 Robot.o
                0x008009fe                Button1
 .bss.Button0   0x00800a05        0x7 Robot.o
                0x00800a05                Button0
 .bss._ZN5Robot9registersE
                0x00800a0c      0x200 Robot.o
                0x00800a0c                _ZN5Robot9registersE
 .bss.vector    0x00800c0c        0xc Sensors/ImuSensor.o
                0x00800c0c                vector
 *(COMMON)
                0x00800c18                PROVIDE (__bss_end, .)
                0x00005418                __data_load_start = LOADADDR (.data)
                0x000056bc                __data_load_end = (__data_load_start + SIZEOF (.data))

.noinit         0x00800c18        0x0
                [!provide]                PROVIDE (__noinit_start, .)
 *(.noinit*)
                [!provide]                PROVIDE (__noinit_end, .)
                0x00800c18                _end = .
                [!provide]                PROVIDE (__heap_start, .)

.eeprom         0x00810000        0x0
 *(.eeprom*)
                0x00810000                __eeprom_end = .

.fuse
 *(.fuse)
 *(.lfuse)
 *(.hfuse)
 *(.efuse)

.lock
 *(.lock*)

.signature
 *(.signature*)

.user_signatures
 *(.user_signatures*)

.stab
 *(.stab)

.stabstr
 *(.stabstr)

.stab.excl
 *(.stab.excl)

.stab.exclstr
 *(.stab.exclstr)

.stab.index
 *(.stab.index)

.stab.indexstr
 *(.stab.indexstr)

.comment        0x00000000       0x30
 *(.comment)
 .comment       0x00000000       0x30 BNO055/Adafruit_BNO055.o
                                 0x31 (size before relaxing)
 .comment       0x00000030       0x31 Commands.o
 .comment       0x00000030       0x31 EtherCardModified/enc28j60.o
 .comment       0x00000030       0x31 EtherCardModified/EtherCard.o
 .comment       0x00000030       0x31 EtherCardModified/tcpip.o
 .comment       0x00000030       0x31 EtherCardModified/udpserver.o
 .comment       0x00000030       0x31 EtherCardModified/webutil.o
 .comment       0x00000030       0x31 EtherComm.o
 .comment       0x00000030       0x31 main.o
 .comment       0x00000030       0x31 Micro/Peripherals/HardwareSerial.o
 .comment       0x00000030       0x31 Micro/Peripherals/HardwareServo.o
 .comment       0x00000030       0x31 Micro/Peripherals/HardwareTimer.o
 .comment       0x00000030       0x31 Micro/Peripherals/twi.o
 .comment       0x00000030       0x31 Micro/Peripherals/Wire.o
 .comment       0x00000030       0x31 MS5837/MS5837.o
 .comment       0x00000030       0x31 PCA9685/PCA9685.o
 .comment       0x00000030       0x31 PCA9685/TwiServoController.o
 .comment       0x00000030       0x31 PcbPins/HardwarePcbServo.o
 .comment       0x00000030       0x31 PcbPins/PcbPins.o
 .comment       0x00000030       0x31 PcbPins/TwiPcbServo.o
 .comment       0x00000030       0x31 Robot.o
 .comment       0x00000030       0x31 Sensors/ImuSensor.o
 .comment       0x00000030       0x31 Sensors/PressureSensor.o
 .comment       0x00000030       0x31 Utils/Print.o

.note.gnu.avr.deviceinfo
                0x00000000       0x40
 .note.gnu.avr.deviceinfo
                0x00000000       0x40 C:/Program Files (x86)/Atmel/Studio/7.0/Packs/atmel/ATmega_DFP/1.2.209/gcc/dev/atmega2560/avr6/crtatmega2560.o

.note.gnu.build-id
 *(.note.gnu.build-id)

.debug
 *(.debug)

.line
 *(.line)

.debug_srcinfo
 *(.debug_srcinfo)

.debug_sfnames
 *(.debug_sfnames)

.debug_aranges  0x00000000      0xa30
 *(.debug_aranges)
 .debug_aranges
                0x00000000       0xf0 BNO055/Adafruit_BNO055.o
 .debug_aranges
                0x000000f0       0x40 Commands.o
 .debug_aranges
                0x00000130       0x88 EtherCardModified/enc28j60.o
 .debug_aranges
                0x000001b8       0x28 EtherCardModified/EtherCard.o
 .debug_aranges
                0x000001e0       0xb0 EtherCardModified/tcpip.o
 .debug_aranges
                0x00000290       0x40 EtherCardModified/udpserver.o
 .debug_aranges
                0x000002d0       0x60 EtherCardModified/webutil.o
 .debug_aranges
                0x00000330       0x38 EtherComm.o
 .debug_aranges
                0x00000368       0x20 main.o
 .debug_aranges
                0x00000388       0x78 Micro/Peripherals/HardwareSerial.o
 .debug_aranges
                0x00000400       0x80 Micro/Peripherals/HardwareServo.o
 .debug_aranges
                0x00000480       0x78 Micro/Peripherals/HardwareTimer.o
 .debug_aranges
                0x000004f8       0x80 Micro/Peripherals/twi.o
 .debug_aranges
                0x00000578       0xf8 Micro/Peripherals/Wire.o
 .debug_aranges
                0x00000670       0x68 MS5837/MS5837.o
 .debug_aranges
                0x000006d8       0xa0 PCA9685/PCA9685.o
 .debug_aranges
                0x00000778       0x38 PCA9685/TwiServoController.o
 .debug_aranges
                0x000007b0       0x30 PcbPins/HardwarePcbServo.o
 .debug_aranges
                0x000007e0       0x20 PcbPins/PcbPins.o
 .debug_aranges
                0x00000800       0x30 PcbPins/TwiPcbServo.o
 .debug_aranges
                0x00000830       0xa8 Robot.o
 .debug_aranges
                0x000008d8       0x50 Sensors/ImuSensor.o
 .debug_aranges
                0x00000928       0x40 Sensors/PressureSensor.o
 .debug_aranges
                0x00000968       0xc8 Utils/Print.o

.debug_pubnames
 *(.debug_pubnames)

.debug_info     0x00000000    0x183fc
 *(.debug_info .gnu.linkonce.wi.*)
 .debug_info    0x00000000      0xbbc C:/Program Files (x86)/Atmel/Studio/7.0/Packs/atmel/ATmega_DFP/1.2.209/gcc/dev/atmega2560/avr6/crtatmega2560.o
 .debug_info    0x00000bbc     0x42f2 BNO055/Adafruit_BNO055.o
 .debug_info    0x00004eae      0x8ed Commands.o
 .debug_info    0x0000579b      0xfd8 EtherCardModified/enc28j60.o
 .debug_info    0x00006773      0x77b EtherCardModified/EtherCard.o
 .debug_info    0x00006eee     0x10d6 EtherCardModified/tcpip.o
 .debug_info    0x00007fc4      0x6de EtherCardModified/udpserver.o
 .debug_info    0x000086a2      0x8f0 EtherCardModified/webutil.o
 .debug_info    0x00008f92      0x95e EtherComm.o
 .debug_info    0x000098f0      0x73c main.o
 .debug_info    0x0000a02c      0xe35 Micro/Peripherals/HardwareSerial.o
 .debug_info    0x0000ae61      0x8eb Micro/Peripherals/HardwareServo.o
 .debug_info    0x0000b74c      0x69b Micro/Peripherals/HardwareTimer.o
 .debug_info    0x0000bde7      0x60a Micro/Peripherals/twi.o
 .debug_info    0x0000c3f1     0x163d Micro/Peripherals/Wire.o
 .debug_info    0x0000da2e      0xcbc MS5837/MS5837.o
 .debug_info    0x0000e6ea     0x108a PCA9685/PCA9685.o
 .debug_info    0x0000f774      0x656 PCA9685/TwiServoController.o
 .debug_info    0x0000fdca      0x6b1 PcbPins/HardwarePcbServo.o
 .debug_info    0x0001047b      0xd09 PcbPins/PcbPins.o
 .debug_info    0x00011184      0x6f7 PcbPins/TwiPcbServo.o
 .debug_info    0x0001187b     0x3483 Robot.o
 .debug_info    0x00014cfe     0x13d2 Sensors/ImuSensor.o
 .debug_info    0x000160d0     0x116c Sensors/PressureSensor.o
 .debug_info    0x0001723c     0x11c0 Utils/Print.o

.debug_abbrev   0x00000000     0x51fa
 *(.debug_abbrev)
 .debug_abbrev  0x00000000      0xb1a C:/Program Files (x86)/Atmel/Studio/7.0/Packs/atmel/ATmega_DFP/1.2.209/gcc/dev/atmega2560/avr6/crtatmega2560.o
 .debug_abbrev  0x00000b1a      0x5a8 BNO055/Adafruit_BNO055.o
 .debug_abbrev  0x000010c2      0x27e Commands.o
 .debug_abbrev  0x00001340      0x3b9 EtherCardModified/enc28j60.o
 .debug_abbrev  0x000016f9      0x180 EtherCardModified/EtherCard.o
 .debug_abbrev  0x00001879      0x379 EtherCardModified/tcpip.o
 .debug_abbrev  0x00001bf2      0x1fd EtherCardModified/udpserver.o
 .debug_abbrev  0x00001def      0x295 EtherCardModified/webutil.o
 .debug_abbrev  0x00002084      0x226 EtherComm.o
 .debug_abbrev  0x000022aa      0x206 main.o
 .debug_abbrev  0x000024b0      0x322 Micro/Peripherals/HardwareSerial.o
 .debug_abbrev  0x000027d2      0x1d4 Micro/Peripherals/HardwareServo.o
 .debug_abbrev  0x000029a6      0x236 Micro/Peripherals/HardwareTimer.o
 .debug_abbrev  0x00002bdc      0x222 Micro/Peripherals/twi.o
 .debug_abbrev  0x00002dfe      0x428 Micro/Peripherals/Wire.o
 .debug_abbrev  0x00003226      0x362 MS5837/MS5837.o
 .debug_abbrev  0x00003588      0x30c PCA9685/PCA9685.o
 .debug_abbrev  0x00003894      0x21c PCA9685/TwiServoController.o
 .debug_abbrev  0x00003ab0      0x21e PcbPins/HardwarePcbServo.o
 .debug_abbrev  0x00003cce      0x1c3 PcbPins/PcbPins.o
 .debug_abbrev  0x00003e91      0x21e PcbPins/TwiPcbServo.o
 .debug_abbrev  0x000040af      0x5f3 Robot.o
 .debug_abbrev  0x000046a2      0x4c7 Sensors/ImuSensor.o
 .debug_abbrev  0x00004b69      0x3f5 Sensors/PressureSensor.o
 .debug_abbrev  0x00004f5e      0x29c Utils/Print.o

.debug_line     0x00000000     0x61bd
 *(.debug_line .debug_line.* .debug_line_end)
 .debug_line    0x00000000      0x1f9 C:/Program Files (x86)/Atmel/Studio/7.0/Packs/atmel/ATmega_DFP/1.2.209/gcc/dev/atmega2560/avr6/crtatmega2560.o
 .debug_line    0x000001f9      0xc75 BNO055/Adafruit_BNO055.o
 .debug_line    0x00000e6e      0x18b Commands.o
 .debug_line    0x00000ff9      0x630 EtherCardModified/enc28j60.o
 .debug_line    0x00001629      0x15b EtherCardModified/EtherCard.o
 .debug_line    0x00001784      0x7f8 EtherCardModified/tcpip.o
 .debug_line    0x00001f7c      0x20d EtherCardModified/udpserver.o
 .debug_line    0x00002189      0x3ae EtherCardModified/webutil.o
 .debug_line    0x00002537      0x1d8 EtherComm.o
 .debug_line    0x0000270f      0x18d main.o
 .debug_line    0x0000289c      0x30a Micro/Peripherals/HardwareSerial.o
 .debug_line    0x00002ba6      0x23a Micro/Peripherals/HardwareServo.o
 .debug_line    0x00002de0      0x2d0 Micro/Peripherals/HardwareTimer.o
 .debug_line    0x000030b0      0x544 Micro/Peripherals/twi.o
 .debug_line    0x000035f4      0x5a0 Micro/Peripherals/Wire.o
 .debug_line    0x00003b94      0x519 MS5837/MS5837.o
 .debug_line    0x000040ad      0x53c PCA9685/PCA9685.o
 .debug_line    0x000045e9      0x1be PCA9685/TwiServoController.o
 .debug_line    0x000047a7      0x20e PcbPins/HardwarePcbServo.o
 .debug_line    0x000049b5      0x1f0 PcbPins/PcbPins.o
 .debug_line    0x00004ba5      0x15f PcbPins/TwiPcbServo.o
 .debug_line    0x00004d04      0x9f5 Robot.o
 .debug_line    0x000056f9      0x321 Sensors/ImuSensor.o
 .debug_line    0x00005a1a      0x2b8 Sensors/PressureSensor.o
 .debug_line    0x00005cd2      0x4eb Utils/Print.o

.debug_frame    0x00000000     0x1e54
 *(.debug_frame)
 .debug_frame   0x00000000      0x480 BNO055/Adafruit_BNO055.o
 .debug_frame   0x00000480       0x64 Commands.o
 .debug_frame   0x000004e4      0x1b4 EtherCardModified/enc28j60.o
 .debug_frame   0x00000698       0x70 EtherCardModified/EtherCard.o
 .debug_frame   0x00000708      0x240 EtherCardModified/tcpip.o
 .debug_frame   0x00000948       0xb8 EtherCardModified/udpserver.o
 .debug_frame   0x00000a00      0x130 EtherCardModified/webutil.o
 .debug_frame   0x00000b30       0x98 EtherComm.o
 .debug_frame   0x00000bc8       0x24 main.o
 .debug_frame   0x00000bec      0x10c Micro/Peripherals/HardwareSerial.o
 .debug_frame   0x00000cf8      0x124 Micro/Peripherals/HardwareServo.o
 .debug_frame   0x00000e1c      0x1e4 Micro/Peripherals/HardwareTimer.o
 .debug_frame   0x00001000      0x134 Micro/Peripherals/twi.o
 .debug_frame   0x00001134      0x280 Micro/Peripherals/Wire.o
 .debug_frame   0x000013b4      0x1a4 MS5837/MS5837.o
 .debug_frame   0x00001558      0x21c PCA9685/PCA9685.o
 .debug_frame   0x00001774       0x60 PCA9685/TwiServoController.o
 .debug_frame   0x000017d4       0x44 PcbPins/HardwarePcbServo.o
 .debug_frame   0x00001818       0x24 PcbPins/PcbPins.o
 .debug_frame   0x0000183c       0x44 PcbPins/TwiPcbServo.o
 .debug_frame   0x00001880      0x170 Robot.o
 .debug_frame   0x000019f0       0xc4 Sensors/ImuSensor.o
 .debug_frame   0x00001ab4       0xc0 Sensors/PressureSensor.o
 .debug_frame   0x00001b74      0x2e0 Utils/Print.o

.debug_str      0x00000000     0x6aa2
 *(.debug_str)
 .debug_str     0x00000000      0x3e6 C:/Program Files (x86)/Atmel/Studio/7.0/Packs/atmel/ATmega_DFP/1.2.209/gcc/dev/atmega2560/avr6/crtatmega2560.o
 .debug_str     0x000003e6     0x319d BNO055/Adafruit_BNO055.o
                               0x330b (size before relaxing)
 .debug_str     0x00003583      0x862 Commands.o
                                0xa76 (size before relaxing)
 .debug_str     0x00003de5      0x21f EtherCardModified/enc28j60.o
                                0x54d (size before relaxing)
 .debug_str     0x00004004       0xf7 EtherCardModified/EtherCard.o
                                0x8cb (size before relaxing)
 .debug_str     0x000040fb      0x1fe EtherCardModified/tcpip.o
                                0x9c4 (size before relaxing)
 .debug_str     0x000042f9       0x68 EtherCardModified/udpserver.o
                                0x843 (size before relaxing)
 .debug_str     0x00004361       0xba EtherCardModified/webutil.o
                                0x867 (size before relaxing)
 .debug_str     0x0000441b       0xfe EtherComm.o
                                0xa05 (size before relaxing)
 .debug_str     0x00004519       0x5d main.o
                                0x921 (size before relaxing)
 .debug_str     0x00004576      0x6b0 Micro/Peripherals/HardwareSerial.o
                                0x9a7 (size before relaxing)
 .debug_str     0x00004c26      0x2ac Micro/Peripherals/HardwareServo.o
                                0x50a (size before relaxing)
 .debug_str     0x00004ed2      0x226 Micro/Peripherals/HardwareTimer.o
                                0x48a (size before relaxing)
 .debug_str     0x000050f8      0x28d Micro/Peripherals/twi.o
                                0x382 (size before relaxing)
 .debug_str     0x00005385      0x44f Micro/Peripherals/Wire.o
                                0xc76 (size before relaxing)
 .debug_str     0x000057d4      0x206 MS5837/MS5837.o
                                0x708 (size before relaxing)
 .debug_str     0x000059da      0x2c7 PCA9685/PCA9685.o
                                0x686 (size before relaxing)
 .debug_str     0x00005ca1       0xe4 PCA9685/TwiServoController.o
                                0x574 (size before relaxing)
 .debug_str     0x00005d85      0x1e8 PcbPins/HardwarePcbServo.o
                                0x641 (size before relaxing)
 .debug_str     0x00005f6d      0x16e PcbPins/PcbPins.o
                                0x911 (size before relaxing)
 .debug_str     0x000060db       0xd1 PcbPins/TwiPcbServo.o
                                0x6a1 (size before relaxing)
 .debug_str     0x000061ac      0x585 Robot.o
                               0x2655 (size before relaxing)
 .debug_str     0x00006731       0xcc Sensors/ImuSensor.o
                               0x13ea (size before relaxing)
 .debug_str     0x000067fd       0xca Sensors/PressureSensor.o
                                0xef7 (size before relaxing)
 .debug_str     0x000068c7      0x1db Utils/Print.o
                                0x4a3 (size before relaxing)

.debug_loc      0x00000000     0xbca2
 *(.debug_loc)
 .debug_loc     0x00000000     0x21c4 BNO055/Adafruit_BNO055.o
 .debug_loc     0x000021c4      0x1a7 Commands.o
 .debug_loc     0x0000236b      0x955 EtherCardModified/enc28j60.o
 .debug_loc     0x00002cc0      0x25f EtherCardModified/EtherCard.o
 .debug_loc     0x00002f1f      0xa60 EtherCardModified/tcpip.o
 .debug_loc     0x0000397f      0x243 EtherCardModified/udpserver.o
 .debug_loc     0x00003bc2      0x8a2 EtherCardModified/webutil.o
 .debug_loc     0x00004464      0x48e EtherComm.o
 .debug_loc     0x000048f2      0x451 Micro/Peripherals/HardwareSerial.o
 .debug_loc     0x00004d43      0x60d Micro/Peripherals/HardwareServo.o
 .debug_loc     0x00005350      0x687 Micro/Peripherals/HardwareTimer.o
 .debug_loc     0x000059d7      0x54a Micro/Peripherals/twi.o
 .debug_loc     0x00005f21      0xb3b Micro/Peripherals/Wire.o
 .debug_loc     0x00006a5c      0xed7 MS5837/MS5837.o
 .debug_loc     0x00007933      0xdfb PCA9685/PCA9685.o
 .debug_loc     0x0000872e      0x1a8 PCA9685/TwiServoController.o
 .debug_loc     0x000088d6      0x2d6 PcbPins/HardwarePcbServo.o
 .debug_loc     0x00008bac       0x29 PcbPins/PcbPins.o
 .debug_loc     0x00008bd5      0x162 PcbPins/TwiPcbServo.o
 .debug_loc     0x00008d37     0x1088 Robot.o
 .debug_loc     0x00009dbf      0x3c8 Sensors/ImuSensor.o
 .debug_loc     0x0000a187      0x4fb Sensors/PressureSensor.o
 .debug_loc     0x0000a682     0x1620 Utils/Print.o

.debug_macinfo
 *(.debug_macinfo)

.debug_weaknames
 *(.debug_weaknames)

.debug_funcnames
 *(.debug_funcnames)

.debug_typenames
 *(.debug_typenames)

.debug_varnames
 *(.debug_varnames)

.debug_pubtypes
 *(.debug_pubtypes)

.debug_ranges   0x00000000      0x968
 *(.debug_ranges)
 .debug_ranges  0x00000000       0xe0 BNO055/Adafruit_BNO055.o
 .debug_ranges  0x000000e0       0x30 Commands.o
 .debug_ranges  0x00000110       0xc0 EtherCardModified/enc28j60.o
 .debug_ranges  0x000001d0       0x18 EtherCardModified/EtherCard.o
 .debug_ranges  0x000001e8       0xe0 EtherCardModified/tcpip.o
 .debug_ranges  0x000002c8       0x48 EtherCardModified/udpserver.o
 .debug_ranges  0x00000310       0x68 EtherCardModified/webutil.o
 .debug_ranges  0x00000378       0x28 EtherComm.o
 .debug_ranges  0x000003a0       0x10 main.o
 .debug_ranges  0x000003b0       0x68 Micro/Peripherals/HardwareSerial.o
 .debug_ranges  0x00000418       0x70 Micro/Peripherals/HardwareServo.o
 .debug_ranges  0x00000488       0x68 Micro/Peripherals/HardwareTimer.o
 .debug_ranges  0x000004f0       0x70 Micro/Peripherals/twi.o
 .debug_ranges  0x00000560       0xe8 Micro/Peripherals/Wire.o
 .debug_ranges  0x00000648       0x58 MS5837/MS5837.o
 .debug_ranges  0x000006a0       0x90 PCA9685/PCA9685.o
 .debug_ranges  0x00000730       0x28 PCA9685/TwiServoController.o
 .debug_ranges  0x00000758       0x20 PcbPins/HardwarePcbServo.o
 .debug_ranges  0x00000778       0x10 PcbPins/PcbPins.o
 .debug_ranges  0x00000788       0x20 PcbPins/TwiPcbServo.o
 .debug_ranges  0x000007a8       0x98 Robot.o
 .debug_ranges  0x00000840       0x40 Sensors/ImuSensor.o
 .debug_ranges  0x00000880       0x30 Sensors/PressureSensor.o
 .debug_ranges  0x000008b0       0xb8 Utils/Print.o

.debug_macro
 *(.debug_macro)
OUTPUT(RovController.elf elf32-avr)
LOAD linker stubs
