Archive member included to satisfy reference by file (symbol)

c:/program files (x86)/atmel/studio/7.0/toolchain/avr8/avr8-gnu-toolchain/bin/../lib/gcc/avr/5.4.0/../../../../avr/lib/avr6\libm.a(addsf3.o)
                              Micro/Peripherals/HardwareTimer.o (__subsf3)
c:/program files (x86)/atmel/studio/7.0/toolchain/avr8/avr8-gnu-toolchain/bin/../lib/gcc/avr/5.4.0/../../../../avr/lib/avr6\libm.a(addsf3x.o)
                              c:/program files (x86)/atmel/studio/7.0/toolchain/avr8/avr8-gnu-toolchain/bin/../lib/gcc/avr/5.4.0/../../../../avr/lib/avr6\libm.a(addsf3.o) (__addsf3x)
c:/program files (x86)/atmel/studio/7.0/toolchain/avr8/avr8-gnu-toolchain/bin/../lib/gcc/avr/5.4.0/../../../../avr/lib/avr6\libm.a(cmpsf2.o)
                              Micro/Peripherals/HardwareTimer.o (__ltsf2)
c:/program files (x86)/atmel/studio/7.0/toolchain/avr8/avr8-gnu-toolchain/bin/../lib/gcc/avr/5.4.0/../../../../avr/lib/avr6\libm.a(divsf3.o)
                              BNO055/Adafruit_BNO055.o (__divsf3)
c:/program files (x86)/atmel/studio/7.0/toolchain/avr8/avr8-gnu-toolchain/bin/../lib/gcc/avr/5.4.0/../../../../avr/lib/avr6\libm.a(divsf3x.o)
                              c:/program files (x86)/atmel/studio/7.0/toolchain/avr8/avr8-gnu-toolchain/bin/../lib/gcc/avr/5.4.0/../../../../avr/lib/avr6\libm.a(divsf3.o) (__divsf3x)
c:/program files (x86)/atmel/studio/7.0/toolchain/avr8/avr8-gnu-toolchain/bin/../lib/gcc/avr/5.4.0/../../../../avr/lib/avr6\libm.a(fixunssfsi.o)
                              Micro/Peripherals/HardwareTimer.o (__fixunssfsi)
c:/program files (x86)/atmel/studio/7.0/toolchain/avr8/avr8-gnu-toolchain/bin/../lib/gcc/avr/5.4.0/../../../../avr/lib/avr6\libm.a(floatsisf.o)
                              PCA9685/PCA9685.o (__floatunsisf)
c:/program files (x86)/atmel/studio/7.0/toolchain/avr8/avr8-gnu-toolchain/bin/../lib/gcc/avr/5.4.0/../../../../avr/lib/avr6\libm.a(fp_cmp.o)
                              c:/program files (x86)/atmel/studio/7.0/toolchain/avr8/avr8-gnu-toolchain/bin/../lib/gcc/avr/5.4.0/../../../../avr/lib/avr6\libm.a(cmpsf2.o) (__fp_cmp)
c:/program files (x86)/atmel/studio/7.0/toolchain/avr8/avr8-gnu-toolchain/bin/../lib/gcc/avr/5.4.0/../../../../avr/lib/avr6\libm.a(fp_inf.o)
                              c:/program files (x86)/atmel/studio/7.0/toolchain/avr8/avr8-gnu-toolchain/bin/../lib/gcc/avr/5.4.0/../../../../avr/lib/avr6\libm.a(addsf3x.o) (__fp_inf)
c:/program files (x86)/atmel/studio/7.0/toolchain/avr8/avr8-gnu-toolchain/bin/../lib/gcc/avr/5.4.0/../../../../avr/lib/avr6\libm.a(fp_nan.o)
                              c:/program files (x86)/atmel/studio/7.0/toolchain/avr8/avr8-gnu-toolchain/bin/../lib/gcc/avr/5.4.0/../../../../avr/lib/avr6\libm.a(addsf3x.o) (__fp_nan)
c:/program files (x86)/atmel/studio/7.0/toolchain/avr8/avr8-gnu-toolchain/bin/../lib/gcc/avr/5.4.0/../../../../avr/lib/avr6\libm.a(fp_pscA.o)
                              c:/program files (x86)/atmel/studio/7.0/toolchain/avr8/avr8-gnu-toolchain/bin/../lib/gcc/avr/5.4.0/../../../../avr/lib/avr6\libm.a(addsf3x.o) (__fp_pscA)
c:/program files (x86)/atmel/studio/7.0/toolchain/avr8/avr8-gnu-toolchain/bin/../lib/gcc/avr/5.4.0/../../../../avr/lib/avr6\libm.a(fp_pscB.o)
                              c:/program files (x86)/atmel/studio/7.0/toolchain/avr8/avr8-gnu-toolchain/bin/../lib/gcc/avr/5.4.0/../../../../avr/lib/avr6\libm.a(addsf3x.o) (__fp_pscB)
c:/program files (x86)/atmel/studio/7.0/toolchain/avr8/avr8-gnu-toolchain/bin/../lib/gcc/avr/5.4.0/../../../../avr/lib/avr6\libm.a(fp_round.o)
                              c:/program files (x86)/atmel/studio/7.0/toolchain/avr8/avr8-gnu-toolchain/bin/../lib/gcc/avr/5.4.0/../../../../avr/lib/avr6\libm.a(addsf3.o) (__fp_round)
c:/program files (x86)/atmel/studio/7.0/toolchain/avr8/avr8-gnu-toolchain/bin/../lib/gcc/avr/5.4.0/../../../../avr/lib/avr6\libm.a(fp_split3.o)
                              c:/program files (x86)/atmel/studio/7.0/toolchain/avr8/avr8-gnu-toolchain/bin/../lib/gcc/avr/5.4.0/../../../../avr/lib/avr6\libm.a(addsf3x.o) (__fp_split3)
c:/program files (x86)/atmel/studio/7.0/toolchain/avr8/avr8-gnu-toolchain/bin/../lib/gcc/avr/5.4.0/../../../../avr/lib/avr6\libm.a(fp_zero.o)
                              c:/program files (x86)/atmel/studio/7.0/toolchain/avr8/avr8-gnu-toolchain/bin/../lib/gcc/avr/5.4.0/../../../../avr/lib/avr6\libm.a(addsf3x.o) (__fp_zero)
c:/program files (x86)/atmel/studio/7.0/toolchain/avr8/avr8-gnu-toolchain/bin/../lib/gcc/avr/5.4.0/../../../../avr/lib/avr6\libm.a(gesf2.o)
                              Micro/Peripherals/HardwareTimer.o (__gtsf2)
c:/program files (x86)/atmel/studio/7.0/toolchain/avr8/avr8-gnu-toolchain/bin/../lib/gcc/avr/5.4.0/../../../../avr/lib/avr6\libm.a(mulsf3.o)
                              BNO055/Adafruit_BNO055.o (__mulsf3)
c:/program files (x86)/atmel/studio/7.0/toolchain/avr8/avr8-gnu-toolchain/bin/../lib/gcc/avr/5.4.0/../../../../avr/lib/avr6\libm.a(mulsf3x.o)
[...]
Memory Configuration

Name             Origin             Length             Attributes
text             0x00000000         0x00100000         xr
data             0x00800200         0x0000fe00         rw !x
eeprom           0x00810000         0x00010000         rw !x
fuse             0x00820000         0x00000003         rw !x
lock             0x00830000         0x00000400         rw !x
signature        0x00840000         0x00000400         rw !x
user_signatures  0x00850000         0x00000400         rw !x
*default*        0x00000000         0xffffffff

Linker script and memory map

Address of section .data set to 0x800200
LOAD C:/Program Files (x86)/Atmel/Studio/7.0/Packs/atmel/ATmega_DFP/1.2.209/gcc/dev/atmega2560/avr6/crtatmega2560.o
LOAD BNO055/Adafruit_BNO055.o
LOAD BNO055/Adafruit_Sensor.o
LOAD Commands.o
LOAD EtherCardModified/enc28j60.o
LOAD EtherCardModified/EtherCard.o
LOAD EtherCardModified/tcpip.o
LOAD EtherCardModified/udpserver.o
LOAD EtherCardModified/webutil.o
LOAD EtherComm.o
LOAD main.o
LOAD Micro/Peripherals/HardwareSerial.o
LOAD Micro/Peripherals/HardwareServo.o
LOAD Micro/Peripherals/HardwareTimer.o
LOAD Micro/Peripherals/twi.o
LOAD Micro/Peripherals/Wire.o
LOAD MS5837/MS5837.o
LOAD PCA9685/PCA9685.o
LOAD PCA9685/TwiServoController.o
LOAD PcbPins/HardwarePcbServo.o
LOAD PcbPins/PcbPins.o
LOAD PcbPins/TwiPcbServo.o
LOAD Robot.o
LOAD Sensors/ImuSensor.o
LOAD Sensors/PressureSensor.o
LOAD Utils/Print.o
LOAD Utils/Stream.o
START GROUP
LOAD c:/program files (x86)/atmel/studio/7.0/toolchain/avr8/avr8-gnu-toolchain/bin/../lib/gcc/avr/5.4.0/../../../../avr/lib/avr6\libm.a
END GROUP
LOAD c:/program files (x86)/atmel/studio/7.0/toolchain/avr8/avr8-gnu-toolchain/bin/../lib/gcc/avr/5.4.0/avr6\libgcc.a
LOAD c:/program files (x86)/atmel/studio/7.0/toolchain/avr8/avr8-gnu-toolchain/bin/../lib/gcc/avr/5.4.0/../../../../avr/lib/avr6\libm.a
START GROUP
LOAD c:/program files (x86)/atmel/studio/7.0/toolchain/avr8/avr8-gnu-toolchain/bin/../lib/gcc/avr/5.4.0/avr6\libgcc.a
LOAD c:/program files (x86)/atmel/studio/7.0/toolchain/avr8/avr8-gnu-toolchain/bin/../lib/gcc/avr/5.4.0/../../../../avr/lib/avr6\libm.a
LOAD c:/program files (x86)/atmel/studio/7.0/toolchain/avr8/avr8-gnu-toolchain/bin/../lib/gcc/avr/5.4.0/../../../../avr/lib/avr6\libc.a
LOAD C:/Program Files (x86)/Atmel/Studio/7.0/Packs/atmel/ATmega_DFP/1.2.209/gcc/dev/atmega2560/avr6\libatmega2560.a
END GROUP
                0x00100000                __TEXT_REGION_LENGTH__ = DEFINED (__TEXT_REGION_LENGTH__)?__TEXT_REGION_LENGTH__:0x100000
                0x0000fe00                __DATA_REGION_LENGTH__ = DEFINED (__DATA_REGION_LENGTH__)?__DATA_REGION_LENGTH__:0xfe00
                0x00010000                __EEPROM_REGION_LENGTH__ = DEFINED (__EEPROM_REGION_LENGTH__)?__EEPROM_REGION_LENGTH__:0x10000
                [0x00000003]                __FUSE_REGION_LENGTH__ = DEFINED (__FUSE_REGION_LENGTH__)?__FUSE_REGION_LENGTH__:0x400
                0x00000400                __LOCK_REGION_LENGTH__ = DEFINED (__LOCK_REGION_LENGTH__)?__LOCK_REGION_LENGTH__:0x400
                0x00000400                __SIGNATURE_REGION_LENGTH__ = DEFINED (__SIGNATURE_REGION_LENGTH__)?__SIGNATURE_REGION_LENGTH__:0x400
                0x00000400                __USER_SIGNATURE_REGION_LENGTH__ = DEFINED (__USER_SIGNATURE_REGION_LENGTH__)?__USER_SIGNATURE_REGION_LENGTH__:0x400

.hash
 *(.hash)

.dynsym
 *(.dynsym)

.dynstr
 *(.dynstr)

.gnu.version
 *(.gnu.version)

.gnu.version_d
 *(.gnu.version_d)

.gnu.version_r
 *(.gnu.version_r)

.rel.init
 *(.rel.init)

.rela.init
 *(.rela.init)

.rel.text
 *(.rel.text)
 *(.rel.text.*)
 *(.rel.gnu.linkonce.t*)

.rela.text
 *(.rela.text)
 *(.rela.text.*)
 *(.rela.gnu.linkonce.t*)

.rel.fini
 *(.rel.fini)

.rela.fini
 *(.rela.fini)

.rel.rodata
 *(.rel.rodata)
 *(.rel.rodata.*)
 *(.rel.gnu.linkonce.r*)

.rela.rodata
 *(.rela.rodata)
 *(.rela.rodata.*)
 *(.rela.gnu.linkonce.r*)

.rel.data
 *(.rel.data)
 *(.rel.data.*)
 *(.rel.gnu.linkonce.d*)

.rela.data
 *(.rela.data)
 *(.rela.data.*)
 *(.rela.gnu.linkonce.d*)

.rel.ctors
 *(.rel.ctors)

.rela.ctors
 *(.rela.ctors)

.rel.dtors
 *(.rel.dtors)

.rela.dtors
 *(.rela.dtors)

.rel.got
 *(.rel.got)

.rela.got
 *(.rela.got)

.rel.bss
 *(.rel.bss)

.rela.bss
 *(.rela.bss)

.rel.plt
 *(.rel.plt)

.rela.plt
 *(.rela.plt)

.text           0x00000000     0x504e
 *(.vectors)
 .vectors       0x00000000       0xe4 C:/Program Files (x86)/Atmel/Studio/7.0/Packs/atmel/ATmega_DFP/1.2.209/gcc/dev/atmega2560/avr6/crtatmega2560.o
                0x00000000                __vector_default
                0x00000000                __vectors
 *(.vectors)
 *(.progmem.gcc*)
 .progmem.gcc_sw_table.__vector_39
                0x000000e4      0x192 Micro/Peripherals/twi.o
                0x00000276                . = ALIGN (0x2)
                0x00000276                __trampolines_start = .
 *(.trampolines)
 .trampolines   0x00000276        0x0 linker stubs
 *(.trampolines*)
                0x00000276                __trampolines_end = .
 *libprintf_flt.a:*(.progmem.data)
 *libc.a:*(.progmem.data)
 *(.progmem*)
 .progmem.data._ZL5iphdr
                0x00000276        0x9 EtherCardModified/tcpip.o
 .progmem.data._ZL9arpreqhdr
                0x0000027f        0x8 EtherCardModified/tcpip.o
                0x00000288                . = ALIGN (0x2)
 *fill*         0x00000287        0x1 
 *(.jumptables)
 *(.jumptables*)
 *(.lowtext)
 *(.lowtext*)
                0x00000288                __ctors_start = .
 *(.ctors)
 .ctors         0x00000288        0x2 Commands.o
 .ctors         0x0000028a        0x2 Micro/Peripherals/HardwareSerial.o
 .ctors         0x0000028c        0x2 Micro/Peripherals/HardwareServo.o
 .ctors         0x0000028e        0x2 Micro/Peripherals/HardwareTimer.o
 .ctors         0x00000290        0x2 Micro/Peripherals/Wire.o
 .ctors         0x00000292        0x2 PcbPins/PcbPins.o
 .ctors         0x00000294        0x2 Robot.o
 .ctors         0x00000296        0x2 Sensors/ImuSensor.o
                0x00000298                __ctors_end = .
                0x00000298                __dtors_start = .
 *(.dtors)
                0x00000298                __dtors_end = .
 SORT(*)(.ctors)
 SORT(*)(.dtors)
 *(.init0)
 .init0         0x00000298        0x0 C:/Program Files (x86)/Atmel/Studio/7.0/Packs/atmel/ATmega_DFP/1.2.209/gcc/dev/atmega2560/avr6/crtatmega2560.o
                0x00000298                __init
 *(.init0)
 *(.init1)
 *(.init1)
 *(.init2)
 .init2         0x00000298       0x10 C:/Program Files (x86)/Atmel/Studio/7.0/Packs/atmel/ATmega_DFP/1.2.209/gcc/dev/atmega2560/avr6/crtatmega2560.o
 *(.init2)
 *(.init3)
 *(.init3)
 *(.init4)
 .init4         0x000002a8       0x1a c:/program files (x86)/atmel/studio/7.0/toolchain/avr8/avr8-gnu-toolchain/bin/../lib/gcc/avr/5.4.0/avr6\libgcc.a(_copy_data.o)
                0x000002a8                __do_copy_data
 .init4         0x000002c2       0x10 c:/program files (x86)/atmel/studio/7.0/toolchain/avr8/avr8-gnu-toolchain/bin/../lib/gcc/avr/5.4.0/avr6\libgcc.a(_clear_bss.o)
                0x000002c2                __do_clear_bss
 *(.init4)
 *(.init5)
 *(.init5)
 *(.init6)
 .init6         0x000002d2       0x20 c:/program files (x86)/atmel/studio/7.0/toolchain/avr8/avr8-gnu-toolchain/bin/../lib/gcc/avr/5.4.0/avr6\libgcc.a(_ctors.o)
                0x000002d2                __do_global_ctors
 *(.init6)
 *(.init7)
 *(.init7)
 *(.init8)
 *(.init8)
 *(.init9)
 .init9         0x000002f2        0x8 C:/Program Files (x86)/Atmel/Studio/7.0/Packs/atmel/ATmega_DFP/1.2.209/gcc/dev/atmega2560/avr6/crtatmega2560.o
 *(.init9)
 *(.text)
 .text          0x000002fa        0x2 C:/Program Files (x86)/Atmel/Studio/7.0/Packs/atmel/ATmega_DFP/1.2.209/gcc/dev/atmega2560/avr6/crtatmega2560.o
                0x000002fa                __vector_38
                0x000002fa                __vector_22
                0x000002fa                __vector_28
                0x000002fa                __vector_1
                0x000002fa                __vector_32
                0x000002fa                __vector_34
                0x000002fa                __vector_24
                0x000002fa                __vector_12
                0x000002fa                __vector_55
                0x000002fa                __vector_46
                0x000002fa                __bad_interrupt
                0x000002fa                __vector_6
                0x000002fa                __vector_31
                0x000002fa                __vector_35
                0x000002fa                __vector_3
                0x000002fa                __vector_23
                0x000002fa                __vector_30
                0x000002fa                __vector_45
                0x000002fa                __vector_25
                0x000002fa                __vector_11
                0x000002fa                __vector_54
                0x000002fa                __vector_17
                0x000002fa                __vector_19
                0x000002fa                __vector_56
                0x000002fa                __vector_7
                0x000002fa                __vector_49
                0x000002fa                __vector_41
                0x000002fa                __vector_43
                0x000002fa                __vector_27
                0x000002fa                __vector_5
                0x000002fa                __vector_33
                0x000002fa                __vector_47
                0x000002fa                __vector_52
                0x000002fa                __vector_37
                0x000002fa                __vector_4
                0x000002fa                __vector_44
                0x000002fa                __vector_51
                0x000002fa                __vector_9
                0x000002fa                __vector_2
                0x000002fa                __vector_15
                0x000002fa                __vector_36
                0x000002fa                __vector_29
                0x000002fa                __vector_40
                0x000002fa                __vector_8
                0x000002fa                __vector_26
                0x000002fa                __vector_48
                0x000002fa                __vector_14
                0x000002fa                __vector_53
                0x000002fa                __vector_10
                0x000002fa                __vector_50
                0x000002fa                __vector_16
                0x000002fa                __vector_18
                0x000002fa                __vector_20
                0x000002fa                __vector_42
                0x000002fc                . = ALIGN (0x2)
 *(.text.*)
 .text._ZN15Adafruit_Sensor15enableAutoRangeEb
                0x000002fc        0x2 BNO055/Adafruit_BNO055.o
                0x000002fc                _ZN15Adafruit_Sensor15enableAutoRangeEb
 .text._ZN15Adafruit_BNO0559getSensorEP8sensor_t
                0x000002fe       0x8a BNO055/Adafruit_BNO055.o
                0x000002fe                _ZN15Adafruit_BNO0559getSensorEP8sensor_t
 .text._ZN15Adafruit_BNO055C2ElhP7TwoWire
                0x00000388       0x22 BNO055/Adafruit_BNO055.o
                0x00000388                _ZN15Adafruit_BNO055C1ElhP7TwoWire
                0x00000388                _ZN15Adafruit_BNO055C2ElhP7TwoWire
 .text._ZN15Adafruit_BNO0556write8ENS_21adafruit_bno055_reg_tEh
                0x000003aa       0x54 BNO055/Adafruit_BNO055.o
                0x000003aa                _ZN15Adafruit_BNO0556write8ENS_21adafruit_bno055_reg_tEh
 .text._ZN15Adafruit_BNO0557setModeENS_24adafruit_bno055_opmode_tE
                0x000003fe       0x1e BNO055/Adafruit_BNO055.o
                0x000003fe                _ZN15Adafruit_BNO0557setModeENS_24adafruit_bno055_opmode_tE
 .text._ZN15Adafruit_BNO0555read8ENS_21adafruit_bno055_reg_tE
                0x0000041c       0x56 BNO055/Adafruit_BNO055.o
                0x0000041c                _ZN15Adafruit_BNO0555read8ENS_21adafruit_bno055_reg_tE
 .text._ZN15Adafruit_BNO0555beginENS_24adafruit_bno055_opmode_tE
                0x00000472       0xda BNO055/Adafruit_BNO055.o
                0x00000472                _ZN15Adafruit_BNO0555beginENS_24adafruit_bno055_opmode_tE
 .text._ZN15Adafruit_BNO0557getTempEv
                0x0000054c        0x6 BNO055/Adafruit_BNO055.o
                0x0000054c                _ZN15Adafruit_BNO0557getTempEv
 .text._ZN15Adafruit_BNO0557readLenENS_21adafruit_bno055_reg_tEPhh
                0x00000552       0xa6 BNO055/Adafruit_BNO055.o
                0x00000552                _ZN15Adafruit_BNO0557readLenENS_21adafruit_bno055_reg_tEPhh
 .text._ZN15Adafruit_BNO0559getVectorENS_22adafruit_vector_type_tE
                0x000005f8      0x32c BNO055/Adafruit_BNO055.o
                0x000005f8                _ZN15Adafruit_BNO0559getVectorENS_22adafruit_vector_type_tE
 .text._ZN15Adafruit_BNO0558getEventEP15sensors_event_t
                0x00000924       0xae BNO055/Adafruit_BNO055.o
                0x00000924                _ZN15Adafruit_BNO0558getEventEP15sensors_event_t
 .text._Z14RunPingCommandPKhh
                0x000009d2       0x18 Commands.o
                0x000009d2                _Z14RunPingCommandPKhh
 .text._Z14RunEchoCommandPKhh
                0x000009ea       0x26 Commands.o
                0x000009ea                _Z14RunEchoCommandPKhh
 .text._ZN9EtherComm15CommandReceivedEhPKhh
                0x00000a10       0x28 Commands.o
                0x00000a10                _ZN9EtherComm15CommandReceivedEhPKhh
 .text._GLOBAL__sub_I__Z14RunPingCommandPKhh
                0x00000a38       0x14 Commands.o
 .text._ZL10enableChipv
                0x00000a4c       0x16 EtherCardModified/enc28j60.o
 .text._ZL11disableChipv
                0x00000a62       0x14 EtherCardModified/enc28j60.o
 .text._ZL6readOphh
                0x00000a76       0x40 EtherCardModified/enc28j60.o
 .text._ZL7writeOphhh
                0x00000ab6       0x30 EtherCardModified/enc28j60.o
 .text._ZL7readBufjPh
                0x00000ae6       0x44 EtherCardModified/enc28j60.o
 .text._ZL7SetBankh
                0x00000b2a       0x4a EtherCardModified/enc28j60.o
 .text._ZL11readRegByteh
                0x00000b74       0x10 EtherCardModified/enc28j60.o
 .text._ZL12writeRegBytehh
                0x00000b84       0x18 EtherCardModified/enc28j60.o
 .text._ZL8writeReghj
                0x00000b9c       0x18 EtherCardModified/enc28j60.o
 .text._ZN8ENC28J607initSPIERVh
                0x00000bb4       0x24 EtherCardModified/enc28j60.o
                0x00000bb4                _ZN8ENC28J607initSPIERVh
 .text._ZN8ENC28J6010initializeEjPKhRVhS3_h
                0x00000bd8      0x100 EtherCardModified/enc28j60.o
                0x00000bd8                _ZN8ENC28J6010initializeEjPKhRVhS3_h
 .text._ZN8ENC28J608isLinkUpEv
                0x00000cd8       0x26 EtherCardModified/enc28j60.o
                0x00000cd8                _ZN8ENC28J608isLinkUpEv
 .text._ZN8ENC28J6010packetSendEj
                0x00000cfe       0xf2 EtherCardModified/enc28j60.o
                0x00000cfe                _ZN8ENC28J6010packetSendEj
 .text._ZN8ENC28J6013packetReceiveEv
                0x00000df0       0xca EtherCardModified/enc28j60.o
                0x00000df0                _ZN8ENC28J6013packetReceiveEv
 .text._ZN9EtherCard5beginEPKhRVhS3_h
                0x00000eba       0x32 EtherCardModified/EtherCard.o
                0x00000eba                _ZN9EtherCard5beginEPKhRVhS3_h
 .text._ZN9EtherCard11staticSetupEPKhS1_S1_S1_
                0x00000eec       0x5c EtherCardModified/EtherCard.o
                0x00000eec                _ZN9EtherCard11staticSetupEPKhS1_S1_S1_
 .text._ZL13fill_checksumhhjh
                0x00000f48       0xe2 EtherCardModified/tcpip.o
 .text._ZL6is_lanPKhS0_
                0x0000102a       0x54 EtherCardModified/tcpip.o
 .text._ZL20fill_ip_hdr_checksumv
                0x0000107e       0x1e EtherCardModified/tcpip.o
 .text._ZL7setMACsPKh
                0x0000109c       0x14 EtherCardModified/tcpip.o
 .text._ZL11make_eth_ipv
                0x000010b0       0x1e EtherCardModified/tcpip.o
 .text._ZL12setMACandIPsPKhS0_
                0x000010ce       0x20 EtherCardModified/tcpip.o
 .text._ZL16client_store_macPhS_
                0x000010ee       0x2c EtherCardModified/tcpip.o
 .text._ZL17client_arp_whohasPh
                0x0000111a       0x60 EtherCardModified/tcpip.o
 .text._ZN9EtherCard10udpPrepareEjPKhj
                0x0000117a       0xa4 EtherCardModified/tcpip.o
                0x0000117a                _ZN9EtherCard10udpPrepareEjPKhj
 .text._ZN9EtherCard11udpTransmitEj
                0x0000121e       0x40 EtherCardModified/tcpip.o
                0x0000121e                _ZN9EtherCard11udpTransmitEj
 .text._ZN9EtherCard7sendUdpEPKhjjS1_j
                0x0000125e       0x30 EtherCardModified/tcpip.o
                0x0000125e                _ZN9EtherCard7sendUdpEPKhjjS1_j
 .text._ZN9EtherCard7setGwIpEPKh
                0x0000128e       0x18 EtherCardModified/tcpip.o
                0x0000128e                _ZN9EtherCard7setGwIpEPKh
 .text._ZN9EtherCard22updateBroadcastAddressEv
                0x000012a6       0x2a EtherCardModified/tcpip.o
                0x000012a6                _ZN9EtherCard22updateBroadcastAddressEv
 .text._ZN9EtherCard10packetLoopEj
                0x000012d0      0x272 EtherCardModified/tcpip.o
                0x000012d0                _ZN9EtherCard10packetLoopEj
 .text._ZN9EtherCard21udpServerListenOnPortEPFvjPhjPKcjEj
                0x00001542       0x34 EtherCardModified/udpserver.o
                0x00001542                _ZN9EtherCard21udpServerListenOnPortEPFvjPhjPKcjEj
 .text._ZN9EtherCard18udpServerListeningEv
                0x00001576        0xe EtherCardModified/udpserver.o
                0x00001576                _ZN9EtherCard18udpServerListeningEv
 .text._ZN9EtherCard27udpServerHasProcessedPacketEj
                0x00001584       0xc6 EtherCardModified/udpserver.o
                0x00001584                _ZN9EtherCard27udpServerHasProcessedPacketEj
 .text._ZN9EtherCard6copyIpEPhPKh
                0x0000164a       0x1a EtherCardModified/webutil.o
                0x0000164a                _ZN9EtherCard6copyIpEPhPKh
 .text._ZN9EtherCard7copyMacEPhPKh
                0x00001664       0x10 EtherCardModified/webutil.o
                0x00001664                _ZN9EtherCard7copyMacEPhPKh
 .text._ZN9EtherComm13CheckChecksumEPKch
                0x00001674       0x38 EtherComm.o
                0x00001674                _ZN9EtherComm13CheckChecksumEPKch
 .text._Z10udpReceivejPhjPKcj
                0x000016ac       0x42 EtherComm.o
                0x000016ac                _Z10udpReceivejPhjPKcj
 .text._ZN9EtherComm5beginEjjRVhS1_h
                0x000016ee       0x52 EtherComm.o
                0x000016ee                _ZN9EtherComm5beginEjjRVhS1_h
 .text._ZN9EtherComm11SendCommandEhh
                0x00001740       0x84 EtherComm.o
                0x00001740                _ZN9EtherComm11SendCommandEhh
 .text.main     0x000017c4       0x46 main.o
                0x000017c4                main
 .text._ZN5Print17availableForWriteEv
                0x0000180a        0x6 Micro/Peripherals/HardwareSerial.o
                0x0000180a                _ZN5Print17availableForWriteEv
 .text._ZN14HardwareSerial9availableEv
                0x00001810       0x1e Micro/Peripherals/HardwareSerial.o
                0x00001810                _ZN14HardwareSerial9availableEv
 .text._ZN14HardwareSerial4peekEv
                0x0000182e        0x6 Micro/Peripherals/HardwareSerial.o
                0x0000182e                _ZN14HardwareSerial4peekEv
 .text._ZN14HardwareSerial4readEv
                0x00001834       0x1e Micro/Peripherals/HardwareSerial.o
                0x00001834                _ZN14HardwareSerial4readEv
 .text._ZN14HardwareSerial17availableForWriteEv
                0x00001852       0x1a Micro/Peripherals/HardwareSerial.o
                0x00001852                _ZN14HardwareSerial17availableForWriteEv
 .text._ZN14HardwareSerial5flushEv
                0x0000186c       0x12 Micro/Peripherals/HardwareSerial.o
                0x0000186c                _ZN14HardwareSerial5flushEv
 .text._ZN14HardwareSerial5writeEh
                0x0000187e       0x20 Micro/Peripherals/HardwareSerial.o
                0x0000187e                _ZN14HardwareSerial5writeEh
 .text._ZN14HardwareSerial5beginEmh
                0x0000189e       0xa4 Micro/Peripherals/HardwareSerial.o
                0x0000189e                _ZN14HardwareSerial5beginEmh
 .text._GLOBAL__sub_I__ZN14HardwareSerialC2ERVjRVhS3_S3_S3_
                0x00001942       0xc6 Micro/Peripherals/HardwareSerial.o
 .text._ZN13HardwareServo5beginEv
                0x00001a08       0x22 Micro/Peripherals/HardwareServo.o
                0x00001a08                _ZN13HardwareServo5beginEv
 .text._ZN13HardwareServo7EnableAEv
                0x00001a2a       0x1a Micro/Peripherals/HardwareServo.o
                0x00001a2a                _ZN13HardwareServo7EnableAEv
 .text._ZN13HardwareServo7EnableBEv
                0x00001a44       0x1a Micro/Peripherals/HardwareServo.o
                0x00001a44                _ZN13HardwareServo7EnableBEv
 .text._ZN13HardwareServo7EnableCEv
                0x00001a5e       0x1a Micro/Peripherals/HardwareServo.o
                0x00001a5e                _ZN13HardwareServo7EnableCEv
 .text._ZN13HardwareServo8DisableAEv
                0x00001a78       0x1c Micro/Peripherals/HardwareServo.o
                0x00001a78                _ZN13HardwareServo8DisableAEv
 .text._ZN13HardwareServo8DisableBEv
                0x00001a94       0x1c Micro/Peripherals/HardwareServo.o
                0x00001a94                _ZN13HardwareServo8DisableBEv
 .text._ZN13HardwareServo8DisableCEv
                0x00001ab0       0x1c Micro/Peripherals/HardwareServo.o
                0x00001ab0                _ZN13HardwareServo8DisableCEv
 .text._ZN13HardwareServo9setPulseAEj
                0x00001acc       0x14 Micro/Peripherals/HardwareServo.o
                0x00001acc                _ZN13HardwareServo9setPulseAEj
 .text._ZN13HardwareServo9setPulseBEj
                0x00001ae0       0x14 Micro/Peripherals/HardwareServo.o
                0x00001ae0                _ZN13HardwareServo9setPulseBEj
 .text._ZN13HardwareServo9setPulseCEj
                0x00001af4       0x14 Micro/Peripherals/HardwareServo.o
                0x00001af4                _ZN13HardwareServo9setPulseCEj
 .text._GLOBAL__sub_I__ZN13HardwareServoC2ERVjRVhS3_S1_S1_S1_S3_S3_hhh
                0x00001b08      0x134 Micro/Peripherals/HardwareServo.o
 .text._ZN13HardwareTimer12findPrescaleEf
                0x00001c3c       0xcc Micro/Peripherals/HardwareTimer.o
                0x00001c3c                _ZN13HardwareTimer12findPrescaleEf
 .text._ZN13HardwareTimer7beginMsEf
                0x00001d08       0xde Micro/Peripherals/HardwareTimer.o
                0x00001d08                _ZN13HardwareTimer7beginMsEf
 .text._ZN13HardwareTimer5startEh
                0x00001de6       0x1c Micro/Peripherals/HardwareTimer.o
                0x00001de6                _ZN13HardwareTimer5startEh
 .text._ZN13HardwareTimer8finishedEv
                0x00001e02        0xc Micro/Peripherals/HardwareTimer.o
                0x00001e02                _ZN13HardwareTimer8finishedEv
 .text._ZN13HardwareTimer13waitForFinishEv
                0x00001e0e        0xa Micro/Peripherals/HardwareTimer.o
                0x00001e0e                _ZN13HardwareTimer13waitForFinishEv
 .text._ZN13HardwareTimer14isr_timer_compEv
                0x00001e18       0x10 Micro/Peripherals/HardwareTimer.o
                0x00001e18                _ZN13HardwareTimer14isr_timer_compEv
 .text.__vector_21
                0x00001e28       0x52 Micro/Peripherals/HardwareTimer.o
                0x00001e28                __vector_21
 .text.__vector_13
                0x00001e7a       0x52 Micro/Peripherals/HardwareTimer.o
                0x00001e7a                __vector_13
 .text._GLOBAL__sub_I__ZN13HardwareTimerC2ERVhS1_S1_S1_S1_
                0x00001ecc       0x5a Micro/Peripherals/HardwareTimer.o
 .text.twi_init
                0x00001f26       0x32 Micro/Peripherals/twi.o
                0x00001f26                twi_init
 .text.twi_readFrom
                0x00001f58       0xa4 Micro/Peripherals/twi.o
                0x00001f58                twi_readFrom
 .text.twi_writeTo
                0x00001ffc       0xc6 Micro/Peripherals/twi.o
                0x00001ffc                twi_writeTo
 .text.twi_transmit
                0x000020c2       0x54 Micro/Peripherals/twi.o
                0x000020c2                twi_transmit
 .text.twi_attachSlaveRxEvent
                0x00002116        0xa Micro/Peripherals/twi.o
                0x00002116                twi_attachSlaveRxEvent
 .text.twi_attachSlaveTxEvent
                0x00002120        0xa Micro/Peripherals/twi.o
                0x00002120                twi_attachSlaveTxEvent
 .text.twi_stop
                0x0000212a       0x16 Micro/Peripherals/twi.o
                0x0000212a                twi_stop
 .text.twi_releaseBus
                0x00002140        0xc Micro/Peripherals/twi.o
                0x00002140                twi_releaseBus
 .text.__vector_39
                0x0000214c      0x23a Micro/Peripherals/twi.o
                0x0000214c                __vector_39
 .text._ZN7TwoWire9availableEv
                0x00002386       0x10 Micro/Peripherals/Wire.o
                0x00002386                _ZN7TwoWire9availableEv
 .text._ZN7TwoWire4readEv
                0x00002396       0x28 Micro/Peripherals/Wire.o
                0x00002396                _ZN7TwoWire4readEv
 .text._ZN7TwoWire4peekEv
                0x000023be       0x1e Micro/Peripherals/Wire.o
                0x000023be                _ZN7TwoWire4peekEv
 .text._ZN7TwoWire5flushEv
                0x000023dc        0x2 Micro/Peripherals/Wire.o
                0x000023dc                _ZN7TwoWire5flushEv
 .text._ZN7TwoWire16onReceiveServiceEPhi
                0x000023de       0x58 Micro/Peripherals/Wire.o
                0x000023de                _ZN7TwoWire16onReceiveServiceEPhi
 .text._ZN7TwoWire16onRequestServiceEv
                0x00002436       0x18 Micro/Peripherals/Wire.o
                0x00002436                _ZN7TwoWire16onRequestServiceEv
 .text._ZN7TwoWire5writeEh
                0x0000244e       0x54 Micro/Peripherals/Wire.o
                0x0000244e                _ZN7TwoWire5writeEh
 .text._ZN7TwoWire5writeEPKhj
                0x000024a2       0x5e Micro/Peripherals/Wire.o
                0x000024a2                _ZN7TwoWire5writeEPKhj
 .text._ZN7TwoWire5beginEv
                0x00002500       0x20 Micro/Peripherals/Wire.o
                0x00002500                _ZN7TwoWire5beginEv
 .text._ZN7TwoWire17beginTransmissionEh
                0x00002520       0x14 Micro/Peripherals/Wire.o
                0x00002520                _ZN7TwoWire17beginTransmissionEh
 .text._ZN7TwoWire17beginTransmissionEi
                0x00002534        0x4 Micro/Peripherals/Wire.o
                0x00002534                _ZN7TwoWire17beginTransmissionEi
 .text._ZN7TwoWire15endTransmissionEh
                0x00002538       0x24 Micro/Peripherals/Wire.o
                0x00002538                _ZN7TwoWire15endTransmissionEh
 .text._ZN7TwoWire11requestFromEhhmhh
                0x0000255c       0xac Micro/Peripherals/Wire.o
                0x0000255c                _ZN7TwoWire11requestFromEhhmhh
 .text._ZN7TwoWire11requestFromEhhh
                0x00002608       0x1e Micro/Peripherals/Wire.o
                0x00002608                _ZN7TwoWire11requestFromEhhh
 .text._ZN7TwoWire11requestFromEhh
                0x00002626        0x6 Micro/Peripherals/Wire.o
                0x00002626                _ZN7TwoWire11requestFromEhh
 .text._ZN7TwoWire11requestFromEii
                0x0000262c        0x6 Micro/Peripherals/Wire.o
                0x0000262c                _ZN7TwoWire11requestFromEii
 .text._ZN7TwoWire15endTransmissionEv
                0x00002632        0x6 Micro/Peripherals/Wire.o
                0x00002632                _ZN7TwoWire15endTransmissionEv
 .text._GLOBAL__sub_I__ZN7TwoWire8rxBufferE
                0x00002638        0xe Micro/Peripherals/Wire.o
 .text._ZN6MS5837C2ER13HardwareTimer
                0x00002646       0x18 MS5837/MS5837.o
                0x00002646                _ZN6MS5837C2ER13HardwareTimer
                0x00002646                _ZN6MS5837C1ER13HardwareTimer
 .text._ZN6MS58378setModelEh
                0x0000265e        0x6 MS5837/MS5837.o
                0x0000265e                _ZN6MS58378setModelEh
 .text._ZN6MS58379startReadEv
                0x00002664       0x4c MS5837/MS5837.o
                0x00002664                _ZN6MS58379startReadEv
 .text._ZN6MS58378finishedEv
                0x000026b0        0xe MS5837/MS5837.o
                0x000026b0                _ZN6MS58378finishedEv
 .text._ZN6MS58379calculateEv
                0x000026be      0xd4a MS5837/MS5837.o
                0x000026be                _ZN6MS58379calculateEv
 .text._ZN6MS58378pressureEf
                0x00003408       0x62 MS5837/MS5837.o
                0x00003408                _ZN6MS58378pressureEf
 .text._ZN6MS583711temperatureEv
                0x0000346a       0x1c MS5837/MS5837.o
                0x0000346a                _ZN6MS583711temperatureEv
 .text._ZN6MS58374crc4EPj
                0x00003486       0x72 MS5837/MS5837.o
                0x00003486                _ZN6MS58374crc4EPj
 .text._ZN6MS58375beginEv
                0x000034f8       0xf2 MS5837/MS5837.o
                0x000034f8                _ZN6MS58375beginEv
 .text._ZN6MS58376updateEv
                0x000035ea      0x1e0 MS5837/MS5837.o
                0x000035ea                _ZN6MS58376updateEv
 .text._ZN7PCA9685C2Eh
                0x000037ca        0x6 PCA9685/PCA9685.o
                0x000037ca                _ZN7PCA9685C1Eh
                0x000037ca                _ZN7PCA9685C2Eh
 .text._ZN7PCA96856setPWMEhjj
                0x000037d0       0x98 PCA9685/PCA9685.o
                0x000037d0                _ZN7PCA96856setPWMEhjj
 .text._ZN7PCA968517writeMicrosecondsEhj
                0x00003868       0x98 PCA9685/PCA9685.o
                0x00003868                _ZN7PCA968517writeMicrosecondsEhj
 .text._ZN7PCA968522getOscillatorFrequencyEv
                0x00003900        0xc PCA9685/PCA9685.o
                0x00003900                _ZN7PCA968522getOscillatorFrequencyEv
 .text._ZN7PCA968522setOscillatorFrequencyEm
                0x0000390c        0xc PCA9685/PCA9685.o
                0x0000390c                _ZN7PCA968522setOscillatorFrequencyEm
 .text._ZN7PCA96855read8Eh
                0x00003918       0x42 PCA9685/PCA9685.o
                0x00003918                _ZN7PCA96855read8Eh
 .text._ZN7PCA96856write8Ehh
                0x0000395a       0x36 PCA9685/PCA9685.o
                0x0000395a                _ZN7PCA96856write8Ehh
 .text._ZN7PCA96855resetEv
                0x00003990       0x14 PCA9685/PCA9685.o
                0x00003990                _ZN7PCA96855resetEv
 .text._ZN7PCA96859setExtClkEh
                0x000039a4       0x56 PCA9685/PCA9685.o
                0x000039a4                _ZN7PCA96859setExtClkEh
 .text._ZN7PCA968510setPWMFreqEf
                0x000039fa      0x14a PCA9685/PCA9685.o
                0x000039fa                _ZN7PCA968510setPWMFreqEf
 .text._ZN7PCA96855beginEh
                0x00003b44       0x46 PCA9685/PCA9685.o
                0x00003b44                _ZN7PCA96855beginEh
 .text._ZN18TwiServoControllerC2Eh
                0x00003b8a        0x4 PCA9685/TwiServoController.o
                0x00003b8a                _ZN18TwiServoControllerC1Eh
                0x00003b8a                _ZN18TwiServoControllerC2Eh
 .text._ZN18TwiServoController5beginEv
                0x00003b8e       0x48 PCA9685/TwiServoController.o
                0x00003b8e                _ZN18TwiServoController5beginEv
 .text._ZN18TwiServoController8setPulseEhj
                0x00003bd6        0x8 PCA9685/TwiServoController.o
                0x00003bd6                _ZN18TwiServoController8setPulseEhj
 .text._ZN18TwiServoController7releaseEh
                0x00003bde       0x10 PCA9685/TwiServoController.o
                0x00003bde                _ZN18TwiServoController7releaseEh
 .text._ZN16HardwarePcbServo8setPulseEj
                0x00003bee       0x54 PcbPins/HardwarePcbServo.o
                0x00003bee                _ZN16HardwarePcbServo8setPulseEj
 .text._ZN16HardwarePcbServo6enableEb
                0x00003c42       0x58 PcbPins/HardwarePcbServo.o
                0x00003c42                _ZN16HardwarePcbServo6enableEb
 .text._ZN16HardwarePcbServoC2ER13HardwareServoNS_9ServoId_tE
                0x00003c9a       0x12 PcbPins/HardwarePcbServo.o
                0x00003c9a                _ZN16HardwarePcbServoC1ER13HardwareServoNS_9ServoId_tE
                0x00003c9a                _ZN16HardwarePcbServoC2ER13HardwareServoNS_9ServoId_tE
 .text._GLOBAL__sub_I_ServoA1
                0x00003cac      0x14e PcbPins/PcbPins.o
 .text._ZN11TwiPcbServo8setPulseEj
                0x00003dfa       0x18 PcbPins/TwiPcbServo.o
                0x00003dfa                _ZN11TwiPcbServo8setPulseEj
 .text._ZN11TwiPcbServo6enableEb
                0x00003e12       0x20 PcbPins/TwiPcbServo.o
                0x00003e12                _ZN11TwiPcbServo6enableEb
 .text._ZN11TwiPcbServoC2ER18TwiServoControllerh
                0x00003e32       0x1c PcbPins/TwiPcbServo.o
                0x00003e32                _ZN11TwiPcbServoC2ER18TwiServoControllerh
                0x00003e32                _ZN11TwiPcbServoC1ER18TwiServoControllerh
 .text._ZN9IReadable15CommandReceivedEhPKhh
                0x00003e4e       0x20 Robot.o
                0x00003e4e                _ZN9IReadable15CommandReceivedEhPKhh
 .text._ZN13DigitalSensor6UpdateEPh
                0x00003e6e        0x2 Robot.o
                0x00003e6e                _ZN13DigitalSensor6UpdateEPh
 .text._ZN9IWritable15CommandReceivedEhPKhh
                0x00003e70       0x10 Robot.o
                0x00003e70                _ZN9IWritable15CommandReceivedEhPKhh
 .text._ZN15DigitalActuator6UpdateEPh
                0x00003e80        0x2 Robot.o
                0x00003e80                _ZN15DigitalActuator6UpdateEPh
 .text._ZN13ServoActuator6UpdateEPh
                0x00003e82        0x2 Robot.o
                0x00003e82                _ZN13ServoActuator6UpdateEPh
 .text._ZN13DigitalSensor21ReadRegisterRequestedEhPh
                0x00003e84       0x42 Robot.o
                0x00003e84                _ZN13DigitalSensor21ReadRegisterRequestedEhPh
 .text._ZN15DigitalActuator22WriteRegisterRequestedEhPKhh
                0x00003ec6       0x62 Robot.o
                0x00003ec6                _ZN15DigitalActuator22WriteRegisterRequestedEhPKhh
 .text._ZN13ServoActuator22WriteRegisterRequestedEhPKhh
                0x00003f28       0x88 Robot.o
                0x00003f28                _ZN13ServoActuator22WriteRegisterRequestedEhPKhh
 .text._ZN13ServoActuator5beginEv
                0x00003fb0       0x7e Robot.o
                0x00003fb0                _ZN13ServoActuator5beginEv
 .text._ZN15DigitalActuator5beginEv
                0x0000402e       0x2e Robot.o
                0x0000402e                _ZN15DigitalActuator5beginEv
 .text._ZN13DigitalSensor5beginEv
                0x0000405c       0x2e Robot.o
                0x0000405c                _ZN13DigitalSensor5beginEv
 .text._ZN5Robot14RegisterDeviceEhP7IDevice
                0x0000408a       0x2a Robot.o
                0x0000408a                _ZN5Robot14RegisterDeviceEhP7IDevice
 .text._ZN5Robot15CommandReceivedEPKhh
                0x000040b4       0x3a Robot.o
                0x000040b4                _ZN5Robot15CommandReceivedEPKhh
 .text._GLOBAL__sub_I__ZN5Robot9registersE
                0x000040ee       0xa6 Robot.o
 .text._ZN5Robot5beginEv
                0x00004194      0x2c6 Robot.o
                0x00004194                _ZN5Robot5beginEv
 .text._ZN5Robot4LoopEv
                0x0000445a       0x2e Robot.o
                0x0000445a                _ZN5Robot4LoopEv
 .text._ZN9ImuSensor6UpdateEPh
                0x00004488        0x2 Sensors/ImuSensor.o
                0x00004488                _ZN9ImuSensor6UpdateEPh
 .text._ZN9ImuSensor5beginEv
                0x0000448a       0x2a Sensors/ImuSensor.o
                0x0000448a                _ZN9ImuSensor5beginEv
 .text._ZN9ImuSensor21ReadRegisterRequestedEhPh
                0x000044b4      0x144 Sensors/ImuSensor.o
                0x000044b4                _ZN9ImuSensor21ReadRegisterRequestedEhPh
 .text._ZN9ImuSensorC2Ehh
                0x000045f8       0x42 Sensors/ImuSensor.o
                0x000045f8                _ZN9ImuSensorC1Ehh
                0x000045f8                _ZN9ImuSensorC2Ehh
 .text._GLOBAL__sub_I__ZN9ImuSensorC2Ehh
                0x0000463a       0x10 Sensors/ImuSensor.o
 .text._ZN14PressureSensor5beginEv
                0x0000464a       0x36 Sensors/PressureSensor.o
                0x0000464a                _ZN14PressureSensor5beginEv
 .text._ZN14PressureSensor21ReadRegisterRequestedEhPh
                0x00004680       0x1c Sensors/PressureSensor.o
                0x00004680                _ZN14PressureSensor21ReadRegisterRequestedEhPh
 .text._ZN14PressureSensor6UpdateEPh
                0x0000469c       0xd6 Sensors/PressureSensor.o
                0x0000469c                _ZN14PressureSensor6UpdateEPh
 .text._ZN14PressureSensorC2EhR13HardwareTimer
                0x00004772       0x26 Sensors/PressureSensor.o
                0x00004772                _ZN14PressureSensorC2EhR13HardwareTimer
                0x00004772                _ZN14PressureSensorC1EhR13HardwareTimer
 .text._ZN5Print5writeEPKhj
                0x00004798       0x5e Utils/Print.o
                0x00004798                _ZN5Print5writeEPKhj
 .text._ZN5Print5printEPKc
                0x000047f6       0x2c Utils/Print.o
                0x000047f6                _ZN5Print5printEPKc
 .text._ZN5Print5printEc
                0x00004822       0x10 Utils/Print.o
                0x00004822                _ZN5Print5printEc
 .text._ZN5Print7printlnEv
                0x00004832       0x18 Utils/Print.o
                0x00004832                _ZN5Print7printlnEv
 .text._ZN5Print7printlnEPKc
                0x0000484a       0x20 Utils/Print.o
                0x0000484a                _ZN5Print7printlnEPKc
 .text._ZN5Print11printNumberEmh
                0x0000486a       0xba Utils/Print.o
                0x0000486a                _ZN5Print11printNumberEmh
 .text._ZN5Print5printEli
                0x00004924       0x7a Utils/Print.o
                0x00004924                _ZN5Print5printEli
 .text._ZN5Print5printEii
                0x0000499e        0xe Utils/Print.o
                0x0000499e                _ZN5Print5printEii
 .text._ZN5Print7printlnEii
                0x000049ac       0x20 Utils/Print.o
                0x000049ac                _ZN5Print7printlnEii
 .text.avr-libc.fplib
                0x000049cc        0xa c:/program files (x86)/atmel/studio/7.0/toolchain/avr8/avr8-gnu-toolchain/bin/../lib/gcc/avr/5.4.0/../../../../avr/lib/avr6\libm.a(addsf3.o)
                0x000049cc                __subsf3
                0x000049ce                __addsf3
 .text.avr-libc.fplib
                0x000049d6       0xc0 c:/program files (x86)/atmel/studio/7.0/toolchain/avr8/avr8-gnu-toolchain/bin/../lib/gcc/avr/5.4.0/../../../../avr/lib/avr6\libm.a(addsf3x.o)
                0x000049f0                __addsf3x
 .text.avr-libc.fplib
                0x00004a96        0x8 c:/program files (x86)/atmel/studio/7.0/toolchain/avr8/avr8-gnu-toolchain/bin/../lib/gcc/avr/5.4.0/../../../../avr/lib/avr6\libm.a(cmpsf2.o)
                0x00004a96                __nesf2
                0x00004a96                __eqsf2
                0x00004a96                __cmpsf2
                0x00004a96                __ltsf2
                0x00004a96                __lesf2
 .text.avr-libc.fplib
                0x00004a9e        0x4 c:/program files (x86)/atmel/studio/7.0/toolchain/avr8/avr8-gnu-toolchain/bin/../lib/gcc/avr/5.4.0/../../../../avr/lib/avr6\libm.a(divsf3.o)
                0x00004a9e                __divsf3
 .text.avr-libc.fplib
                0x00004aa2       0xcc c:/program files (x86)/atmel/studio/7.0/toolchain/avr8/avr8-gnu-toolchain/bin/../lib/gcc/avr/5.4.0/../../../../avr/lib/avr6\libm.a(divsf3x.o)
                0x00004ab8                __divsf3x
                0x00004abc                __divsf3_pse
 .text.avr-libc.fplib
                0x00004b6e       0x58 c:/program files (x86)/atmel/studio/7.0/toolchain/avr8/avr8-gnu-toolchain/bin/../lib/gcc/avr/5.4.0/../../../../avr/lib/avr6\libm.a(fixunssfsi.o)
                0x00004b6e                __fixunssfsi
 .text.avr-libc.fplib
                0x00004bc6       0x7a c:/program files (x86)/atmel/studio/7.0/toolchain/avr8/avr8-gnu-toolchain/bin/../lib/gcc/avr/5.4.0/../../../../avr/lib/avr6\libm.a(floatsisf.o)
                0x00004bc6                __floatunsisf
                0x00004bca                __floatsisf
 .text.avr-libc.fplib
                0x00004c40       0x48 c:/program files (x86)/atmel/studio/7.0/toolchain/avr8/avr8-gnu-toolchain/bin/../lib/gcc/avr/5.4.0/../../../../avr/lib/avr6\libm.a(fp_cmp.o)
                0x00004c40                __fp_cmp
 .text.avr-libc.fplib
                0x00004c88        0xc c:/program files (x86)/atmel/studio/7.0/toolchain/avr8/avr8-gnu-toolchain/bin/../lib/gcc/avr/5.4.0/../../../../avr/lib/avr6\libm.a(fp_inf.o)
                0x00004c88                __fp_inf
 .text.avr-libc.fplib
                0x00004c94        0x6 c:/program files (x86)/atmel/studio/7.0/toolchain/avr8/avr8-gnu-toolchain/bin/../lib/gcc/avr/5.4.0/../../../../avr/lib/avr6\libm.a(fp_nan.o)
                0x00004c94                __fp_nan
 .text.avr-libc.fplib
                0x00004c9a        0xe c:/program files (x86)/atmel/studio/7.0/toolchain/avr8/avr8-gnu-toolchain/bin/../lib/gcc/avr/5.4.0/../../../../avr/lib/avr6\libm.a(fp_pscA.o)
                0x00004c9a                __fp_pscA
 .text.avr-libc.fplib
                0x00004ca8        0xe c:/program files (x86)/atmel/studio/7.0/toolchain/avr8/avr8-gnu-toolchain/bin/../lib/gcc/avr/5.4.0/../../../../avr/lib/avr6\libm.a(fp_pscB.o)
                0x00004ca8                __fp_pscB
 .text.avr-libc.fplib
                0x00004cb6       0x22 c:/program files (x86)/atmel/studio/7.0/toolchain/avr8/avr8-gnu-toolchain/bin/../lib/gcc/avr/5.4.0/../../../../avr/lib/avr6\libm.a(fp_round.o)
                0x00004cb6                __fp_round
 .text.avr-libc.fplib
                0x00004cd8       0x44 c:/program files (x86)/atmel/studio/7.0/toolchain/avr8/avr8-gnu-toolchain/bin/../lib/gcc/avr/5.4.0/../../../../avr/lib/avr6\libm.a(fp_split3.o)
                0x00004cd8                __fp_split3
                0x00004ce8                __fp_splitA
 .text.avr-libc.fplib
                0x00004d1c        0xe c:/program files (x86)/atmel/studio/7.0/toolchain/avr8/avr8-gnu-toolchain/bin/../lib/gcc/avr/5.4.0/../../../../avr/lib/avr6\libm.a(fp_zero.o)
                0x00004d1c                __fp_zero
                0x00004d1e                __fp_szero
 .text.avr-libc.fplib
                0x00004d2a        0x8 c:/program files (x86)/atmel/studio/7.0/toolchain/avr8/avr8-gnu-toolchain/bin/../lib/gcc/avr/5.4.0/../../../../avr/lib/avr6\libm.a(gesf2.o)
                0x00004d2a                __gesf2
                0x00004d2a                __gtsf2
 .text.avr-libc.fplib
                0x00004d32        0x4 c:/program files (x86)/atmel/studio/7.0/toolchain/avr8/avr8-gnu-toolchain/bin/../lib/gcc/avr/5.4.0/../../../../avr/lib/avr6\libm.a(mulsf3.o)
                0x00004d32                __mulsf3
 .text.avr-libc.fplib
                0x00004d36       0xc2 c:/program files (x86)/atmel/studio/7.0/toolchain/avr8/avr8-gnu-toolchain/bin/../lib/gcc/avr/5.4.0/../../../../avr/lib/avr6\libm.a(mulsf3x.o)
                0x00004d4a                __mulsf3x
                0x00004d4e                __mulsf3_pse
 .text.libgcc.mul
                0x00004df8       0x1e c:/program files (x86)/atmel/studio/7.0/toolchain/avr8/avr8-gnu-toolchain/bin/../lib/gcc/avr/5.4.0/avr6\libgcc.a(_mulsi3.o)
                0x00004df8                __mulsi3
 .text.libgcc.div
                0x00004e16       0x44 c:/program files (x86)/atmel/studio/7.0/toolchain/avr8/avr8-gnu-toolchain/bin/../lib/gcc/avr/5.4.0/avr6\libgcc.a(_udivmodsi4.o)
                0x00004e16                __udivmodsi4
 .text.libgcc   0x00004e5a       0x10 c:/program files (x86)/atmel/studio/7.0/toolchain/avr8/avr8-gnu-toolchain/bin/../lib/gcc/avr/5.4.0/avr6\libgcc.a(_tablejump2.o)
                0x00004e5a                __tablejump2__
 .text.libgcc.mul
                0x00004e6a       0x14 c:/program files (x86)/atmel/studio/7.0/toolchain/avr8/avr8-gnu-toolchain/bin/../lib/gcc/avr/5.4.0/avr6\libgcc.a(_muluhisi3.o)
                0x00004e6a                __muluhisi3
 .text.libgcc.mul
                0x00004e7e       0x92 c:/program files (x86)/atmel/studio/7.0/toolchain/avr8/avr8-gnu-toolchain/bin/../lib/gcc/avr/5.4.0/avr6\libgcc.a(_muldi3.o)
                0x00004e7e                __muldi3
 .text.libgcc.mul
                0x00004f10       0x10 c:/program files (x86)/atmel/studio/7.0/toolchain/avr8/avr8-gnu-toolchain/bin/../lib/gcc/avr/5.4.0/avr6\libgcc.a(_muldi3_6.o)
                0x00004f10                __muldi3_6
 .text.libgcc.builtins
                0x00004f20       0x32 c:/program files (x86)/atmel/studio/7.0/toolchain/avr8/avr8-gnu-toolchain/bin/../lib/gcc/avr/5.4.0/avr6\libgcc.a(_ashldi3.o)
                0x00004f20                __ashldi3
 .text.libgcc.builtins
                0x00004f52       0x3c c:/program files (x86)/atmel/studio/7.0/toolchain/avr8/avr8-gnu-toolchain/bin/../lib/gcc/avr/5.4.0/avr6\libgcc.a(_ashrdi3.o)
                0x00004f52                __ashrdi3
                0x00004f56                __lshrdi3
 .text.libgcc   0x00004f8e       0x12 c:/program files (x86)/atmel/studio/7.0/toolchain/avr8/avr8-gnu-toolchain/bin/../lib/gcc/avr/5.4.0/avr6\libgcc.a(_adddi3.o)
                0x00004f8e                __adddi3
 .text.libgcc   0x00004fa0       0x18 c:/program files (x86)/atmel/studio/7.0/toolchain/avr8/avr8-gnu-toolchain/bin/../lib/gcc/avr/5.4.0/avr6\libgcc.a(_adddi3_s8.o)
                0x00004fa0                __adddi3_s8
 .text.libgcc   0x00004fb8       0x12 c:/program files (x86)/atmel/studio/7.0/toolchain/avr8/avr8-gnu-toolchain/bin/../lib/gcc/avr/5.4.0/avr6\libgcc.a(_subdi3.o)
                0x00004fb8                __subdi3
 .text.libgcc   0x00004fca       0x18 c:/program files (x86)/atmel/studio/7.0/toolchain/avr8/avr8-gnu-toolchain/bin/../lib/gcc/avr/5.4.0/avr6\libgcc.a(_cmpdi2_s8.o)
                0x00004fca                __cmpdi2_s8
 .text.libgcc.mul
                0x00004fe2       0x1e c:/program files (x86)/atmel/studio/7.0/toolchain/avr8/avr8-gnu-toolchain/bin/../lib/gcc/avr/5.4.0/avr6\libgcc.a(_umulhisi3.o)
                0x00004fe2                __umulhisi3
 .text.avr-libc
                0x00005000       0x12 c:/program files (x86)/atmel/studio/7.0/toolchain/avr8/avr8-gnu-toolchain/bin/../lib/gcc/avr/5.4.0/../../../../avr/lib/avr6\libc.a(memcpy_P.o)
                0x00005000                memcpy_P
 .text.avr-libc
                0x00005012       0x1a c:/program files (x86)/atmel/studio/7.0/toolchain/avr8/avr8-gnu-toolchain/bin/../lib/gcc/avr/5.4.0/../../../../avr/lib/avr6\libc.a(memcmp.o)
                0x00005012                memcmp
 .text.avr-libc
                0x0000502c       0x1e c:/program files (x86)/atmel/studio/7.0/toolchain/avr8/avr8-gnu-toolchain/bin/../lib/gcc/avr/5.4.0/../../../../avr/lib/avr6\libc.a(strncpy.o)
                0x0000502c                strncpy
                0x0000504a                . = ALIGN (0x2)
 *(.fini9)
 .fini9         0x0000504a        0x0 c:/program files (x86)/atmel/studio/7.0/toolchain/avr8/avr8-gnu-toolchain/bin/../lib/gcc/avr/5.4.0/avr6\libgcc.a(_exit.o)
                0x0000504a                _exit
                0x0000504a                exit
 *(.fini9)
 *(.fini8)
 *(.fini8)
 *(.fini7)
 *(.fini7)
 *(.fini6)
 *(.fini6)
 *(.fini5)
 *(.fini5)
 *(.fini4)
 *(.fini4)
 *(.fini3)
 *(.fini3)
 *(.fini2)
 *(.fini2)
 *(.fini1)
 *(.fini1)
 *(.fini0)
 .fini0         0x0000504a        0x4 c:/program files (x86)/atmel/studio/7.0/toolchain/avr8/avr8-gnu-toolchain/bin/../lib/gcc/avr/5.4.0/avr6\libgcc.a(_exit.o)
 *(.fini0)
                0x0000504e                _etext = .

.data           0x00800200      0x2bc load address 0x0000504e
                0x00800200                PROVIDE (__data_start, .)
 *(.data)
 *(.data*)
 .data._ZN9EtherComm6bufferE
                0x00800200        0x2 EtherComm.o
                0x00800200                _ZN9EtherComm6bufferE
 .data._ZN9EtherComm7_destIPE
                0x00800202        0x4 EtherComm.o
                0x00800202                _ZN9EtherComm7_destIPE
 .data._ZN9EtherComm6_mymacE
                0x00800206        0x6 EtherComm.o
                0x00800206                _ZN9EtherComm6_mymacE
 .data._ZN9EtherComm5_gwipE
                0x0080020c        0x4 EtherComm.o
                0x0080020c                _ZN9EtherComm5_gwipE
 .data._ZN9EtherComm5_myipE
                0x00800210        0x4 EtherComm.o
                0x00800210                _ZN9EtherComm5_myipE
 *(.gnu.linkonce.d*)
 *(.rodata)
 *(.rodata*)
 .rodata.str1.1
                0x00800214        0x7 BNO055/Adafruit_BNO055.o
 .rodata._ZTV15Adafruit_BNO055
                0x0080021b        0xa BNO055/Adafruit_BNO055.o
                0x0080021b                _ZTV15Adafruit_BNO055
 .rodata.allOnes
                0x00800225        0x6 EtherCardModified/tcpip.o
                0x00800225                allOnes
 .rodata.str1.1
                0x0080022b       0x3f main.o
 .rodata._ZTV14HardwareSerial
                0x0080026a       0x12 Micro/Peripherals/HardwareSerial.o
                0x0080026a                _ZTV14HardwareSerial
 .rodata._ZTV7TwoWire
                0x0080027c       0x12 Micro/Peripherals/Wire.o
                0x0080027c                _ZTV7TwoWire
 .rodata._ZN6MS583711MS5837_30BAE
                0x0080028e        0x1 MS5837/MS5837.o
                0x0080028e                _ZN6MS583711MS5837_30BAE
 .rodata._ZTV16HardwarePcbServo
                0x0080028f        0x8 PcbPins/HardwarePcbServo.o
                0x0080028f                _ZTV16HardwarePcbServo
 .rodata._ZTV11TwiPcbServo
                0x00800297        0x8 PcbPins/TwiPcbServo.o
                0x00800297                _ZTV11TwiPcbServo
 .rodata.str1.1
                0x0080029f      0x1d2 Robot.o
 .rodata._ZTV13DigitalSensor
                0x00800471        0xc Robot.o
                0x00800471                _ZTV13DigitalSensor
 .rodata._ZTV15DigitalActuator
                0x0080047d        0xc Robot.o
                0x0080047d                _ZTV15DigitalActuator
 .rodata._ZTV13ServoActuator
                0x00800489        0xc Robot.o
                0x00800489                _ZTV13ServoActuator
 .rodata._ZTV9ImuSensor
                0x00800495        0xc Sensors/ImuSensor.o
                0x00800495                _ZTV9ImuSensor
 .rodata._ZTV14PressureSensor
                0x008004a1        0xc Sensors/PressureSensor.o
                0x008004a1                _ZTV14PressureSensor
 .rodata.str1.1
                0x008004ad        0xf Utils/Print.o
 *(.gnu.linkonce.r*)
                0x008004bc                . = ALIGN (0x2)
                0x008004bc                _edata = .
                0x008004bc                PROVIDE (__data_end, .)

.bss            0x008004bc      0x6de
                0x008004bc                PROVIDE (__bss_start, .)
 *(.bss)
 *(.bss*)
 .bss._ZL14SendDataBuffer
                0x008004bc        0x2 Commands.o
 .bss._ZZN8ENC28J6013packetReceiveEvE14gNextPacketPtr
                0x008004be        0x2 EtherCardModified/enc28j60.o
 .bss._ZZN8ENC28J6013packetReceiveEvE16unreleasedPacket
                0x008004c0        0x1 EtherCardModified/enc28j60.o
 .bss._ZL9selectPin
                0x008004c1        0x1 EtherCardModified/enc28j60.o
 .bss._ZL10selectPort
                0x008004c2        0x2 EtherCardModified/enc28j60.o
 .bss._ZL12Enc28j60Bank
                0x008004c4        0x1 EtherCardModified/enc28j60.o
 .bss._ZN8ENC28J6010bufferSizeE
                0x008004c5        0x2 EtherCardModified/enc28j60.o
                0x008004c5                _ZN8ENC28J6010bufferSizeE
 .bss._ZN8ENC28J606bufferE
                0x008004c7      0x200 EtherCardModified/EtherCard.o
                0x008004c7                _ZN8ENC28J606bufferE
 .bss._ZN9EtherCard8delaycntE
                0x008006c7        0x2 EtherCardModified/EtherCard.o
                0x008006c7                _ZN9EtherCard8delaycntE
 .bss._ZN9EtherCard5hisipE
                0x008006c9        0x4 EtherCardModified/EtherCard.o
                0x008006c9                _ZN9EtherCard5hisipE
 .bss._ZN9EtherCard5dnsipE
                0x008006cd        0x4 EtherCardModified/EtherCard.o
                0x008006cd                _ZN9EtherCard5dnsipE
 .bss._ZN9EtherCard4gwipE
                0x008006d1        0x4 EtherCardModified/EtherCard.o
                0x008006d1                _ZN9EtherCard4gwipE
 .bss._ZN9EtherCard11broadcastipE
                0x008006d5        0x4 EtherCardModified/EtherCard.o
                0x008006d5                _ZN9EtherCard11broadcastipE
 .bss._ZN9EtherCard7netmaskE
                0x008006d9        0x4 EtherCardModified/EtherCard.o
                0x008006d9                _ZN9EtherCard7netmaskE
 .bss._ZN9EtherCard4myipE
                0x008006dd        0x4 EtherCardModified/EtherCard.o
                0x008006dd                _ZN9EtherCard4myipE
 .bss._ZN9EtherCard5mymacE
                0x008006e1        0x6 EtherCardModified/EtherCard.o
                0x008006e1                _ZN9EtherCard5mymacE
 .bss._ZL9waitgwmac
                0x008006e7        0x1 EtherCardModified/tcpip.o
 .bss._ZL9gwmacaddr
                0x008006e8        0x6 EtherCardModified/tcpip.o
 .bss._ZL12has_dest_mac
                0x008006ee        0x1 EtherCardModified/tcpip.o
 .bss._ZL20waiting_for_dest_mac
                0x008006ef        0x1 EtherCardModified/tcpip.o
 .bss._ZL11has_dns_mac
                0x008006f0        0x1 EtherCardModified/tcpip.o
 .bss._ZL19waiting_for_dns_mac
                0x008006f1        0x1 EtherCardModified/tcpip.o
 .bss._ZL11destmacaddr
                0x008006f2        0x6 EtherCardModified/tcpip.o
 .bss._ZL7icmp_cb
                0x008006f8        0x2 EtherCardModified/tcpip.o
 .bss.numListeners
                0x008006fa        0x1 EtherCardModified/udpserver.o
                0x008006fa                numListeners
 .bss.listeners
                0x008006fb       0x28 EtherCardModified/udpserver.o
                0x008006fb                listeners
 .bss._ZN9EtherComm9_destPortE
                0x00800723        0x2 EtherComm.o
                0x00800723                _ZN9EtherComm9_destPortE
 .bss._ZN9EtherComm9_recvPortE
                0x00800725        0x2 EtherComm.o
                0x00800725                _ZN9EtherComm9_recvPortE
 .bss.Serial3   0x00800727        0xc Micro/Peripherals/HardwareSerial.o
                0x00800727                Serial3
 .bss.Serial2   0x00800733        0xc Micro/Peripherals/HardwareSerial.o
                0x00800733                Serial2
 .bss.Serial1   0x0080073f        0xc Micro/Peripherals/HardwareSerial.o
                0x0080073f                Serial1
 .bss.Serial    0x0080074b        0xc Micro/Peripherals/HardwareSerial.o
                0x0080074b                Serial
 .bss.Servo5    0x00800757       0x13 Micro/Peripherals/HardwareServo.o
                0x00800757                Servo5
 .bss.Servo4    0x0080076a       0x13 Micro/Peripherals/HardwareServo.o
                0x0080076a                Servo4
 .bss.Servo3    0x0080077d       0x13 Micro/Peripherals/HardwareServo.o
                0x0080077d                Servo3
 .bss.Servo1    0x00800790       0x13 Micro/Peripherals/HardwareServo.o
                0x00800790                Servo1
 .bss.Timer2    0x008007a3        0xc Micro/Peripherals/HardwareTimer.o
                0x008007a3                Timer2
 .bss.Timer0    0x008007af        0xc Micro/Peripherals/HardwareTimer.o
                0x008007af                Timer0
 .bss.twi_error
                0x008007bb        0x1 Micro/Peripherals/twi.o
 .bss.twi_rxBufferIndex
                0x008007bc        0x1 Micro/Peripherals/twi.o
 .bss.twi_rxBuffer
                0x008007bd       0x20 Micro/Peripherals/twi.o
 .bss.twi_txBufferLength
                0x008007dd        0x1 Micro/Peripherals/twi.o
 .bss.twi_txBufferIndex
                0x008007de        0x1 Micro/Peripherals/twi.o
 .bss.twi_txBuffer
                0x008007df       0x20 Micro/Peripherals/twi.o
 .bss.twi_masterBufferLength
                0x008007ff        0x1 Micro/Peripherals/twi.o
 .bss.twi_masterBufferIndex
                0x00800800        0x1 Micro/Peripherals/twi.o
 .bss.twi_masterBuffer
                0x00800801       0x20 Micro/Peripherals/twi.o
 .bss.twi_onSlaveReceive
                0x00800821        0x2 Micro/Peripherals/twi.o
 .bss.twi_onSlaveTransmit
                0x00800823        0x2 Micro/Peripherals/twi.o
 .bss.twi_inRepStart
                0x00800825        0x1 Micro/Peripherals/twi.o
 .bss.twi_sendStop
                0x00800826        0x1 Micro/Peripherals/twi.o
 .bss.twi_slarw
                0x00800827        0x1 Micro/Peripherals/twi.o
 .bss.twi_state
                0x00800828        0x1 Micro/Peripherals/twi.o
 .bss.Wire      0x00800829        0x2 Micro/Peripherals/Wire.o
                0x00800829                Wire
 .bss._ZN7TwoWire14user_onReceiveE
                0x0080082b        0x2 Micro/Peripherals/Wire.o
                0x0080082b                _ZN7TwoWire14user_onReceiveE
 .bss._ZN7TwoWire14user_onRequestE
                0x0080082d        0x2 Micro/Peripherals/Wire.o
                0x0080082d                _ZN7TwoWire14user_onRequestE
 .bss._ZN7TwoWire12transmittingE
                0x0080082f        0x1 Micro/Peripherals/Wire.o
                0x0080082f                _ZN7TwoWire12transmittingE
 .bss._ZN7TwoWire14txBufferLengthE
                0x00800830        0x1 Micro/Peripherals/Wire.o
                0x00800830                _ZN7TwoWire14txBufferLengthE
 .bss._ZN7TwoWire13txBufferIndexE
                0x00800831        0x1 Micro/Peripherals/Wire.o
                0x00800831                _ZN7TwoWire13txBufferIndexE
 .bss._ZN7TwoWire8txBufferE
                0x00800832       0x20 Micro/Peripherals/Wire.o
                0x00800832                _ZN7TwoWire8txBufferE
 .bss._ZN7TwoWire9txAddressE
                0x00800852        0x1 Micro/Peripherals/Wire.o
                0x00800852                _ZN7TwoWire9txAddressE
 .bss._ZN7TwoWire14rxBufferLengthE
                0x00800853        0x1 Micro/Peripherals/Wire.o
                0x00800853                _ZN7TwoWire14rxBufferLengthE
 .bss._ZN7TwoWire13rxBufferIndexE
                0x00800854        0x1 Micro/Peripherals/Wire.o
                0x00800854                _ZN7TwoWire13rxBufferIndexE
 .bss._ZN7TwoWire8rxBufferE
                0x00800855       0x20 Micro/Peripherals/Wire.o
                0x00800855                _ZN7TwoWire8rxBufferE
 .bss.ServoD8   0x00800875        0x8 PcbPins/PcbPins.o
                0x00800875                ServoD8
 .bss.ServoD7   0x0080087d        0x8 PcbPins/PcbPins.o
                0x0080087d                ServoD7
 .bss.ServoD6   0x00800885        0x8 PcbPins/PcbPins.o
                0x00800885                ServoD6
 .bss.ServoD5   0x0080088d        0x8 PcbPins/PcbPins.o
                0x0080088d                ServoD5
 .bss.ServoD4   0x00800895        0x8 PcbPins/PcbPins.o
                0x00800895                ServoD4
 .bss.ServoD3   0x0080089d        0x8 PcbPins/PcbPins.o
                0x0080089d                ServoD3
 .bss.ServoD2   0x008008a5        0x8 PcbPins/PcbPins.o
                0x008008a5                ServoD2
 .bss.ServoD1   0x008008ad        0x8 PcbPins/PcbPins.o
                0x008008ad                ServoD1
 .bss.ServoC8   0x008008b5        0x8 PcbPins/PcbPins.o
                0x008008b5                ServoC8
 .bss.ServoC7   0x008008bd        0x8 PcbPins/PcbPins.o
                0x008008bd                ServoC7
 .bss.ServoC6   0x008008c5        0x8 PcbPins/PcbPins.o
                0x008008c5                ServoC6
 .bss.ServoC5   0x008008cd        0x8 PcbPins/PcbPins.o
                0x008008cd                ServoC5
 .bss.ServoC4   0x008008d5        0x8 PcbPins/PcbPins.o
                0x008008d5                ServoC4
 .bss.ServoC3   0x008008dd        0x8 PcbPins/PcbPins.o
                0x008008dd                ServoC3
 .bss.ServoC2   0x008008e5        0x8 PcbPins/PcbPins.o
                0x008008e5                ServoC2
 .bss.ServoC1   0x008008ed        0x8 PcbPins/PcbPins.o
                0x008008ed                ServoC1
 .bss.PcaServoController
                0x008008f5        0x6 PcbPins/PcbPins.o
                0x008008f5                PcaServoController
 .bss.ServoB6   0x008008fb        0x5 PcbPins/PcbPins.o
                0x008008fb                ServoB6
 .bss.ServoB5   0x00800900        0x5 PcbPins/PcbPins.o
                0x00800900                ServoB5
 .bss.ServoB4   0x00800905        0x5 PcbPins/PcbPins.o
                0x00800905                ServoB4
 .bss.ServoB3   0x0080090a        0x5 PcbPins/PcbPins.o
                0x0080090a                ServoB3
 .bss.ServoB2   0x0080090f        0x5 PcbPins/PcbPins.o
                0x0080090f                ServoB2
 .bss.ServoB1   0x00800914        0x5 PcbPins/PcbPins.o
                0x00800914                ServoB1
 .bss.ServoA5   0x00800919        0x5 PcbPins/PcbPins.o
                0x00800919                ServoA5
 .bss.ServoA4   0x0080091e        0x5 PcbPins/PcbPins.o
                0x0080091e                ServoA4
 .bss.ServoA3   0x00800923        0x5 PcbPins/PcbPins.o
                0x00800923                ServoA3
 .bss.ServoA2   0x00800928        0x5 PcbPins/PcbPins.o
                0x00800928                ServoA2
 .bss.ServoA1   0x0080092d        0x5 PcbPins/PcbPins.o
                0x0080092d                ServoA1
 .bss.TestServo2
                0x00800932        0x6 Robot.o
                0x00800932                TestServo2
 .bss.TestServo
                0x00800938        0x6 Robot.o
                0x00800938                TestServo
 .bss.Pressure  0x0080093e       0x2c Robot.o
                0x0080093e                Pressure
 .bss.Imu       0x0080096a        0xf Robot.o
                0x0080096a                Imu
 .bss.LED       0x00800979        0x7 Robot.o
                0x00800979                LED
 .bss.Button1   0x00800980        0x7 Robot.o
                0x00800980                Button1
 .bss.Button0   0x00800987        0x7 Robot.o
                0x00800987                Button0
 .bss._ZN5Robot9registersE
                0x0080098e      0x200 Robot.o
                0x0080098e                _ZN5Robot9registersE
 .bss.vector    0x00800b8e        0xc Sensors/ImuSensor.o
                0x00800b8e                vector
 *(COMMON)
                0x00800b9a                PROVIDE (__bss_end, .)
                0x0000504e                __data_load_start = LOADADDR (.data)
                0x0000530a                __data_load_end = (__data_load_start + SIZEOF (.data))

.noinit         0x00800b9a        0x0
                [!provide]                PROVIDE (__noinit_start, .)
 *(.noinit*)
                [!provide]                PROVIDE (__noinit_end, .)
                0x00800b9a                _end = .
                [!provide]                PROVIDE (__heap_start, .)

.eeprom         0x00810000        0x0
 *(.eeprom*)
                0x00810000                __eeprom_end = .

.fuse
 *(.fuse)
 *(.lfuse)
 *(.hfuse)
 *(.efuse)

.lock
 *(.lock*)

.signature
 *(.signature*)

.user_signatures
 *(.user_signatures*)

.stab
 *(.stab)

.stabstr
 *(.stabstr)

.stab.excl
 *(.stab.excl)

.stab.exclstr
 *(.stab.exclstr)

.stab.index
 *(.stab.index)

.stab.indexstr
 *(.stab.indexstr)

.comment        0x00000000       0x30
 *(.comment)
 .comment       0x00000000       0x30 BNO055/Adafruit_BNO055.o
                                 0x31 (size before relaxing)
 .comment       0x00000030       0x31 Commands.o
 .comment       0x00000030       0x31 EtherCardModified/enc28j60.o
 .comment       0x00000030       0x31 EtherCardModified/EtherCard.o
 .comment       0x00000030       0x31 EtherCardModified/tcpip.o
 .comment       0x00000030       0x31 EtherCardModified/udpserver.o
 .comment       0x00000030       0x31 EtherCardModified/webutil.o
 .comment       0x00000030       0x31 EtherComm.o
 .comment       0x00000030       0x31 main.o
 .comment       0x00000030       0x31 Micro/Peripherals/HardwareSerial.o
 .comment       0x00000030       0x31 Micro/Peripherals/HardwareServo.o
 .comment       0x00000030       0x31 Micro/Peripherals/HardwareTimer.o
 .comment       0x00000030       0x31 Micro/Peripherals/twi.o
 .comment       0x00000030       0x31 Micro/Peripherals/Wire.o
 .comment       0x00000030       0x31 MS5837/MS5837.o
 .comment       0x00000030       0x31 PCA9685/PCA9685.o
 .comment       0x00000030       0x31 PCA9685/TwiServoController.o
 .comment       0x00000030       0x31 PcbPins/HardwarePcbServo.o
 .comment       0x00000030       0x31 PcbPins/PcbPins.o
 .comment       0x00000030       0x31 PcbPins/TwiPcbServo.o
 .comment       0x00000030       0x31 Robot.o
 .comment       0x00000030       0x31 Sensors/ImuSensor.o
 .comment       0x00000030       0x31 Sensors/PressureSensor.o
 .comment       0x00000030       0x31 Utils/Print.o

.note.gnu.avr.deviceinfo
                0x00000000       0x40
 .note.gnu.avr.deviceinfo
                0x00000000       0x40 C:/Program Files (x86)/Atmel/Studio/7.0/Packs/atmel/ATmega_DFP/1.2.209/gcc/dev/atmega2560/avr6/crtatmega2560.o

.note.gnu.build-id
 *(.note.gnu.build-id)

.debug
 *(.debug)

.line
 *(.line)

.debug_srcinfo
 *(.debug_srcinfo)

.debug_sfnames
 *(.debug_sfnames)

.debug_aranges  0x00000000      0xa18
 *(.debug_aranges)
 .debug_aranges
                0x00000000       0xe8 BNO055/Adafruit_BNO055.o
 .debug_aranges
                0x000000e8       0x40 Commands.o
 .debug_aranges
                0x00000128       0x88 EtherCardModified/enc28j60.o
 .debug_aranges
                0x000001b0       0x28 EtherCardModified/EtherCard.o
 .debug_aranges
                0x000001d8       0xb0 EtherCardModified/tcpip.o
 .debug_aranges
                0x00000288       0x40 EtherCardModified/udpserver.o
 .debug_aranges
                0x000002c8       0x60 EtherCardModified/webutil.o
 .debug_aranges
                0x00000328       0x38 EtherComm.o
 .debug_aranges
                0x00000360       0x20 main.o
 .debug_aranges
                0x00000380       0x78 Micro/Peripherals/HardwareSerial.o
 .debug_aranges
                0x000003f8       0x80 Micro/Peripherals/HardwareServo.o
 .debug_aranges
                0x00000478       0x78 Micro/Peripherals/HardwareTimer.o
 .debug_aranges
                0x000004f0       0x80 Micro/Peripherals/twi.o
 .debug_aranges
                0x00000570       0xf8 Micro/Peripherals/Wire.o
 .debug_aranges
                0x00000668       0x68 MS5837/MS5837.o
 .debug_aranges
                0x000006d0       0xa0 PCA9685/PCA9685.o
 .debug_aranges
                0x00000770       0x38 PCA9685/TwiServoController.o
 .debug_aranges
                0x000007a8       0x30 PcbPins/HardwarePcbServo.o
 .debug_aranges
                0x000007d8       0x20 PcbPins/PcbPins.o
 .debug_aranges
                0x000007f8       0x30 PcbPins/TwiPcbServo.o
 .debug_aranges
                0x00000828       0x98 Robot.o
 .debug_aranges
                0x000008c0       0x50 Sensors/ImuSensor.o
 .debug_aranges
                0x00000910       0x40 Sensors/PressureSensor.o
 .debug_aranges
                0x00000950       0xc8 Utils/Print.o

.debug_pubnames
 *(.debug_pubnames)

.debug_info     0x00000000    0x178fd
 *(.debug_info .gnu.linkonce.wi.*)
 .debug_info    0x00000000      0xbbc C:/Program Files (x86)/Atmel/Studio/7.0/Packs/atmel/ATmega_DFP/1.2.209/gcc/dev/atmega2560/avr6/crtatmega2560.o
 .debug_info    0x00000bbc     0x4250 BNO055/Adafruit_BNO055.o
 .debug_info    0x00004e0c      0x923 Commands.o
 .debug_info    0x0000572f      0xfd8 EtherCardModified/enc28j60.o
 .debug_info    0x00006707      0x77b EtherCardModified/EtherCard.o
 .debug_info    0x00006e82     0x10d6 EtherCardModified/tcpip.o
 .debug_info    0x00007f58      0x6de EtherCardModified/udpserver.o
 .debug_info    0x00008636      0x8f0 EtherCardModified/webutil.o
 .debug_info    0x00008f26      0x961 EtherComm.o
 .debug_info    0x00009887      0x735 main.o
 .debug_info    0x00009fbc      0xe35 Micro/Peripherals/HardwareSerial.o
 .debug_info    0x0000adf1      0x8eb Micro/Peripherals/HardwareServo.o
 .debug_info    0x0000b6dc      0x69b Micro/Peripherals/HardwareTimer.o
 .debug_info    0x0000bd77      0x60a Micro/Peripherals/twi.o
 .debug_info    0x0000c381     0x163d Micro/Peripherals/Wire.o
 .debug_info    0x0000d9be      0xcbc MS5837/MS5837.o
 .debug_info    0x0000e67a     0x108a PCA9685/PCA9685.o
 .debug_info    0x0000f704      0x656 PCA9685/TwiServoController.o
 .debug_info    0x0000fd5a      0x76f PcbPins/HardwarePcbServo.o
 .debug_info    0x000104c9      0xd09 PcbPins/PcbPins.o
 .debug_info    0x000111d2      0x6f7 PcbPins/TwiPcbServo.o
 .debug_info    0x000118c9     0x27bf Robot.o
 .debug_info    0x00014088     0x154a Sensors/ImuSensor.o
 .debug_info    0x000155d2     0x116b Sensors/PressureSensor.o
 .debug_info    0x0001673d     0x11c0 Utils/Print.o

.debug_abbrev   0x00000000     0x5262
 *(.debug_abbrev)
 .debug_abbrev  0x00000000      0xb1a C:/Program Files (x86)/Atmel/Studio/7.0/Packs/atmel/ATmega_DFP/1.2.209/gcc/dev/atmega2560/avr6/crtatmega2560.o
 .debug_abbrev  0x00000b1a      0x5a8 BNO055/Adafruit_BNO055.o
 .debug_abbrev  0x000010c2      0x28b Commands.o
 .debug_abbrev  0x0000134d      0x3b9 EtherCardModified/enc28j60.o
 .debug_abbrev  0x00001706      0x180 EtherCardModified/EtherCard.o
 .debug_abbrev  0x00001886      0x379 EtherCardModified/tcpip.o
 .debug_abbrev  0x00001bff      0x1fd EtherCardModified/udpserver.o
 .debug_abbrev  0x00001dfc      0x295 EtherCardModified/webutil.o
 .debug_abbrev  0x00002091      0x22d EtherComm.o
 .debug_abbrev  0x000022be      0x1f3 main.o
 .debug_abbrev  0x000024b1      0x322 Micro/Peripherals/HardwareSerial.o
 .debug_abbrev  0x000027d3      0x1d4 Micro/Peripherals/HardwareServo.o
 .debug_abbrev  0x000029a7      0x236 Micro/Peripherals/HardwareTimer.o
 .debug_abbrev  0x00002bdd      0x222 Micro/Peripherals/twi.o
 .debug_abbrev  0x00002dff      0x428 Micro/Peripherals/Wire.o
 .debug_abbrev  0x00003227      0x362 MS5837/MS5837.o
 .debug_abbrev  0x00003589      0x30c PCA9685/PCA9685.o
 .debug_abbrev  0x00003895      0x21c PCA9685/TwiServoController.o
 .debug_abbrev  0x00003ab1      0x2ac PcbPins/HardwarePcbServo.o
 .debug_abbrev  0x00003d5d      0x1c3 PcbPins/PcbPins.o
 .debug_abbrev  0x00003f20      0x21e PcbPins/TwiPcbServo.o
 .debug_abbrev  0x0000413e      0x5ac Robot.o
 .debug_abbrev  0x000046ea      0x4e7 Sensors/ImuSensor.o
 .debug_abbrev  0x00004bd1      0x3f5 Sensors/PressureSensor.o
 .debug_abbrev  0x00004fc6      0x29c Utils/Print.o

.debug_line     0x00000000     0x607e
 *(.debug_line .debug_line.* .debug_line_end)
 .debug_line    0x00000000      0x1f9 C:/Program Files (x86)/Atmel/Studio/7.0/Packs/atmel/ATmega_DFP/1.2.209/gcc/dev/atmega2560/avr6/crtatmega2560.o
 .debug_line    0x000001f9      0xc56 BNO055/Adafruit_BNO055.o
 .debug_line    0x00000e4f      0x1a3 Commands.o
 .debug_line    0x00000ff2      0x630 EtherCardModified/enc28j60.o
 .debug_line    0x00001622      0x15b EtherCardModified/EtherCard.o
 .debug_line    0x0000177d      0x7f8 EtherCardModified/tcpip.o
 .debug_line    0x00001f75      0x20d EtherCardModified/udpserver.o
 .debug_line    0x00002182      0x3ae EtherCardModified/webutil.o
 .debug_line    0x00002530      0x1f1 EtherComm.o
 .debug_line    0x00002721      0x18f main.o
 .debug_line    0x000028b0      0x30a Micro/Peripherals/HardwareSerial.o
 .debug_line    0x00002bba      0x23a Micro/Peripherals/HardwareServo.o
 .debug_line    0x00002df4      0x2d0 Micro/Peripherals/HardwareTimer.o
 .debug_line    0x000030c4      0x544 Micro/Peripherals/twi.o
 .debug_line    0x00003608      0x59a Micro/Peripherals/Wire.o
 .debug_line    0x00003ba2      0x519 MS5837/MS5837.o
 .debug_line    0x000040bb      0x53c PCA9685/PCA9685.o
 .debug_line    0x000045f7      0x1be PCA9685/TwiServoController.o
 .debug_line    0x000047b5      0x239 PcbPins/HardwarePcbServo.o
 .debug_line    0x000049ee      0x1f0 PcbPins/PcbPins.o
 .debug_line    0x00004bde      0x15f PcbPins/TwiPcbServo.o
 .debug_line    0x00004d3d      0x809 Robot.o
 .debug_line    0x00005546      0x38b Sensors/ImuSensor.o
 .debug_line    0x000058d1      0x2c2 Sensors/PressureSensor.o
 .debug_line    0x00005b93      0x4eb Utils/Print.o

.debug_frame    0x00000000     0x1e24
 *(.debug_frame)
 .debug_frame   0x00000000      0x470 BNO055/Adafruit_BNO055.o
 .debug_frame   0x00000470       0x64 Commands.o
 .debug_frame   0x000004d4      0x1b4 EtherCardModified/enc28j60.o
 .debug_frame   0x00000688       0x70 EtherCardModified/EtherCard.o
 .debug_frame   0x000006f8      0x240 EtherCardModified/tcpip.o
 .debug_frame   0x00000938       0xb8 EtherCardModified/udpserver.o
 .debug_frame   0x000009f0      0x130 EtherCardModified/webutil.o
 .debug_frame   0x00000b20       0x8c EtherComm.o
 .debug_frame   0x00000bac       0x24 main.o
 .debug_frame   0x00000bd0      0x10c Micro/Peripherals/HardwareSerial.o
 .debug_frame   0x00000cdc      0x124 Micro/Peripherals/HardwareServo.o
 .debug_frame   0x00000e00      0x1e4 Micro/Peripherals/HardwareTimer.o
 .debug_frame   0x00000fe4      0x134 Micro/Peripherals/twi.o
 .debug_frame   0x00001118      0x280 Micro/Peripherals/Wire.o
 .debug_frame   0x00001398      0x1a4 MS5837/MS5837.o
 .debug_frame   0x0000153c      0x21c PCA9685/PCA9685.o
 .debug_frame   0x00001758       0x60 PCA9685/TwiServoController.o
 .debug_frame   0x000017b8       0x58 PcbPins/HardwarePcbServo.o
 .debug_frame   0x00001810       0x24 PcbPins/PcbPins.o
 .debug_frame   0x00001834       0x44 PcbPins/TwiPcbServo.o
 .debug_frame   0x00001878      0x138 Robot.o
 .debug_frame   0x000019b0       0xd4 Sensors/ImuSensor.o
 .debug_frame   0x00001a84       0xc0 Sensors/PressureSensor.o
 .debug_frame   0x00001b44      0x2e0 Utils/Print.o

.debug_str      0x00000000     0x69c9
 *(.debug_str)
 .debug_str     0x00000000      0x3e6 C:/Program Files (x86)/Atmel/Studio/7.0/Packs/atmel/ATmega_DFP/1.2.209/gcc/dev/atmega2560/avr6/crtatmega2560.o
 .debug_str     0x000003e6     0x315f BNO055/Adafruit_BNO055.o
                               0x32cd (size before relaxing)
 .debug_str     0x00003545      0x870 Commands.o
                                0xa79 (size before relaxing)
 .debug_str     0x00003db5      0x21f EtherCardModified/enc28j60.o
                                0x54d (size before relaxing)
 .debug_str     0x00003fd4       0xf7 EtherCardModified/EtherCard.o
                                0x8cb (size before relaxing)
 .debug_str     0x000040cb      0x1fe EtherCardModified/tcpip.o
                                0x9c4 (size before relaxing)
 .debug_str     0x000042c9       0x68 EtherCardModified/udpserver.o
                                0x843 (size before relaxing)
 .debug_str     0x00004331       0xba EtherCardModified/webutil.o
                                0x867 (size before relaxing)
 .debug_str     0x000043eb       0xfe EtherComm.o
                                0xa05 (size before relaxing)
 .debug_str     0x000044e9       0x5d main.o
                                0x91c (size before relaxing)
 .debug_str     0x00004546      0x6b0 Micro/Peripherals/HardwareSerial.o
                                0x9a7 (size before relaxing)
 .debug_str     0x00004bf6      0x2ac Micro/Peripherals/HardwareServo.o
                                0x50a (size before relaxing)
 .debug_str     0x00004ea2      0x226 Micro/Peripherals/HardwareTimer.o
                                0x48a (size before relaxing)
 .debug_str     0x000050c8      0x28d Micro/Peripherals/twi.o
                                0x382 (size before relaxing)
 .debug_str     0x00005355      0x44f Micro/Peripherals/Wire.o
                                0xc76 (size before relaxing)
 .debug_str     0x000057a4      0x206 MS5837/MS5837.o
                                0x708 (size before relaxing)
 .debug_str     0x000059aa      0x2c7 PCA9685/PCA9685.o
                                0x686 (size before relaxing)
 .debug_str     0x00005c71       0xe4 PCA9685/TwiServoController.o
                                0x574 (size before relaxing)
 .debug_str     0x00005d55      0x1fd PcbPins/HardwarePcbServo.o
                                0x695 (size before relaxing)
 .debug_str     0x00005f52      0x11d PcbPins/PcbPins.o
                                0x8bd (size before relaxing)
 .debug_str     0x0000606f       0xd1 PcbPins/TwiPcbServo.o
                                0x6a1 (size before relaxing)
 .debug_str     0x00006140      0x4ee Robot.o
                               0x23c3 (size before relaxing)
 .debug_str     0x0000662e       0xd6 Sensors/ImuSensor.o
                               0x13d5 (size before relaxing)
 .debug_str     0x00006704       0xc0 Sensors/PressureSensor.o
                                0xee0 (size before relaxing)
 .debug_str     0x000067c4      0x205 Utils/Print.o
                                0x4a3 (size before relaxing)

.debug_loc      0x00000000     0xb882
 *(.debug_loc)
 .debug_loc     0x00000000     0x2157 BNO055/Adafruit_BNO055.o
 .debug_loc     0x00002157      0x257 Commands.o
 .debug_loc     0x000023ae      0x955 EtherCardModified/enc28j60.o
 .debug_loc     0x00002d03      0x25f EtherCardModified/EtherCard.o
 .debug_loc     0x00002f62      0xa60 EtherCardModified/tcpip.o
 .debug_loc     0x000039c2      0x243 EtherCardModified/udpserver.o
 .debug_loc     0x00003c05      0x8a2 EtherCardModified/webutil.o
 .debug_loc     0x000044a7      0x486 EtherComm.o
 .debug_loc     0x0000492d      0x451 Micro/Peripherals/HardwareSerial.o
 .debug_loc     0x00004d7e      0x60d Micro/Peripherals/HardwareServo.o
 .debug_loc     0x0000538b      0x687 Micro/Peripherals/HardwareTimer.o
 .debug_loc     0x00005a12      0x54a Micro/Peripherals/twi.o
 .debug_loc     0x00005f5c      0xb3b Micro/Peripherals/Wire.o
 .debug_loc     0x00006a97      0xed7 MS5837/MS5837.o
 .debug_loc     0x0000796e      0xdfb PCA9685/PCA9685.o
 .debug_loc     0x00008769      0x1a8 PCA9685/TwiServoController.o
 .debug_loc     0x00008911      0x297 PcbPins/HardwarePcbServo.o
 .debug_loc     0x00008ba8       0x29 PcbPins/PcbPins.o
 .debug_loc     0x00008bd1      0x162 PcbPins/TwiPcbServo.o
 .debug_loc     0x00008d33      0xa40 Robot.o
 .debug_loc     0x00009773      0x5e9 Sensors/ImuSensor.o
 .debug_loc     0x00009d5c      0x506 Sensors/PressureSensor.o
 .debug_loc     0x0000a262     0x1620 Utils/Print.o

.debug_macinfo
 *(.debug_macinfo)

.debug_weaknames
 *(.debug_weaknames)

.debug_funcnames
 *(.debug_funcnames)

.debug_typenames
 *(.debug_typenames)

.debug_varnames
 *(.debug_varnames)

.debug_pubtypes
 *(.debug_pubtypes)

.debug_ranges   0x00000000      0x950
 *(.debug_ranges)
 .debug_ranges  0x00000000       0xd8 BNO055/Adafruit_BNO055.o
 .debug_ranges  0x000000d8       0x30 Commands.o
 .debug_ranges  0x00000108       0xc0 EtherCardModified/enc28j60.o
 .debug_ranges  0x000001c8       0x18 EtherCardModified/EtherCard.o
 .debug_ranges  0x000001e0       0xe0 EtherCardModified/tcpip.o
 .debug_ranges  0x000002c0       0x48 EtherCardModified/udpserver.o
 .debug_ranges  0x00000308       0x68 EtherCardModified/webutil.o
 .debug_ranges  0x00000370       0x28 EtherComm.o
 .debug_ranges  0x00000398       0x10 main.o
 .debug_ranges  0x000003a8       0x68 Micro/Peripherals/HardwareSerial.o
 .debug_ranges  0x00000410       0x70 Micro/Peripherals/HardwareServo.o
 .debug_ranges  0x00000480       0x68 Micro/Peripherals/HardwareTimer.o
 .debug_ranges  0x000004e8       0x70 Micro/Peripherals/twi.o
 .debug_ranges  0x00000558       0xe8 Micro/Peripherals/Wire.o
 .debug_ranges  0x00000640       0x58 MS5837/MS5837.o
 .debug_ranges  0x00000698       0x90 PCA9685/PCA9685.o
 .debug_ranges  0x00000728       0x28 PCA9685/TwiServoController.o
 .debug_ranges  0x00000750       0x20 PcbPins/HardwarePcbServo.o
 .debug_ranges  0x00000770       0x10 PcbPins/PcbPins.o
 .debug_ranges  0x00000780       0x20 PcbPins/TwiPcbServo.o
 .debug_ranges  0x000007a0       0x88 Robot.o
 .debug_ranges  0x00000828       0x40 Sensors/ImuSensor.o
 .debug_ranges  0x00000868       0x30 Sensors/PressureSensor.o
 .debug_ranges  0x00000898       0xb8 Utils/Print.o

.debug_macro
 *(.debug_macro)
OUTPUT(RovController.elf elf32-avr)
LOAD linker stubs
