Archive member included to satisfy reference by file (symbol)

c:/program files (x86)/atmel/studio/7.0/toolchain/avr8/avr8-gnu-toolchain/bin/../lib/gcc/avr/5.4.0/../../../../avr/lib/avr6\libm.a(addsf3.o)
                              MS5837/MS5837.o (__subsf3)
c:/program files (x86)/atmel/studio/7.0/toolchain/avr8/avr8-gnu-toolchain/bin/../lib/gcc/avr/5.4.0/../../../../avr/lib/avr6\libm.a(addsf3x.o)
                              c:/program files (x86)/atmel/studio/7.0/toolchain/avr8/avr8-gnu-toolchain/bin/../lib/gcc/avr/5.4.0/../../../../avr/lib/avr6\libm.a(addsf3.o) (__addsf3x)
c:/program files (x86)/atmel/studio/7.0/toolchain/avr8/avr8-gnu-toolchain/bin/../lib/gcc/avr/5.4.0/../../../../avr/lib/avr6\libm.a(cmpsf2.o)
                              PCA9685/PCA9685.o (__ltsf2)
c:/program files (x86)/atmel/studio/7.0/toolchain/avr8/avr8-gnu-toolchain/bin/../lib/gcc/avr/5.4.0/../../../../avr/lib/avr6\libm.a(divsf3.o)
                              BNO055/Adafruit_BNO055.o (__divsf3)
c:/program files (x86)/atmel/studio/7.0/toolchain/avr8/avr8-gnu-toolchain/bin/../lib/gcc/avr/5.4.0/../../../../avr/lib/avr6\libm.a(divsf3x.o)
                              c:/program files (x86)/atmel/studio/7.0/toolchain/avr8/avr8-gnu-toolchain/bin/../lib/gcc/avr/5.4.0/../../../../avr/lib/avr6\libm.a(divsf3.o) (__divsf3x)
c:/program files (x86)/atmel/studio/7.0/toolchain/avr8/avr8-gnu-toolchain/bin/../lib/gcc/avr/5.4.0/../../../../avr/lib/avr6\libm.a(fixunssfsi.o)
                              PCA9685/PCA9685.o (__fixunssfsi)
c:/program files (x86)/atmel/studio/7.0/toolchain/avr8/avr8-gnu-toolchain/bin/../lib/gcc/avr/5.4.0/../../../../avr/lib/avr6\libm.a(floatsisf.o)
                              PCA9685/PCA9685.o (__floatunsisf)
c:/program files (x86)/atmel/studio/7.0/toolchain/avr8/avr8-gnu-toolchain/bin/../lib/gcc/avr/5.4.0/../../../../avr/lib/avr6\libm.a(fp_cmp.o)
                              c:/program files (x86)/atmel/studio/7.0/toolchain/avr8/avr8-gnu-toolchain/bin/../lib/gcc/avr/5.4.0/../../../../avr/lib/avr6\libm.a(cmpsf2.o) (__fp_cmp)
c:/program files (x86)/atmel/studio/7.0/toolchain/avr8/avr8-gnu-toolchain/bin/../lib/gcc/avr/5.4.0/../../../../avr/lib/avr6\libm.a(fp_inf.o)
                              c:/program files (x86)/atmel/studio/7.0/toolchain/avr8/avr8-gnu-toolchain/bin/../lib/gcc/avr/5.4.0/../../../../avr/lib/avr6\libm.a(addsf3x.o) (__fp_inf)
c:/program files (x86)/atmel/studio/7.0/toolchain/avr8/avr8-gnu-toolchain/bin/../lib/gcc/avr/5.4.0/../../../../avr/lib/avr6\libm.a(fp_nan.o)
                              c:/program files (x86)/atmel/studio/7.0/toolchain/avr8/avr8-gnu-toolchain/bin/../lib/gcc/avr/5.4.0/../../../../avr/lib/avr6\libm.a(addsf3x.o) (__fp_nan)
c:/program files (x86)/atmel/studio/7.0/toolchain/avr8/avr8-gnu-toolchain/bin/../lib/gcc/avr/5.4.0/../../../../avr/lib/avr6\libm.a(fp_pscA.o)
                              c:/program files (x86)/atmel/studio/7.0/toolchain/avr8/avr8-gnu-toolchain/bin/../lib/gcc/avr/5.4.0/../../../../avr/lib/avr6\libm.a(addsf3x.o) (__fp_pscA)
c:/program files (x86)/atmel/studio/7.0/toolchain/avr8/avr8-gnu-toolchain/bin/../lib/gcc/avr/5.4.0/../../../../avr/lib/avr6\libm.a(fp_pscB.o)
                              c:/program files (x86)/atmel/studio/7.0/toolchain/avr8/avr8-gnu-toolchain/bin/../lib/gcc/avr/5.4.0/../../../../avr/lib/avr6\libm.a(addsf3x.o) (__fp_pscB)
c:/program files (x86)/atmel/studio/7.0/toolchain/avr8/avr8-gnu-toolchain/bin/../lib/gcc/avr/5.4.0/../../../../avr/lib/avr6\libm.a(fp_round.o)
                              c:/program files (x86)/atmel/studio/7.0/toolchain/avr8/avr8-gnu-toolchain/bin/../lib/gcc/avr/5.4.0/../../../../avr/lib/avr6\libm.a(addsf3.o) (__fp_round)
c:/program files (x86)/atmel/studio/7.0/toolchain/avr8/avr8-gnu-toolchain/bin/../lib/gcc/avr/5.4.0/../../../../avr/lib/avr6\libm.a(fp_split3.o)
                              c:/program files (x86)/atmel/studio/7.0/toolchain/avr8/avr8-gnu-toolchain/bin/../lib/gcc/avr/5.4.0/../../../../avr/lib/avr6\libm.a(addsf3x.o) (__fp_split3)
c:/program files (x86)/atmel/studio/7.0/toolchain/avr8/avr8-gnu-toolchain/bin/../lib/gcc/avr/5.4.0/../../../../avr/lib/avr6\libm.a(fp_zero.o)
                              c:/program files (x86)/atmel/studio/7.0/toolchain/avr8/avr8-gnu-toolchain/bin/../lib/gcc/avr/5.4.0/../../../../avr/lib/avr6\libm.a(addsf3x.o) (__fp_zero)
c:/program files (x86)/atmel/studio/7.0/toolchain/avr8/avr8-gnu-toolchain/bin/../lib/gcc/avr/5.4.0/../../../../avr/lib/avr6\libm.a(gesf2.o)
                              PCA9685/PCA9685.o (__gtsf2)
c:/program files (x86)/atmel/studio/7.0/toolchain/avr8/avr8-gnu-toolchain/bin/../lib/gcc/avr/5.4.0/../../../../avr/lib/avr6\libm.a(mulsf3.o)
                              BNO055/Adafruit_BNO055.o (__mulsf3)
c:/program files (x86)/atmel/studio/7.0/toolchain/avr8/avr8-gnu-toolchain/bin/../lib/gcc/avr/5.4.0/../../../../avr/lib/avr6\libm.a(mulsf3x.o)
[...]
Memory Configuration

Name             Origin             Length             Attributes
text             0x00000000         0x00100000         xr
data             0x00800200         0x0000fe00         rw !x
eeprom           0x00810000         0x00010000         rw !x
fuse             0x00820000         0x00000003         rw !x
lock             0x00830000         0x00000400         rw !x
signature        0x00840000         0x00000400         rw !x
user_signatures  0x00850000         0x00000400         rw !x
*default*        0x00000000         0xffffffff

Linker script and memory map

Address of section .data set to 0x800200
LOAD C:/Program Files (x86)/Atmel/Studio/7.0/Packs/atmel/ATmega_DFP/1.2.209/gcc/dev/atmega2560/avr6/crtatmega2560.o
LOAD BNO055/Adafruit_BNO055.o
LOAD BNO055/Adafruit_Sensor.o
LOAD Commands.o
LOAD EtherCardModified/enc28j60.o
LOAD EtherCardModified/EtherCard.o
LOAD EtherCardModified/tcpip.o
LOAD EtherCardModified/udpserver.o
LOAD EtherCardModified/webutil.o
LOAD EtherComm.o
LOAD main.o
LOAD MS5837/MS5837.o
LOAD PCA9685/PCA9685.o
LOAD PCA9685/TwiServoController.o
LOAD Peripherals/HardwareSerial.o
LOAD Peripherals/HardwareSerial0.o
LOAD Peripherals/HardwareSerial1.o
LOAD Peripherals/HardwareSerial2.o
LOAD Peripherals/HardwareSerial3.o
LOAD Peripherals/HardwareServo.o
LOAD Peripherals/HardwareTimer.o
LOAD Peripherals/twi.o
LOAD Peripherals/Wire.o
LOAD Robot.o
LOAD Sensors/ImuSensor.o
LOAD TestIMU.o
LOAD Utils/Print.o
LOAD Utils/Stream.o
START GROUP
LOAD c:/program files (x86)/atmel/studio/7.0/toolchain/avr8/avr8-gnu-toolchain/bin/../lib/gcc/avr/5.4.0/../../../../avr/lib/avr6\libm.a
END GROUP
LOAD c:/program files (x86)/atmel/studio/7.0/toolchain/avr8/avr8-gnu-toolchain/bin/../lib/gcc/avr/5.4.0/avr6\libgcc.a
LOAD c:/program files (x86)/atmel/studio/7.0/toolchain/avr8/avr8-gnu-toolchain/bin/../lib/gcc/avr/5.4.0/../../../../avr/lib/avr6\libm.a
START GROUP
LOAD c:/program files (x86)/atmel/studio/7.0/toolchain/avr8/avr8-gnu-toolchain/bin/../lib/gcc/avr/5.4.0/avr6\libgcc.a
LOAD c:/program files (x86)/atmel/studio/7.0/toolchain/avr8/avr8-gnu-toolchain/bin/../lib/gcc/avr/5.4.0/../../../../avr/lib/avr6\libm.a
LOAD c:/program files (x86)/atmel/studio/7.0/toolchain/avr8/avr8-gnu-toolchain/bin/../lib/gcc/avr/5.4.0/../../../../avr/lib/avr6\libc.a
LOAD C:/Program Files (x86)/Atmel/Studio/7.0/Packs/atmel/ATmega_DFP/1.2.209/gcc/dev/atmega2560/avr6\libatmega2560.a
END GROUP
                0x00100000                __TEXT_REGION_LENGTH__ = DEFINED (__TEXT_REGION_LENGTH__)?__TEXT_REGION_LENGTH__:0x100000
                0x0000fe00                __DATA_REGION_LENGTH__ = DEFINED (__DATA_REGION_LENGTH__)?__DATA_REGION_LENGTH__:0xfe00
                0x00010000                __EEPROM_REGION_LENGTH__ = DEFINED (__EEPROM_REGION_LENGTH__)?__EEPROM_REGION_LENGTH__:0x10000
                [0x00000003]                __FUSE_REGION_LENGTH__ = DEFINED (__FUSE_REGION_LENGTH__)?__FUSE_REGION_LENGTH__:0x400
                0x00000400                __LOCK_REGION_LENGTH__ = DEFINED (__LOCK_REGION_LENGTH__)?__LOCK_REGION_LENGTH__:0x400
                0x00000400                __SIGNATURE_REGION_LENGTH__ = DEFINED (__SIGNATURE_REGION_LENGTH__)?__SIGNATURE_REGION_LENGTH__:0x400
                0x00000400                __USER_SIGNATURE_REGION_LENGTH__ = DEFINED (__USER_SIGNATURE_REGION_LENGTH__)?__USER_SIGNATURE_REGION_LENGTH__:0x400

.hash
 *(.hash)

.dynsym
 *(.dynsym)

.dynstr
 *(.dynstr)

.gnu.version
 *(.gnu.version)

.gnu.version_d
 *(.gnu.version_d)

.gnu.version_r
 *(.gnu.version_r)

.rel.init
 *(.rel.init)

.rela.init
 *(.rela.init)

.rel.text
 *(.rel.text)
 *(.rel.text.*)
 *(.rel.gnu.linkonce.t*)

.rela.text
 *(.rela.text)
 *(.rela.text.*)
 *(.rela.gnu.linkonce.t*)

.rel.fini
 *(.rel.fini)

.rela.fini
 *(.rela.fini)

.rel.rodata
 *(.rel.rodata)
 *(.rel.rodata.*)
 *(.rel.gnu.linkonce.r*)

.rela.rodata
 *(.rela.rodata)
 *(.rela.rodata.*)
 *(.rela.gnu.linkonce.r*)

.rel.data
 *(.rel.data)
 *(.rel.data.*)
 *(.rel.gnu.linkonce.d*)

.rela.data
 *(.rela.data)
 *(.rela.data.*)
 *(.rela.gnu.linkonce.d*)

.rel.ctors
 *(.rel.ctors)

.rela.ctors
 *(.rela.ctors)

.rel.dtors
 *(.rel.dtors)

.rela.dtors
 *(.rela.dtors)

.rel.got
 *(.rel.got)

.rela.got
 *(.rela.got)

.rel.bss
 *(.rel.bss)

.rela.bss
 *(.rela.bss)

.rel.plt
 *(.rel.plt)

.rela.plt
 *(.rela.plt)

.text           0x00000000     0x4966
 *(.vectors)
 .vectors       0x00000000       0xe4 C:/Program Files (x86)/Atmel/Studio/7.0/Packs/atmel/ATmega_DFP/1.2.209/gcc/dev/atmega2560/avr6/crtatmega2560.o
                0x00000000                __vector_default
                0x00000000                __vectors
 *(.vectors)
 *(.progmem.gcc*)
 .progmem.gcc_sw_table.__vector_39
                0x000000e4      0x192 Peripherals/twi.o
                0x00000276                . = ALIGN (0x2)
                0x00000276                __trampolines_start = .
 *(.trampolines)
 .trampolines   0x00000276        0x0 linker stubs
 *(.trampolines*)
                0x00000276                __trampolines_end = .
 *libprintf_flt.a:*(.progmem.data)
 *libc.a:*(.progmem.data)
 *(.progmem*)
 .progmem.data._ZL5iphdr
                0x00000276        0x9 EtherCardModified/tcpip.o
 .progmem.data._ZL9arpreqhdr
                0x0000027f        0x8 EtherCardModified/tcpip.o
                0x00000288                . = ALIGN (0x2)
 *fill*         0x00000287        0x1 
 *(.jumptables)
 *(.jumptables*)
 *(.lowtext)
 *(.lowtext*)
                0x00000288                __ctors_start = .
 *(.ctors)
 .ctors         0x00000288        0x2 Commands.o
 .ctors         0x0000028a        0x2 main.o
 .ctors         0x0000028c        0x2 Peripherals/HardwareSerial0.o
 .ctors         0x0000028e        0x2 Peripherals/HardwareSerial1.o
 .ctors         0x00000290        0x2 Peripherals/HardwareSerial2.o
 .ctors         0x00000292        0x2 Peripherals/HardwareSerial3.o
 .ctors         0x00000294        0x2 Peripherals/HardwareServo.o
 .ctors         0x00000296        0x2 Peripherals/HardwareTimer.o
 .ctors         0x00000298        0x2 Peripherals/Wire.o
 .ctors         0x0000029a        0x2 Robot.o
 .ctors         0x0000029c        0x2 Sensors/ImuSensor.o
 .ctors         0x0000029e        0x2 TestIMU.o
                0x000002a0                __ctors_end = .
                0x000002a0                __dtors_start = .
 *(.dtors)
                0x000002a0                __dtors_end = .
 SORT(*)(.ctors)
 SORT(*)(.dtors)
 *(.init0)
 .init0         0x000002a0        0x0 C:/Program Files (x86)/Atmel/Studio/7.0/Packs/atmel/ATmega_DFP/1.2.209/gcc/dev/atmega2560/avr6/crtatmega2560.o
                0x000002a0                __init
 *(.init0)
 *(.init1)
 *(.init1)
 *(.init2)
 .init2         0x000002a0       0x10 C:/Program Files (x86)/Atmel/Studio/7.0/Packs/atmel/ATmega_DFP/1.2.209/gcc/dev/atmega2560/avr6/crtatmega2560.o
 *(.init2)
 *(.init3)
 *(.init3)
 *(.init4)
 .init4         0x000002b0       0x1a c:/program files (x86)/atmel/studio/7.0/toolchain/avr8/avr8-gnu-toolchain/bin/../lib/gcc/avr/5.4.0/avr6\libgcc.a(_copy_data.o)
                0x000002b0                __do_copy_data
 .init4         0x000002ca       0x10 c:/program files (x86)/atmel/studio/7.0/toolchain/avr8/avr8-gnu-toolchain/bin/../lib/gcc/avr/5.4.0/avr6\libgcc.a(_clear_bss.o)
                0x000002ca                __do_clear_bss
 *(.init4)
 *(.init5)
 *(.init5)
 *(.init6)
 .init6         0x000002da       0x20 c:/program files (x86)/atmel/studio/7.0/toolchain/avr8/avr8-gnu-toolchain/bin/../lib/gcc/avr/5.4.0/avr6\libgcc.a(_ctors.o)
                0x000002da                __do_global_ctors
 *(.init6)
 *(.init7)
 *(.init7)
 *(.init8)
 *(.init8)
 *(.init9)
 .init9         0x000002fa        0x8 C:/Program Files (x86)/Atmel/Studio/7.0/Packs/atmel/ATmega_DFP/1.2.209/gcc/dev/atmega2560/avr6/crtatmega2560.o
 *(.init9)
 *(.text)
 .text          0x00000302        0x2 C:/Program Files (x86)/Atmel/Studio/7.0/Packs/atmel/ATmega_DFP/1.2.209/gcc/dev/atmega2560/avr6/crtatmega2560.o
                0x00000302                __vector_38
                0x00000302                __vector_22
                0x00000302                __vector_28
                0x00000302                __vector_1
                0x00000302                __vector_32
                0x00000302                __vector_34
                0x00000302                __vector_24
                0x00000302                __vector_12
                0x00000302                __vector_46
                0x00000302                __bad_interrupt
                0x00000302                __vector_6
                0x00000302                __vector_31
                0x00000302                __vector_35
                0x00000302                __vector_3
                0x00000302                __vector_23
                0x00000302                __vector_30
                0x00000302                __vector_45
                0x00000302                __vector_11
                0x00000302                __vector_17
                0x00000302                __vector_19
                0x00000302                __vector_56
                0x00000302                __vector_7
                0x00000302                __vector_49
                0x00000302                __vector_41
                0x00000302                __vector_43
                0x00000302                __vector_27
                0x00000302                __vector_5
                0x00000302                __vector_33
                0x00000302                __vector_47
                0x00000302                __vector_4
                0x00000302                __vector_44
                0x00000302                __vector_9
                0x00000302                __vector_2
                0x00000302                __vector_15
                0x00000302                __vector_29
                0x00000302                __vector_40
                0x00000302                __vector_8
                0x00000302                __vector_48
                0x00000302                __vector_14
                0x00000302                __vector_53
                0x00000302                __vector_10
                0x00000302                __vector_50
                0x00000302                __vector_16
                0x00000302                __vector_18
                0x00000302                __vector_20
                0x00000302                __vector_42
                0x00000304                . = ALIGN (0x2)
 *(.text.*)
 .text._ZN15Adafruit_Sensor15enableAutoRangeEb
                0x00000304        0x2 BNO055/Adafruit_BNO055.o
                0x00000304                _ZN15Adafruit_Sensor15enableAutoRangeEb
 .text._ZN15Adafruit_BNO0559getSensorEP8sensor_t
                0x00000306       0x8a BNO055/Adafruit_BNO055.o
                0x00000306                _ZN15Adafruit_BNO0559getSensorEP8sensor_t
 .text._ZN15Adafruit_BNO055C2ElhP7TwoWire
                0x00000390       0x22 BNO055/Adafruit_BNO055.o
                0x00000390                _ZN15Adafruit_BNO055C1ElhP7TwoWire
                0x00000390                _ZN15Adafruit_BNO055C2ElhP7TwoWire
 .text._ZN15Adafruit_BNO0556write8ENS_21adafruit_bno055_reg_tEh
                0x000003b2       0x54 BNO055/Adafruit_BNO055.o
                0x000003b2                _ZN15Adafruit_BNO0556write8ENS_21adafruit_bno055_reg_tEh
 .text._ZN15Adafruit_BNO0557setModeENS_24adafruit_bno055_opmode_tE
                0x00000406       0x1e BNO055/Adafruit_BNO055.o
                0x00000406                _ZN15Adafruit_BNO0557setModeENS_24adafruit_bno055_opmode_tE
 .text._ZN15Adafruit_BNO0555read8ENS_21adafruit_bno055_reg_tE
                0x00000424       0x56 BNO055/Adafruit_BNO055.o
                0x00000424                _ZN15Adafruit_BNO0555read8ENS_21adafruit_bno055_reg_tE
 .text._ZN15Adafruit_BNO0555beginENS_24adafruit_bno055_opmode_tE
                0x0000047a       0xda BNO055/Adafruit_BNO055.o
                0x0000047a                _ZN15Adafruit_BNO0555beginENS_24adafruit_bno055_opmode_tE
 .text._ZN15Adafruit_BNO0557getTempEv
                0x00000554        0x6 BNO055/Adafruit_BNO055.o
                0x00000554                _ZN15Adafruit_BNO0557getTempEv
 .text._ZN15Adafruit_BNO0557readLenENS_21adafruit_bno055_reg_tEPhh
                0x0000055a       0xa6 BNO055/Adafruit_BNO055.o
                0x0000055a                _ZN15Adafruit_BNO0557readLenENS_21adafruit_bno055_reg_tEPhh
 .text._ZN15Adafruit_BNO0559getVectorENS_22adafruit_vector_type_tE
                0x00000600      0x32c BNO055/Adafruit_BNO055.o
                0x00000600                _ZN15Adafruit_BNO0559getVectorENS_22adafruit_vector_type_tE
 .text._ZN15Adafruit_BNO0558getEventEP15sensors_event_t
                0x0000092c       0xae BNO055/Adafruit_BNO055.o
                0x0000092c                _ZN15Adafruit_BNO0558getEventEP15sensors_event_t
 .text._Z14RunPingCommandPKhh
                0x000009da       0x18 Commands.o
                0x000009da                _Z14RunPingCommandPKhh
 .text._Z14RunEchoCommandPKhh
                0x000009f2       0x26 Commands.o
                0x000009f2                _Z14RunEchoCommandPKhh
 .text._ZN9EtherComm15CommandReceivedEhPKhh
                0x00000a18       0x28 Commands.o
                0x00000a18                _ZN9EtherComm15CommandReceivedEhPKhh
 .text._GLOBAL__sub_I__Z14RunPingCommandPKhh
                0x00000a40       0x14 Commands.o
 .text._ZL10enableChipv
                0x00000a54       0x16 EtherCardModified/enc28j60.o
 .text._ZL11disableChipv
                0x00000a6a       0x14 EtherCardModified/enc28j60.o
 .text._ZL6readOphh
                0x00000a7e       0x40 EtherCardModified/enc28j60.o
 .text._ZL7writeOphhh
                0x00000abe       0x30 EtherCardModified/enc28j60.o
 .text._ZL7readBufjPh
                0x00000aee       0x44 EtherCardModified/enc28j60.o
 .text._ZL7SetBankh
                0x00000b32       0x4a EtherCardModified/enc28j60.o
 .text._ZL11readRegByteh
                0x00000b7c       0x10 EtherCardModified/enc28j60.o
 .text._ZL12writeRegBytehh
                0x00000b8c       0x18 EtherCardModified/enc28j60.o
 .text._ZL8writeReghj
                0x00000ba4       0x18 EtherCardModified/enc28j60.o
 .text._ZN8ENC28J607initSPIERVh
                0x00000bbc       0x24 EtherCardModified/enc28j60.o
                0x00000bbc                _ZN8ENC28J607initSPIERVh
 .text._ZN8ENC28J6010initializeEjPKhRVhS3_h
                0x00000be0      0x100 EtherCardModified/enc28j60.o
                0x00000be0                _ZN8ENC28J6010initializeEjPKhRVhS3_h
 .text._ZN8ENC28J608isLinkUpEv
                0x00000ce0       0x26 EtherCardModified/enc28j60.o
                0x00000ce0                _ZN8ENC28J608isLinkUpEv
 .text._ZN8ENC28J6010packetSendEj
                0x00000d06       0xf2 EtherCardModified/enc28j60.o
                0x00000d06                _ZN8ENC28J6010packetSendEj
 .text._ZN8ENC28J6013packetReceiveEv
                0x00000df8       0xca EtherCardModified/enc28j60.o
                0x00000df8                _ZN8ENC28J6013packetReceiveEv
 .text._ZN9EtherCard5beginEPKhRVhS3_h
                0x00000ec2       0x32 EtherCardModified/EtherCard.o
                0x00000ec2                _ZN9EtherCard5beginEPKhRVhS3_h
 .text._ZN9EtherCard11staticSetupEPKhS1_S1_S1_
                0x00000ef4       0x5c EtherCardModified/EtherCard.o
                0x00000ef4                _ZN9EtherCard11staticSetupEPKhS1_S1_S1_
 .text._ZL13fill_checksumhhjh
                0x00000f50       0xe2 EtherCardModified/tcpip.o
 .text._ZL6is_lanPKhS0_
                0x00001032       0x54 EtherCardModified/tcpip.o
 .text._ZL20fill_ip_hdr_checksumv
                0x00001086       0x1e EtherCardModified/tcpip.o
 .text._ZL7setMACsPKh
                0x000010a4       0x14 EtherCardModified/tcpip.o
 .text._ZL11make_eth_ipv
                0x000010b8       0x1e EtherCardModified/tcpip.o
 .text._ZL12setMACandIPsPKhS0_
                0x000010d6       0x20 EtherCardModified/tcpip.o
 .text._ZL16client_store_macPhS_
                0x000010f6       0x2c EtherCardModified/tcpip.o
 .text._ZL17client_arp_whohasPh
                0x00001122       0x60 EtherCardModified/tcpip.o
 .text._ZN9EtherCard10udpPrepareEjPKhj
                0x00001182       0xa4 EtherCardModified/tcpip.o
                0x00001182                _ZN9EtherCard10udpPrepareEjPKhj
 .text._ZN9EtherCard11udpTransmitEj
                0x00001226       0x40 EtherCardModified/tcpip.o
                0x00001226                _ZN9EtherCard11udpTransmitEj
 .text._ZN9EtherCard7sendUdpEPKhjjS1_j
                0x00001266       0x30 EtherCardModified/tcpip.o
                0x00001266                _ZN9EtherCard7sendUdpEPKhjjS1_j
 .text._ZN9EtherCard7setGwIpEPKh
                0x00001296       0x18 EtherCardModified/tcpip.o
                0x00001296                _ZN9EtherCard7setGwIpEPKh
 .text._ZN9EtherCard22updateBroadcastAddressEv
                0x000012ae       0x2a EtherCardModified/tcpip.o
                0x000012ae                _ZN9EtherCard22updateBroadcastAddressEv
 .text._ZN9EtherCard10packetLoopEj
                0x000012d8      0x272 EtherCardModified/tcpip.o
                0x000012d8                _ZN9EtherCard10packetLoopEj
 .text._ZN9EtherCard21udpServerListenOnPortEPFvjPhjPKcjEj
                0x0000154a       0x34 EtherCardModified/udpserver.o
                0x0000154a                _ZN9EtherCard21udpServerListenOnPortEPFvjPhjPKcjEj
 .text._ZN9EtherCard18udpServerListeningEv
                0x0000157e        0xe EtherCardModified/udpserver.o
                0x0000157e                _ZN9EtherCard18udpServerListeningEv
 .text._ZN9EtherCard27udpServerHasProcessedPacketEj
                0x0000158c       0xc6 EtherCardModified/udpserver.o
                0x0000158c                _ZN9EtherCard27udpServerHasProcessedPacketEj
 .text._ZN9EtherCard6copyIpEPhPKh
                0x00001652       0x1a EtherCardModified/webutil.o
                0x00001652                _ZN9EtherCard6copyIpEPhPKh
 .text._ZN9EtherCard7copyMacEPhPKh
                0x0000166c       0x10 EtherCardModified/webutil.o
                0x0000166c                _ZN9EtherCard7copyMacEPhPKh
 .text._ZN9EtherComm13CheckChecksumEPKch
                0x0000167c       0x38 EtherComm.o
                0x0000167c                _ZN9EtherComm13CheckChecksumEPKch
 .text._Z10udpReceivejPhjPKcj
                0x000016b4       0x42 EtherComm.o
                0x000016b4                _Z10udpReceivejPhjPKcj
 .text._ZN9EtherComm5beginEjjRVhS1_h
                0x000016f6       0x52 EtherComm.o
                0x000016f6                _ZN9EtherComm5beginEjjRVhS1_h
 .text._ZN9EtherComm11SendCommandEhh
                0x00001748       0x84 EtherComm.o
                0x00001748                _ZN9EtherComm11SendCommandEhh
 .text.main     0x000017cc       0xf6 main.o
                0x000017cc                main
 .text._GLOBAL__sub_I_dir
                0x000018c2       0x12 main.o
 .text._ZN6MS5837C2Ev
                0x000018d4       0x14 MS5837/MS5837.o
                0x000018d4                _ZN6MS5837C1Ev
                0x000018d4                _ZN6MS5837C2Ev
 .text._ZN6MS58378setModelEh
                0x000018e8        0x6 MS5837/MS5837.o
                0x000018e8                _ZN6MS58378setModelEh
 .text._ZN6MS583715setFluidDensityEf
                0x000018ee        0xc MS5837/MS5837.o
                0x000018ee                _ZN6MS583715setFluidDensityEf
 .text._ZN6MS58379calculateEv
                0x000018fa      0xd4a MS5837/MS5837.o
                0x000018fa                _ZN6MS58379calculateEv
 .text._ZN6MS58378pressureEf
                0x00002644       0x62 MS5837/MS5837.o
                0x00002644                _ZN6MS58378pressureEf
 .text._ZN6MS58374crc4EPj
                0x000026a6       0x72 MS5837/MS5837.o
                0x000026a6                _ZN6MS58374crc4EPj
 .text._ZN6MS58375beginEv
                0x00002718       0xe6 MS5837/MS5837.o
                0x00002718                _ZN6MS58375beginEv
 .text._ZN6MS58374readEv
                0x000027fe      0x1d0 MS5837/MS5837.o
                0x000027fe                _ZN6MS58374readEv
 .text._ZN7PCA9685C2Eh
                0x000029ce        0x6 PCA9685/PCA9685.o
                0x000029ce                _ZN7PCA9685C1Eh
                0x000029ce                _ZN7PCA9685C2Eh
 .text._ZN18TwiServoControllerC2Eh
                0x000029d4        0x4 PCA9685/TwiServoController.o
                0x000029d4                _ZN18TwiServoControllerC1Eh
                0x000029d4                _ZN18TwiServoControllerC2Eh
 .text._ZN14HardwareSerial9availableEv
                0x000029d8       0x18 Peripherals/HardwareSerial.o
                0x000029d8                _ZN14HardwareSerial9availableEv
 .text._ZN14HardwareSerial4peekEv
                0x000029f0       0x1c Peripherals/HardwareSerial.o
                0x000029f0                _ZN14HardwareSerial4peekEv
 .text._ZN14HardwareSerial4readEv
                0x00002a0c       0x28 Peripherals/HardwareSerial.o
                0x00002a0c                _ZN14HardwareSerial4readEv
 .text._ZN14HardwareSerial17availableForWriteEv
                0x00002a34       0x24 Peripherals/HardwareSerial.o
                0x00002a34                _ZN14HardwareSerial17availableForWriteEv
 .text._ZN14HardwareSerial17_tx_udr_empty_irqEv
                0x00002a58       0x56 Peripherals/HardwareSerial.o
                0x00002a58                _ZN14HardwareSerial17_tx_udr_empty_irqEv
 .text._ZN14HardwareSerial5flushEv
                0x00002aae       0x46 Peripherals/HardwareSerial.o
                0x00002aae                _ZN14HardwareSerial5flushEv
 .text._ZN14HardwareSerial5writeEh
                0x00002af4       0xa8 Peripherals/HardwareSerial.o
                0x00002af4                _ZN14HardwareSerial5writeEh
 .text._ZN14HardwareSerial5beginEmh
                0x00002b9c       0xca Peripherals/HardwareSerial.o
                0x00002b9c                _ZN14HardwareSerial5beginEmh
 .text._ZN5Print17availableForWriteEv
                0x00002c66        0x6 Peripherals/HardwareSerial0.o
                0x00002c66                _ZN5Print17availableForWriteEv
 .text.__vector_25
                0x00002c6c       0x78 Peripherals/HardwareSerial0.o
                0x00002c6c                __vector_25
 .text.__vector_26
                0x00002ce4       0x52 Peripherals/HardwareSerial0.o
                0x00002ce4                __vector_26
 .text._GLOBAL__sub_I___vector_25
                0x00002d36       0x46 Peripherals/HardwareSerial0.o
 .text.__vector_36
                0x00002d7c       0x78 Peripherals/HardwareSerial1.o
                0x00002d7c                __vector_36
 .text.__vector_37
                0x00002df4       0x52 Peripherals/HardwareSerial1.o
                0x00002df4                __vector_37
 .text._GLOBAL__sub_I___vector_36
                0x00002e46       0x46 Peripherals/HardwareSerial1.o
 .text.__vector_51
                0x00002e8c       0x78 Peripherals/HardwareSerial2.o
                0x00002e8c                __vector_51
 .text.__vector_52
                0x00002f04       0x52 Peripherals/HardwareSerial2.o
                0x00002f04                __vector_52
 .text._GLOBAL__sub_I___vector_51
                0x00002f56       0x46 Peripherals/HardwareSerial2.o
 .text.__vector_54
                0x00002f9c       0x78 Peripherals/HardwareSerial3.o
                0x00002f9c                __vector_54
 .text.__vector_55
                0x00003014       0x52 Peripherals/HardwareSerial3.o
                0x00003014                __vector_55
 .text._GLOBAL__sub_I___vector_54
                0x00003066       0x46 Peripherals/HardwareSerial3.o
 .text._GLOBAL__sub_I__ZN13HardwareServoC2ERVjRVhS3_S1_S1_S1_S3_hhh
                0x000030ac      0x17c Peripherals/HardwareServo.o
 .text._ZN13HardwareTimer12findPrescaleEf
                0x00003228       0xcc Peripherals/HardwareTimer.o
                0x00003228                _ZN13HardwareTimer12findPrescaleEf
 .text._ZN13HardwareTimer7beginMsEf
                0x000032f4       0xd0 Peripherals/HardwareTimer.o
                0x000032f4                _ZN13HardwareTimer7beginMsEf
 .text._ZN13HardwareTimer5startEh
                0x000033c4       0x1c Peripherals/HardwareTimer.o
                0x000033c4                _ZN13HardwareTimer5startEh
 .text._ZN13HardwareTimer13waitForFinishEv
                0x000033e0        0xa Peripherals/HardwareTimer.o
                0x000033e0                _ZN13HardwareTimer13waitForFinishEv
 .text._ZN13HardwareTimer14isr_timer_compEv
                0x000033ea        0xe Peripherals/HardwareTimer.o
                0x000033ea                _ZN13HardwareTimer14isr_timer_compEv
 .text.__vector_21
                0x000033f8       0x52 Peripherals/HardwareTimer.o
                0x000033f8                __vector_21
 .text.__vector_13
                0x0000344a       0x52 Peripherals/HardwareTimer.o
                0x0000344a                __vector_13
 .text._GLOBAL__sub_I__ZN13HardwareTimerC2ERVhS1_S1_S1_S1_
                0x0000349c       0x5a Peripherals/HardwareTimer.o
 .text.twi_init
                0x000034f6       0x32 Peripherals/twi.o
                0x000034f6                twi_init
 .text.twi_readFrom
                0x00003528       0xa4 Peripherals/twi.o
                0x00003528                twi_readFrom
 .text.twi_writeTo
                0x000035cc       0xc6 Peripherals/twi.o
                0x000035cc                twi_writeTo
 .text.twi_transmit
                0x00003692       0x54 Peripherals/twi.o
                0x00003692                twi_transmit
 .text.twi_attachSlaveRxEvent
                0x000036e6        0xa Peripherals/twi.o
                0x000036e6                twi_attachSlaveRxEvent
 .text.twi_attachSlaveTxEvent
                0x000036f0        0xa Peripherals/twi.o
                0x000036f0                twi_attachSlaveTxEvent
 .text.twi_stop
                0x000036fa       0x16 Peripherals/twi.o
                0x000036fa                twi_stop
 .text.twi_releaseBus
                0x00003710        0xc Peripherals/twi.o
                0x00003710                twi_releaseBus
 .text.__vector_39
                0x0000371c      0x23a Peripherals/twi.o
                0x0000371c                __vector_39
 .text._ZN7TwoWire9availableEv
                0x00003956       0x10 Peripherals/Wire.o
                0x00003956                _ZN7TwoWire9availableEv
 .text._ZN7TwoWire4readEv
                0x00003966       0x28 Peripherals/Wire.o
                0x00003966                _ZN7TwoWire4readEv
 .text._ZN7TwoWire4peekEv
                0x0000398e       0x1e Peripherals/Wire.o
                0x0000398e                _ZN7TwoWire4peekEv
 .text._ZN7TwoWire5flushEv
                0x000039ac        0x2 Peripherals/Wire.o
                0x000039ac                _ZN7TwoWire5flushEv
 .text._ZN7TwoWire16onReceiveServiceEPhi
                0x000039ae       0x58 Peripherals/Wire.o
                0x000039ae                _ZN7TwoWire16onReceiveServiceEPhi
 .text._ZN7TwoWire16onRequestServiceEv
                0x00003a06       0x18 Peripherals/Wire.o
                0x00003a06                _ZN7TwoWire16onRequestServiceEv
 .text._ZN7TwoWire5writeEh
                0x00003a1e       0x54 Peripherals/Wire.o
                0x00003a1e                _ZN7TwoWire5writeEh
 .text._ZN7TwoWire5writeEPKhj
                0x00003a72       0x5e Peripherals/Wire.o
                0x00003a72                _ZN7TwoWire5writeEPKhj
 .text._ZN7TwoWire5beginEv
                0x00003ad0       0x20 Peripherals/Wire.o
                0x00003ad0                _ZN7TwoWire5beginEv
 .text._ZN7TwoWire17beginTransmissionEh
                0x00003af0       0x14 Peripherals/Wire.o
                0x00003af0                _ZN7TwoWire17beginTransmissionEh
 .text._ZN7TwoWire17beginTransmissionEi
                0x00003b04        0x4 Peripherals/Wire.o
                0x00003b04                _ZN7TwoWire17beginTransmissionEi
 .text._ZN7TwoWire15endTransmissionEh
                0x00003b08       0x24 Peripherals/Wire.o
                0x00003b08                _ZN7TwoWire15endTransmissionEh
 .text._ZN7TwoWire11requestFromEhhmhh
                0x00003b2c       0xac Peripherals/Wire.o
                0x00003b2c                _ZN7TwoWire11requestFromEhhmhh
 .text._ZN7TwoWire11requestFromEhhh
                0x00003bd8       0x1e Peripherals/Wire.o
                0x00003bd8                _ZN7TwoWire11requestFromEhhh
 .text._ZN7TwoWire11requestFromEhh
                0x00003bf6        0x6 Peripherals/Wire.o
                0x00003bf6                _ZN7TwoWire11requestFromEhh
 .text._ZN7TwoWire11requestFromEii
                0x00003bfc        0x6 Peripherals/Wire.o
                0x00003bfc                _ZN7TwoWire11requestFromEii
 .text._ZN7TwoWire15endTransmissionEv
                0x00003c02        0x6 Peripherals/Wire.o
                0x00003c02                _ZN7TwoWire15endTransmissionEv
 .text._GLOBAL__sub_I__ZN7TwoWire8rxBufferE
                0x00003c08        0xe Peripherals/Wire.o
 .text._ZN9IReadable15CommandReceivedEhPKhh
                0x00003c16       0x20 Robot.o
                0x00003c16                _ZN9IReadable15CommandReceivedEhPKhh
 .text._ZN13DigitalSensor6UpdateEPh
                0x00003c36        0x2 Robot.o
                0x00003c36                _ZN13DigitalSensor6UpdateEPh
 .text._ZN13DigitalSensor21ReadRegisterRequestedEhPh
                0x00003c38       0x42 Robot.o
                0x00003c38                _ZN13DigitalSensor21ReadRegisterRequestedEhPh
 .text._ZN5Robot14RegisterDeviceEhP7IDevice
                0x00003c7a       0x2a Robot.o
                0x00003c7a                _ZN5Robot14RegisterDeviceEhP7IDevice
 .text._ZN13DigitalSensor5beginEv
                0x00003ca4        0xa Robot.o
                0x00003ca4                _ZN13DigitalSensor5beginEv
 .text._ZN5Robot15CommandReceivedEPKhh
                0x00003cae       0x3a Robot.o
                0x00003cae                _ZN5Robot15CommandReceivedEPKhh
 .text._GLOBAL__sub_I__ZN5Robot9registersE
                0x00003ce8       0x34 Robot.o
 .text._ZN5Robot5beginEv
                0x00003d1c       0x26 Robot.o
                0x00003d1c                _ZN5Robot5beginEv
 .text._ZN5Robot4LoopEv
                0x00003d42       0x14 Robot.o
                0x00003d42                _ZN5Robot4LoopEv
 .text._ZN9ImuSensor6UpdateEPh
                0x00003d56        0x2 Sensors/ImuSensor.o
                0x00003d56                _ZN9ImuSensor6UpdateEPh
 .text._ZN9ImuSensor5beginEv
                0x00003d58       0x2a Sensors/ImuSensor.o
                0x00003d58                _ZN9ImuSensor5beginEv
 .text._ZN9ImuSensor21ReadRegisterRequestedEhPh
                0x00003d82      0x144 Sensors/ImuSensor.o
                0x00003d82                _ZN9ImuSensor21ReadRegisterRequestedEhPh
 .text._ZN9ImuSensorC2Ehh
                0x00003ec6       0x42 Sensors/ImuSensor.o
                0x00003ec6                _ZN9ImuSensorC1Ehh
                0x00003ec6                _ZN9ImuSensorC2Ehh
 .text._GLOBAL__sub_I__ZN9ImuSensorC2Ehh
                0x00003f08       0x10 Sensors/ImuSensor.o
 .text._GLOBAL__sub_I_bno
                0x00003f18       0x20 TestIMU.o
 .text._ZN5Print5writeEPKhj
                0x00003f38       0x5e Utils/Print.o
                0x00003f38                _ZN5Print5writeEPKhj
 .text._ZN5Print5printEPKc
                0x00003f96       0x2c Utils/Print.o
                0x00003f96                _ZN5Print5printEPKc
 .text._ZN5Print5printEc
                0x00003fc2       0x10 Utils/Print.o
                0x00003fc2                _ZN5Print5printEc
 .text._ZN5Print7printlnEv
                0x00003fd2       0x18 Utils/Print.o
                0x00003fd2                _ZN5Print7printlnEv
 .text._ZN5Print7printlnEPKc
                0x00003fea       0x20 Utils/Print.o
                0x00003fea                _ZN5Print7printlnEPKc
 .text._ZN5Print11printNumberEmh
                0x0000400a       0xba Utils/Print.o
                0x0000400a                _ZN5Print11printNumberEmh
 .text._ZN5Print5printEmi
                0x000040c4       0x1e Utils/Print.o
                0x000040c4                _ZN5Print5printEmi
 .text._ZN5Print5printEji
                0x000040e2        0xc Utils/Print.o
                0x000040e2                _ZN5Print5printEji
 .text._ZN5Print10printFloatEdh
                0x000040ee      0x1e8 Utils/Print.o
                0x000040ee                _ZN5Print10printFloatEdh
 .text._ZN5Print5printEdi
                0x000042d6        0x6 Utils/Print.o
                0x000042d6                _ZN5Print5printEdi
 .text.avr-libc.fplib
                0x000042dc        0xa c:/program files (x86)/atmel/studio/7.0/toolchain/avr8/avr8-gnu-toolchain/bin/../lib/gcc/avr/5.4.0/../../../../avr/lib/avr6\libm.a(addsf3.o)
                0x000042dc                __subsf3
                0x000042de                __addsf3
 .text.avr-libc.fplib
                0x000042e6       0xc0 c:/program files (x86)/atmel/studio/7.0/toolchain/avr8/avr8-gnu-toolchain/bin/../lib/gcc/avr/5.4.0/../../../../avr/lib/avr6\libm.a(addsf3x.o)
                0x00004300                __addsf3x
 .text.avr-libc.fplib
                0x000043a6        0x8 c:/program files (x86)/atmel/studio/7.0/toolchain/avr8/avr8-gnu-toolchain/bin/../lib/gcc/avr/5.4.0/../../../../avr/lib/avr6\libm.a(cmpsf2.o)
                0x000043a6                __nesf2
                0x000043a6                __eqsf2
                0x000043a6                __cmpsf2
                0x000043a6                __ltsf2
                0x000043a6                __lesf2
 .text.avr-libc.fplib
                0x000043ae        0x4 c:/program files (x86)/atmel/studio/7.0/toolchain/avr8/avr8-gnu-toolchain/bin/../lib/gcc/avr/5.4.0/../../../../avr/lib/avr6\libm.a(divsf3.o)
                0x000043ae                __divsf3
 .text.avr-libc.fplib
                0x000043b2       0xcc c:/program files (x86)/atmel/studio/7.0/toolchain/avr8/avr8-gnu-toolchain/bin/../lib/gcc/avr/5.4.0/../../../../avr/lib/avr6\libm.a(divsf3x.o)
                0x000043c8                __divsf3x
                0x000043cc                __divsf3_pse
 .text.avr-libc.fplib
                0x0000447e       0x58 c:/program files (x86)/atmel/studio/7.0/toolchain/avr8/avr8-gnu-toolchain/bin/../lib/gcc/avr/5.4.0/../../../../avr/lib/avr6\libm.a(fixunssfsi.o)
                0x0000447e                __fixunssfsi
 .text.avr-libc.fplib
                0x000044d6       0x7a c:/program files (x86)/atmel/studio/7.0/toolchain/avr8/avr8-gnu-toolchain/bin/../lib/gcc/avr/5.4.0/../../../../avr/lib/avr6\libm.a(floatsisf.o)
                0x000044d6                __floatunsisf
                0x000044da                __floatsisf
 .text.avr-libc.fplib
                0x00004550       0x48 c:/program files (x86)/atmel/studio/7.0/toolchain/avr8/avr8-gnu-toolchain/bin/../lib/gcc/avr/5.4.0/../../../../avr/lib/avr6\libm.a(fp_cmp.o)
                0x00004550                __fp_cmp
 .text.avr-libc.fplib
                0x00004598        0xc c:/program files (x86)/atmel/studio/7.0/toolchain/avr8/avr8-gnu-toolchain/bin/../lib/gcc/avr/5.4.0/../../../../avr/lib/avr6\libm.a(fp_inf.o)
                0x00004598                __fp_inf
 .text.avr-libc.fplib
                0x000045a4        0x6 c:/program files (x86)/atmel/studio/7.0/toolchain/avr8/avr8-gnu-toolchain/bin/../lib/gcc/avr/5.4.0/../../../../avr/lib/avr6\libm.a(fp_nan.o)
                0x000045a4                __fp_nan
 .text.avr-libc.fplib
                0x000045aa        0xe c:/program files (x86)/atmel/studio/7.0/toolchain/avr8/avr8-gnu-toolchain/bin/../lib/gcc/avr/5.4.0/../../../../avr/lib/avr6\libm.a(fp_pscA.o)
                0x000045aa                __fp_pscA
 .text.avr-libc.fplib
                0x000045b8        0xe c:/program files (x86)/atmel/studio/7.0/toolchain/avr8/avr8-gnu-toolchain/bin/../lib/gcc/avr/5.4.0/../../../../avr/lib/avr6\libm.a(fp_pscB.o)
                0x000045b8                __fp_pscB
 .text.avr-libc.fplib
                0x000045c6       0x22 c:/program files (x86)/atmel/studio/7.0/toolchain/avr8/avr8-gnu-toolchain/bin/../lib/gcc/avr/5.4.0/../../../../avr/lib/avr6\libm.a(fp_round.o)
                0x000045c6                __fp_round
 .text.avr-libc.fplib
                0x000045e8       0x44 c:/program files (x86)/atmel/studio/7.0/toolchain/avr8/avr8-gnu-toolchain/bin/../lib/gcc/avr/5.4.0/../../../../avr/lib/avr6\libm.a(fp_split3.o)
                0x000045e8                __fp_split3
                0x000045f8                __fp_splitA
 .text.avr-libc.fplib
                0x0000462c        0xe c:/program files (x86)/atmel/studio/7.0/toolchain/avr8/avr8-gnu-toolchain/bin/../lib/gcc/avr/5.4.0/../../../../avr/lib/avr6\libm.a(fp_zero.o)
                0x0000462c                __fp_zero
                0x0000462e                __fp_szero
 .text.avr-libc.fplib
                0x0000463a        0x8 c:/program files (x86)/atmel/studio/7.0/toolchain/avr8/avr8-gnu-toolchain/bin/../lib/gcc/avr/5.4.0/../../../../avr/lib/avr6\libm.a(gesf2.o)
                0x0000463a                __gesf2
                0x0000463a                __gtsf2
 .text.avr-libc.fplib
                0x00004642        0x4 c:/program files (x86)/atmel/studio/7.0/toolchain/avr8/avr8-gnu-toolchain/bin/../lib/gcc/avr/5.4.0/../../../../avr/lib/avr6\libm.a(mulsf3.o)
                0x00004642                __mulsf3
 .text.avr-libc.fplib
                0x00004646       0xc2 c:/program files (x86)/atmel/studio/7.0/toolchain/avr8/avr8-gnu-toolchain/bin/../lib/gcc/avr/5.4.0/../../../../avr/lib/avr6\libm.a(mulsf3x.o)
                0x0000465a                __mulsf3x
                0x0000465e                __mulsf3_pse
 .text.avr-libc.fplib
                0x00004708        0x8 c:/program files (x86)/atmel/studio/7.0/toolchain/avr8/avr8-gnu-toolchain/bin/../lib/gcc/avr/5.4.0/../../../../avr/lib/avr6\libm.a(unordsf2.o)
                0x00004708                __unordsf2
 .text.libgcc.mul
                0x00004710       0x1e c:/program files (x86)/atmel/studio/7.0/toolchain/avr8/avr8-gnu-toolchain/bin/../lib/gcc/avr/5.4.0/avr6\libgcc.a(_mulsi3.o)
                0x00004710                __mulsi3
 .text.libgcc.div
                0x0000472e       0x44 c:/program files (x86)/atmel/studio/7.0/toolchain/avr8/avr8-gnu-toolchain/bin/../lib/gcc/avr/5.4.0/avr6\libgcc.a(_udivmodsi4.o)
                0x0000472e                __udivmodsi4
 .text.libgcc   0x00004772       0x10 c:/program files (x86)/atmel/studio/7.0/toolchain/avr8/avr8-gnu-toolchain/bin/../lib/gcc/avr/5.4.0/avr6\libgcc.a(_tablejump2.o)
                0x00004772                __tablejump2__
 .text.libgcc.mul
                0x00004782       0x1e c:/program files (x86)/atmel/studio/7.0/toolchain/avr8/avr8-gnu-toolchain/bin/../lib/gcc/avr/5.4.0/avr6\libgcc.a(_umulhisi3.o)
                0x00004782                __umulhisi3
 .text.libgcc.mul
                0x000047a0       0x14 c:/program files (x86)/atmel/studio/7.0/toolchain/avr8/avr8-gnu-toolchain/bin/../lib/gcc/avr/5.4.0/avr6\libgcc.a(_muluhisi3.o)
                0x000047a0                __muluhisi3
 .text.libgcc.mul
                0x000047b4       0x92 c:/program files (x86)/atmel/studio/7.0/toolchain/avr8/avr8-gnu-toolchain/bin/../lib/gcc/avr/5.4.0/avr6\libgcc.a(_muldi3.o)
                0x000047b4                __muldi3
 .text.libgcc.mul
                0x00004846       0x10 c:/program files (x86)/atmel/studio/7.0/toolchain/avr8/avr8-gnu-toolchain/bin/../lib/gcc/avr/5.4.0/avr6\libgcc.a(_muldi3_6.o)
                0x00004846                __muldi3_6
 .text.libgcc.builtins
                0x00004856       0x32 c:/program files (x86)/atmel/studio/7.0/toolchain/avr8/avr8-gnu-toolchain/bin/../lib/gcc/avr/5.4.0/avr6\libgcc.a(_ashldi3.o)
                0x00004856                __ashldi3
 .text.libgcc.builtins
                0x00004888       0x3c c:/program files (x86)/atmel/studio/7.0/toolchain/avr8/avr8-gnu-toolchain/bin/../lib/gcc/avr/5.4.0/avr6\libgcc.a(_ashrdi3.o)
                0x00004888                __ashrdi3
                0x0000488c                __lshrdi3
 .text.libgcc   0x000048c4       0x12 c:/program files (x86)/atmel/studio/7.0/toolchain/avr8/avr8-gnu-toolchain/bin/../lib/gcc/avr/5.4.0/avr6\libgcc.a(_adddi3.o)
                0x000048c4                __adddi3
 .text.libgcc   0x000048d6       0x18 c:/program files (x86)/atmel/studio/7.0/toolchain/avr8/avr8-gnu-toolchain/bin/../lib/gcc/avr/5.4.0/avr6\libgcc.a(_adddi3_s8.o)
                0x000048d6                __adddi3_s8
 .text.libgcc   0x000048ee       0x12 c:/program files (x86)/atmel/studio/7.0/toolchain/avr8/avr8-gnu-toolchain/bin/../lib/gcc/avr/5.4.0/avr6\libgcc.a(_subdi3.o)
                0x000048ee                __subdi3
 .text.libgcc   0x00004900       0x18 c:/program files (x86)/atmel/studio/7.0/toolchain/avr8/avr8-gnu-toolchain/bin/../lib/gcc/avr/5.4.0/avr6\libgcc.a(_cmpdi2_s8.o)
                0x00004900                __cmpdi2_s8
 .text.avr-libc
                0x00004918       0x12 c:/program files (x86)/atmel/studio/7.0/toolchain/avr8/avr8-gnu-toolchain/bin/../lib/gcc/avr/5.4.0/../../../../avr/lib/avr6\libc.a(memcpy_P.o)
                0x00004918                memcpy_P
 .text.avr-libc
                0x0000492a       0x1a c:/program files (x86)/atmel/studio/7.0/toolchain/avr8/avr8-gnu-toolchain/bin/../lib/gcc/avr/5.4.0/../../../../avr/lib/avr6\libc.a(memcmp.o)
                0x0000492a                memcmp
 .text.avr-libc
                0x00004944       0x1e c:/program files (x86)/atmel/studio/7.0/toolchain/avr8/avr8-gnu-toolchain/bin/../lib/gcc/avr/5.4.0/../../../../avr/lib/avr6\libc.a(strncpy.o)
                0x00004944                strncpy
                0x00004962                . = ALIGN (0x2)
 *(.fini9)
 .fini9         0x00004962        0x0 c:/program files (x86)/atmel/studio/7.0/toolchain/avr8/avr8-gnu-toolchain/bin/../lib/gcc/avr/5.4.0/avr6\libgcc.a(_exit.o)
                0x00004962                _exit
                0x00004962                exit
 *(.fini9)
 *(.fini8)
 *(.fini8)
 *(.fini7)
 *(.fini7)
 *(.fini6)
 *(.fini6)
 *(.fini5)
 *(.fini5)
 *(.fini4)
 *(.fini4)
 *(.fini3)
 *(.fini3)
 *(.fini2)
 *(.fini2)
 *(.fini1)
 *(.fini1)
 *(.fini0)
 .fini0         0x00004962        0x4 c:/program files (x86)/atmel/studio/7.0/toolchain/avr8/avr8-gnu-toolchain/bin/../lib/gcc/avr/5.4.0/avr6\libgcc.a(_exit.o)
 *(.fini0)
                0x00004966                _etext = .

.data           0x00800200      0x14a load address 0x00004966
                0x00800200                PROVIDE (__data_start, .)
 *(.data)
 *(.data*)
 .data._ZN9EtherComm6bufferE
                0x00800200        0x2 EtherComm.o
                0x00800200                _ZN9EtherComm6bufferE
 .data._ZN9EtherComm7_destIPE
                0x00800202        0x4 EtherComm.o
                0x00800202                _ZN9EtherComm7_destIPE
 .data._ZN9EtherComm6_mymacE
                0x00800206        0x6 EtherComm.o
                0x00800206                _ZN9EtherComm6_mymacE
 .data._ZN9EtherComm5_gwipE
                0x0080020c        0x4 EtherComm.o
                0x0080020c                _ZN9EtherComm5_gwipE
 .data._ZN9EtherComm5_myipE
                0x00800210        0x4 EtherComm.o
                0x00800210                _ZN9EtherComm5_myipE
 *(.gnu.linkonce.d*)
 *(.rodata)
 *(.rodata*)
 .rodata.str1.1
                0x00800214        0x7 BNO055/Adafruit_BNO055.o
 .rodata._ZTV15Adafruit_BNO055
                0x0080021b        0xa BNO055/Adafruit_BNO055.o
                0x0080021b                _ZTV15Adafruit_BNO055
 .rodata.allOnes
                0x00800225        0x6 EtherCardModified/tcpip.o
                0x00800225                allOnes
 .rodata.str1.1
                0x0080022b       0xd3 main.o
 .rodata._ZN6MS583711MS5837_30BAE
                0x008002fe        0x1 MS5837/MS5837.o
                0x008002fe                _ZN6MS583711MS5837_30BAE
 .rodata._ZTV14HardwareSerial
                0x008002ff       0x12 Peripherals/HardwareSerial.o
                0x008002ff                _ZTV14HardwareSerial
 .rodata._ZTV7TwoWire
                0x00800311       0x12 Peripherals/Wire.o
                0x00800311                _ZTV7TwoWire
 .rodata._ZTV13DigitalSensor
                0x00800323        0xc Robot.o
                0x00800323                _ZTV13DigitalSensor
 .rodata._ZTV9ImuSensor
                0x0080032f        0xc Sensors/ImuSensor.o
                0x0080032f                _ZTV9ImuSensor
 .rodata.str1.1
                0x0080033b        0xf Utils/Print.o
 *(.gnu.linkonce.r*)
                0x0080034a                . = ALIGN (0x2)
                0x0080034a                _edata = .
                0x0080034a                PROVIDE (__data_end, .)

.bss            0x0080034a      0x6d4
                0x0080034a                PROVIDE (__bss_start, .)
 *(.bss)
 *(.bss*)
 .bss._ZL14SendDataBuffer
                0x0080034a        0x2 Commands.o
 .bss._ZZN8ENC28J6013packetReceiveEvE14gNextPacketPtr
                0x0080034c        0x2 EtherCardModified/enc28j60.o
 .bss._ZZN8ENC28J6013packetReceiveEvE16unreleasedPacket
                0x0080034e        0x1 EtherCardModified/enc28j60.o
 .bss._ZL9selectPin
                0x0080034f        0x1 EtherCardModified/enc28j60.o
 .bss._ZL10selectPort
                0x00800350        0x2 EtherCardModified/enc28j60.o
 .bss._ZL12Enc28j60Bank
                0x00800352        0x1 EtherCardModified/enc28j60.o
 .bss._ZN8ENC28J6010bufferSizeE
                0x00800353        0x2 EtherCardModified/enc28j60.o
                0x00800353                _ZN8ENC28J6010bufferSizeE
 .bss._ZN8ENC28J606bufferE
                0x00800355      0x200 EtherCardModified/EtherCard.o
                0x00800355                _ZN8ENC28J606bufferE
 .bss._ZN9EtherCard8delaycntE
                0x00800555        0x2 EtherCardModified/EtherCard.o
                0x00800555                _ZN9EtherCard8delaycntE
 .bss._ZN9EtherCard5hisipE
                0x00800557        0x4 EtherCardModified/EtherCard.o
                0x00800557                _ZN9EtherCard5hisipE
 .bss._ZN9EtherCard5dnsipE
                0x0080055b        0x4 EtherCardModified/EtherCard.o
                0x0080055b                _ZN9EtherCard5dnsipE
 .bss._ZN9EtherCard4gwipE
                0x0080055f        0x4 EtherCardModified/EtherCard.o
                0x0080055f                _ZN9EtherCard4gwipE
 .bss._ZN9EtherCard11broadcastipE
                0x00800563        0x4 EtherCardModified/EtherCard.o
                0x00800563                _ZN9EtherCard11broadcastipE
 .bss._ZN9EtherCard7netmaskE
                0x00800567        0x4 EtherCardModified/EtherCard.o
                0x00800567                _ZN9EtherCard7netmaskE
 .bss._ZN9EtherCard4myipE
                0x0080056b        0x4 EtherCardModified/EtherCard.o
                0x0080056b                _ZN9EtherCard4myipE
 .bss._ZN9EtherCard5mymacE
                0x0080056f        0x6 EtherCardModified/EtherCard.o
                0x0080056f                _ZN9EtherCard5mymacE
 .bss._ZL9waitgwmac
                0x00800575        0x1 EtherCardModified/tcpip.o
 .bss._ZL9gwmacaddr
                0x00800576        0x6 EtherCardModified/tcpip.o
 .bss._ZL12has_dest_mac
                0x0080057c        0x1 EtherCardModified/tcpip.o
 .bss._ZL20waiting_for_dest_mac
                0x0080057d        0x1 EtherCardModified/tcpip.o
 .bss._ZL11has_dns_mac
                0x0080057e        0x1 EtherCardModified/tcpip.o
 .bss._ZL19waiting_for_dns_mac
                0x0080057f        0x1 EtherCardModified/tcpip.o
 .bss._ZL11destmacaddr
                0x00800580        0x6 EtherCardModified/tcpip.o
 .bss._ZL7icmp_cb
                0x00800586        0x2 EtherCardModified/tcpip.o
 .bss.numListeners
                0x00800588        0x1 EtherCardModified/udpserver.o
                0x00800588                numListeners
 .bss.listeners
                0x00800589       0x28 EtherCardModified/udpserver.o
                0x00800589                listeners
 .bss._ZN9EtherComm9_destPortE
                0x008005b1        0x2 EtherComm.o
                0x008005b1                _ZN9EtherComm9_destPortE
 .bss._ZN9EtherComm9_recvPortE
                0x008005b3        0x2 EtherComm.o
                0x008005b3                _ZN9EtherComm9_recvPortE
 .bss.TwiServo  0x008005b5        0x5 main.o
                0x008005b5                TwiServo
 .bss.PressureSensor
                0x008005ba       0x25 main.o
                0x008005ba                PressureSensor
 .bss.Serial    0x008005df       0x33 Peripherals/HardwareSerial0.o
                0x008005df                Serial
 .bss.Serial1   0x00800612       0x33 Peripherals/HardwareSerial1.o
                0x00800612                Serial1
 .bss.Serial2   0x00800645       0x33 Peripherals/HardwareSerial2.o
                0x00800645                Serial2
 .bss.Serial3   0x00800678       0x33 Peripherals/HardwareSerial3.o
                0x00800678                Serial3
 .bss.Servo5    0x008006ab       0x1d Peripherals/HardwareServo.o
                0x008006ab                Servo5
 .bss.Servo4    0x008006c8       0x1d Peripherals/HardwareServo.o
                0x008006c8                Servo4
 .bss.Servo3    0x008006e5       0x1d Peripherals/HardwareServo.o
                0x008006e5                Servo3
 .bss.Servo1    0x00800702       0x1d Peripherals/HardwareServo.o
                0x00800702                Servo1
 .bss.Timer2    0x0080071f        0xc Peripherals/HardwareTimer.o
                0x0080071f                Timer2
 .bss.Timer0    0x0080072b        0xc Peripherals/HardwareTimer.o
                0x0080072b                Timer0
 .bss.twi_error
                0x00800737        0x1 Peripherals/twi.o
 .bss.twi_rxBufferIndex
                0x00800738        0x1 Peripherals/twi.o
 .bss.twi_rxBuffer
                0x00800739       0x20 Peripherals/twi.o
 .bss.twi_txBufferLength
                0x00800759        0x1 Peripherals/twi.o
 .bss.twi_txBufferIndex
                0x0080075a        0x1 Peripherals/twi.o
 .bss.twi_txBuffer
                0x0080075b       0x20 Peripherals/twi.o
 .bss.twi_masterBufferLength
                0x0080077b        0x1 Peripherals/twi.o
 .bss.twi_masterBufferIndex
                0x0080077c        0x1 Peripherals/twi.o
 .bss.twi_masterBuffer
                0x0080077d       0x20 Peripherals/twi.o
 .bss.twi_onSlaveReceive
                0x0080079d        0x2 Peripherals/twi.o
 .bss.twi_onSlaveTransmit
                0x0080079f        0x2 Peripherals/twi.o
 .bss.twi_inRepStart
                0x008007a1        0x1 Peripherals/twi.o
 .bss.twi_sendStop
                0x008007a2        0x1 Peripherals/twi.o
 .bss.twi_slarw
                0x008007a3        0x1 Peripherals/twi.o
 .bss.twi_state
                0x008007a4        0x1 Peripherals/twi.o
 .bss.Wire      0x008007a5        0x2 Peripherals/Wire.o
                0x008007a5                Wire
 .bss._ZN7TwoWire14user_onReceiveE
                0x008007a7        0x2 Peripherals/Wire.o
                0x008007a7                _ZN7TwoWire14user_onReceiveE
 .bss._ZN7TwoWire14user_onRequestE
                0x008007a9        0x2 Peripherals/Wire.o
                0x008007a9                _ZN7TwoWire14user_onRequestE
 .bss._ZN7TwoWire12transmittingE
                0x008007ab        0x1 Peripherals/Wire.o
                0x008007ab                _ZN7TwoWire12transmittingE
 .bss._ZN7TwoWire14txBufferLengthE
                0x008007ac        0x1 Peripherals/Wire.o
                0x008007ac                _ZN7TwoWire14txBufferLengthE
 .bss._ZN7TwoWire13txBufferIndexE
                0x008007ad        0x1 Peripherals/Wire.o
                0x008007ad                _ZN7TwoWire13txBufferIndexE
 .bss._ZN7TwoWire8txBufferE
                0x008007ae       0x20 Peripherals/Wire.o
                0x008007ae                _ZN7TwoWire8txBufferE
 .bss._ZN7TwoWire9txAddressE
                0x008007ce        0x1 Peripherals/Wire.o
                0x008007ce                _ZN7TwoWire9txAddressE
 .bss._ZN7TwoWire14rxBufferLengthE
                0x008007cf        0x1 Peripherals/Wire.o
                0x008007cf                _ZN7TwoWire14rxBufferLengthE
 .bss._ZN7TwoWire13rxBufferIndexE
                0x008007d0        0x1 Peripherals/Wire.o
                0x008007d0                _ZN7TwoWire13rxBufferIndexE
 .bss._ZN7TwoWire8rxBufferE
                0x008007d1       0x20 Peripherals/Wire.o
                0x008007d1                _ZN7TwoWire8rxBufferE
 .bss.Imu       0x008007f1        0xf Robot.o
                0x008007f1                Imu
 .bss.BtnTest   0x00800800        0x7 Robot.o
                0x00800800                BtnTest
 .bss._ZN5Robot9registersE
                0x00800807      0x200 Robot.o
                0x00800807                _ZN5Robot9registersE
 .bss.vector    0x00800a07        0xc Sensors/ImuSensor.o
                0x00800a07                vector
 .bss.bno       0x00800a13        0xb TestIMU.o
                0x00800a13                bno
 *(COMMON)
                0x00800a1e                PROVIDE (__bss_end, .)
                0x00004966                __data_load_start = LOADADDR (.data)
                0x00004ab0                __data_load_end = (__data_load_start + SIZEOF (.data))

.noinit         0x00800a1e        0x0
                [!provide]                PROVIDE (__noinit_start, .)
 *(.noinit*)
                [!provide]                PROVIDE (__noinit_end, .)
                0x00800a1e                _end = .
                [!provide]                PROVIDE (__heap_start, .)

.eeprom         0x00810000        0x0
 *(.eeprom*)
                0x00810000                __eeprom_end = .

.fuse
 *(.fuse)
 *(.lfuse)
 *(.hfuse)
 *(.efuse)

.lock
 *(.lock*)

.signature
 *(.signature*)

.user_signatures
 *(.user_signatures*)

.stab
 *(.stab)

.stabstr
 *(.stabstr)

.stab.excl
 *(.stab.excl)

.stab.exclstr
 *(.stab.exclstr)

.stab.index
 *(.stab.index)

.stab.indexstr
 *(.stab.indexstr)

.comment        0x00000000       0x30
 *(.comment)
 .comment       0x00000000       0x30 BNO055/Adafruit_BNO055.o
                                 0x31 (size before relaxing)
 .comment       0x00000030       0x31 Commands.o
 .comment       0x00000030       0x31 EtherCardModified/enc28j60.o
 .comment       0x00000030       0x31 EtherCardModified/EtherCard.o
 .comment       0x00000030       0x31 EtherCardModified/tcpip.o
 .comment       0x00000030       0x31 EtherCardModified/udpserver.o
 .comment       0x00000030       0x31 EtherCardModified/webutil.o
 .comment       0x00000030       0x31 EtherComm.o
 .comment       0x00000030       0x31 main.o
 .comment       0x00000030       0x31 MS5837/MS5837.o
 .comment       0x00000030       0x31 PCA9685/PCA9685.o
 .comment       0x00000030       0x31 PCA9685/TwiServoController.o
 .comment       0x00000030       0x31 Peripherals/HardwareSerial.o
 .comment       0x00000030       0x31 Peripherals/HardwareSerial0.o
 .comment       0x00000030       0x31 Peripherals/HardwareSerial1.o
 .comment       0x00000030       0x31 Peripherals/HardwareSerial2.o
 .comment       0x00000030       0x31 Peripherals/HardwareSerial3.o
 .comment       0x00000030       0x31 Peripherals/HardwareServo.o
 .comment       0x00000030       0x31 Peripherals/HardwareTimer.o
 .comment       0x00000030       0x31 Peripherals/twi.o
 .comment       0x00000030       0x31 Peripherals/Wire.o
 .comment       0x00000030       0x31 Robot.o
 .comment       0x00000030       0x31 Sensors/ImuSensor.o
 .comment       0x00000030       0x31 TestIMU.o
 .comment       0x00000030       0x31 Utils/Print.o

.note.gnu.avr.deviceinfo
                0x00000000       0x40
 .note.gnu.avr.deviceinfo
                0x00000000       0x40 C:/Program Files (x86)/Atmel/Studio/7.0/Packs/atmel/ATmega_DFP/1.2.209/gcc/dev/atmega2560/avr6/crtatmega2560.o

.note.gnu.build-id
 *(.note.gnu.build-id)

.debug
 *(.debug)

.line
 *(.line)

.debug_srcinfo
 *(.debug_srcinfo)

.debug_sfnames
 *(.debug_sfnames)

.debug_aranges  0x00000000      0xaa0
 *(.debug_aranges)
 .debug_aranges
                0x00000000       0xe8 BNO055/Adafruit_BNO055.o
 .debug_aranges
                0x000000e8       0x40 Commands.o
 .debug_aranges
                0x00000128       0x88 EtherCardModified/enc28j60.o
 .debug_aranges
                0x000001b0       0x28 EtherCardModified/EtherCard.o
 .debug_aranges
                0x000001d8       0xb0 EtherCardModified/tcpip.o
 .debug_aranges
                0x00000288       0x40 EtherCardModified/udpserver.o
 .debug_aranges
                0x000002c8       0x60 EtherCardModified/webutil.o
 .debug_aranges
                0x00000328       0x38 EtherComm.o
 .debug_aranges
                0x00000360       0x28 main.o
 .debug_aranges
                0x00000388       0x70 MS5837/MS5837.o
 .debug_aranges
                0x000003f8       0xa0 PCA9685/PCA9685.o
 .debug_aranges
                0x00000498       0x30 PCA9685/TwiServoController.o
 .debug_aranges
                0x000004c8       0x68 Peripherals/HardwareSerial.o
 .debug_aranges
                0x00000530       0x48 Peripherals/HardwareSerial0.o
 .debug_aranges
                0x00000578       0x48 Peripherals/HardwareSerial1.o
 .debug_aranges
                0x000005c0       0x48 Peripherals/HardwareSerial2.o
 .debug_aranges
                0x00000608       0x48 Peripherals/HardwareSerial3.o
 .debug_aranges
                0x00000650       0xa8 Peripherals/HardwareServo.o
 .debug_aranges
                0x000006f8       0x78 Peripherals/HardwareTimer.o
 .debug_aranges
                0x00000770       0x80 Peripherals/twi.o
 .debug_aranges
                0x000007f0       0xf8 Peripherals/Wire.o
 .debug_aranges
                0x000008e8       0x60 Robot.o
 .debug_aranges
                0x00000948       0x50 Sensors/ImuSensor.o
 .debug_aranges
                0x00000998       0x40 TestIMU.o
 .debug_aranges
                0x000009d8       0xc8 Utils/Print.o

.debug_pubnames
 *(.debug_pubnames)

.debug_info     0x00000000    0x17928
 *(.debug_info .gnu.linkonce.wi.*)
 .debug_info    0x00000000      0xbbc C:/Program Files (x86)/Atmel/Studio/7.0/Packs/atmel/ATmega_DFP/1.2.209/gcc/dev/atmega2560/avr6/crtatmega2560.o
 .debug_info    0x00000bbc     0x4250 BNO055/Adafruit_BNO055.o
 .debug_info    0x00004e0c      0x91c Commands.o
 .debug_info    0x00005728      0xfd8 EtherCardModified/enc28j60.o
 .debug_info    0x00006700      0x77b EtherCardModified/EtherCard.o
 .debug_info    0x00006e7b     0x10d6 EtherCardModified/tcpip.o
 .debug_info    0x00007f51      0x6de EtherCardModified/udpserver.o
 .debug_info    0x0000862f      0xa2a EtherCardModified/webutil.o
 .debug_info    0x00009059      0x984 EtherComm.o
 .debug_info    0x000099dd     0x10e1 main.o
 .debug_info    0x0000aabe      0xe3a MS5837/MS5837.o
 .debug_info    0x0000b8f8     0x109d PCA9685/PCA9685.o
 .debug_info    0x0000c995      0x6da PCA9685/TwiServoController.o
 .debug_info    0x0000d06f      0xdbe Peripherals/HardwareSerial.o
 .debug_info    0x0000de2d      0x989 Peripherals/HardwareSerial0.o
 .debug_info    0x0000e7b6      0x989 Peripherals/HardwareSerial1.o
 .debug_info    0x0000f13f      0x989 Peripherals/HardwareSerial2.o
 .debug_info    0x0000fac8      0x98f Peripherals/HardwareSerial3.o
 .debug_info    0x00010457      0xaee Peripherals/HardwareServo.o
 .debug_info    0x00010f45      0x69b Peripherals/HardwareTimer.o
 .debug_info    0x000115e0      0x60a Peripherals/twi.o
 .debug_info    0x00011bea     0x163d Peripherals/Wire.o
 .debug_info    0x00013227     0x125c Robot.o
 .debug_info    0x00014483     0x154a Sensors/ImuSensor.o
 .debug_info    0x000159cd      0xd9b TestIMU.o
 .debug_info    0x00016768     0x11c0 Utils/Print.o

.debug_abbrev   0x00000000     0x57fb
 *(.debug_abbrev)
 .debug_abbrev  0x00000000      0xb1a C:/Program Files (x86)/Atmel/Studio/7.0/Packs/atmel/ATmega_DFP/1.2.209/gcc/dev/atmega2560/avr6/crtatmega2560.o
 .debug_abbrev  0x00000b1a      0x5a8 BNO055/Adafruit_BNO055.o
 .debug_abbrev  0x000010c2      0x28b Commands.o
 .debug_abbrev  0x0000134d      0x3b9 EtherCardModified/enc28j60.o
 .debug_abbrev  0x00001706      0x180 EtherCardModified/EtherCard.o
 .debug_abbrev  0x00001886      0x379 EtherCardModified/tcpip.o
 .debug_abbrev  0x00001bff      0x1fd EtherCardModified/udpserver.o
 .debug_abbrev  0x00001dfc      0x315 EtherCardModified/webutil.o
 .debug_abbrev  0x00002111      0x247 EtherComm.o
 .debug_abbrev  0x00002358      0x39b main.o
 .debug_abbrev  0x000026f3      0x333 MS5837/MS5837.o
 .debug_abbrev  0x00002a26      0x30c PCA9685/PCA9685.o
 .debug_abbrev  0x00002d32      0x236 PCA9685/TwiServoController.o
 .debug_abbrev  0x00002f68      0x363 Peripherals/HardwareSerial.o
 .debug_abbrev  0x000032cb      0x2d8 Peripherals/HardwareSerial0.o
 .debug_abbrev  0x000035a3      0x2d8 Peripherals/HardwareSerial1.o
 .debug_abbrev  0x0000387b      0x2d8 Peripherals/HardwareSerial2.o
 .debug_abbrev  0x00003b53      0x2d8 Peripherals/HardwareSerial3.o
 .debug_abbrev  0x00003e2b      0x1fb Peripherals/HardwareServo.o
 .debug_abbrev  0x00004026      0x236 Peripherals/HardwareTimer.o
 .debug_abbrev  0x0000425c      0x222 Peripherals/twi.o
 .debug_abbrev  0x0000447e      0x428 Peripherals/Wire.o
 .debug_abbrev  0x000048a6      0x48a Robot.o
 .debug_abbrev  0x00004d30      0x4e7 Sensors/ImuSensor.o
 .debug_abbrev  0x00005217      0x348 TestIMU.o
 .debug_abbrev  0x0000555f      0x29c Utils/Print.o

.debug_line     0x00000000     0x645a
 *(.debug_line .debug_line.* .debug_line_end)
 .debug_line    0x00000000      0x1f9 C:/Program Files (x86)/Atmel/Studio/7.0/Packs/atmel/ATmega_DFP/1.2.209/gcc/dev/atmega2560/avr6/crtatmega2560.o
 .debug_line    0x000001f9      0xc47 BNO055/Adafruit_BNO055.o
 .debug_line    0x00000e40      0x1a6 Commands.o
 .debug_line    0x00000fe6      0x63a EtherCardModified/enc28j60.o
 .debug_line    0x00001620      0x16b EtherCardModified/EtherCard.o
 .debug_line    0x0000178b      0x808 EtherCardModified/tcpip.o
 .debug_line    0x00001f93      0x21d EtherCardModified/udpserver.o
 .debug_line    0x000021b0      0x474 EtherCardModified/webutil.o
 .debug_line    0x00002624      0x21b EtherComm.o
 .debug_line    0x0000283f      0x269 main.o
 .debug_line    0x00002aa8      0x4fe MS5837/MS5837.o
 .debug_line    0x00002fa6      0x521 PCA9685/PCA9685.o
 .debug_line    0x000034c7      0x218 PCA9685/TwiServoController.o
 .debug_line    0x000036df      0x51d Peripherals/HardwareSerial.o
 .debug_line    0x00003bfc      0x23c Peripherals/HardwareSerial0.o
 .debug_line    0x00003e38      0x23b Peripherals/HardwareSerial1.o
 .debug_line    0x00004073      0x23a Peripherals/HardwareSerial2.o
 .debug_line    0x000042ad      0x23a Peripherals/HardwareSerial3.o
 .debug_line    0x000044e7      0x2b1 Peripherals/HardwareServo.o
 .debug_line    0x00004798      0x2da Peripherals/HardwareTimer.o
 .debug_line    0x00004a72      0x53e Peripherals/twi.o
 .debug_line    0x00004fb0      0x58b Peripherals/Wire.o
 .debug_line    0x0000553b      0x380 Robot.o
 .debug_line    0x000058bb      0x381 Sensors/ImuSensor.o
 .debug_line    0x00005c3c      0x333 TestIMU.o
 .debug_line    0x00005f6f      0x4eb Utils/Print.o

.debug_frame    0x00000000     0x2174
 *(.debug_frame)
 .debug_frame   0x00000000      0x470 BNO055/Adafruit_BNO055.o
 .debug_frame   0x00000470       0x64 Commands.o
 .debug_frame   0x000004d4      0x1b4 EtherCardModified/enc28j60.o
 .debug_frame   0x00000688       0x70 EtherCardModified/EtherCard.o
 .debug_frame   0x000006f8      0x240 EtherCardModified/tcpip.o
 .debug_frame   0x00000938       0xb8 EtherCardModified/udpserver.o
 .debug_frame   0x000009f0      0x14c EtherCardModified/webutil.o
 .debug_frame   0x00000b3c       0x8c EtherComm.o
 .debug_frame   0x00000bc8       0x34 main.o
 .debug_frame   0x00000bfc      0x1c8 MS5837/MS5837.o
 .debug_frame   0x00000dc4      0x21c PCA9685/PCA9685.o
 .debug_frame   0x00000fe0       0x74 PCA9685/TwiServoController.o
 .debug_frame   0x00001054      0x104 Peripherals/HardwareSerial.o
 .debug_frame   0x00001158       0xec Peripherals/HardwareSerial0.o
 .debug_frame   0x00001244       0xec Peripherals/HardwareSerial1.o
 .debug_frame   0x00001330       0xec Peripherals/HardwareSerial2.o
 .debug_frame   0x0000141c       0xec Peripherals/HardwareSerial3.o
 .debug_frame   0x00001508      0x1ac Peripherals/HardwareServo.o
 .debug_frame   0x000016b4      0x1e4 Peripherals/HardwareTimer.o
 .debug_frame   0x00001898      0x134 Peripherals/twi.o
 .debug_frame   0x000019cc      0x280 Peripherals/Wire.o
 .debug_frame   0x00001c4c       0xa4 Robot.o
 .debug_frame   0x00001cf0       0xd4 Sensors/ImuSensor.o
 .debug_frame   0x00001dc4       0xd0 TestIMU.o
 .debug_frame   0x00001e94      0x2e0 Utils/Print.o

.debug_str      0x00000000     0x6785
 *(.debug_str)
 .debug_str     0x00000000      0x3e6 C:/Program Files (x86)/Atmel/Studio/7.0/Packs/atmel/ATmega_DFP/1.2.209/gcc/dev/atmega2560/avr6/crtatmega2560.o
 .debug_str     0x000003e6     0x3160 BNO055/Adafruit_BNO055.o
                               0x32cd (size before relaxing)
 .debug_str     0x00003546      0x870 Commands.o
                                0xa73 (size before relaxing)
 .debug_str     0x00003db6      0x21f EtherCardModified/enc28j60.o
                                0x54d (size before relaxing)
 .debug_str     0x00003fd5       0xf7 EtherCardModified/EtherCard.o
                                0x8cb (size before relaxing)
 .debug_str     0x000040cc      0x1fe EtherCardModified/tcpip.o
                                0x9c4 (size before relaxing)
 .debug_str     0x000042ca       0x68 EtherCardModified/udpserver.o
                                0x843 (size before relaxing)
 .debug_str     0x00004332      0x124 EtherCardModified/webutil.o
                                0x930 (size before relaxing)
 .debug_str     0x00004456       0xfe EtherComm.o
                                0xa36 (size before relaxing)
 .debug_str     0x00004554      0x4e2 main.o
                                0xf57 (size before relaxing)
 .debug_str     0x00004a36      0x312 MS5837/MS5837.o
                                0x725 (size before relaxing)
 .debug_str     0x00004d48       0xb3 PCA9685/PCA9685.o
                                0x67c (size before relaxing)
 .debug_str     0x00004dfb       0x47 PCA9685/TwiServoController.o
                                0x542 (size before relaxing)
 .debug_str     0x00004e42      0x7f5 Peripherals/HardwareSerial.o
                                0xa8f (size before relaxing)
 .debug_str     0x00005637       0x89 Peripherals/HardwareSerial0.o
                                0x7cb (size before relaxing)
 .debug_str     0x000056c0       0x52 Peripherals/HardwareSerial1.o
                                0x7cc (size before relaxing)
 .debug_str     0x00005712       0x52 Peripherals/HardwareSerial2.o
                                0x7cc (size before relaxing)
 .debug_str     0x00005764       0x52 Peripherals/HardwareSerial3.o
                                0x7cc (size before relaxing)
 .debug_str     0x000057b6      0x37a Peripherals/HardwareServo.o
                                0x5e2 (size before relaxing)
 .debug_str     0x00005b30       0x7a Peripherals/HardwareTimer.o
                                0x484 (size before relaxing)
 .debug_str     0x00005baa      0x287 Peripherals/twi.o
                                0x37c (size before relaxing)
 .debug_str     0x00005e31      0x3a0 Peripherals/Wire.o
                                0xc70 (size before relaxing)
 .debug_str     0x000061d1      0x26e Robot.o
                               0x1922 (size before relaxing)
 .debug_str     0x0000643f       0xd6 Sensors/ImuSensor.o
                               0x13d5 (size before relaxing)
 .debug_str     0x00006515       0xf9 TestIMU.o
                               0x14df (size before relaxing)
 .debug_str     0x0000660e      0x177 Utils/Print.o
                                0x4a3 (size before relaxing)

.debug_loc      0x00000000     0xb887
 *(.debug_loc)
 .debug_loc     0x00000000     0x2157 BNO055/Adafruit_BNO055.o
 .debug_loc     0x00002157      0x257 Commands.o
 .debug_loc     0x000023ae      0x955 EtherCardModified/enc28j60.o
 .debug_loc     0x00002d03      0x25f EtherCardModified/EtherCard.o
 .debug_loc     0x00002f62      0xa60 EtherCardModified/tcpip.o
 .debug_loc     0x000039c2      0x243 EtherCardModified/udpserver.o
 .debug_loc     0x00003c05      0x9be EtherCardModified/webutil.o
 .debug_loc     0x000045c3      0x486 EtherComm.o
 .debug_loc     0x00004a49       0x3f main.o
 .debug_loc     0x00004a88      0xee9 MS5837/MS5837.o
 .debug_loc     0x00005971      0xe27 PCA9685/PCA9685.o
 .debug_loc     0x00006798      0x333 PCA9685/TwiServoController.o
 .debug_loc     0x00006acb      0x4e0 Peripherals/HardwareSerial.o
 .debug_loc     0x00006fab      0x1ca Peripherals/HardwareSerial0.o
 .debug_loc     0x00007175      0x1ca Peripherals/HardwareSerial1.o
 .debug_loc     0x0000733f      0x1ca Peripherals/HardwareSerial2.o
 .debug_loc     0x00007509      0x1ca Peripherals/HardwareSerial3.o
 .debug_loc     0x000076d3      0x71a Peripherals/HardwareServo.o
 .debug_loc     0x00007ded      0x687 Peripherals/HardwareTimer.o
 .debug_loc     0x00008474      0x54a Peripherals/twi.o
 .debug_loc     0x000089be      0xb3b Peripherals/Wire.o
 .debug_loc     0x000094f9      0x2cc Robot.o
 .debug_loc     0x000097c5      0x5e9 Sensors/ImuSensor.o
 .debug_loc     0x00009dae      0x4b9 TestIMU.o
 .debug_loc     0x0000a267     0x1620 Utils/Print.o

.debug_macinfo
 *(.debug_macinfo)

.debug_weaknames
 *(.debug_weaknames)

.debug_funcnames
 *(.debug_funcnames)

.debug_typenames
 *(.debug_typenames)

.debug_varnames
 *(.debug_varnames)

.debug_pubtypes
 *(.debug_pubtypes)

.debug_ranges   0x00000000      0x9e0
 *(.debug_ranges)
 .debug_ranges  0x00000000       0xd8 BNO055/Adafruit_BNO055.o
 .debug_ranges  0x000000d8       0x30 Commands.o
 .debug_ranges  0x00000108       0xc0 EtherCardModified/enc28j60.o
 .debug_ranges  0x000001c8       0x18 EtherCardModified/EtherCard.o
 .debug_ranges  0x000001e0       0xe0 EtherCardModified/tcpip.o
 .debug_ranges  0x000002c0       0x48 EtherCardModified/udpserver.o
 .debug_ranges  0x00000308       0x68 EtherCardModified/webutil.o
 .debug_ranges  0x00000370       0x28 EtherComm.o
 .debug_ranges  0x00000398       0x18 main.o
 .debug_ranges  0x000003b0       0x60 MS5837/MS5837.o
 .debug_ranges  0x00000410       0x90 PCA9685/PCA9685.o
 .debug_ranges  0x000004a0       0x38 PCA9685/TwiServoController.o
 .debug_ranges  0x000004d8       0x58 Peripherals/HardwareSerial.o
 .debug_ranges  0x00000530       0x38 Peripherals/HardwareSerial0.o
 .debug_ranges  0x00000568       0x38 Peripherals/HardwareSerial1.o
 .debug_ranges  0x000005a0       0x38 Peripherals/HardwareSerial2.o
 .debug_ranges  0x000005d8       0x38 Peripherals/HardwareSerial3.o
 .debug_ranges  0x00000610       0x98 Peripherals/HardwareServo.o
 .debug_ranges  0x000006a8       0x68 Peripherals/HardwareTimer.o
 .debug_ranges  0x00000710       0x70 Peripherals/twi.o
 .debug_ranges  0x00000780       0xe8 Peripherals/Wire.o
 .debug_ranges  0x00000868       0x50 Robot.o
 .debug_ranges  0x000008b8       0x40 Sensors/ImuSensor.o
 .debug_ranges  0x000008f8       0x30 TestIMU.o
 .debug_ranges  0x00000928       0xb8 Utils/Print.o

.debug_macro
 *(.debug_macro)
OUTPUT(RovController.elf elf32-avr)
LOAD linker stubs
