Archive member included to satisfy reference by file (symbol)

c:/program files (x86)/atmel/studio/7.0/toolchain/avr8/avr8-gnu-toolchain/bin/../lib/gcc/avr/5.4.0/../../../../avr/lib/avr6\libm.a(addsf3.o)
                              PCA9685/PCA9685.o (__subsf3)
c:/program files (x86)/atmel/studio/7.0/toolchain/avr8/avr8-gnu-toolchain/bin/../lib/gcc/avr/5.4.0/../../../../avr/lib/avr6\libm.a(addsf3x.o)
                              c:/program files (x86)/atmel/studio/7.0/toolchain/avr8/avr8-gnu-toolchain/bin/../lib/gcc/avr/5.4.0/../../../../avr/lib/avr6\libm.a(addsf3.o) (__addsf3x)
c:/program files (x86)/atmel/studio/7.0/toolchain/avr8/avr8-gnu-toolchain/bin/../lib/gcc/avr/5.4.0/../../../../avr/lib/avr6\libm.a(cmpsf2.o)
                              PCA9685/PCA9685.o (__ltsf2)
c:/program files (x86)/atmel/studio/7.0/toolchain/avr8/avr8-gnu-toolchain/bin/../lib/gcc/avr/5.4.0/../../../../avr/lib/avr6\libm.a(divsf3.o)
                              BNO055/Adafruit_BNO055.o (__divsf3)
c:/program files (x86)/atmel/studio/7.0/toolchain/avr8/avr8-gnu-toolchain/bin/../lib/gcc/avr/5.4.0/../../../../avr/lib/avr6\libm.a(divsf3x.o)
                              c:/program files (x86)/atmel/studio/7.0/toolchain/avr8/avr8-gnu-toolchain/bin/../lib/gcc/avr/5.4.0/../../../../avr/lib/avr6\libm.a(divsf3.o) (__divsf3x)
c:/program files (x86)/atmel/studio/7.0/toolchain/avr8/avr8-gnu-toolchain/bin/../lib/gcc/avr/5.4.0/../../../../avr/lib/avr6\libm.a(fixunssfsi.o)
                              PCA9685/PCA9685.o (__fixunssfsi)
c:/program files (x86)/atmel/studio/7.0/toolchain/avr8/avr8-gnu-toolchain/bin/../lib/gcc/avr/5.4.0/../../../../avr/lib/avr6\libm.a(floatsisf.o)
                              PCA9685/PCA9685.o (__floatunsisf)
c:/program files (x86)/atmel/studio/7.0/toolchain/avr8/avr8-gnu-toolchain/bin/../lib/gcc/avr/5.4.0/../../../../avr/lib/avr6\libm.a(fp_cmp.o)
                              c:/program files (x86)/atmel/studio/7.0/toolchain/avr8/avr8-gnu-toolchain/bin/../lib/gcc/avr/5.4.0/../../../../avr/lib/avr6\libm.a(cmpsf2.o) (__fp_cmp)
c:/program files (x86)/atmel/studio/7.0/toolchain/avr8/avr8-gnu-toolchain/bin/../lib/gcc/avr/5.4.0/../../../../avr/lib/avr6\libm.a(fp_inf.o)
                              c:/program files (x86)/atmel/studio/7.0/toolchain/avr8/avr8-gnu-toolchain/bin/../lib/gcc/avr/5.4.0/../../../../avr/lib/avr6\libm.a(addsf3x.o) (__fp_inf)
c:/program files (x86)/atmel/studio/7.0/toolchain/avr8/avr8-gnu-toolchain/bin/../lib/gcc/avr/5.4.0/../../../../avr/lib/avr6\libm.a(fp_nan.o)
                              c:/program files (x86)/atmel/studio/7.0/toolchain/avr8/avr8-gnu-toolchain/bin/../lib/gcc/avr/5.4.0/../../../../avr/lib/avr6\libm.a(addsf3x.o) (__fp_nan)
c:/program files (x86)/atmel/studio/7.0/toolchain/avr8/avr8-gnu-toolchain/bin/../lib/gcc/avr/5.4.0/../../../../avr/lib/avr6\libm.a(fp_pscA.o)
                              c:/program files (x86)/atmel/studio/7.0/toolchain/avr8/avr8-gnu-toolchain/bin/../lib/gcc/avr/5.4.0/../../../../avr/lib/avr6\libm.a(addsf3x.o) (__fp_pscA)
c:/program files (x86)/atmel/studio/7.0/toolchain/avr8/avr8-gnu-toolchain/bin/../lib/gcc/avr/5.4.0/../../../../avr/lib/avr6\libm.a(fp_pscB.o)
                              c:/program files (x86)/atmel/studio/7.0/toolchain/avr8/avr8-gnu-toolchain/bin/../lib/gcc/avr/5.4.0/../../../../avr/lib/avr6\libm.a(addsf3x.o) (__fp_pscB)
c:/program files (x86)/atmel/studio/7.0/toolchain/avr8/avr8-gnu-toolchain/bin/../lib/gcc/avr/5.4.0/../../../../avr/lib/avr6\libm.a(fp_round.o)
                              c:/program files (x86)/atmel/studio/7.0/toolchain/avr8/avr8-gnu-toolchain/bin/../lib/gcc/avr/5.4.0/../../../../avr/lib/avr6\libm.a(addsf3.o) (__fp_round)
c:/program files (x86)/atmel/studio/7.0/toolchain/avr8/avr8-gnu-toolchain/bin/../lib/gcc/avr/5.4.0/../../../../avr/lib/avr6\libm.a(fp_split3.o)
                              c:/program files (x86)/atmel/studio/7.0/toolchain/avr8/avr8-gnu-toolchain/bin/../lib/gcc/avr/5.4.0/../../../../avr/lib/avr6\libm.a(addsf3x.o) (__fp_split3)
c:/program files (x86)/atmel/studio/7.0/toolchain/avr8/avr8-gnu-toolchain/bin/../lib/gcc/avr/5.4.0/../../../../avr/lib/avr6\libm.a(fp_zero.o)
                              c:/program files (x86)/atmel/studio/7.0/toolchain/avr8/avr8-gnu-toolchain/bin/../lib/gcc/avr/5.4.0/../../../../avr/lib/avr6\libm.a(addsf3x.o) (__fp_zero)
c:/program files (x86)/atmel/studio/7.0/toolchain/avr8/avr8-gnu-toolchain/bin/../lib/gcc/avr/5.4.0/../../../../avr/lib/avr6\libm.a(gesf2.o)
                              PCA9685/PCA9685.o (__gtsf2)
c:/program files (x86)/atmel/studio/7.0/toolchain/avr8/avr8-gnu-toolchain/bin/../lib/gcc/avr/5.4.0/../../../../avr/lib/avr6\libm.a(mulsf3.o)
                              BNO055/Adafruit_BNO055.o (__mulsf3)
c:/program files (x86)/atmel/studio/7.0/toolchain/avr8/avr8-gnu-toolchain/bin/../lib/gcc/avr/5.4.0/../../../../avr/lib/avr6\libm.a(mulsf3x.o)
[...]
Memory Configuration

Name             Origin             Length             Attributes
text             0x00000000         0x00100000         xr
data             0x00800200         0x0000fe00         rw !x
eeprom           0x00810000         0x00010000         rw !x
fuse             0x00820000         0x00000003         rw !x
lock             0x00830000         0x00000400         rw !x
signature        0x00840000         0x00000400         rw !x
user_signatures  0x00850000         0x00000400         rw !x
*default*        0x00000000         0xffffffff

Linker script and memory map

Address of section .data set to 0x800200
LOAD C:/Program Files (x86)/Atmel/Studio/7.0/Packs/atmel/ATmega_DFP/1.2.209/gcc/dev/atmega2560/avr6/crtatmega2560.o
LOAD BNO055/Adafruit_BNO055.o
LOAD BNO055/Adafruit_Sensor.o
LOAD Commands.o
LOAD EtherCardModified/enc28j60.o
LOAD EtherCardModified/EtherCard.o
LOAD EtherCardModified/tcpip.o
LOAD EtherCardModified/udpserver.o
LOAD EtherCardModified/webutil.o
LOAD EtherComm.o
LOAD main.o
LOAD MS5837/MS5837.o
LOAD PCA9685/PCA9685.o
LOAD PCA9685/TwiServoController.o
LOAD Peripherals/HardwareSerial.o
LOAD Peripherals/HardwareSerial0.o
LOAD Peripherals/HardwareSerial1.o
LOAD Peripherals/HardwareSerial2.o
LOAD Peripherals/HardwareSerial3.o
LOAD Peripherals/HardwareServo.o
LOAD Peripherals/HardwareTimer.o
LOAD Peripherals/twi.o
LOAD Peripherals/Wire.o
LOAD Robot.o
LOAD Sensors/ImuSensor.o
LOAD Sensors/PressureSensor.o
LOAD TestIMU.o
LOAD Utils/Print.o
LOAD Utils/Stream.o
START GROUP
LOAD c:/program files (x86)/atmel/studio/7.0/toolchain/avr8/avr8-gnu-toolchain/bin/../lib/gcc/avr/5.4.0/../../../../avr/lib/avr6\libm.a
END GROUP
LOAD c:/program files (x86)/atmel/studio/7.0/toolchain/avr8/avr8-gnu-toolchain/bin/../lib/gcc/avr/5.4.0/avr6\libgcc.a
LOAD c:/program files (x86)/atmel/studio/7.0/toolchain/avr8/avr8-gnu-toolchain/bin/../lib/gcc/avr/5.4.0/../../../../avr/lib/avr6\libm.a
START GROUP
LOAD c:/program files (x86)/atmel/studio/7.0/toolchain/avr8/avr8-gnu-toolchain/bin/../lib/gcc/avr/5.4.0/avr6\libgcc.a
LOAD c:/program files (x86)/atmel/studio/7.0/toolchain/avr8/avr8-gnu-toolchain/bin/../lib/gcc/avr/5.4.0/../../../../avr/lib/avr6\libm.a
LOAD c:/program files (x86)/atmel/studio/7.0/toolchain/avr8/avr8-gnu-toolchain/bin/../lib/gcc/avr/5.4.0/../../../../avr/lib/avr6\libc.a
LOAD C:/Program Files (x86)/Atmel/Studio/7.0/Packs/atmel/ATmega_DFP/1.2.209/gcc/dev/atmega2560/avr6\libatmega2560.a
END GROUP
                0x00100000                __TEXT_REGION_LENGTH__ = DEFINED (__TEXT_REGION_LENGTH__)?__TEXT_REGION_LENGTH__:0x100000
                0x0000fe00                __DATA_REGION_LENGTH__ = DEFINED (__DATA_REGION_LENGTH__)?__DATA_REGION_LENGTH__:0xfe00
                0x00010000                __EEPROM_REGION_LENGTH__ = DEFINED (__EEPROM_REGION_LENGTH__)?__EEPROM_REGION_LENGTH__:0x10000
                [0x00000003]                __FUSE_REGION_LENGTH__ = DEFINED (__FUSE_REGION_LENGTH__)?__FUSE_REGION_LENGTH__:0x400
                0x00000400                __LOCK_REGION_LENGTH__ = DEFINED (__LOCK_REGION_LENGTH__)?__LOCK_REGION_LENGTH__:0x400
                0x00000400                __SIGNATURE_REGION_LENGTH__ = DEFINED (__SIGNATURE_REGION_LENGTH__)?__SIGNATURE_REGION_LENGTH__:0x400
                0x00000400                __USER_SIGNATURE_REGION_LENGTH__ = DEFINED (__USER_SIGNATURE_REGION_LENGTH__)?__USER_SIGNATURE_REGION_LENGTH__:0x400

.hash
 *(.hash)

.dynsym
 *(.dynsym)

.dynstr
 *(.dynstr)

.gnu.version
 *(.gnu.version)

.gnu.version_d
 *(.gnu.version_d)

.gnu.version_r
 *(.gnu.version_r)

.rel.init
 *(.rel.init)

.rela.init
 *(.rela.init)

.rel.text
 *(.rel.text)
 *(.rel.text.*)
 *(.rel.gnu.linkonce.t*)

.rela.text
 *(.rela.text)
 *(.rela.text.*)
 *(.rela.gnu.linkonce.t*)

.rel.fini
 *(.rel.fini)

.rela.fini
 *(.rela.fini)

.rel.rodata
 *(.rel.rodata)
 *(.rel.rodata.*)
 *(.rel.gnu.linkonce.r*)

.rela.rodata
 *(.rela.rodata)
 *(.rela.rodata.*)
 *(.rela.gnu.linkonce.r*)

.rel.data
 *(.rel.data)
 *(.rel.data.*)
 *(.rel.gnu.linkonce.d*)

.rela.data
 *(.rela.data)
 *(.rela.data.*)
 *(.rela.gnu.linkonce.d*)

.rel.ctors
 *(.rel.ctors)

.rela.ctors
 *(.rela.ctors)

.rel.dtors
 *(.rel.dtors)

.rela.dtors
 *(.rela.dtors)

.rel.got
 *(.rel.got)

.rela.got
 *(.rela.got)

.rel.bss
 *(.rel.bss)

.rela.bss
 *(.rela.bss)

.rel.plt
 *(.rel.plt)

.rela.plt
 *(.rela.plt)

.text           0x00000000     0x4804
 *(.vectors)
 .vectors       0x00000000       0xe4 C:/Program Files (x86)/Atmel/Studio/7.0/Packs/atmel/ATmega_DFP/1.2.209/gcc/dev/atmega2560/avr6/crtatmega2560.o
                0x00000000                __vector_default
                0x00000000                __vectors
 *(.vectors)
 *(.progmem.gcc*)
 .progmem.gcc_sw_table.__vector_39
                0x000000e4      0x192 Peripherals/twi.o
                0x00000276                . = ALIGN (0x2)
                0x00000276                __trampolines_start = .
 *(.trampolines)
 .trampolines   0x00000276        0x0 linker stubs
 *(.trampolines*)
                0x00000276                __trampolines_end = .
 *libprintf_flt.a:*(.progmem.data)
 *libc.a:*(.progmem.data)
 *(.progmem*)
 .progmem.data._ZL5iphdr
                0x00000276        0x9 EtherCardModified/tcpip.o
 .progmem.data._ZL9arpreqhdr
                0x0000027f        0x8 EtherCardModified/tcpip.o
                0x00000288                . = ALIGN (0x2)
 *fill*         0x00000287        0x1 
 *(.jumptables)
 *(.jumptables*)
 *(.lowtext)
 *(.lowtext*)
                0x00000288                __ctors_start = .
 *(.ctors)
 .ctors         0x00000288        0x2 Commands.o
 .ctors         0x0000028a        0x2 main.o
 .ctors         0x0000028c        0x2 Peripherals/HardwareSerial0.o
 .ctors         0x0000028e        0x2 Peripherals/HardwareSerial1.o
 .ctors         0x00000290        0x2 Peripherals/HardwareSerial2.o
 .ctors         0x00000292        0x2 Peripherals/HardwareSerial3.o
 .ctors         0x00000294        0x2 Peripherals/HardwareServo.o
 .ctors         0x00000296        0x2 Peripherals/HardwareTimer.o
 .ctors         0x00000298        0x2 Peripherals/Wire.o
 .ctors         0x0000029a        0x2 Robot.o
 .ctors         0x0000029c        0x2 Sensors/ImuSensor.o
 .ctors         0x0000029e        0x2 TestIMU.o
                0x000002a0                __ctors_end = .
                0x000002a0                __dtors_start = .
 *(.dtors)
                0x000002a0                __dtors_end = .
 SORT(*)(.ctors)
 SORT(*)(.dtors)
 *(.init0)
 .init0         0x000002a0        0x0 C:/Program Files (x86)/Atmel/Studio/7.0/Packs/atmel/ATmega_DFP/1.2.209/gcc/dev/atmega2560/avr6/crtatmega2560.o
                0x000002a0                __init
 *(.init0)
 *(.init1)
 *(.init1)
 *(.init2)
 .init2         0x000002a0       0x10 C:/Program Files (x86)/Atmel/Studio/7.0/Packs/atmel/ATmega_DFP/1.2.209/gcc/dev/atmega2560/avr6/crtatmega2560.o
 *(.init2)
 *(.init3)
 *(.init3)
 *(.init4)
 .init4         0x000002b0       0x1a c:/program files (x86)/atmel/studio/7.0/toolchain/avr8/avr8-gnu-toolchain/bin/../lib/gcc/avr/5.4.0/avr6\libgcc.a(_copy_data.o)
                0x000002b0                __do_copy_data
 .init4         0x000002ca       0x10 c:/program files (x86)/atmel/studio/7.0/toolchain/avr8/avr8-gnu-toolchain/bin/../lib/gcc/avr/5.4.0/avr6\libgcc.a(_clear_bss.o)
                0x000002ca                __do_clear_bss
 *(.init4)
 *(.init5)
 *(.init5)
 *(.init6)
 .init6         0x000002da       0x20 c:/program files (x86)/atmel/studio/7.0/toolchain/avr8/avr8-gnu-toolchain/bin/../lib/gcc/avr/5.4.0/avr6\libgcc.a(_ctors.o)
                0x000002da                __do_global_ctors
 *(.init6)
 *(.init7)
 *(.init7)
 *(.init8)
 *(.init8)
 *(.init9)
 .init9         0x000002fa        0x8 C:/Program Files (x86)/Atmel/Studio/7.0/Packs/atmel/ATmega_DFP/1.2.209/gcc/dev/atmega2560/avr6/crtatmega2560.o
 *(.init9)
 *(.text)
 .text          0x00000302        0x2 C:/Program Files (x86)/Atmel/Studio/7.0/Packs/atmel/ATmega_DFP/1.2.209/gcc/dev/atmega2560/avr6/crtatmega2560.o
                0x00000302                __vector_38
                0x00000302                __vector_22
                0x00000302                __vector_28
                0x00000302                __vector_1
                0x00000302                __vector_32
                0x00000302                __vector_34
                0x00000302                __vector_24
                0x00000302                __vector_12
                0x00000302                __vector_46
                0x00000302                __bad_interrupt
                0x00000302                __vector_6
                0x00000302                __vector_31
                0x00000302                __vector_35
                0x00000302                __vector_3
                0x00000302                __vector_23
                0x00000302                __vector_30
                0x00000302                __vector_45
                0x00000302                __vector_11
                0x00000302                __vector_17
                0x00000302                __vector_19
                0x00000302                __vector_56
                0x00000302                __vector_7
                0x00000302                __vector_49
                0x00000302                __vector_41
                0x00000302                __vector_43
                0x00000302                __vector_27
                0x00000302                __vector_5
                0x00000302                __vector_33
                0x00000302                __vector_47
                0x00000302                __vector_4
                0x00000302                __vector_44
                0x00000302                __vector_9
                0x00000302                __vector_2
                0x00000302                __vector_15
                0x00000302                __vector_29
                0x00000302                __vector_40
                0x00000302                __vector_8
                0x00000302                __vector_48
                0x00000302                __vector_14
                0x00000302                __vector_53
                0x00000302                __vector_10
                0x00000302                __vector_50
                0x00000302                __vector_16
                0x00000302                __vector_18
                0x00000302                __vector_20
                0x00000302                __vector_42
                0x00000304                . = ALIGN (0x2)
 *(.text.*)
 .text._ZN15Adafruit_Sensor15enableAutoRangeEb
                0x00000304        0x2 BNO055/Adafruit_BNO055.o
                0x00000304                _ZN15Adafruit_Sensor15enableAutoRangeEb
 .text._ZN15Adafruit_BNO0559getSensorEP8sensor_t
                0x00000306       0x8a BNO055/Adafruit_BNO055.o
                0x00000306                _ZN15Adafruit_BNO0559getSensorEP8sensor_t
 .text._ZN15Adafruit_BNO055C2ElhP7TwoWire
                0x00000390       0x22 BNO055/Adafruit_BNO055.o
                0x00000390                _ZN15Adafruit_BNO055C1ElhP7TwoWire
                0x00000390                _ZN15Adafruit_BNO055C2ElhP7TwoWire
 .text._ZN15Adafruit_BNO0556write8ENS_21adafruit_bno055_reg_tEh
                0x000003b2       0x54 BNO055/Adafruit_BNO055.o
                0x000003b2                _ZN15Adafruit_BNO0556write8ENS_21adafruit_bno055_reg_tEh
 .text._ZN15Adafruit_BNO0557setModeENS_24adafruit_bno055_opmode_tE
                0x00000406       0x1e BNO055/Adafruit_BNO055.o
                0x00000406                _ZN15Adafruit_BNO0557setModeENS_24adafruit_bno055_opmode_tE
 .text._ZN15Adafruit_BNO0555read8ENS_21adafruit_bno055_reg_tE
                0x00000424       0x56 BNO055/Adafruit_BNO055.o
                0x00000424                _ZN15Adafruit_BNO0555read8ENS_21adafruit_bno055_reg_tE
 .text._ZN15Adafruit_BNO0555beginENS_24adafruit_bno055_opmode_tE
                0x0000047a       0xda BNO055/Adafruit_BNO055.o
                0x0000047a                _ZN15Adafruit_BNO0555beginENS_24adafruit_bno055_opmode_tE
 .text._ZN15Adafruit_BNO0557getTempEv
                0x00000554        0x6 BNO055/Adafruit_BNO055.o
                0x00000554                _ZN15Adafruit_BNO0557getTempEv
 .text._ZN15Adafruit_BNO0557readLenENS_21adafruit_bno055_reg_tEPhh
                0x0000055a       0xa6 BNO055/Adafruit_BNO055.o
                0x0000055a                _ZN15Adafruit_BNO0557readLenENS_21adafruit_bno055_reg_tEPhh
 .text._ZN15Adafruit_BNO0559getVectorENS_22adafruit_vector_type_tE
                0x00000600      0x32c BNO055/Adafruit_BNO055.o
                0x00000600                _ZN15Adafruit_BNO0559getVectorENS_22adafruit_vector_type_tE
 .text._ZN15Adafruit_BNO0558getEventEP15sensors_event_t
                0x0000092c       0xae BNO055/Adafruit_BNO055.o
                0x0000092c                _ZN15Adafruit_BNO0558getEventEP15sensors_event_t
 .text._Z14RunPingCommandPKhh
                0x000009da       0x18 Commands.o
                0x000009da                _Z14RunPingCommandPKhh
 .text._Z14RunEchoCommandPKhh
                0x000009f2       0x26 Commands.o
                0x000009f2                _Z14RunEchoCommandPKhh
 .text._ZN9EtherComm15CommandReceivedEhPKhh
                0x00000a18       0x28 Commands.o
                0x00000a18                _ZN9EtherComm15CommandReceivedEhPKhh
 .text._GLOBAL__sub_I__Z14RunPingCommandPKhh
                0x00000a40       0x14 Commands.o
 .text._ZL10enableChipv
                0x00000a54       0x16 EtherCardModified/enc28j60.o
 .text._ZL11disableChipv
                0x00000a6a       0x14 EtherCardModified/enc28j60.o
 .text._ZL6readOphh
                0x00000a7e       0x40 EtherCardModified/enc28j60.o
 .text._ZL7writeOphhh
                0x00000abe       0x30 EtherCardModified/enc28j60.o
 .text._ZL7readBufjPh
                0x00000aee       0x44 EtherCardModified/enc28j60.o
 .text._ZL7SetBankh
                0x00000b32       0x4a EtherCardModified/enc28j60.o
 .text._ZL11readRegByteh
                0x00000b7c       0x10 EtherCardModified/enc28j60.o
 .text._ZL12writeRegBytehh
                0x00000b8c       0x18 EtherCardModified/enc28j60.o
 .text._ZL8writeReghj
                0x00000ba4       0x18 EtherCardModified/enc28j60.o
 .text._ZN8ENC28J607initSPIERVh
                0x00000bbc       0x24 EtherCardModified/enc28j60.o
                0x00000bbc                _ZN8ENC28J607initSPIERVh
 .text._ZN8ENC28J6010initializeEjPKhRVhS3_h
                0x00000be0      0x100 EtherCardModified/enc28j60.o
                0x00000be0                _ZN8ENC28J6010initializeEjPKhRVhS3_h
 .text._ZN8ENC28J608isLinkUpEv
                0x00000ce0       0x26 EtherCardModified/enc28j60.o
                0x00000ce0                _ZN8ENC28J608isLinkUpEv
 .text._ZN8ENC28J6010packetSendEj
                0x00000d06       0xf2 EtherCardModified/enc28j60.o
                0x00000d06                _ZN8ENC28J6010packetSendEj
 .text._ZN8ENC28J6013packetReceiveEv
                0x00000df8       0xca EtherCardModified/enc28j60.o
                0x00000df8                _ZN8ENC28J6013packetReceiveEv
 .text._ZN9EtherCard5beginEPKhRVhS3_h
                0x00000ec2       0x32 EtherCardModified/EtherCard.o
                0x00000ec2                _ZN9EtherCard5beginEPKhRVhS3_h
 .text._ZN9EtherCard11staticSetupEPKhS1_S1_S1_
                0x00000ef4       0x5c EtherCardModified/EtherCard.o
                0x00000ef4                _ZN9EtherCard11staticSetupEPKhS1_S1_S1_
 .text._ZL13fill_checksumhhjh
                0x00000f50       0xe2 EtherCardModified/tcpip.o
 .text._ZL6is_lanPKhS0_
                0x00001032       0x54 EtherCardModified/tcpip.o
 .text._ZL20fill_ip_hdr_checksumv
                0x00001086       0x1e EtherCardModified/tcpip.o
 .text._ZL7setMACsPKh
                0x000010a4       0x14 EtherCardModified/tcpip.o
 .text._ZL11make_eth_ipv
                0x000010b8       0x1e EtherCardModified/tcpip.o
 .text._ZL12setMACandIPsPKhS0_
                0x000010d6       0x20 EtherCardModified/tcpip.o
 .text._ZL16client_store_macPhS_
                0x000010f6       0x2c EtherCardModified/tcpip.o
 .text._ZL17client_arp_whohasPh
                0x00001122       0x60 EtherCardModified/tcpip.o
 .text._ZN9EtherCard10udpPrepareEjPKhj
                0x00001182       0xa4 EtherCardModified/tcpip.o
                0x00001182                _ZN9EtherCard10udpPrepareEjPKhj
 .text._ZN9EtherCard11udpTransmitEj
                0x00001226       0x40 EtherCardModified/tcpip.o
                0x00001226                _ZN9EtherCard11udpTransmitEj
 .text._ZN9EtherCard7sendUdpEPKhjjS1_j
                0x00001266       0x30 EtherCardModified/tcpip.o
                0x00001266                _ZN9EtherCard7sendUdpEPKhjjS1_j
 .text._ZN9EtherCard7setGwIpEPKh
                0x00001296       0x18 EtherCardModified/tcpip.o
                0x00001296                _ZN9EtherCard7setGwIpEPKh
 .text._ZN9EtherCard22updateBroadcastAddressEv
                0x000012ae       0x2a EtherCardModified/tcpip.o
                0x000012ae                _ZN9EtherCard22updateBroadcastAddressEv
 .text._ZN9EtherCard10packetLoopEj
                0x000012d8      0x272 EtherCardModified/tcpip.o
                0x000012d8                _ZN9EtherCard10packetLoopEj
 .text._ZN9EtherCard21udpServerListenOnPortEPFvjPhjPKcjEj
                0x0000154a       0x34 EtherCardModified/udpserver.o
                0x0000154a                _ZN9EtherCard21udpServerListenOnPortEPFvjPhjPKcjEj
 .text._ZN9EtherCard18udpServerListeningEv
                0x0000157e        0xe EtherCardModified/udpserver.o
                0x0000157e                _ZN9EtherCard18udpServerListeningEv
 .text._ZN9EtherCard27udpServerHasProcessedPacketEj
                0x0000158c       0xc6 EtherCardModified/udpserver.o
                0x0000158c                _ZN9EtherCard27udpServerHasProcessedPacketEj
 .text._ZN9EtherCard6copyIpEPhPKh
                0x00001652       0x1a EtherCardModified/webutil.o
                0x00001652                _ZN9EtherCard6copyIpEPhPKh
 .text._ZN9EtherCard7copyMacEPhPKh
                0x0000166c       0x10 EtherCardModified/webutil.o
                0x0000166c                _ZN9EtherCard7copyMacEPhPKh
 .text._ZN9EtherComm13CheckChecksumEPKch
                0x0000167c       0x38 EtherComm.o
                0x0000167c                _ZN9EtherComm13CheckChecksumEPKch
 .text._Z10udpReceivejPhjPKcj
                0x000016b4       0x42 EtherComm.o
                0x000016b4                _Z10udpReceivejPhjPKcj
 .text._ZN9EtherComm5beginEjjRVhS1_h
                0x000016f6       0x52 EtherComm.o
                0x000016f6                _ZN9EtherComm5beginEjjRVhS1_h
 .text._ZN9EtherComm11SendCommandEhh
                0x00001748       0x84 EtherComm.o
                0x00001748                _ZN9EtherComm11SendCommandEhh
 .text.main     0x000017cc       0x7e main.o
                0x000017cc                main
 .text._GLOBAL__sub_I_dir
                0x0000184a        0xc main.o
 .text._ZN6MS5837C2ER13HardwareTimer
                0x00001856       0x18 MS5837/MS5837.o
                0x00001856                _ZN6MS5837C2ER13HardwareTimer
                0x00001856                _ZN6MS5837C1ER13HardwareTimer
 .text._ZN6MS58378setModelEh
                0x0000186e        0x6 MS5837/MS5837.o
                0x0000186e                _ZN6MS58378setModelEh
 .text._ZN6MS58379startReadEv
                0x00001874       0x52 MS5837/MS5837.o
                0x00001874                _ZN6MS58379startReadEv
 .text._ZN6MS58378finishedEv
                0x000018c6        0xe MS5837/MS5837.o
                0x000018c6                _ZN6MS58378finishedEv
 .text._ZN6MS58379calculateEv
                0x000018d4      0xd4a MS5837/MS5837.o
                0x000018d4                _ZN6MS58379calculateEv
 .text._ZN6MS58378pressureEf
                0x0000261e       0x62 MS5837/MS5837.o
                0x0000261e                _ZN6MS58378pressureEf
 .text._ZN6MS583711temperatureEv
                0x00002680       0x1c MS5837/MS5837.o
                0x00002680                _ZN6MS583711temperatureEv
 .text._ZN6MS58374crc4EPj
                0x0000269c       0x72 MS5837/MS5837.o
                0x0000269c                _ZN6MS58374crc4EPj
 .text._ZN6MS58375beginEv
                0x0000270e       0xf4 MS5837/MS5837.o
                0x0000270e                _ZN6MS58375beginEv
 .text._ZN6MS58376updateEv
                0x00002802      0x1da MS5837/MS5837.o
                0x00002802                _ZN6MS58376updateEv
 .text._ZN7PCA9685C2Eh
                0x000029dc        0x6 PCA9685/PCA9685.o
                0x000029dc                _ZN7PCA9685C1Eh
                0x000029dc                _ZN7PCA9685C2Eh
 .text._ZN18TwiServoControllerC2Eh
                0x000029e2        0x4 PCA9685/TwiServoController.o
                0x000029e2                _ZN18TwiServoControllerC1Eh
                0x000029e2                _ZN18TwiServoControllerC2Eh
 .text._ZN14HardwareSerial9availableEv
                0x000029e6       0x18 Peripherals/HardwareSerial.o
                0x000029e6                _ZN14HardwareSerial9availableEv
 .text._ZN14HardwareSerial4peekEv
                0x000029fe       0x1c Peripherals/HardwareSerial.o
                0x000029fe                _ZN14HardwareSerial4peekEv
 .text._ZN14HardwareSerial4readEv
                0x00002a1a       0x28 Peripherals/HardwareSerial.o
                0x00002a1a                _ZN14HardwareSerial4readEv
 .text._ZN14HardwareSerial17availableForWriteEv
                0x00002a42       0x24 Peripherals/HardwareSerial.o
                0x00002a42                _ZN14HardwareSerial17availableForWriteEv
 .text._ZN14HardwareSerial17_tx_udr_empty_irqEv
                0x00002a66       0x56 Peripherals/HardwareSerial.o
                0x00002a66                _ZN14HardwareSerial17_tx_udr_empty_irqEv
 .text._ZN14HardwareSerial5flushEv
                0x00002abc       0x46 Peripherals/HardwareSerial.o
                0x00002abc                _ZN14HardwareSerial5flushEv
 .text._ZN14HardwareSerial5writeEh
                0x00002b02       0xa8 Peripherals/HardwareSerial.o
                0x00002b02                _ZN14HardwareSerial5writeEh
 .text._ZN14HardwareSerial5beginEmh
                0x00002baa       0xca Peripherals/HardwareSerial.o
                0x00002baa                _ZN14HardwareSerial5beginEmh
 .text._ZN5Print17availableForWriteEv
                0x00002c74        0x6 Peripherals/HardwareSerial0.o
                0x00002c74                _ZN5Print17availableForWriteEv
 .text.__vector_25
                0x00002c7a       0x78 Peripherals/HardwareSerial0.o
                0x00002c7a                __vector_25
 .text.__vector_26
                0x00002cf2       0x52 Peripherals/HardwareSerial0.o
                0x00002cf2                __vector_26
 .text._GLOBAL__sub_I___vector_25
                0x00002d44       0x46 Peripherals/HardwareSerial0.o
 .text.__vector_36
                0x00002d8a       0x78 Peripherals/HardwareSerial1.o
                0x00002d8a                __vector_36
 .text.__vector_37
                0x00002e02       0x52 Peripherals/HardwareSerial1.o
                0x00002e02                __vector_37
 .text._GLOBAL__sub_I___vector_36
                0x00002e54       0x46 Peripherals/HardwareSerial1.o
 .text.__vector_51
                0x00002e9a       0x78 Peripherals/HardwareSerial2.o
                0x00002e9a                __vector_51
 .text.__vector_52
                0x00002f12       0x52 Peripherals/HardwareSerial2.o
                0x00002f12                __vector_52
 .text._GLOBAL__sub_I___vector_51
                0x00002f64       0x46 Peripherals/HardwareSerial2.o
 .text.__vector_54
                0x00002faa       0x78 Peripherals/HardwareSerial3.o
                0x00002faa                __vector_54
 .text.__vector_55
                0x00003022       0x52 Peripherals/HardwareSerial3.o
                0x00003022                __vector_55
 .text._GLOBAL__sub_I___vector_54
                0x00003074       0x46 Peripherals/HardwareSerial3.o
 .text._GLOBAL__sub_I__ZN13HardwareServoC2ERVjRVhS3_S1_S1_S1_S3_hhh
                0x000030ba      0x17c Peripherals/HardwareServo.o
 .text._ZN13HardwareTimer12findPrescaleEf
                0x00003236       0xc4 Peripherals/HardwareTimer.o
                0x00003236                _ZN13HardwareTimer12findPrescaleEf
 .text._ZN13HardwareTimer7beginMsEf
                0x000032fa       0xd4 Peripherals/HardwareTimer.o
                0x000032fa                _ZN13HardwareTimer7beginMsEf
 .text._ZN13HardwareTimer5startEh
                0x000033ce       0x1c Peripherals/HardwareTimer.o
                0x000033ce                _ZN13HardwareTimer5startEh
 .text._ZN13HardwareTimer8finishedEv
                0x000033ea        0xc Peripherals/HardwareTimer.o
                0x000033ea                _ZN13HardwareTimer8finishedEv
 .text._ZN13HardwareTimer13waitForFinishEv
                0x000033f6        0xa Peripherals/HardwareTimer.o
                0x000033f6                _ZN13HardwareTimer13waitForFinishEv
 .text._ZN13HardwareTimer14isr_timer_compEv
                0x00003400       0x10 Peripherals/HardwareTimer.o
                0x00003400                _ZN13HardwareTimer14isr_timer_compEv
 .text.__vector_21
                0x00003410       0x52 Peripherals/HardwareTimer.o
                0x00003410                __vector_21
 .text.__vector_13
                0x00003462       0x52 Peripherals/HardwareTimer.o
                0x00003462                __vector_13
 .text._GLOBAL__sub_I__ZN13HardwareTimerC2ERVhS1_S1_S1_S1_
                0x000034b4       0x5a Peripherals/HardwareTimer.o
 .text.twi_init
                0x0000350e       0x32 Peripherals/twi.o
                0x0000350e                twi_init
 .text.twi_readFrom
                0x00003540       0xa4 Peripherals/twi.o
                0x00003540                twi_readFrom
 .text.twi_writeTo
                0x000035e4       0xc6 Peripherals/twi.o
                0x000035e4                twi_writeTo
 .text.twi_transmit
                0x000036aa       0x54 Peripherals/twi.o
                0x000036aa                twi_transmit
 .text.twi_attachSlaveRxEvent
                0x000036fe        0xa Peripherals/twi.o
                0x000036fe                twi_attachSlaveRxEvent
 .text.twi_attachSlaveTxEvent
                0x00003708        0xa Peripherals/twi.o
                0x00003708                twi_attachSlaveTxEvent
 .text.twi_stop
                0x00003712       0x16 Peripherals/twi.o
                0x00003712                twi_stop
 .text.twi_releaseBus
                0x00003728        0xc Peripherals/twi.o
                0x00003728                twi_releaseBus
 .text.__vector_39
                0x00003734      0x238 Peripherals/twi.o
                0x00003734                __vector_39
 .text._ZN7TwoWire9availableEv
                0x0000396c       0x10 Peripherals/Wire.o
                0x0000396c                _ZN7TwoWire9availableEv
 .text._ZN7TwoWire4readEv
                0x0000397c       0x28 Peripherals/Wire.o
                0x0000397c                _ZN7TwoWire4readEv
 .text._ZN7TwoWire4peekEv
                0x000039a4       0x1e Peripherals/Wire.o
                0x000039a4                _ZN7TwoWire4peekEv
 .text._ZN7TwoWire5flushEv
                0x000039c2        0x2 Peripherals/Wire.o
                0x000039c2                _ZN7TwoWire5flushEv
 .text._ZN7TwoWire16onReceiveServiceEPhi
                0x000039c4       0x58 Peripherals/Wire.o
                0x000039c4                _ZN7TwoWire16onReceiveServiceEPhi
 .text._ZN7TwoWire16onRequestServiceEv
                0x00003a1c       0x18 Peripherals/Wire.o
                0x00003a1c                _ZN7TwoWire16onRequestServiceEv
 .text._ZN7TwoWire5writeEh
                0x00003a34       0x54 Peripherals/Wire.o
                0x00003a34                _ZN7TwoWire5writeEh
 .text._ZN7TwoWire5writeEPKhj
                0x00003a88       0x5e Peripherals/Wire.o
                0x00003a88                _ZN7TwoWire5writeEPKhj
 .text._ZN7TwoWire5beginEv
                0x00003ae6       0x20 Peripherals/Wire.o
                0x00003ae6                _ZN7TwoWire5beginEv
 .text._ZN7TwoWire17beginTransmissionEh
                0x00003b06       0x14 Peripherals/Wire.o
                0x00003b06                _ZN7TwoWire17beginTransmissionEh
 .text._ZN7TwoWire17beginTransmissionEi
                0x00003b1a        0x4 Peripherals/Wire.o
                0x00003b1a                _ZN7TwoWire17beginTransmissionEi
 .text._ZN7TwoWire15endTransmissionEh
                0x00003b1e       0x24 Peripherals/Wire.o
                0x00003b1e                _ZN7TwoWire15endTransmissionEh
 .text._ZN7TwoWire11requestFromEhhmhh
                0x00003b42       0xac Peripherals/Wire.o
                0x00003b42                _ZN7TwoWire11requestFromEhhmhh
 .text._ZN7TwoWire11requestFromEhhh
                0x00003bee       0x1e Peripherals/Wire.o
                0x00003bee                _ZN7TwoWire11requestFromEhhh
 .text._ZN7TwoWire11requestFromEhh
                0x00003c0c        0x6 Peripherals/Wire.o
                0x00003c0c                _ZN7TwoWire11requestFromEhh
 .text._ZN7TwoWire11requestFromEii
                0x00003c12        0x6 Peripherals/Wire.o
                0x00003c12                _ZN7TwoWire11requestFromEii
 .text._ZN7TwoWire15endTransmissionEv
                0x00003c18        0x6 Peripherals/Wire.o
                0x00003c18                _ZN7TwoWire15endTransmissionEv
 .text._GLOBAL__sub_I__ZN7TwoWire8rxBufferE
                0x00003c1e        0xe Peripherals/Wire.o
 .text._ZN9IReadable15CommandReceivedEhPKhh
                0x00003c2c       0x20 Robot.o
                0x00003c2c                _ZN9IReadable15CommandReceivedEhPKhh
 .text._ZN13DigitalSensor6UpdateEPh
                0x00003c4c        0x2 Robot.o
                0x00003c4c                _ZN13DigitalSensor6UpdateEPh
 .text._ZN13DigitalSensor21ReadRegisterRequestedEhPh
                0x00003c4e       0x42 Robot.o
                0x00003c4e                _ZN13DigitalSensor21ReadRegisterRequestedEhPh
 .text._ZN5Robot14RegisterDeviceEhP7IDevice
                0x00003c90       0x2a Robot.o
                0x00003c90                _ZN5Robot14RegisterDeviceEhP7IDevice
 .text._ZN13DigitalSensor5beginEv
                0x00003cba        0xa Robot.o
                0x00003cba                _ZN13DigitalSensor5beginEv
 .text._ZN5Robot15CommandReceivedEPKhh
                0x00003cc4       0x3a Robot.o
                0x00003cc4                _ZN5Robot15CommandReceivedEPKhh
 .text._GLOBAL__sub_I__ZN5Robot9registersE
                0x00003cfe       0x40 Robot.o
 .text._ZN5Robot5beginEv
                0x00003d3e       0x2c Robot.o
                0x00003d3e                _ZN5Robot5beginEv
 .text._ZN5Robot4LoopEv
                0x00003d6a       0x26 Robot.o
                0x00003d6a                _ZN5Robot4LoopEv
 .text._ZN9ImuSensor6UpdateEPh
                0x00003d90        0x2 Sensors/ImuSensor.o
                0x00003d90                _ZN9ImuSensor6UpdateEPh
 .text._ZN9ImuSensor5beginEv
                0x00003d92       0x2a Sensors/ImuSensor.o
                0x00003d92                _ZN9ImuSensor5beginEv
 .text._ZN9ImuSensor21ReadRegisterRequestedEhPh
                0x00003dbc      0x144 Sensors/ImuSensor.o
                0x00003dbc                _ZN9ImuSensor21ReadRegisterRequestedEhPh
 .text._ZN9ImuSensorC2Ehh
                0x00003f00       0x42 Sensors/ImuSensor.o
                0x00003f00                _ZN9ImuSensorC1Ehh
                0x00003f00                _ZN9ImuSensorC2Ehh
 .text._GLOBAL__sub_I__ZN9ImuSensorC2Ehh
                0x00003f42       0x10 Sensors/ImuSensor.o
 .text._ZN14PressureSensor5beginEv
                0x00003f52       0x36 Sensors/PressureSensor.o
                0x00003f52                _ZN14PressureSensor5beginEv
 .text._ZN14PressureSensor21ReadRegisterRequestedEhPh
                0x00003f88       0x1c Sensors/PressureSensor.o
                0x00003f88                _ZN14PressureSensor21ReadRegisterRequestedEhPh
 .text._ZN14PressureSensor6UpdateEPh
                0x00003fa4       0xd6 Sensors/PressureSensor.o
                0x00003fa4                _ZN14PressureSensor6UpdateEPh
 .text._ZN14PressureSensorC2EhR13HardwareTimer
                0x0000407a       0x26 Sensors/PressureSensor.o
                0x0000407a                _ZN14PressureSensorC2EhR13HardwareTimer
                0x0000407a                _ZN14PressureSensorC1EhR13HardwareTimer
 .text._GLOBAL__sub_I_bno
                0x000040a0       0x20 TestIMU.o
 .text._ZN5Print5writeEPKhj
                0x000040c0       0x5e Utils/Print.o
                0x000040c0                _ZN5Print5writeEPKhj
 .text._ZN5Print5printEPKc
                0x0000411e       0x2c Utils/Print.o
                0x0000411e                _ZN5Print5printEPKc
 .text._ZN5Print7printlnEv
                0x0000414a       0x18 Utils/Print.o
                0x0000414a                _ZN5Print7printlnEv
 .text._ZN5Print7printlnEPKc
                0x00004162       0x20 Utils/Print.o
                0x00004162                _ZN5Print7printlnEPKc
 .text.avr-libc.fplib
                0x00004182        0xa c:/program files (x86)/atmel/studio/7.0/toolchain/avr8/avr8-gnu-toolchain/bin/../lib/gcc/avr/5.4.0/../../../../avr/lib/avr6\libm.a(addsf3.o)
                0x00004182                __subsf3
                0x00004184                __addsf3
 .text.avr-libc.fplib
                0x0000418c       0xc0 c:/program files (x86)/atmel/studio/7.0/toolchain/avr8/avr8-gnu-toolchain/bin/../lib/gcc/avr/5.4.0/../../../../avr/lib/avr6\libm.a(addsf3x.o)
                0x000041a6                __addsf3x
 .text.avr-libc.fplib
                0x0000424c        0x8 c:/program files (x86)/atmel/studio/7.0/toolchain/avr8/avr8-gnu-toolchain/bin/../lib/gcc/avr/5.4.0/../../../../avr/lib/avr6\libm.a(cmpsf2.o)
                0x0000424c                __nesf2
                0x0000424c                __eqsf2
                0x0000424c                __cmpsf2
                0x0000424c                __ltsf2
                0x0000424c                __lesf2
 .text.avr-libc.fplib
                0x00004254        0x4 c:/program files (x86)/atmel/studio/7.0/toolchain/avr8/avr8-gnu-toolchain/bin/../lib/gcc/avr/5.4.0/../../../../avr/lib/avr6\libm.a(divsf3.o)
                0x00004254                __divsf3
 .text.avr-libc.fplib
                0x00004258       0xcc c:/program files (x86)/atmel/studio/7.0/toolchain/avr8/avr8-gnu-toolchain/bin/../lib/gcc/avr/5.4.0/../../../../avr/lib/avr6\libm.a(divsf3x.o)
                0x0000426e                __divsf3x
                0x00004272                __divsf3_pse
 .text.avr-libc.fplib
                0x00004324       0x58 c:/program files (x86)/atmel/studio/7.0/toolchain/avr8/avr8-gnu-toolchain/bin/../lib/gcc/avr/5.4.0/../../../../avr/lib/avr6\libm.a(fixunssfsi.o)
                0x00004324                __fixunssfsi
 .text.avr-libc.fplib
                0x0000437c       0x7a c:/program files (x86)/atmel/studio/7.0/toolchain/avr8/avr8-gnu-toolchain/bin/../lib/gcc/avr/5.4.0/../../../../avr/lib/avr6\libm.a(floatsisf.o)
                0x0000437c                __floatunsisf
                0x00004380                __floatsisf
 .text.avr-libc.fplib
                0x000043f6       0x48 c:/program files (x86)/atmel/studio/7.0/toolchain/avr8/avr8-gnu-toolchain/bin/../lib/gcc/avr/5.4.0/../../../../avr/lib/avr6\libm.a(fp_cmp.o)
                0x000043f6                __fp_cmp
 .text.avr-libc.fplib
                0x0000443e        0xc c:/program files (x86)/atmel/studio/7.0/toolchain/avr8/avr8-gnu-toolchain/bin/../lib/gcc/avr/5.4.0/../../../../avr/lib/avr6\libm.a(fp_inf.o)
                0x0000443e                __fp_inf
 .text.avr-libc.fplib
                0x0000444a        0x6 c:/program files (x86)/atmel/studio/7.0/toolchain/avr8/avr8-gnu-toolchain/bin/../lib/gcc/avr/5.4.0/../../../../avr/lib/avr6\libm.a(fp_nan.o)
                0x0000444a                __fp_nan
 .text.avr-libc.fplib
                0x00004450        0xe c:/program files (x86)/atmel/studio/7.0/toolchain/avr8/avr8-gnu-toolchain/bin/../lib/gcc/avr/5.4.0/../../../../avr/lib/avr6\libm.a(fp_pscA.o)
                0x00004450                __fp_pscA
 .text.avr-libc.fplib
                0x0000445e        0xe c:/program files (x86)/atmel/studio/7.0/toolchain/avr8/avr8-gnu-toolchain/bin/../lib/gcc/avr/5.4.0/../../../../avr/lib/avr6\libm.a(fp_pscB.o)
                0x0000445e                __fp_pscB
 .text.avr-libc.fplib
                0x0000446c       0x22 c:/program files (x86)/atmel/studio/7.0/toolchain/avr8/avr8-gnu-toolchain/bin/../lib/gcc/avr/5.4.0/../../../../avr/lib/avr6\libm.a(fp_round.o)
                0x0000446c                __fp_round
 .text.avr-libc.fplib
                0x0000448e       0x44 c:/program files (x86)/atmel/studio/7.0/toolchain/avr8/avr8-gnu-toolchain/bin/../lib/gcc/avr/5.4.0/../../../../avr/lib/avr6\libm.a(fp_split3.o)
                0x0000448e                __fp_split3
                0x0000449e                __fp_splitA
 .text.avr-libc.fplib
                0x000044d2        0xe c:/program files (x86)/atmel/studio/7.0/toolchain/avr8/avr8-gnu-toolchain/bin/../lib/gcc/avr/5.4.0/../../../../avr/lib/avr6\libm.a(fp_zero.o)
                0x000044d2                __fp_zero
                0x000044d4                __fp_szero
 .text.avr-libc.fplib
                0x000044e0        0x8 c:/program files (x86)/atmel/studio/7.0/toolchain/avr8/avr8-gnu-toolchain/bin/../lib/gcc/avr/5.4.0/../../../../avr/lib/avr6\libm.a(gesf2.o)
                0x000044e0                __gesf2
                0x000044e0                __gtsf2
 .text.avr-libc.fplib
                0x000044e8        0x4 c:/program files (x86)/atmel/studio/7.0/toolchain/avr8/avr8-gnu-toolchain/bin/../lib/gcc/avr/5.4.0/../../../../avr/lib/avr6\libm.a(mulsf3.o)
                0x000044e8                __mulsf3
 .text.avr-libc.fplib
                0x000044ec       0xc2 c:/program files (x86)/atmel/studio/7.0/toolchain/avr8/avr8-gnu-toolchain/bin/../lib/gcc/avr/5.4.0/../../../../avr/lib/avr6\libm.a(mulsf3x.o)
                0x00004500                __mulsf3x
                0x00004504                __mulsf3_pse
 .text.libgcc.mul
                0x000045ae       0x1e c:/program files (x86)/atmel/studio/7.0/toolchain/avr8/avr8-gnu-toolchain/bin/../lib/gcc/avr/5.4.0/avr6\libgcc.a(_mulsi3.o)
                0x000045ae                __mulsi3
 .text.libgcc.div
                0x000045cc       0x44 c:/program files (x86)/atmel/studio/7.0/toolchain/avr8/avr8-gnu-toolchain/bin/../lib/gcc/avr/5.4.0/avr6\libgcc.a(_udivmodsi4.o)
                0x000045cc                __udivmodsi4
 .text.libgcc   0x00004610       0x10 c:/program files (x86)/atmel/studio/7.0/toolchain/avr8/avr8-gnu-toolchain/bin/../lib/gcc/avr/5.4.0/avr6\libgcc.a(_tablejump2.o)
                0x00004610                __tablejump2__
 .text.libgcc.mul
                0x00004620       0x1e c:/program files (x86)/atmel/studio/7.0/toolchain/avr8/avr8-gnu-toolchain/bin/../lib/gcc/avr/5.4.0/avr6\libgcc.a(_umulhisi3.o)
                0x00004620                __umulhisi3
 .text.libgcc.mul
                0x0000463e       0x14 c:/program files (x86)/atmel/studio/7.0/toolchain/avr8/avr8-gnu-toolchain/bin/../lib/gcc/avr/5.4.0/avr6\libgcc.a(_muluhisi3.o)
                0x0000463e                __muluhisi3
 .text.libgcc.mul
                0x00004652       0x92 c:/program files (x86)/atmel/studio/7.0/toolchain/avr8/avr8-gnu-toolchain/bin/../lib/gcc/avr/5.4.0/avr6\libgcc.a(_muldi3.o)
                0x00004652                __muldi3
 .text.libgcc.mul
                0x000046e4       0x10 c:/program files (x86)/atmel/studio/7.0/toolchain/avr8/avr8-gnu-toolchain/bin/../lib/gcc/avr/5.4.0/avr6\libgcc.a(_muldi3_6.o)
                0x000046e4                __muldi3_6
 .text.libgcc.builtins
                0x000046f4       0x32 c:/program files (x86)/atmel/studio/7.0/toolchain/avr8/avr8-gnu-toolchain/bin/../lib/gcc/avr/5.4.0/avr6\libgcc.a(_ashldi3.o)
                0x000046f4                __ashldi3
 .text.libgcc.builtins
                0x00004726       0x3c c:/program files (x86)/atmel/studio/7.0/toolchain/avr8/avr8-gnu-toolchain/bin/../lib/gcc/avr/5.4.0/avr6\libgcc.a(_ashrdi3.o)
                0x00004726                __ashrdi3
                0x0000472a                __lshrdi3
 .text.libgcc   0x00004762       0x12 c:/program files (x86)/atmel/studio/7.0/toolchain/avr8/avr8-gnu-toolchain/bin/../lib/gcc/avr/5.4.0/avr6\libgcc.a(_adddi3.o)
                0x00004762                __adddi3
 .text.libgcc   0x00004774       0x18 c:/program files (x86)/atmel/studio/7.0/toolchain/avr8/avr8-gnu-toolchain/bin/../lib/gcc/avr/5.4.0/avr6\libgcc.a(_adddi3_s8.o)
                0x00004774                __adddi3_s8
 .text.libgcc   0x0000478c       0x12 c:/program files (x86)/atmel/studio/7.0/toolchain/avr8/avr8-gnu-toolchain/bin/../lib/gcc/avr/5.4.0/avr6\libgcc.a(_subdi3.o)
                0x0000478c                __subdi3
 .text.libgcc   0x0000479e       0x18 c:/program files (x86)/atmel/studio/7.0/toolchain/avr8/avr8-gnu-toolchain/bin/../lib/gcc/avr/5.4.0/avr6\libgcc.a(_cmpdi2_s8.o)
                0x0000479e                __cmpdi2_s8
 .text.avr-libc
                0x000047b6       0x12 c:/program files (x86)/atmel/studio/7.0/toolchain/avr8/avr8-gnu-toolchain/bin/../lib/gcc/avr/5.4.0/../../../../avr/lib/avr6\libc.a(memcpy_P.o)
                0x000047b6                memcpy_P
 .text.avr-libc
                0x000047c8       0x1a c:/program files (x86)/atmel/studio/7.0/toolchain/avr8/avr8-gnu-toolchain/bin/../lib/gcc/avr/5.4.0/../../../../avr/lib/avr6\libc.a(memcmp.o)
                0x000047c8                memcmp
 .text.avr-libc
                0x000047e2       0x1e c:/program files (x86)/atmel/studio/7.0/toolchain/avr8/avr8-gnu-toolchain/bin/../lib/gcc/avr/5.4.0/../../../../avr/lib/avr6\libc.a(strncpy.o)
                0x000047e2                strncpy
                0x00004800                . = ALIGN (0x2)
 *(.fini9)
 .fini9         0x00004800        0x0 c:/program files (x86)/atmel/studio/7.0/toolchain/avr8/avr8-gnu-toolchain/bin/../lib/gcc/avr/5.4.0/avr6\libgcc.a(_exit.o)
                0x00004800                _exit
                0x00004800                exit
 *(.fini9)
 *(.fini8)
 *(.fini8)
 *(.fini7)
 *(.fini7)
 *(.fini6)
 *(.fini6)
 *(.fini5)
 *(.fini5)
 *(.fini4)
 *(.fini4)
 *(.fini3)
 *(.fini3)
 *(.fini2)
 *(.fini2)
 *(.fini1)
 *(.fini1)
 *(.fini0)
 .fini0         0x00004800        0x4 c:/program files (x86)/atmel/studio/7.0/toolchain/avr8/avr8-gnu-toolchain/bin/../lib/gcc/avr/5.4.0/avr6\libgcc.a(_exit.o)
 *(.fini0)
                0x00004804                _etext = .

.data           0x00800200      0x102 load address 0x00004804
                0x00800200                PROVIDE (__data_start, .)
 *(.data)
 *(.data*)
 .data._ZN9EtherComm6bufferE
                0x00800200        0x2 EtherComm.o
                0x00800200                _ZN9EtherComm6bufferE
 .data._ZN9EtherComm7_destIPE
                0x00800202        0x4 EtherComm.o
                0x00800202                _ZN9EtherComm7_destIPE
 .data._ZN9EtherComm6_mymacE
                0x00800206        0x6 EtherComm.o
                0x00800206                _ZN9EtherComm6_mymacE
 .data._ZN9EtherComm5_gwipE
                0x0080020c        0x4 EtherComm.o
                0x0080020c                _ZN9EtherComm5_gwipE
 .data._ZN9EtherComm5_myipE
                0x00800210        0x4 EtherComm.o
                0x00800210                _ZN9EtherComm5_myipE
 *(.gnu.linkonce.d*)
 *(.rodata)
 *(.rodata*)
 .rodata.str1.1
                0x00800214        0x7 BNO055/Adafruit_BNO055.o
 .rodata._ZTV15Adafruit_BNO055
                0x0080021b        0xa BNO055/Adafruit_BNO055.o
                0x0080021b                _ZTV15Adafruit_BNO055
 .rodata.allOnes
                0x00800225        0x6 EtherCardModified/tcpip.o
                0x00800225                allOnes
 .rodata.str1.1
                0x0080022b       0x7f main.o
 .rodata._ZN6MS583711MS5837_30BAE
                0x008002aa        0x1 MS5837/MS5837.o
                0x008002aa                _ZN6MS583711MS5837_30BAE
 .rodata._ZTV14HardwareSerial
                0x008002ab       0x12 Peripherals/HardwareSerial.o
                0x008002ab                _ZTV14HardwareSerial
 .rodata._ZTV7TwoWire
                0x008002bd       0x12 Peripherals/Wire.o
                0x008002bd                _ZTV7TwoWire
 .rodata._ZTV13DigitalSensor
                0x008002cf        0xc Robot.o
                0x008002cf                _ZTV13DigitalSensor
 .rodata._ZTV9ImuSensor
                0x008002db        0xc Sensors/ImuSensor.o
                0x008002db                _ZTV9ImuSensor
 .rodata._ZTV14PressureSensor
                0x008002e7        0xc Sensors/PressureSensor.o
                0x008002e7                _ZTV14PressureSensor
 .rodata.str1.1
                0x008002f3        0xf Utils/Print.o
 *(.gnu.linkonce.r*)
                0x00800302                . = ALIGN (0x2)
                0x00800302                _edata = .
                0x00800302                PROVIDE (__data_end, .)

.bss            0x00800302      0x6db
                0x00800302                PROVIDE (__bss_start, .)
 *(.bss)
 *(.bss*)
 .bss._ZL14SendDataBuffer
                0x00800302        0x2 Commands.o
 .bss._ZZN8ENC28J6013packetReceiveEvE14gNextPacketPtr
                0x00800304        0x2 EtherCardModified/enc28j60.o
 .bss._ZZN8ENC28J6013packetReceiveEvE16unreleasedPacket
                0x00800306        0x1 EtherCardModified/enc28j60.o
 .bss._ZL9selectPin
                0x00800307        0x1 EtherCardModified/enc28j60.o
 .bss._ZL10selectPort
                0x00800308        0x2 EtherCardModified/enc28j60.o
 .bss._ZL12Enc28j60Bank
                0x0080030a        0x1 EtherCardModified/enc28j60.o
 .bss._ZN8ENC28J6010bufferSizeE
                0x0080030b        0x2 EtherCardModified/enc28j60.o
                0x0080030b                _ZN8ENC28J6010bufferSizeE
 .bss._ZN8ENC28J606bufferE
                0x0080030d      0x200 EtherCardModified/EtherCard.o
                0x0080030d                _ZN8ENC28J606bufferE
 .bss._ZN9EtherCard8delaycntE
                0x0080050d        0x2 EtherCardModified/EtherCard.o
                0x0080050d                _ZN9EtherCard8delaycntE
 .bss._ZN9EtherCard5hisipE
                0x0080050f        0x4 EtherCardModified/EtherCard.o
                0x0080050f                _ZN9EtherCard5hisipE
 .bss._ZN9EtherCard5dnsipE
                0x00800513        0x4 EtherCardModified/EtherCard.o
                0x00800513                _ZN9EtherCard5dnsipE
 .bss._ZN9EtherCard4gwipE
                0x00800517        0x4 EtherCardModified/EtherCard.o
                0x00800517                _ZN9EtherCard4gwipE
 .bss._ZN9EtherCard11broadcastipE
                0x0080051b        0x4 EtherCardModified/EtherCard.o
                0x0080051b                _ZN9EtherCard11broadcastipE
 .bss._ZN9EtherCard7netmaskE
                0x0080051f        0x4 EtherCardModified/EtherCard.o
                0x0080051f                _ZN9EtherCard7netmaskE
 .bss._ZN9EtherCard4myipE
                0x00800523        0x4 EtherCardModified/EtherCard.o
                0x00800523                _ZN9EtherCard4myipE
 .bss._ZN9EtherCard5mymacE
                0x00800527        0x6 EtherCardModified/EtherCard.o
                0x00800527                _ZN9EtherCard5mymacE
 .bss._ZL9waitgwmac
                0x0080052d        0x1 EtherCardModified/tcpip.o
 .bss._ZL9gwmacaddr
                0x0080052e        0x6 EtherCardModified/tcpip.o
 .bss._ZL12has_dest_mac
                0x00800534        0x1 EtherCardModified/tcpip.o
 .bss._ZL20waiting_for_dest_mac
                0x00800535        0x1 EtherCardModified/tcpip.o
 .bss._ZL11has_dns_mac
                0x00800536        0x1 EtherCardModified/tcpip.o
 .bss._ZL19waiting_for_dns_mac
                0x00800537        0x1 EtherCardModified/tcpip.o
 .bss._ZL11destmacaddr
                0x00800538        0x6 EtherCardModified/tcpip.o
 .bss._ZL7icmp_cb
                0x0080053e        0x2 EtherCardModified/tcpip.o
 .bss.numListeners
                0x00800540        0x1 EtherCardModified/udpserver.o
                0x00800540                numListeners
 .bss.listeners
                0x00800541       0x28 EtherCardModified/udpserver.o
                0x00800541                listeners
 .bss._ZN9EtherComm9_destPortE
                0x00800569        0x2 EtherComm.o
                0x00800569                _ZN9EtherComm9_destPortE
 .bss._ZN9EtherComm9_recvPortE
                0x0080056b        0x2 EtherComm.o
                0x0080056b                _ZN9EtherComm9_recvPortE
 .bss.TwiServo  0x0080056d        0x5 main.o
                0x0080056d                TwiServo
 .bss.Serial    0x00800572       0x33 Peripherals/HardwareSerial0.o
                0x00800572                Serial
 .bss.Serial1   0x008005a5       0x33 Peripherals/HardwareSerial1.o
                0x008005a5                Serial1
 .bss.Serial2   0x008005d8       0x33 Peripherals/HardwareSerial2.o
                0x008005d8                Serial2
 .bss.Serial3   0x0080060b       0x33 Peripherals/HardwareSerial3.o
                0x0080060b                Serial3
 .bss.Servo5    0x0080063e       0x1d Peripherals/HardwareServo.o
                0x0080063e                Servo5
 .bss.Servo4    0x0080065b       0x1d Peripherals/HardwareServo.o
                0x0080065b                Servo4
 .bss.Servo3    0x00800678       0x1d Peripherals/HardwareServo.o
                0x00800678                Servo3
 .bss.Servo1    0x00800695       0x1d Peripherals/HardwareServo.o
                0x00800695                Servo1
 .bss.Timer2    0x008006b2        0xc Peripherals/HardwareTimer.o
                0x008006b2                Timer2
 .bss.Timer0    0x008006be        0xc Peripherals/HardwareTimer.o
                0x008006be                Timer0
 .bss.twi_error
                0x008006ca        0x1 Peripherals/twi.o
 .bss.twi_rxBufferIndex
                0x008006cb        0x1 Peripherals/twi.o
 .bss.twi_rxBuffer
                0x008006cc       0x20 Peripherals/twi.o
 .bss.twi_txBufferLength
                0x008006ec        0x1 Peripherals/twi.o
 .bss.twi_txBufferIndex
                0x008006ed        0x1 Peripherals/twi.o
 .bss.twi_txBuffer
                0x008006ee       0x20 Peripherals/twi.o
 .bss.twi_masterBufferLength
                0x0080070e        0x1 Peripherals/twi.o
 .bss.twi_masterBufferIndex
                0x0080070f        0x1 Peripherals/twi.o
 .bss.twi_masterBuffer
                0x00800710       0x20 Peripherals/twi.o
 .bss.twi_onSlaveReceive
                0x00800730        0x2 Peripherals/twi.o
 .bss.twi_onSlaveTransmit
                0x00800732        0x2 Peripherals/twi.o
 .bss.twi_inRepStart
                0x00800734        0x1 Peripherals/twi.o
 .bss.twi_sendStop
                0x00800735        0x1 Peripherals/twi.o
 .bss.twi_slarw
                0x00800736        0x1 Peripherals/twi.o
 .bss.twi_state
                0x00800737        0x1 Peripherals/twi.o
 .bss.Wire      0x00800738        0x2 Peripherals/Wire.o
                0x00800738                Wire
 .bss._ZN7TwoWire14user_onReceiveE
                0x0080073a        0x2 Peripherals/Wire.o
                0x0080073a                _ZN7TwoWire14user_onReceiveE
 .bss._ZN7TwoWire14user_onRequestE
                0x0080073c        0x2 Peripherals/Wire.o
                0x0080073c                _ZN7TwoWire14user_onRequestE
 .bss._ZN7TwoWire12transmittingE
                0x0080073e        0x1 Peripherals/Wire.o
                0x0080073e                _ZN7TwoWire12transmittingE
 .bss._ZN7TwoWire14txBufferLengthE
                0x0080073f        0x1 Peripherals/Wire.o
                0x0080073f                _ZN7TwoWire14txBufferLengthE
 .bss._ZN7TwoWire13txBufferIndexE
                0x00800740        0x1 Peripherals/Wire.o
                0x00800740                _ZN7TwoWire13txBufferIndexE
 .bss._ZN7TwoWire8txBufferE
                0x00800741       0x20 Peripherals/Wire.o
                0x00800741                _ZN7TwoWire8txBufferE
 .bss._ZN7TwoWire9txAddressE
                0x00800761        0x1 Peripherals/Wire.o
                0x00800761                _ZN7TwoWire9txAddressE
 .bss._ZN7TwoWire14rxBufferLengthE
                0x00800762        0x1 Peripherals/Wire.o
                0x00800762                _ZN7TwoWire14rxBufferLengthE
 .bss._ZN7TwoWire13rxBufferIndexE
                0x00800763        0x1 Peripherals/Wire.o
                0x00800763                _ZN7TwoWire13rxBufferIndexE
 .bss._ZN7TwoWire8rxBufferE
                0x00800764       0x20 Peripherals/Wire.o
                0x00800764                _ZN7TwoWire8rxBufferE
 .bss.Pressure  0x00800784       0x2c Robot.o
                0x00800784                Pressure
 .bss.Imu       0x008007b0        0xf Robot.o
                0x008007b0                Imu
 .bss.BtnTest   0x008007bf        0x7 Robot.o
                0x008007bf                BtnTest
 .bss._ZN5Robot9registersE
                0x008007c6      0x200 Robot.o
                0x008007c6                _ZN5Robot9registersE
 .bss.vector    0x008009c6        0xc Sensors/ImuSensor.o
                0x008009c6                vector
 .bss.bno       0x008009d2        0xb TestIMU.o
                0x008009d2                bno
 *(COMMON)
                0x008009dd                PROVIDE (__bss_end, .)
                0x00004804                __data_load_start = LOADADDR (.data)
                0x00004906                __data_load_end = (__data_load_start + SIZEOF (.data))

.noinit         0x008009dd        0x0
                [!provide]                PROVIDE (__noinit_start, .)
 *(.noinit*)
                [!provide]                PROVIDE (__noinit_end, .)
                0x008009dd                _end = .
                [!provide]                PROVIDE (__heap_start, .)

.eeprom         0x00810000        0x0
 *(.eeprom*)
                0x00810000                __eeprom_end = .

.fuse
 *(.fuse)
 *(.lfuse)
 *(.hfuse)
 *(.efuse)

.lock
 *(.lock*)

.signature
 *(.signature*)

.user_signatures
 *(.user_signatures*)

.stab
 *(.stab)

.stabstr
 *(.stabstr)

.stab.excl
 *(.stab.excl)

.stab.exclstr
 *(.stab.exclstr)

.stab.index
 *(.stab.index)

.stab.indexstr
 *(.stab.indexstr)

.comment        0x00000000       0x30
 *(.comment)
 .comment       0x00000000       0x30 BNO055/Adafruit_BNO055.o
                                 0x31 (size before relaxing)
 .comment       0x00000030       0x31 Commands.o
 .comment       0x00000030       0x31 EtherCardModified/enc28j60.o
 .comment       0x00000030       0x31 EtherCardModified/EtherCard.o
 .comment       0x00000030       0x31 EtherCardModified/tcpip.o
 .comment       0x00000030       0x31 EtherCardModified/udpserver.o
 .comment       0x00000030       0x31 EtherCardModified/webutil.o
 .comment       0x00000030       0x31 EtherComm.o
 .comment       0x00000030       0x31 main.o
 .comment       0x00000030       0x31 MS5837/MS5837.o
 .comment       0x00000030       0x31 PCA9685/PCA9685.o
 .comment       0x00000030       0x31 PCA9685/TwiServoController.o
 .comment       0x00000030       0x31 Peripherals/HardwareSerial.o
 .comment       0x00000030       0x31 Peripherals/HardwareSerial0.o
 .comment       0x00000030       0x31 Peripherals/HardwareSerial1.o
 .comment       0x00000030       0x31 Peripherals/HardwareSerial2.o
 .comment       0x00000030       0x31 Peripherals/HardwareSerial3.o
 .comment       0x00000030       0x31 Peripherals/HardwareServo.o
 .comment       0x00000030       0x31 Peripherals/HardwareTimer.o
 .comment       0x00000030       0x31 Peripherals/twi.o
 .comment       0x00000030       0x31 Peripherals/Wire.o
 .comment       0x00000030       0x31 Robot.o
 .comment       0x00000030       0x31 Sensors/ImuSensor.o
 .comment       0x00000030       0x31 Sensors/PressureSensor.o
 .comment       0x00000030       0x31 TestIMU.o
 .comment       0x00000030       0x31 Utils/Print.o

.note.gnu.avr.deviceinfo
                0x00000000       0x40
 .note.gnu.avr.deviceinfo
                0x00000000       0x40 C:/Program Files (x86)/Atmel/Studio/7.0/Packs/atmel/ATmega_DFP/1.2.209/gcc/dev/atmega2560/avr6/crtatmega2560.o

.note.gnu.build-id
 *(.note.gnu.build-id)

.debug
 *(.debug)

.line
 *(.line)

.debug_srcinfo
 *(.debug_srcinfo)

.debug_sfnames
 *(.debug_sfnames)

.debug_aranges  0x00000000      0xad8
 *(.debug_aranges)
 .debug_aranges
                0x00000000       0xe8 BNO055/Adafruit_BNO055.o
 .debug_aranges
                0x000000e8       0x40 Commands.o
 .debug_aranges
                0x00000128       0x88 EtherCardModified/enc28j60.o
 .debug_aranges
                0x000001b0       0x28 EtherCardModified/EtherCard.o
 .debug_aranges
                0x000001d8       0xb0 EtherCardModified/tcpip.o
 .debug_aranges
                0x00000288       0x40 EtherCardModified/udpserver.o
 .debug_aranges
                0x000002c8       0x60 EtherCardModified/webutil.o
 .debug_aranges
                0x00000328       0x38 EtherComm.o
 .debug_aranges
                0x00000360       0x28 main.o
 .debug_aranges
                0x00000388       0x68 MS5837/MS5837.o
 .debug_aranges
                0x000003f0       0xa0 PCA9685/PCA9685.o
 .debug_aranges
                0x00000490       0x30 PCA9685/TwiServoController.o
 .debug_aranges
                0x000004c0       0x68 Peripherals/HardwareSerial.o
 .debug_aranges
                0x00000528       0x48 Peripherals/HardwareSerial0.o
 .debug_aranges
                0x00000570       0x48 Peripherals/HardwareSerial1.o
 .debug_aranges
                0x000005b8       0x48 Peripherals/HardwareSerial2.o
 .debug_aranges
                0x00000600       0x48 Peripherals/HardwareSerial3.o
 .debug_aranges
                0x00000648       0xa8 Peripherals/HardwareServo.o
 .debug_aranges
                0x000006f0       0x78 Peripherals/HardwareTimer.o
 .debug_aranges
                0x00000768       0x80 Peripherals/twi.o
 .debug_aranges
                0x000007e8       0xf8 Peripherals/Wire.o
 .debug_aranges
                0x000008e0       0x60 Robot.o
 .debug_aranges
                0x00000940       0x50 Sensors/ImuSensor.o
 .debug_aranges
                0x00000990       0x40 Sensors/PressureSensor.o
 .debug_aranges
                0x000009d0       0x40 TestIMU.o
 .debug_aranges
                0x00000a10       0xc8 Utils/Print.o

.debug_pubnames
 *(.debug_pubnames)

.debug_info     0x00000000    0x184b2
 *(.debug_info .gnu.linkonce.wi.*)
 .debug_info    0x00000000      0xbbc C:/Program Files (x86)/Atmel/Studio/7.0/Packs/atmel/ATmega_DFP/1.2.209/gcc/dev/atmega2560/avr6/crtatmega2560.o
 .debug_info    0x00000bbc     0x4250 BNO055/Adafruit_BNO055.o
 .debug_info    0x00004e0c      0x91c Commands.o
 .debug_info    0x00005728      0xfd8 EtherCardModified/enc28j60.o
 .debug_info    0x00006700      0x77b EtherCardModified/EtherCard.o
 .debug_info    0x00006e7b     0x10d6 EtherCardModified/tcpip.o
 .debug_info    0x00007f51      0x6de EtherCardModified/udpserver.o
 .debug_info    0x0000862f      0xa2a EtherCardModified/webutil.o
 .debug_info    0x00009059      0x984 EtherComm.o
 .debug_info    0x000099dd      0xd1f main.o
 .debug_info    0x0000a6fc      0xcbc MS5837/MS5837.o
 .debug_info    0x0000b3b8     0x109d PCA9685/PCA9685.o
 .debug_info    0x0000c455      0x6da PCA9685/TwiServoController.o
 .debug_info    0x0000cb2f      0xdbe Peripherals/HardwareSerial.o
 .debug_info    0x0000d8ed      0x989 Peripherals/HardwareSerial0.o
 .debug_info    0x0000e276      0x989 Peripherals/HardwareSerial1.o
 .debug_info    0x0000ebff      0x989 Peripherals/HardwareSerial2.o
 .debug_info    0x0000f588      0x98f Peripherals/HardwareSerial3.o
 .debug_info    0x0000ff17      0xaee Peripherals/HardwareServo.o
 .debug_info    0x00010a05      0x69b Peripherals/HardwareTimer.o
 .debug_info    0x000110a0      0x60a Peripherals/twi.o
 .debug_info    0x000116aa     0x163d Peripherals/Wire.o
 .debug_info    0x00012ce7     0x11bb Robot.o
 .debug_info    0x00013ea2     0x154a Sensors/ImuSensor.o
 .debug_info    0x000153ec     0x116b Sensors/PressureSensor.o
 .debug_info    0x00016557      0xd9b TestIMU.o
 .debug_info    0x000172f2     0x11c0 Utils/Print.o

.debug_abbrev   0x00000000     0x5bee
 *(.debug_abbrev)
 .debug_abbrev  0x00000000      0xb1a C:/Program Files (x86)/Atmel/Studio/7.0/Packs/atmel/ATmega_DFP/1.2.209/gcc/dev/atmega2560/avr6/crtatmega2560.o
 .debug_abbrev  0x00000b1a      0x5a8 BNO055/Adafruit_BNO055.o
 .debug_abbrev  0x000010c2      0x28b Commands.o
 .debug_abbrev  0x0000134d      0x3b9 EtherCardModified/enc28j60.o
 .debug_abbrev  0x00001706      0x180 EtherCardModified/EtherCard.o
 .debug_abbrev  0x00001886      0x379 EtherCardModified/tcpip.o
 .debug_abbrev  0x00001bff      0x1fd EtherCardModified/udpserver.o
 .debug_abbrev  0x00001dfc      0x315 EtherCardModified/webutil.o
 .debug_abbrev  0x00002111      0x247 EtherComm.o
 .debug_abbrev  0x00002358      0x33e main.o
 .debug_abbrev  0x00002696      0x362 MS5837/MS5837.o
 .debug_abbrev  0x000029f8      0x30c PCA9685/PCA9685.o
 .debug_abbrev  0x00002d04      0x236 PCA9685/TwiServoController.o
 .debug_abbrev  0x00002f3a      0x363 Peripherals/HardwareSerial.o
 .debug_abbrev  0x0000329d      0x2d8 Peripherals/HardwareSerial0.o
 .debug_abbrev  0x00003575      0x2d8 Peripherals/HardwareSerial1.o
 .debug_abbrev  0x0000384d      0x2d8 Peripherals/HardwareSerial2.o
 .debug_abbrev  0x00003b25      0x2d8 Peripherals/HardwareSerial3.o
 .debug_abbrev  0x00003dfd      0x1fb Peripherals/HardwareServo.o
 .debug_abbrev  0x00003ff8      0x236 Peripherals/HardwareTimer.o
 .debug_abbrev  0x0000422e      0x222 Peripherals/twi.o
 .debug_abbrev  0x00004450      0x428 Peripherals/Wire.o
 .debug_abbrev  0x00004878      0x4b6 Robot.o
 .debug_abbrev  0x00004d2e      0x4e7 Sensors/ImuSensor.o
 .debug_abbrev  0x00005215      0x3f5 Sensors/PressureSensor.o
 .debug_abbrev  0x0000560a      0x348 TestIMU.o
 .debug_abbrev  0x00005952      0x29c Utils/Print.o

.debug_line     0x00000000     0x6712
 *(.debug_line .debug_line.* .debug_line_end)
 .debug_line    0x00000000      0x1f9 C:/Program Files (x86)/Atmel/Studio/7.0/Packs/atmel/ATmega_DFP/1.2.209/gcc/dev/atmega2560/avr6/crtatmega2560.o
 .debug_line    0x000001f9      0xc47 BNO055/Adafruit_BNO055.o
 .debug_line    0x00000e40      0x1a6 Commands.o
 .debug_line    0x00000fe6      0x63a EtherCardModified/enc28j60.o
 .debug_line    0x00001620      0x16b EtherCardModified/EtherCard.o
 .debug_line    0x0000178b      0x808 EtherCardModified/tcpip.o
 .debug_line    0x00001f93      0x21d EtherCardModified/udpserver.o
 .debug_line    0x000021b0      0x474 EtherCardModified/webutil.o
 .debug_line    0x00002624      0x21b EtherComm.o
 .debug_line    0x0000283f      0x205 main.o
 .debug_line    0x00002a44      0x51a MS5837/MS5837.o
 .debug_line    0x00002f5e      0x521 PCA9685/PCA9685.o
 .debug_line    0x0000347f      0x218 PCA9685/TwiServoController.o
 .debug_line    0x00003697      0x51d Peripherals/HardwareSerial.o
 .debug_line    0x00003bb4      0x23c Peripherals/HardwareSerial0.o
 .debug_line    0x00003df0      0x23b Peripherals/HardwareSerial1.o
 .debug_line    0x0000402b      0x23a Peripherals/HardwareSerial2.o
 .debug_line    0x00004265      0x23a Peripherals/HardwareSerial3.o
 .debug_line    0x0000449f      0x2b1 Peripherals/HardwareServo.o
 .debug_line    0x00004750      0x2da Peripherals/HardwareTimer.o
 .debug_line    0x00004a2a      0x53e Peripherals/twi.o
 .debug_line    0x00004f68      0x58b Peripherals/Wire.o
 .debug_line    0x000054f3      0x3b4 Robot.o
 .debug_line    0x000058a7      0x381 Sensors/ImuSensor.o
 .debug_line    0x00005c28      0x2cc Sensors/PressureSensor.o
 .debug_line    0x00005ef4      0x333 TestIMU.o
 .debug_line    0x00006227      0x4eb Utils/Print.o

.debug_frame    0x00000000     0x2210
 *(.debug_frame)
 .debug_frame   0x00000000      0x470 BNO055/Adafruit_BNO055.o
 .debug_frame   0x00000470       0x64 Commands.o
 .debug_frame   0x000004d4      0x1b4 EtherCardModified/enc28j60.o
 .debug_frame   0x00000688       0x70 EtherCardModified/EtherCard.o
 .debug_frame   0x000006f8      0x240 EtherCardModified/tcpip.o
 .debug_frame   0x00000938       0xb8 EtherCardModified/udpserver.o
 .debug_frame   0x000009f0      0x14c EtherCardModified/webutil.o
 .debug_frame   0x00000b3c       0x8c EtherComm.o
 .debug_frame   0x00000bc8       0x34 main.o
 .debug_frame   0x00000bfc      0x1a4 MS5837/MS5837.o
 .debug_frame   0x00000da0      0x21c PCA9685/PCA9685.o
 .debug_frame   0x00000fbc       0x74 PCA9685/TwiServoController.o
 .debug_frame   0x00001030      0x104 Peripherals/HardwareSerial.o
 .debug_frame   0x00001134       0xec Peripherals/HardwareSerial0.o
 .debug_frame   0x00001220       0xec Peripherals/HardwareSerial1.o
 .debug_frame   0x0000130c       0xec Peripherals/HardwareSerial2.o
 .debug_frame   0x000013f8       0xec Peripherals/HardwareSerial3.o
 .debug_frame   0x000014e4      0x1ac Peripherals/HardwareServo.o
 .debug_frame   0x00001690      0x1e4 Peripherals/HardwareTimer.o
 .debug_frame   0x00001874      0x134 Peripherals/twi.o
 .debug_frame   0x000019a8      0x280 Peripherals/Wire.o
 .debug_frame   0x00001c28       0xa4 Robot.o
 .debug_frame   0x00001ccc       0xd4 Sensors/ImuSensor.o
 .debug_frame   0x00001da0       0xc0 Sensors/PressureSensor.o
 .debug_frame   0x00001e60       0xd0 TestIMU.o
 .debug_frame   0x00001f30      0x2e0 Utils/Print.o

.debug_str      0x00000000     0x683c
 *(.debug_str)
 .debug_str     0x00000000      0x3e6 C:/Program Files (x86)/Atmel/Studio/7.0/Packs/atmel/ATmega_DFP/1.2.209/gcc/dev/atmega2560/avr6/crtatmega2560.o
 .debug_str     0x000003e6     0x3160 BNO055/Adafruit_BNO055.o
                               0x32cd (size before relaxing)
 .debug_str     0x00003546      0x870 Commands.o
                                0xa73 (size before relaxing)
 .debug_str     0x00003db6      0x21f EtherCardModified/enc28j60.o
                                0x54d (size before relaxing)
 .debug_str     0x00003fd5       0xf7 EtherCardModified/EtherCard.o
                                0x8cb (size before relaxing)
 .debug_str     0x000040cc      0x1fe EtherCardModified/tcpip.o
                                0x9c4 (size before relaxing)
 .debug_str     0x000042ca       0x68 EtherCardModified/udpserver.o
                                0x843 (size before relaxing)
 .debug_str     0x00004332      0x124 EtherCardModified/webutil.o
                                0x930 (size before relaxing)
 .debug_str     0x00004456       0xfe EtherComm.o
                                0xa36 (size before relaxing)
 .debug_str     0x00004554      0x361 main.o
                                0xd9a (size before relaxing)
 .debug_str     0x000048b5      0x425 MS5837/MS5837.o
                                0x708 (size before relaxing)
 .debug_str     0x00004cda       0xb3 PCA9685/PCA9685.o
                                0x67c (size before relaxing)
 .debug_str     0x00004d8d       0x47 PCA9685/TwiServoController.o
                                0x542 (size before relaxing)
 .debug_str     0x00004dd4      0x7f5 Peripherals/HardwareSerial.o
                                0xa8f (size before relaxing)
 .debug_str     0x000055c9       0x89 Peripherals/HardwareSerial0.o
                                0x7cb (size before relaxing)
 .debug_str     0x00005652       0x52 Peripherals/HardwareSerial1.o
                                0x7cc (size before relaxing)
 .debug_str     0x000056a4       0x52 Peripherals/HardwareSerial2.o
                                0x7cc (size before relaxing)
 .debug_str     0x000056f6       0x52 Peripherals/HardwareSerial3.o
                                0x7cc (size before relaxing)
 .debug_str     0x00005748      0x37a Peripherals/HardwareServo.o
                                0x5e2 (size before relaxing)
 .debug_str     0x00005ac2       0x7a Peripherals/HardwareTimer.o
                                0x484 (size before relaxing)
 .debug_str     0x00005b3c      0x287 Peripherals/twi.o
                                0x37c (size before relaxing)
 .debug_str     0x00005dc3      0x3a0 Peripherals/Wire.o
                                0xc70 (size before relaxing)
 .debug_str     0x00006163      0x2c0 Robot.o
                                0xeca (size before relaxing)
 .debug_str     0x00006423       0xd6 Sensors/ImuSensor.o
                               0x13d5 (size before relaxing)
 .debug_str     0x000064f9       0xc0 Sensors/PressureSensor.o
                                0xee0 (size before relaxing)
 .debug_str     0x000065b9      0x10c TestIMU.o
                               0x14df (size before relaxing)
 .debug_str     0x000066c5      0x177 Utils/Print.o
                                0x4a3 (size before relaxing)

.debug_loc      0x00000000     0xbd7b
 *(.debug_loc)
 .debug_loc     0x00000000     0x2157 BNO055/Adafruit_BNO055.o
 .debug_loc     0x00002157      0x257 Commands.o
 .debug_loc     0x000023ae      0x955 EtherCardModified/enc28j60.o
 .debug_loc     0x00002d03      0x25f EtherCardModified/EtherCard.o
 .debug_loc     0x00002f62      0xa60 EtherCardModified/tcpip.o
 .debug_loc     0x000039c2      0x243 EtherCardModified/udpserver.o
 .debug_loc     0x00003c05      0x9be EtherCardModified/webutil.o
 .debug_loc     0x000045c3      0x486 EtherComm.o
 .debug_loc     0x00004a49       0x3f main.o
 .debug_loc     0x00004a88      0xed7 MS5837/MS5837.o
 .debug_loc     0x0000595f      0xe27 PCA9685/PCA9685.o
 .debug_loc     0x00006786      0x333 PCA9685/TwiServoController.o
 .debug_loc     0x00006ab9      0x4e0 Peripherals/HardwareSerial.o
 .debug_loc     0x00006f99      0x1ca Peripherals/HardwareSerial0.o
 .debug_loc     0x00007163      0x1ca Peripherals/HardwareSerial1.o
 .debug_loc     0x0000732d      0x1ca Peripherals/HardwareSerial2.o
 .debug_loc     0x000074f7      0x1ca Peripherals/HardwareSerial3.o
 .debug_loc     0x000076c1      0x71a Peripherals/HardwareServo.o
 .debug_loc     0x00007ddb      0x687 Peripherals/HardwareTimer.o
 .debug_loc     0x00008462      0x54a Peripherals/twi.o
 .debug_loc     0x000089ac      0xb3b Peripherals/Wire.o
 .debug_loc     0x000094e7      0x2cc Robot.o
 .debug_loc     0x000097b3      0x5e9 Sensors/ImuSensor.o
 .debug_loc     0x00009d9c      0x506 Sensors/PressureSensor.o
 .debug_loc     0x0000a2a2      0x4b9 TestIMU.o
 .debug_loc     0x0000a75b     0x1620 Utils/Print.o

.debug_macinfo
 *(.debug_macinfo)

.debug_weaknames
 *(.debug_weaknames)

.debug_funcnames
 *(.debug_funcnames)

.debug_typenames
 *(.debug_typenames)

.debug_varnames
 *(.debug_varnames)

.debug_pubtypes
 *(.debug_pubtypes)

.debug_ranges   0x00000000      0xa08
 *(.debug_ranges)
 .debug_ranges  0x00000000       0xd8 BNO055/Adafruit_BNO055.o
 .debug_ranges  0x000000d8       0x30 Commands.o
 .debug_ranges  0x00000108       0xc0 EtherCardModified/enc28j60.o
 .debug_ranges  0x000001c8       0x18 EtherCardModified/EtherCard.o
 .debug_ranges  0x000001e0       0xe0 EtherCardModified/tcpip.o
 .debug_ranges  0x000002c0       0x48 EtherCardModified/udpserver.o
 .debug_ranges  0x00000308       0x68 EtherCardModified/webutil.o
 .debug_ranges  0x00000370       0x28 EtherComm.o
 .debug_ranges  0x00000398       0x18 main.o
 .debug_ranges  0x000003b0       0x58 MS5837/MS5837.o
 .debug_ranges  0x00000408       0x90 PCA9685/PCA9685.o
 .debug_ranges  0x00000498       0x38 PCA9685/TwiServoController.o
 .debug_ranges  0x000004d0       0x58 Peripherals/HardwareSerial.o
 .debug_ranges  0x00000528       0x38 Peripherals/HardwareSerial0.o
 .debug_ranges  0x00000560       0x38 Peripherals/HardwareSerial1.o
 .debug_ranges  0x00000598       0x38 Peripherals/HardwareSerial2.o
 .debug_ranges  0x000005d0       0x38 Peripherals/HardwareSerial3.o
 .debug_ranges  0x00000608       0x98 Peripherals/HardwareServo.o
 .debug_ranges  0x000006a0       0x68 Peripherals/HardwareTimer.o
 .debug_ranges  0x00000708       0x70 Peripherals/twi.o
 .debug_ranges  0x00000778       0xe8 Peripherals/Wire.o
 .debug_ranges  0x00000860       0x50 Robot.o
 .debug_ranges  0x000008b0       0x40 Sensors/ImuSensor.o
 .debug_ranges  0x000008f0       0x30 Sensors/PressureSensor.o
 .debug_ranges  0x00000920       0x30 TestIMU.o
 .debug_ranges  0x00000950       0xb8 Utils/Print.o

.debug_macro
 *(.debug_macro)
OUTPUT(RovController.elf elf32-avr)
LOAD linker stubs
