Archive member included to satisfy reference by file (symbol)

c:/program files (x86)/atmel/studio/7.0/toolchain/avr8/avr8-gnu-toolchain/bin/../lib/gcc/avr/5.4.0/../../../../avr/lib/avr6\libm.a(addsf3.o)
                              MS5837/MS5837.o (__subsf3)
c:/program files (x86)/atmel/studio/7.0/toolchain/avr8/avr8-gnu-toolchain/bin/../lib/gcc/avr/5.4.0/../../../../avr/lib/avr6\libm.a(addsf3x.o)
                              c:/program files (x86)/atmel/studio/7.0/toolchain/avr8/avr8-gnu-toolchain/bin/../lib/gcc/avr/5.4.0/../../../../avr/lib/avr6\libm.a(addsf3.o) (__addsf3x)
c:/program files (x86)/atmel/studio/7.0/toolchain/avr8/avr8-gnu-toolchain/bin/../lib/gcc/avr/5.4.0/../../../../avr/lib/avr6\libm.a(cmpsf2.o)
                              PCA9685/PCA9685.o (__ltsf2)
c:/program files (x86)/atmel/studio/7.0/toolchain/avr8/avr8-gnu-toolchain/bin/../lib/gcc/avr/5.4.0/../../../../avr/lib/avr6\libm.a(divsf3.o)
                              BNO055/Adafruit_BNO055.o (__divsf3)
c:/program files (x86)/atmel/studio/7.0/toolchain/avr8/avr8-gnu-toolchain/bin/../lib/gcc/avr/5.4.0/../../../../avr/lib/avr6\libm.a(divsf3x.o)
                              c:/program files (x86)/atmel/studio/7.0/toolchain/avr8/avr8-gnu-toolchain/bin/../lib/gcc/avr/5.4.0/../../../../avr/lib/avr6\libm.a(divsf3.o) (__divsf3x)
c:/program files (x86)/atmel/studio/7.0/toolchain/avr8/avr8-gnu-toolchain/bin/../lib/gcc/avr/5.4.0/../../../../avr/lib/avr6\libm.a(fixunssfsi.o)
                              PCA9685/PCA9685.o (__fixunssfsi)
c:/program files (x86)/atmel/studio/7.0/toolchain/avr8/avr8-gnu-toolchain/bin/../lib/gcc/avr/5.4.0/../../../../avr/lib/avr6\libm.a(floatsisf.o)
                              PCA9685/PCA9685.o (__floatunsisf)
c:/program files (x86)/atmel/studio/7.0/toolchain/avr8/avr8-gnu-toolchain/bin/../lib/gcc/avr/5.4.0/../../../../avr/lib/avr6\libm.a(fp_cmp.o)
                              c:/program files (x86)/atmel/studio/7.0/toolchain/avr8/avr8-gnu-toolchain/bin/../lib/gcc/avr/5.4.0/../../../../avr/lib/avr6\libm.a(cmpsf2.o) (__fp_cmp)
c:/program files (x86)/atmel/studio/7.0/toolchain/avr8/avr8-gnu-toolchain/bin/../lib/gcc/avr/5.4.0/../../../../avr/lib/avr6\libm.a(fp_inf.o)
                              c:/program files (x86)/atmel/studio/7.0/toolchain/avr8/avr8-gnu-toolchain/bin/../lib/gcc/avr/5.4.0/../../../../avr/lib/avr6\libm.a(addsf3x.o) (__fp_inf)
c:/program files (x86)/atmel/studio/7.0/toolchain/avr8/avr8-gnu-toolchain/bin/../lib/gcc/avr/5.4.0/../../../../avr/lib/avr6\libm.a(fp_nan.o)
                              c:/program files (x86)/atmel/studio/7.0/toolchain/avr8/avr8-gnu-toolchain/bin/../lib/gcc/avr/5.4.0/../../../../avr/lib/avr6\libm.a(addsf3x.o) (__fp_nan)
c:/program files (x86)/atmel/studio/7.0/toolchain/avr8/avr8-gnu-toolchain/bin/../lib/gcc/avr/5.4.0/../../../../avr/lib/avr6\libm.a(fp_pscA.o)
                              c:/program files (x86)/atmel/studio/7.0/toolchain/avr8/avr8-gnu-toolchain/bin/../lib/gcc/avr/5.4.0/../../../../avr/lib/avr6\libm.a(addsf3x.o) (__fp_pscA)
c:/program files (x86)/atmel/studio/7.0/toolchain/avr8/avr8-gnu-toolchain/bin/../lib/gcc/avr/5.4.0/../../../../avr/lib/avr6\libm.a(fp_pscB.o)
                              c:/program files (x86)/atmel/studio/7.0/toolchain/avr8/avr8-gnu-toolchain/bin/../lib/gcc/avr/5.4.0/../../../../avr/lib/avr6\libm.a(addsf3x.o) (__fp_pscB)
c:/program files (x86)/atmel/studio/7.0/toolchain/avr8/avr8-gnu-toolchain/bin/../lib/gcc/avr/5.4.0/../../../../avr/lib/avr6\libm.a(fp_round.o)
                              c:/program files (x86)/atmel/studio/7.0/toolchain/avr8/avr8-gnu-toolchain/bin/../lib/gcc/avr/5.4.0/../../../../avr/lib/avr6\libm.a(addsf3.o) (__fp_round)
c:/program files (x86)/atmel/studio/7.0/toolchain/avr8/avr8-gnu-toolchain/bin/../lib/gcc/avr/5.4.0/../../../../avr/lib/avr6\libm.a(fp_split3.o)
                              c:/program files (x86)/atmel/studio/7.0/toolchain/avr8/avr8-gnu-toolchain/bin/../lib/gcc/avr/5.4.0/../../../../avr/lib/avr6\libm.a(addsf3x.o) (__fp_split3)
c:/program files (x86)/atmel/studio/7.0/toolchain/avr8/avr8-gnu-toolchain/bin/../lib/gcc/avr/5.4.0/../../../../avr/lib/avr6\libm.a(fp_zero.o)
                              c:/program files (x86)/atmel/studio/7.0/toolchain/avr8/avr8-gnu-toolchain/bin/../lib/gcc/avr/5.4.0/../../../../avr/lib/avr6\libm.a(addsf3x.o) (__fp_zero)
c:/program files (x86)/atmel/studio/7.0/toolchain/avr8/avr8-gnu-toolchain/bin/../lib/gcc/avr/5.4.0/../../../../avr/lib/avr6\libm.a(gesf2.o)
                              PCA9685/PCA9685.o (__gtsf2)
c:/program files (x86)/atmel/studio/7.0/toolchain/avr8/avr8-gnu-toolchain/bin/../lib/gcc/avr/5.4.0/../../../../avr/lib/avr6\libm.a(mulsf3.o)
                              BNO055/Adafruit_BNO055.o (__mulsf3)
c:/program files (x86)/atmel/studio/7.0/toolchain/avr8/avr8-gnu-toolchain/bin/../lib/gcc/avr/5.4.0/../../../../avr/lib/avr6\libm.a(mulsf3x.o)
[...]
Memory Configuration

Name             Origin             Length             Attributes
text             0x00000000         0x00100000         xr
data             0x00800200         0x0000fe00         rw !x
eeprom           0x00810000         0x00010000         rw !x
fuse             0x00820000         0x00000003         rw !x
lock             0x00830000         0x00000400         rw !x
signature        0x00840000         0x00000400         rw !x
user_signatures  0x00850000         0x00000400         rw !x
*default*        0x00000000         0xffffffff

Linker script and memory map

Address of section .data set to 0x800200
LOAD C:/Program Files (x86)/Atmel/Studio/7.0/Packs/atmel/ATmega_DFP/1.2.209/gcc/dev/atmega2560/avr6/crtatmega2560.o
LOAD BNO055/Adafruit_BNO055.o
LOAD BNO055/Adafruit_Sensor.o
LOAD Commands.o
LOAD EtherCardModified/enc28j60.o
LOAD EtherCardModified/EtherCard.o
LOAD EtherCardModified/tcpip.o
LOAD EtherCardModified/udpserver.o
LOAD EtherCardModified/webutil.o
LOAD EtherComm.o
LOAD main.o
LOAD MS5837/MS5837.o
LOAD PCA9685/PCA9685.o
LOAD PCA9685/TwiServoController.o
LOAD Peripherals/HardwareSerial.o
LOAD Peripherals/HardwareSerial0.o
LOAD Peripherals/HardwareSerial1.o
LOAD Peripherals/HardwareSerial2.o
LOAD Peripherals/HardwareSerial3.o
LOAD Peripherals/HardwareServo.o
LOAD Peripherals/HardwareTimer.o
LOAD Peripherals/twi.o
LOAD Peripherals/Wire.o
LOAD Robot.o
LOAD Sensors/ImuSensor.o
LOAD TestIMU.o
LOAD Utils/Print.o
LOAD Utils/Stream.o
START GROUP
LOAD c:/program files (x86)/atmel/studio/7.0/toolchain/avr8/avr8-gnu-toolchain/bin/../lib/gcc/avr/5.4.0/../../../../avr/lib/avr6\libm.a
END GROUP
LOAD c:/program files (x86)/atmel/studio/7.0/toolchain/avr8/avr8-gnu-toolchain/bin/../lib/gcc/avr/5.4.0/avr6\libgcc.a
LOAD c:/program files (x86)/atmel/studio/7.0/toolchain/avr8/avr8-gnu-toolchain/bin/../lib/gcc/avr/5.4.0/../../../../avr/lib/avr6\libm.a
START GROUP
LOAD c:/program files (x86)/atmel/studio/7.0/toolchain/avr8/avr8-gnu-toolchain/bin/../lib/gcc/avr/5.4.0/avr6\libgcc.a
LOAD c:/program files (x86)/atmel/studio/7.0/toolchain/avr8/avr8-gnu-toolchain/bin/../lib/gcc/avr/5.4.0/../../../../avr/lib/avr6\libm.a
LOAD c:/program files (x86)/atmel/studio/7.0/toolchain/avr8/avr8-gnu-toolchain/bin/../lib/gcc/avr/5.4.0/../../../../avr/lib/avr6\libc.a
LOAD C:/Program Files (x86)/Atmel/Studio/7.0/Packs/atmel/ATmega_DFP/1.2.209/gcc/dev/atmega2560/avr6\libatmega2560.a
END GROUP
                0x00100000                __TEXT_REGION_LENGTH__ = DEFINED (__TEXT_REGION_LENGTH__)?__TEXT_REGION_LENGTH__:0x100000
                0x0000fe00                __DATA_REGION_LENGTH__ = DEFINED (__DATA_REGION_LENGTH__)?__DATA_REGION_LENGTH__:0xfe00
                0x00010000                __EEPROM_REGION_LENGTH__ = DEFINED (__EEPROM_REGION_LENGTH__)?__EEPROM_REGION_LENGTH__:0x10000
                [0x00000003]                __FUSE_REGION_LENGTH__ = DEFINED (__FUSE_REGION_LENGTH__)?__FUSE_REGION_LENGTH__:0x400
                0x00000400                __LOCK_REGION_LENGTH__ = DEFINED (__LOCK_REGION_LENGTH__)?__LOCK_REGION_LENGTH__:0x400
                0x00000400                __SIGNATURE_REGION_LENGTH__ = DEFINED (__SIGNATURE_REGION_LENGTH__)?__SIGNATURE_REGION_LENGTH__:0x400
                0x00000400                __USER_SIGNATURE_REGION_LENGTH__ = DEFINED (__USER_SIGNATURE_REGION_LENGTH__)?__USER_SIGNATURE_REGION_LENGTH__:0x400

.hash
 *(.hash)

.dynsym
 *(.dynsym)

.dynstr
 *(.dynstr)

.gnu.version
 *(.gnu.version)

.gnu.version_d
 *(.gnu.version_d)

.gnu.version_r
 *(.gnu.version_r)

.rel.init
 *(.rel.init)

.rela.init
 *(.rela.init)

.rel.text
 *(.rel.text)
 *(.rel.text.*)
 *(.rel.gnu.linkonce.t*)

.rela.text
 *(.rela.text)
 *(.rela.text.*)
 *(.rela.gnu.linkonce.t*)

.rel.fini
 *(.rel.fini)

.rela.fini
 *(.rela.fini)

.rel.rodata
 *(.rel.rodata)
 *(.rel.rodata.*)
 *(.rel.gnu.linkonce.r*)

.rela.rodata
 *(.rela.rodata)
 *(.rela.rodata.*)
 *(.rela.gnu.linkonce.r*)

.rel.data
 *(.rel.data)
 *(.rel.data.*)
 *(.rel.gnu.linkonce.d*)

.rela.data
 *(.rela.data)
 *(.rela.data.*)
 *(.rela.gnu.linkonce.d*)

.rel.ctors
 *(.rel.ctors)

.rela.ctors
 *(.rela.ctors)

.rel.dtors
 *(.rel.dtors)

.rela.dtors
 *(.rela.dtors)

.rel.got
 *(.rel.got)

.rela.got
 *(.rela.got)

.rel.bss
 *(.rel.bss)

.rela.bss
 *(.rela.bss)

.rel.plt
 *(.rel.plt)

.rela.plt
 *(.rela.plt)

.text           0x00000000     0x3038
 *(.vectors)
 .vectors       0x00000000       0xe4 C:/Program Files (x86)/Atmel/Studio/7.0/Packs/atmel/ATmega_DFP/1.2.209/gcc/dev/atmega2560/avr6/crtatmega2560.o
                0x00000000                __vector_default
                0x00000000                __vectors
 *(.vectors)
 *(.progmem.gcc*)
 .progmem.gcc_sw_table.__vector_39
                0x000000e4      0x192 Peripherals/twi.o
                0x00000276                . = ALIGN (0x2)
                0x00000276                __trampolines_start = .
 *(.trampolines)
 .trampolines   0x00000276        0x0 linker stubs
 *(.trampolines*)
                0x00000276                __trampolines_end = .
 *libprintf_flt.a:*(.progmem.data)
 *libc.a:*(.progmem.data)
 *(.progmem*)
 .progmem.data._ZL5iphdr
                0x00000276        0x9 EtherCardModified/tcpip.o
 .progmem.data._ZL9arpreqhdr
                0x0000027f        0x8 EtherCardModified/tcpip.o
                0x00000288                . = ALIGN (0x2)
 *fill*         0x00000287        0x1 
 *(.jumptables)
 *(.jumptables*)
 *(.lowtext)
 *(.lowtext*)
                0x00000288                __ctors_start = .
 *(.ctors)
 .ctors         0x00000288        0x2 Commands.o
 .ctors         0x0000028a        0x2 main.o
 .ctors         0x0000028c        0x2 Peripherals/HardwareSerial0.o
 .ctors         0x0000028e        0x2 Peripherals/HardwareSerial1.o
 .ctors         0x00000290        0x2 Peripherals/HardwareSerial2.o
 .ctors         0x00000292        0x2 Peripherals/HardwareSerial3.o
 .ctors         0x00000294        0x2 Peripherals/HardwareServo.o
 .ctors         0x00000296        0x2 Peripherals/HardwareTimer.o
 .ctors         0x00000298        0x2 Peripherals/Wire.o
 .ctors         0x0000029a        0x2 Robot.o
 .ctors         0x0000029c        0x2 Sensors/ImuSensor.o
 .ctors         0x0000029e        0x2 TestIMU.o
                0x000002a0                __ctors_end = .
                0x000002a0                __dtors_start = .
 *(.dtors)
                0x000002a0                __dtors_end = .
 SORT(*)(.ctors)
 SORT(*)(.dtors)
 *(.init0)
 .init0         0x000002a0        0x0 C:/Program Files (x86)/Atmel/Studio/7.0/Packs/atmel/ATmega_DFP/1.2.209/gcc/dev/atmega2560/avr6/crtatmega2560.o
                0x000002a0                __init
 *(.init0)
 *(.init1)
 *(.init1)
 *(.init2)
 .init2         0x000002a0       0x10 C:/Program Files (x86)/Atmel/Studio/7.0/Packs/atmel/ATmega_DFP/1.2.209/gcc/dev/atmega2560/avr6/crtatmega2560.o
 *(.init2)
 *(.init3)
 *(.init3)
 *(.init4)
 .init4         0x000002b0       0x1a c:/program files (x86)/atmel/studio/7.0/toolchain/avr8/avr8-gnu-toolchain/bin/../lib/gcc/avr/5.4.0/avr6\libgcc.a(_copy_data.o)
                0x000002b0                __do_copy_data
 .init4         0x000002ca       0x10 c:/program files (x86)/atmel/studio/7.0/toolchain/avr8/avr8-gnu-toolchain/bin/../lib/gcc/avr/5.4.0/avr6\libgcc.a(_clear_bss.o)
                0x000002ca                __do_clear_bss
 *(.init4)
 *(.init5)
 *(.init5)
 *(.init6)
 .init6         0x000002da       0x20 c:/program files (x86)/atmel/studio/7.0/toolchain/avr8/avr8-gnu-toolchain/bin/../lib/gcc/avr/5.4.0/avr6\libgcc.a(_ctors.o)
                0x000002da                __do_global_ctors
 *(.init6)
 *(.init7)
 *(.init7)
 *(.init8)
 *(.init8)
 *(.init9)
 .init9         0x000002fa        0x8 C:/Program Files (x86)/Atmel/Studio/7.0/Packs/atmel/ATmega_DFP/1.2.209/gcc/dev/atmega2560/avr6/crtatmega2560.o
 *(.init9)
 *(.text)
 .text          0x00000302        0x2 C:/Program Files (x86)/Atmel/Studio/7.0/Packs/atmel/ATmega_DFP/1.2.209/gcc/dev/atmega2560/avr6/crtatmega2560.o
                0x00000302                __vector_38
                0x00000302                __vector_22
                0x00000302                __vector_28
                0x00000302                __vector_1
                0x00000302                __vector_32
                0x00000302                __vector_34
                0x00000302                __vector_24
                0x00000302                __vector_12
                0x00000302                __vector_46
                0x00000302                __bad_interrupt
                0x00000302                __vector_6
                0x00000302                __vector_31
                0x00000302                __vector_35
                0x00000302                __vector_3
                0x00000302                __vector_23
                0x00000302                __vector_30
                0x00000302                __vector_45
                0x00000302                __vector_11
                0x00000302                __vector_17
                0x00000302                __vector_19
                0x00000302                __vector_56
                0x00000302                __vector_7
                0x00000302                __vector_49
                0x00000302                __vector_41
                0x00000302                __vector_43
                0x00000302                __vector_27
                0x00000302                __vector_5
                0x00000302                __vector_33
                0x00000302                __vector_47
                0x00000302                __vector_4
                0x00000302                __vector_44
                0x00000302                __vector_9
                0x00000302                __vector_2
                0x00000302                __vector_15
                0x00000302                __vector_29
                0x00000302                __vector_40
                0x00000302                __vector_8
                0x00000302                __vector_48
                0x00000302                __vector_14
                0x00000302                __vector_53
                0x00000302                __vector_10
                0x00000302                __vector_50
                0x00000302                __vector_16
                0x00000302                __vector_18
                0x00000302                __vector_20
                0x00000302                __vector_42
                0x00000304                . = ALIGN (0x2)
 *(.text.*)
 .text._ZN15Adafruit_Sensor15enableAutoRangeEb
                0x00000304        0x2 BNO055/Adafruit_BNO055.o
                0x00000304                _ZN15Adafruit_Sensor15enableAutoRangeEb
 .text._ZN15Adafruit_BNO0559getSensorEP8sensor_t
                0x00000306       0x8a BNO055/Adafruit_BNO055.o
                0x00000306                _ZN15Adafruit_BNO0559getSensorEP8sensor_t
 .text._ZN15Adafruit_BNO055C2ElhP7TwoWire
                0x00000390       0x22 BNO055/Adafruit_BNO055.o
                0x00000390                _ZN15Adafruit_BNO055C1ElhP7TwoWire
                0x00000390                _ZN15Adafruit_BNO055C2ElhP7TwoWire
 .text._ZN15Adafruit_BNO0556write8ENS_21adafruit_bno055_reg_tEh
                0x000003b2       0x54 BNO055/Adafruit_BNO055.o
                0x000003b2                _ZN15Adafruit_BNO0556write8ENS_21adafruit_bno055_reg_tEh
 .text._ZN15Adafruit_BNO0557setModeENS_24adafruit_bno055_opmode_tE
                0x00000406       0x1e BNO055/Adafruit_BNO055.o
                0x00000406                _ZN15Adafruit_BNO0557setModeENS_24adafruit_bno055_opmode_tE
 .text._ZN15Adafruit_BNO0555read8ENS_21adafruit_bno055_reg_tE
                0x00000424       0x56 BNO055/Adafruit_BNO055.o
                0x00000424                _ZN15Adafruit_BNO0555read8ENS_21adafruit_bno055_reg_tE
 .text._ZN15Adafruit_BNO0555beginENS_24adafruit_bno055_opmode_tE
                0x0000047a       0xda BNO055/Adafruit_BNO055.o
                0x0000047a                _ZN15Adafruit_BNO0555beginENS_24adafruit_bno055_opmode_tE
 .text._ZN15Adafruit_BNO0557getTempEv
                0x00000554        0x6 BNO055/Adafruit_BNO055.o
                0x00000554                _ZN15Adafruit_BNO0557getTempEv
 .text._ZN15Adafruit_BNO0557readLenENS_21adafruit_bno055_reg_tEPhh
                0x0000055a       0xa6 BNO055/Adafruit_BNO055.o
                0x0000055a                _ZN15Adafruit_BNO0557readLenENS_21adafruit_bno055_reg_tEPhh
 .text._ZN15Adafruit_BNO0559getVectorENS_22adafruit_vector_type_tE
                0x00000600      0x32c BNO055/Adafruit_BNO055.o
                0x00000600                _ZN15Adafruit_BNO0559getVectorENS_22adafruit_vector_type_tE
 .text._ZN15Adafruit_BNO0558getEventEP15sensors_event_t
                0x0000092c       0xae BNO055/Adafruit_BNO055.o
                0x0000092c                _ZN15Adafruit_BNO0558getEventEP15sensors_event_t
 .text._Z14RunPingCommandPKhh
                0x000009da       0x18 Commands.o
                0x000009da                _Z14RunPingCommandPKhh
 .text._Z14RunEchoCommandPKhh
                0x000009f2       0x26 Commands.o
                0x000009f2                _Z14RunEchoCommandPKhh
 .text._Z13RunLedCommandPKhh
                0x00000a18       0x1a Commands.o
                0x00000a18                _Z13RunLedCommandPKhh
 .text._ZN9EtherComm15CommandReceivedEhPKhh
                0x00000a32       0x34 Commands.o
                0x00000a32                _ZN9EtherComm15CommandReceivedEhPKhh
 .text._GLOBAL__sub_I__Z14RunPingCommandPKhh
                0x00000a66       0x14 Commands.o
 .text._ZL10enableChipv
                0x00000a7a       0x16 EtherCardModified/enc28j60.o
 .text._ZL11disableChipv
                0x00000a90       0x14 EtherCardModified/enc28j60.o
 .text._ZL6readOphh
                0x00000aa4       0x40 EtherCardModified/enc28j60.o
 .text._ZL7writeOphhh
                0x00000ae4       0x30 EtherCardModified/enc28j60.o
 .text._ZL7readBufjPh
                0x00000b14       0x44 EtherCardModified/enc28j60.o
 .text._ZL7SetBankh
                0x00000b58       0x4a EtherCardModified/enc28j60.o
 .text._ZL11readRegByteh
                0x00000ba2       0x10 EtherCardModified/enc28j60.o
 .text._ZL12writeRegBytehh
                0x00000bb2       0x18 EtherCardModified/enc28j60.o
 .text._ZL8writeReghj
                0x00000bca       0x18 EtherCardModified/enc28j60.o
 .text._ZN8ENC28J607initSPIERVh
                0x00000be2       0x24 EtherCardModified/enc28j60.o
                0x00000be2                _ZN8ENC28J607initSPIERVh
 .text._ZN8ENC28J6010initializeEjPKhRVhS3_h
                0x00000c06      0x100 EtherCardModified/enc28j60.o
                0x00000c06                _ZN8ENC28J6010initializeEjPKhRVhS3_h
 .text._ZN8ENC28J608isLinkUpEv
                0x00000d06       0x26 EtherCardModified/enc28j60.o
                0x00000d06                _ZN8ENC28J608isLinkUpEv
 .text._ZN8ENC28J6010packetSendEj
                0x00000d2c       0xf2 EtherCardModified/enc28j60.o
                0x00000d2c                _ZN8ENC28J6010packetSendEj
 .text._ZN8ENC28J6013packetReceiveEv
                0x00000e1e       0xca EtherCardModified/enc28j60.o
                0x00000e1e                _ZN8ENC28J6013packetReceiveEv
 .text._ZN9EtherCard5beginEPKhRVhS3_h
                0x00000ee8       0x32 EtherCardModified/EtherCard.o
                0x00000ee8                _ZN9EtherCard5beginEPKhRVhS3_h
 .text._ZN9EtherCard11staticSetupEPKhS1_S1_S1_
                0x00000f1a       0x5c EtherCardModified/EtherCard.o
                0x00000f1a                _ZN9EtherCard11staticSetupEPKhS1_S1_S1_
 .text._ZL13fill_checksumhhjh
                0x00000f76       0xe2 EtherCardModified/tcpip.o
 .text._ZL6is_lanPKhS0_
                0x00001058       0x54 EtherCardModified/tcpip.o
 .text._ZL20fill_ip_hdr_checksumv
                0x000010ac       0x1e EtherCardModified/tcpip.o
 .text._ZL7setMACsPKh
                0x000010ca       0x14 EtherCardModified/tcpip.o
 .text._ZL11make_eth_ipv
                0x000010de       0x1e EtherCardModified/tcpip.o
 .text._ZL12setMACandIPsPKhS0_
                0x000010fc       0x20 EtherCardModified/tcpip.o
 .text._ZL16client_store_macPhS_
                0x0000111c       0x2c EtherCardModified/tcpip.o
 .text._ZL17client_arp_whohasPh
                0x00001148       0x60 EtherCardModified/tcpip.o
 .text._ZN9EtherCard10udpPrepareEjPKhj
                0x000011a8       0xa4 EtherCardModified/tcpip.o
                0x000011a8                _ZN9EtherCard10udpPrepareEjPKhj
 .text._ZN9EtherCard11udpTransmitEj
                0x0000124c       0x40 EtherCardModified/tcpip.o
                0x0000124c                _ZN9EtherCard11udpTransmitEj
 .text._ZN9EtherCard7sendUdpEPKhjjS1_j
                0x0000128c       0x30 EtherCardModified/tcpip.o
                0x0000128c                _ZN9EtherCard7sendUdpEPKhjjS1_j
 .text._ZN9EtherCard7setGwIpEPKh
                0x000012bc       0x18 EtherCardModified/tcpip.o
                0x000012bc                _ZN9EtherCard7setGwIpEPKh
 .text._ZN9EtherCard22updateBroadcastAddressEv
                0x000012d4       0x2a EtherCardModified/tcpip.o
                0x000012d4                _ZN9EtherCard22updateBroadcastAddressEv
 .text._ZN9EtherCard10packetLoopEj
                0x000012fe      0x272 EtherCardModified/tcpip.o
                0x000012fe                _ZN9EtherCard10packetLoopEj
 .text._ZN9EtherCard21udpServerListenOnPortEPFvjPhjPKcjEj
                0x00001570       0x34 EtherCardModified/udpserver.o
                0x00001570                _ZN9EtherCard21udpServerListenOnPortEPFvjPhjPKcjEj
 .text._ZN9EtherCard18udpServerListeningEv
                0x000015a4        0xe EtherCardModified/udpserver.o
                0x000015a4                _ZN9EtherCard18udpServerListeningEv
 .text._ZN9EtherCard27udpServerHasProcessedPacketEj
                0x000015b2       0xc6 EtherCardModified/udpserver.o
                0x000015b2                _ZN9EtherCard27udpServerHasProcessedPacketEj
 .text._ZN9EtherCard6copyIpEPhPKh
                0x00001678       0x1a EtherCardModified/webutil.o
                0x00001678                _ZN9EtherCard6copyIpEPhPKh
 .text._ZN9EtherCard7copyMacEPhPKh
                0x00001692       0x10 EtherCardModified/webutil.o
                0x00001692                _ZN9EtherCard7copyMacEPhPKh
 .text._ZN9EtherComm13CheckChecksumEPKch
                0x000016a2       0x38 EtherComm.o
                0x000016a2                _ZN9EtherComm13CheckChecksumEPKch
 .text._Z10udpReceivejPhjPKcj
                0x000016da       0x42 EtherComm.o
                0x000016da                _Z10udpReceivejPhjPKcj
 .text._ZN9EtherComm5beginEjjRVhS1_h
                0x0000171c       0x52 EtherComm.o
                0x0000171c                _ZN9EtherComm5beginEjjRVhS1_h
 .text._ZN9EtherComm11SendCommandEhh
                0x0000176e       0x84 EtherComm.o
                0x0000176e                _ZN9EtherComm11SendCommandEhh
 .text.main     0x000017f2       0x7c main.o
                0x000017f2                main
 .text._GLOBAL__sub_I_dir
                0x0000186e        0xa main.o
 .text._ZN7PCA9685C2Eh
                0x00001878        0x6 PCA9685/PCA9685.o
                0x00001878                _ZN7PCA9685C1Eh
                0x00001878                _ZN7PCA9685C2Eh
 .text._ZN18TwiServoControllerC2Eh
                0x0000187e        0x4 PCA9685/TwiServoController.o
                0x0000187e                _ZN18TwiServoControllerC1Eh
                0x0000187e                _ZN18TwiServoControllerC2Eh
 .text._ZN14HardwareSerial9availableEv
                0x00001882       0x18 Peripherals/HardwareSerial.o
                0x00001882                _ZN14HardwareSerial9availableEv
 .text._ZN14HardwareSerial4peekEv
                0x0000189a       0x1c Peripherals/HardwareSerial.o
                0x0000189a                _ZN14HardwareSerial4peekEv
 .text._ZN14HardwareSerial4readEv
                0x000018b6       0x28 Peripherals/HardwareSerial.o
                0x000018b6                _ZN14HardwareSerial4readEv
 .text._ZN14HardwareSerial17availableForWriteEv
                0x000018de       0x24 Peripherals/HardwareSerial.o
                0x000018de                _ZN14HardwareSerial17availableForWriteEv
 .text._ZN14HardwareSerial17_tx_udr_empty_irqEv
                0x00001902       0x56 Peripherals/HardwareSerial.o
                0x00001902                _ZN14HardwareSerial17_tx_udr_empty_irqEv
 .text._ZN14HardwareSerial5flushEv
                0x00001958       0x46 Peripherals/HardwareSerial.o
                0x00001958                _ZN14HardwareSerial5flushEv
 .text._ZN14HardwareSerial5writeEh
                0x0000199e       0xa8 Peripherals/HardwareSerial.o
                0x0000199e                _ZN14HardwareSerial5writeEh
 .text._ZN14HardwareSerial5beginEmh
                0x00001a46       0xca Peripherals/HardwareSerial.o
                0x00001a46                _ZN14HardwareSerial5beginEmh
 .text._ZN5Print17availableForWriteEv
                0x00001b10        0x6 Peripherals/HardwareSerial0.o
                0x00001b10                _ZN5Print17availableForWriteEv
 .text.__vector_25
                0x00001b16       0x78 Peripherals/HardwareSerial0.o
                0x00001b16                __vector_25
 .text.__vector_26
                0x00001b8e       0x52 Peripherals/HardwareSerial0.o
                0x00001b8e                __vector_26
 .text._GLOBAL__sub_I___vector_25
                0x00001be0       0x46 Peripherals/HardwareSerial0.o
 .text.__vector_36
                0x00001c26       0x78 Peripherals/HardwareSerial1.o
                0x00001c26                __vector_36
 .text.__vector_37
                0x00001c9e       0x52 Peripherals/HardwareSerial1.o
                0x00001c9e                __vector_37
 .text._GLOBAL__sub_I___vector_36
                0x00001cf0       0x46 Peripherals/HardwareSerial1.o
 .text.__vector_51
                0x00001d36       0x78 Peripherals/HardwareSerial2.o
                0x00001d36                __vector_51
 .text.__vector_52
                0x00001dae       0x52 Peripherals/HardwareSerial2.o
                0x00001dae                __vector_52
 .text._GLOBAL__sub_I___vector_51
                0x00001e00       0x46 Peripherals/HardwareSerial2.o
 .text.__vector_54
                0x00001e46       0x78 Peripherals/HardwareSerial3.o
                0x00001e46                __vector_54
 .text.__vector_55
                0x00001ebe       0x52 Peripherals/HardwareSerial3.o
                0x00001ebe                __vector_55
 .text._GLOBAL__sub_I___vector_54
                0x00001f10       0x46 Peripherals/HardwareSerial3.o
 .text._GLOBAL__sub_I__ZN13HardwareServoC2ERVjRVhS3_S1_S1_S1_S3_hhh
                0x00001f56      0x17c Peripherals/HardwareServo.o
 .text._ZN13HardwareTimer14isr_timer_compEv
                0x000020d2        0xe Peripherals/HardwareTimer.o
                0x000020d2                _ZN13HardwareTimer14isr_timer_compEv
 .text.__vector_21
                0x000020e0       0x52 Peripherals/HardwareTimer.o
                0x000020e0                __vector_21
 .text.__vector_13
                0x00002132       0x52 Peripherals/HardwareTimer.o
                0x00002132                __vector_13
 .text._GLOBAL__sub_I__ZN13HardwareTimerC2ERVhS1_S1_S1_S1_
                0x00002184       0x5a Peripherals/HardwareTimer.o
 .text.twi_init
                0x000021de       0x32 Peripherals/twi.o
                0x000021de                twi_init
 .text.twi_readFrom
                0x00002210       0xa4 Peripherals/twi.o
                0x00002210                twi_readFrom
 .text.twi_writeTo
                0x000022b4       0xc6 Peripherals/twi.o
                0x000022b4                twi_writeTo
 .text.twi_transmit
                0x0000237a       0x54 Peripherals/twi.o
                0x0000237a                twi_transmit
 .text.twi_attachSlaveRxEvent
                0x000023ce        0xa Peripherals/twi.o
                0x000023ce                twi_attachSlaveRxEvent
 .text.twi_attachSlaveTxEvent
                0x000023d8        0xa Peripherals/twi.o
                0x000023d8                twi_attachSlaveTxEvent
 .text.twi_stop
                0x000023e2       0x16 Peripherals/twi.o
                0x000023e2                twi_stop
 .text.twi_releaseBus
                0x000023f8        0xc Peripherals/twi.o
                0x000023f8                twi_releaseBus
 .text.__vector_39
                0x00002404      0x238 Peripherals/twi.o
                0x00002404                __vector_39
 .text._ZN7TwoWire9availableEv
                0x0000263c       0x10 Peripherals/Wire.o
                0x0000263c                _ZN7TwoWire9availableEv
 .text._ZN7TwoWire4readEv
                0x0000264c       0x28 Peripherals/Wire.o
                0x0000264c                _ZN7TwoWire4readEv
 .text._ZN7TwoWire4peekEv
                0x00002674       0x1e Peripherals/Wire.o
                0x00002674                _ZN7TwoWire4peekEv
 .text._ZN7TwoWire5flushEv
                0x00002692        0x2 Peripherals/Wire.o
                0x00002692                _ZN7TwoWire5flushEv
 .text._ZN7TwoWire16onReceiveServiceEPhi
                0x00002694       0x58 Peripherals/Wire.o
                0x00002694                _ZN7TwoWire16onReceiveServiceEPhi
 .text._ZN7TwoWire16onRequestServiceEv
                0x000026ec       0x18 Peripherals/Wire.o
                0x000026ec                _ZN7TwoWire16onRequestServiceEv
 .text._ZN7TwoWire5writeEh
                0x00002704       0x54 Peripherals/Wire.o
                0x00002704                _ZN7TwoWire5writeEh
 .text._ZN7TwoWire5writeEPKhj
                0x00002758       0x5e Peripherals/Wire.o
                0x00002758                _ZN7TwoWire5writeEPKhj
 .text._ZN7TwoWire5beginEv
                0x000027b6       0x20 Peripherals/Wire.o
                0x000027b6                _ZN7TwoWire5beginEv
 .text._ZN7TwoWire17beginTransmissionEh
                0x000027d6       0x14 Peripherals/Wire.o
                0x000027d6                _ZN7TwoWire17beginTransmissionEh
 .text._ZN7TwoWire15endTransmissionEh
                0x000027ea       0x24 Peripherals/Wire.o
                0x000027ea                _ZN7TwoWire15endTransmissionEh
 .text._ZN7TwoWire11requestFromEhhmhh
                0x0000280e       0xac Peripherals/Wire.o
                0x0000280e                _ZN7TwoWire11requestFromEhhmhh
 .text._ZN7TwoWire11requestFromEhhh
                0x000028ba       0x1e Peripherals/Wire.o
                0x000028ba                _ZN7TwoWire11requestFromEhhh
 .text._ZN7TwoWire11requestFromEhh
                0x000028d8        0x6 Peripherals/Wire.o
                0x000028d8                _ZN7TwoWire11requestFromEhh
 .text._ZN7TwoWire15endTransmissionEv
                0x000028de        0x6 Peripherals/Wire.o
                0x000028de                _ZN7TwoWire15endTransmissionEv
 .text._GLOBAL__sub_I__ZN7TwoWire8rxBufferE
                0x000028e4        0xe Peripherals/Wire.o
 .text._ZN9IReadable15CommandReceivedEhPKhh
                0x000028f2       0x20 Robot.o
                0x000028f2                _ZN9IReadable15CommandReceivedEhPKhh
 .text._ZN13DigitalSensor6UpdateEPh
                0x00002912        0x2 Robot.o
                0x00002912                _ZN13DigitalSensor6UpdateEPh
 .text._ZN13DigitalSensor21ReadRegisterRequestedEhPh
                0x00002914       0x42 Robot.o
                0x00002914                _ZN13DigitalSensor21ReadRegisterRequestedEhPh
 .text._ZN5Robot14RegisterDeviceEhP7IDevice
                0x00002956       0x2a Robot.o
                0x00002956                _ZN5Robot14RegisterDeviceEhP7IDevice
 .text._ZN13DigitalSensor5beginEv
                0x00002980        0xa Robot.o
                0x00002980                _ZN13DigitalSensor5beginEv
 .text._ZN5Robot6SetLedEb
                0x0000298a        0xc Robot.o
                0x0000298a                _ZN5Robot6SetLedEb
 .text._ZN5Robot15CommandReceivedEPKhh
                0x00002996       0x3a Robot.o
                0x00002996                _ZN5Robot15CommandReceivedEPKhh
 .text._GLOBAL__sub_I__ZN5Robot9registersE
                0x000029d0       0x34 Robot.o
 .text._ZN5Robot5beginEv
                0x00002a04       0x28 Robot.o
                0x00002a04                _ZN5Robot5beginEv
 .text._ZN5Robot4LoopEv
                0x00002a2c       0x14 Robot.o
                0x00002a2c                _ZN5Robot4LoopEv
 .text._ZN9ImuSensor6UpdateEPh
                0x00002a40        0x2 Sensors/ImuSensor.o
                0x00002a40                _ZN9ImuSensor6UpdateEPh
 .text._ZN9ImuSensor5beginEv
                0x00002a42       0x2a Sensors/ImuSensor.o
                0x00002a42                _ZN9ImuSensor5beginEv
 .text._ZN9ImuSensor21ReadRegisterRequestedEhPh
                0x00002a6c      0x144 Sensors/ImuSensor.o
                0x00002a6c                _ZN9ImuSensor21ReadRegisterRequestedEhPh
 .text._ZN9ImuSensorC2Ehh
                0x00002bb0       0x42 Sensors/ImuSensor.o
                0x00002bb0                _ZN9ImuSensorC1Ehh
                0x00002bb0                _ZN9ImuSensorC2Ehh
 .text._GLOBAL__sub_I__ZN9ImuSensorC2Ehh
                0x00002bf2       0x10 Sensors/ImuSensor.o
 .text._GLOBAL__sub_I_bno
                0x00002c02       0x20 TestIMU.o
 .text._ZN5Print5writeEPKhj
                0x00002c22       0x5e Utils/Print.o
                0x00002c22                _ZN5Print5writeEPKhj
 .text._ZN5Print5printEPKc
                0x00002c80       0x2c Utils/Print.o
                0x00002c80                _ZN5Print5printEPKc
 .text._ZN5Print7printlnEv
                0x00002cac       0x18 Utils/Print.o
                0x00002cac                _ZN5Print7printlnEv
 .text._ZN5Print7printlnEPKc
                0x00002cc4       0x20 Utils/Print.o
                0x00002cc4                _ZN5Print7printlnEPKc
 .text.avr-libc.fplib
                0x00002ce4        0x4 c:/program files (x86)/atmel/studio/7.0/toolchain/avr8/avr8-gnu-toolchain/bin/../lib/gcc/avr/5.4.0/../../../../avr/lib/avr6\libm.a(divsf3.o)
                0x00002ce4                __divsf3
 .text.avr-libc.fplib
                0x00002ce8       0xcc c:/program files (x86)/atmel/studio/7.0/toolchain/avr8/avr8-gnu-toolchain/bin/../lib/gcc/avr/5.4.0/../../../../avr/lib/avr6\libm.a(divsf3x.o)
                0x00002cfe                __divsf3x
                0x00002d02                __divsf3_pse
 .text.avr-libc.fplib
                0x00002db4       0x7a c:/program files (x86)/atmel/studio/7.0/toolchain/avr8/avr8-gnu-toolchain/bin/../lib/gcc/avr/5.4.0/../../../../avr/lib/avr6\libm.a(floatsisf.o)
                0x00002db4                __floatunsisf
                0x00002db8                __floatsisf
 .text.avr-libc.fplib
                0x00002e2e        0xc c:/program files (x86)/atmel/studio/7.0/toolchain/avr8/avr8-gnu-toolchain/bin/../lib/gcc/avr/5.4.0/../../../../avr/lib/avr6\libm.a(fp_inf.o)
                0x00002e2e                __fp_inf
 .text.avr-libc.fplib
                0x00002e3a        0x6 c:/program files (x86)/atmel/studio/7.0/toolchain/avr8/avr8-gnu-toolchain/bin/../lib/gcc/avr/5.4.0/../../../../avr/lib/avr6\libm.a(fp_nan.o)
                0x00002e3a                __fp_nan
 .text.avr-libc.fplib
                0x00002e40        0xe c:/program files (x86)/atmel/studio/7.0/toolchain/avr8/avr8-gnu-toolchain/bin/../lib/gcc/avr/5.4.0/../../../../avr/lib/avr6\libm.a(fp_pscA.o)
                0x00002e40                __fp_pscA
 .text.avr-libc.fplib
                0x00002e4e        0xe c:/program files (x86)/atmel/studio/7.0/toolchain/avr8/avr8-gnu-toolchain/bin/../lib/gcc/avr/5.4.0/../../../../avr/lib/avr6\libm.a(fp_pscB.o)
                0x00002e4e                __fp_pscB
 .text.avr-libc.fplib
                0x00002e5c       0x22 c:/program files (x86)/atmel/studio/7.0/toolchain/avr8/avr8-gnu-toolchain/bin/../lib/gcc/avr/5.4.0/../../../../avr/lib/avr6\libm.a(fp_round.o)
                0x00002e5c                __fp_round
 .text.avr-libc.fplib
                0x00002e7e       0x44 c:/program files (x86)/atmel/studio/7.0/toolchain/avr8/avr8-gnu-toolchain/bin/../lib/gcc/avr/5.4.0/../../../../avr/lib/avr6\libm.a(fp_split3.o)
                0x00002e7e                __fp_split3
                0x00002e8e                __fp_splitA
 .text.avr-libc.fplib
                0x00002ec2        0xe c:/program files (x86)/atmel/studio/7.0/toolchain/avr8/avr8-gnu-toolchain/bin/../lib/gcc/avr/5.4.0/../../../../avr/lib/avr6\libm.a(fp_zero.o)
                0x00002ec2                __fp_zero
                0x00002ec4                __fp_szero
 .text.avr-libc.fplib
                0x00002ed0        0x4 c:/program files (x86)/atmel/studio/7.0/toolchain/avr8/avr8-gnu-toolchain/bin/../lib/gcc/avr/5.4.0/../../../../avr/lib/avr6\libm.a(mulsf3.o)
                0x00002ed0                __mulsf3
 .text.avr-libc.fplib
                0x00002ed4       0xc2 c:/program files (x86)/atmel/studio/7.0/toolchain/avr8/avr8-gnu-toolchain/bin/../lib/gcc/avr/5.4.0/../../../../avr/lib/avr6\libm.a(mulsf3x.o)
                0x00002ee8                __mulsf3x
                0x00002eec                __mulsf3_pse
 .text.libgcc.div
                0x00002f96       0x44 c:/program files (x86)/atmel/studio/7.0/toolchain/avr8/avr8-gnu-toolchain/bin/../lib/gcc/avr/5.4.0/avr6\libgcc.a(_udivmodsi4.o)
                0x00002f96                __udivmodsi4
 .text.libgcc   0x00002fda       0x10 c:/program files (x86)/atmel/studio/7.0/toolchain/avr8/avr8-gnu-toolchain/bin/../lib/gcc/avr/5.4.0/avr6\libgcc.a(_tablejump2.o)
                0x00002fda                __tablejump2__
 .text.avr-libc
                0x00002fea       0x12 c:/program files (x86)/atmel/studio/7.0/toolchain/avr8/avr8-gnu-toolchain/bin/../lib/gcc/avr/5.4.0/../../../../avr/lib/avr6\libc.a(memcpy_P.o)
                0x00002fea                memcpy_P
 .text.avr-libc
                0x00002ffc       0x1a c:/program files (x86)/atmel/studio/7.0/toolchain/avr8/avr8-gnu-toolchain/bin/../lib/gcc/avr/5.4.0/../../../../avr/lib/avr6\libc.a(memcmp.o)
                0x00002ffc                memcmp
 .text.avr-libc
                0x00003016       0x1e c:/program files (x86)/atmel/studio/7.0/toolchain/avr8/avr8-gnu-toolchain/bin/../lib/gcc/avr/5.4.0/../../../../avr/lib/avr6\libc.a(strncpy.o)
                0x00003016                strncpy
                0x00003034                . = ALIGN (0x2)
 *(.fini9)
 .fini9         0x00003034        0x0 c:/program files (x86)/atmel/studio/7.0/toolchain/avr8/avr8-gnu-toolchain/bin/../lib/gcc/avr/5.4.0/avr6\libgcc.a(_exit.o)
                0x00003034                _exit
                0x00003034                exit
 *(.fini9)
 *(.fini8)
 *(.fini8)
 *(.fini7)
 *(.fini7)
 *(.fini6)
 *(.fini6)
 *(.fini5)
 *(.fini5)
 *(.fini4)
 *(.fini4)
 *(.fini3)
 *(.fini3)
 *(.fini2)
 *(.fini2)
 *(.fini1)
 *(.fini1)
 *(.fini0)
 .fini0         0x00003034        0x4 c:/program files (x86)/atmel/studio/7.0/toolchain/avr8/avr8-gnu-toolchain/bin/../lib/gcc/avr/5.4.0/avr6\libgcc.a(_exit.o)
 *(.fini0)
                0x00003038                _etext = .

.data           0x00800200       0xf6 load address 0x00003038
                0x00800200                PROVIDE (__data_start, .)
 *(.data)
 *(.data*)
 .data._ZN9EtherComm6bufferE
                0x00800200        0x2 EtherComm.o
                0x00800200                _ZN9EtherComm6bufferE
 .data._ZN9EtherComm7_destIPE
                0x00800202        0x4 EtherComm.o
                0x00800202                _ZN9EtherComm7_destIPE
 .data._ZN9EtherComm6_mymacE
                0x00800206        0x6 EtherComm.o
                0x00800206                _ZN9EtherComm6_mymacE
 .data._ZN9EtherComm5_gwipE
                0x0080020c        0x4 EtherComm.o
                0x0080020c                _ZN9EtherComm5_gwipE
 .data._ZN9EtherComm5_myipE
                0x00800210        0x4 EtherComm.o
                0x00800210                _ZN9EtherComm5_myipE
 *(.gnu.linkonce.d*)
 *(.rodata)
 *(.rodata*)
 .rodata.str1.1
                0x00800214        0x7 BNO055/Adafruit_BNO055.o
 .rodata._ZTV15Adafruit_BNO055
                0x0080021b        0xa BNO055/Adafruit_BNO055.o
                0x0080021b                _ZTV15Adafruit_BNO055
 .rodata.allOnes
                0x00800225        0x6 EtherCardModified/tcpip.o
                0x00800225                allOnes
 .rodata.str1.1
                0x0080022b       0x7f main.o
 .rodata._ZTV14HardwareSerial
                0x008002aa       0x12 Peripherals/HardwareSerial.o
                0x008002aa                _ZTV14HardwareSerial
 .rodata._ZTV7TwoWire
                0x008002bc       0x12 Peripherals/Wire.o
                0x008002bc                _ZTV7TwoWire
 .rodata._ZTV13DigitalSensor
                0x008002ce        0xc Robot.o
                0x008002ce                _ZTV13DigitalSensor
 .rodata._ZTV9ImuSensor
                0x008002da        0xc Sensors/ImuSensor.o
                0x008002da                _ZTV9ImuSensor
 .rodata.str1.1
                0x008002e6        0xf Utils/Print.o
 *(.gnu.linkonce.r*)
                0x008002f6                . = ALIGN (0x2)
 *fill*         0x008002f5        0x1 
                0x008002f6                _edata = .
                0x008002f6                PROVIDE (__data_end, .)

.bss            0x008002f6      0x6ad
                0x008002f6                PROVIDE (__bss_start, .)
 *(.bss)
 *(.bss*)
 .bss._ZL14SendDataBuffer
                0x008002f6        0x2 Commands.o
 .bss._ZZN8ENC28J6013packetReceiveEvE14gNextPacketPtr
                0x008002f8        0x2 EtherCardModified/enc28j60.o
 .bss._ZZN8ENC28J6013packetReceiveEvE16unreleasedPacket
                0x008002fa        0x1 EtherCardModified/enc28j60.o
 .bss._ZL9selectPin
                0x008002fb        0x1 EtherCardModified/enc28j60.o
 .bss._ZL10selectPort
                0x008002fc        0x2 EtherCardModified/enc28j60.o
 .bss._ZL12Enc28j60Bank
                0x008002fe        0x1 EtherCardModified/enc28j60.o
 .bss._ZN8ENC28J6010bufferSizeE
                0x008002ff        0x2 EtherCardModified/enc28j60.o
                0x008002ff                _ZN8ENC28J6010bufferSizeE
 .bss._ZN8ENC28J606bufferE
                0x00800301      0x200 EtherCardModified/EtherCard.o
                0x00800301                _ZN8ENC28J606bufferE
 .bss._ZN9EtherCard8delaycntE
                0x00800501        0x2 EtherCardModified/EtherCard.o
                0x00800501                _ZN9EtherCard8delaycntE
 .bss._ZN9EtherCard5hisipE
                0x00800503        0x4 EtherCardModified/EtherCard.o
                0x00800503                _ZN9EtherCard5hisipE
 .bss._ZN9EtherCard5dnsipE
                0x00800507        0x4 EtherCardModified/EtherCard.o
                0x00800507                _ZN9EtherCard5dnsipE
 .bss._ZN9EtherCard4gwipE
                0x0080050b        0x4 EtherCardModified/EtherCard.o
                0x0080050b                _ZN9EtherCard4gwipE
 .bss._ZN9EtherCard11broadcastipE
                0x0080050f        0x4 EtherCardModified/EtherCard.o
                0x0080050f                _ZN9EtherCard11broadcastipE
 .bss._ZN9EtherCard7netmaskE
                0x00800513        0x4 EtherCardModified/EtherCard.o
                0x00800513                _ZN9EtherCard7netmaskE
 .bss._ZN9EtherCard4myipE
                0x00800517        0x4 EtherCardModified/EtherCard.o
                0x00800517                _ZN9EtherCard4myipE
 .bss._ZN9EtherCard5mymacE
                0x0080051b        0x6 EtherCardModified/EtherCard.o
                0x0080051b                _ZN9EtherCard5mymacE
 .bss._ZL9waitgwmac
                0x00800521        0x1 EtherCardModified/tcpip.o
 .bss._ZL9gwmacaddr
                0x00800522        0x6 EtherCardModified/tcpip.o
 .bss._ZL12has_dest_mac
                0x00800528        0x1 EtherCardModified/tcpip.o
 .bss._ZL20waiting_for_dest_mac
                0x00800529        0x1 EtherCardModified/tcpip.o
 .bss._ZL11has_dns_mac
                0x0080052a        0x1 EtherCardModified/tcpip.o
 .bss._ZL19waiting_for_dns_mac
                0x0080052b        0x1 EtherCardModified/tcpip.o
 .bss._ZL11destmacaddr
                0x0080052c        0x6 EtherCardModified/tcpip.o
 .bss._ZL7icmp_cb
                0x00800532        0x2 EtherCardModified/tcpip.o
 .bss.numListeners
                0x00800534        0x1 EtherCardModified/udpserver.o
                0x00800534                numListeners
 .bss.listeners
                0x00800535       0x28 EtherCardModified/udpserver.o
                0x00800535                listeners
 .bss._ZN9EtherComm9_destPortE
                0x0080055d        0x2 EtherComm.o
                0x0080055d                _ZN9EtherComm9_destPortE
 .bss._ZN9EtherComm9_recvPortE
                0x0080055f        0x2 EtherComm.o
                0x0080055f                _ZN9EtherComm9_recvPortE
 .bss.TwiServo  0x00800561        0x5 main.o
                0x00800561                TwiServo
 .bss.Serial    0x00800566       0x33 Peripherals/HardwareSerial0.o
                0x00800566                Serial
 .bss.Serial1   0x00800599       0x33 Peripherals/HardwareSerial1.o
                0x00800599                Serial1
 .bss.Serial2   0x008005cc       0x33 Peripherals/HardwareSerial2.o
                0x008005cc                Serial2
 .bss.Serial3   0x008005ff       0x33 Peripherals/HardwareSerial3.o
                0x008005ff                Serial3
 .bss.Servo5    0x00800632       0x1d Peripherals/HardwareServo.o
                0x00800632                Servo5
 .bss.Servo4    0x0080064f       0x1d Peripherals/HardwareServo.o
                0x0080064f                Servo4
 .bss.Servo3    0x0080066c       0x1d Peripherals/HardwareServo.o
                0x0080066c                Servo3
 .bss.Servo1    0x00800689       0x1d Peripherals/HardwareServo.o
                0x00800689                Servo1
 .bss.Timer2    0x008006a6        0xb Peripherals/HardwareTimer.o
                0x008006a6                Timer2
 .bss.Timer0    0x008006b1        0xb Peripherals/HardwareTimer.o
                0x008006b1                Timer0
 .bss.twi_error
                0x008006bc        0x1 Peripherals/twi.o
 .bss.twi_rxBufferIndex
                0x008006bd        0x1 Peripherals/twi.o
 .bss.twi_rxBuffer
                0x008006be       0x20 Peripherals/twi.o
 .bss.twi_txBufferLength
                0x008006de        0x1 Peripherals/twi.o
 .bss.twi_txBufferIndex
                0x008006df        0x1 Peripherals/twi.o
 .bss.twi_txBuffer
                0x008006e0       0x20 Peripherals/twi.o
 .bss.twi_masterBufferLength
                0x00800700        0x1 Peripherals/twi.o
 .bss.twi_masterBufferIndex
                0x00800701        0x1 Peripherals/twi.o
 .bss.twi_masterBuffer
                0x00800702       0x20 Peripherals/twi.o
 .bss.twi_onSlaveReceive
                0x00800722        0x2 Peripherals/twi.o
 .bss.twi_onSlaveTransmit
                0x00800724        0x2 Peripherals/twi.o
 .bss.twi_inRepStart
                0x00800726        0x1 Peripherals/twi.o
 .bss.twi_sendStop
                0x00800727        0x1 Peripherals/twi.o
 .bss.twi_slarw
                0x00800728        0x1 Peripherals/twi.o
 .bss.twi_state
                0x00800729        0x1 Peripherals/twi.o
 .bss.Wire      0x0080072a        0x2 Peripherals/Wire.o
                0x0080072a                Wire
 .bss._ZN7TwoWire14user_onReceiveE
                0x0080072c        0x2 Peripherals/Wire.o
                0x0080072c                _ZN7TwoWire14user_onReceiveE
 .bss._ZN7TwoWire14user_onRequestE
                0x0080072e        0x2 Peripherals/Wire.o
                0x0080072e                _ZN7TwoWire14user_onRequestE
 .bss._ZN7TwoWire12transmittingE
                0x00800730        0x1 Peripherals/Wire.o
                0x00800730                _ZN7TwoWire12transmittingE
 .bss._ZN7TwoWire14txBufferLengthE
                0x00800731        0x1 Peripherals/Wire.o
                0x00800731                _ZN7TwoWire14txBufferLengthE
 .bss._ZN7TwoWire13txBufferIndexE
                0x00800732        0x1 Peripherals/Wire.o
                0x00800732                _ZN7TwoWire13txBufferIndexE
 .bss._ZN7TwoWire8txBufferE
                0x00800733       0x20 Peripherals/Wire.o
                0x00800733                _ZN7TwoWire8txBufferE
 .bss._ZN7TwoWire9txAddressE
                0x00800753        0x1 Peripherals/Wire.o
                0x00800753                _ZN7TwoWire9txAddressE
 .bss._ZN7TwoWire14rxBufferLengthE
                0x00800754        0x1 Peripherals/Wire.o
                0x00800754                _ZN7TwoWire14rxBufferLengthE
 .bss._ZN7TwoWire13rxBufferIndexE
                0x00800755        0x1 Peripherals/Wire.o
                0x00800755                _ZN7TwoWire13rxBufferIndexE
 .bss._ZN7TwoWire8rxBufferE
                0x00800756       0x20 Peripherals/Wire.o
                0x00800756                _ZN7TwoWire8rxBufferE
 .bss.Imu       0x00800776        0xf Robot.o
                0x00800776                Imu
 .bss.BtnTest   0x00800785        0x7 Robot.o
                0x00800785                BtnTest
 .bss._ZN5Robot9registersE
                0x0080078c      0x200 Robot.o
                0x0080078c                _ZN5Robot9registersE
 .bss.vector    0x0080098c        0xc Sensors/ImuSensor.o
                0x0080098c                vector
 .bss.bno       0x00800998        0xb TestIMU.o
                0x00800998                bno
 *(COMMON)
                0x008009a3                PROVIDE (__bss_end, .)
                0x00003038                __data_load_start = LOADADDR (.data)
                0x0000312e                __data_load_end = (__data_load_start + SIZEOF (.data))

.noinit         0x008009a3        0x0
                [!provide]                PROVIDE (__noinit_start, .)
 *(.noinit*)
                [!provide]                PROVIDE (__noinit_end, .)
                0x008009a3                _end = .
                [!provide]                PROVIDE (__heap_start, .)

.eeprom         0x00810000        0x0
 *(.eeprom*)
                0x00810000                __eeprom_end = .

.fuse
 *(.fuse)
 *(.lfuse)
 *(.hfuse)
 *(.efuse)

.lock
 *(.lock*)

.signature
 *(.signature*)

.user_signatures
 *(.user_signatures*)

.stab
 *(.stab)

.stabstr
 *(.stabstr)

.stab.excl
 *(.stab.excl)

.stab.exclstr
 *(.stab.exclstr)

.stab.index
 *(.stab.index)

.stab.indexstr
 *(.stab.indexstr)

.comment        0x00000000       0x30
 *(.comment)
 .comment       0x00000000       0x30 BNO055/Adafruit_BNO055.o
                                 0x31 (size before relaxing)
 .comment       0x00000030       0x31 Commands.o
 .comment       0x00000030       0x31 EtherCardModified/enc28j60.o
 .comment       0x00000030       0x31 EtherCardModified/EtherCard.o
 .comment       0x00000030       0x31 EtherCardModified/tcpip.o
 .comment       0x00000030       0x31 EtherCardModified/udpserver.o
 .comment       0x00000030       0x31 EtherCardModified/webutil.o
 .comment       0x00000030       0x31 EtherComm.o
 .comment       0x00000030       0x31 main.o
 .comment       0x00000030       0x31 PCA9685/PCA9685.o
 .comment       0x00000030       0x31 PCA9685/TwiServoController.o
 .comment       0x00000030       0x31 Peripherals/HardwareSerial.o
 .comment       0x00000030       0x31 Peripherals/HardwareSerial0.o
 .comment       0x00000030       0x31 Peripherals/HardwareSerial1.o
 .comment       0x00000030       0x31 Peripherals/HardwareSerial2.o
 .comment       0x00000030       0x31 Peripherals/HardwareSerial3.o
 .comment       0x00000030       0x31 Peripherals/HardwareServo.o
 .comment       0x00000030       0x31 Peripherals/HardwareTimer.o
 .comment       0x00000030       0x31 Peripherals/twi.o
 .comment       0x00000030       0x31 Peripherals/Wire.o
 .comment       0x00000030       0x31 Robot.o
 .comment       0x00000030       0x31 Sensors/ImuSensor.o
 .comment       0x00000030       0x31 TestIMU.o
 .comment       0x00000030       0x31 Utils/Print.o

.note.gnu.avr.deviceinfo
                0x00000000       0x40
 .note.gnu.avr.deviceinfo
                0x00000000       0x40 C:/Program Files (x86)/Atmel/Studio/7.0/Packs/atmel/ATmega_DFP/1.2.209/gcc/dev/atmega2560/avr6/crtatmega2560.o

.note.gnu.build-id
 *(.note.gnu.build-id)

.debug
 *(.debug)

.line
 *(.line)

.debug_srcinfo
 *(.debug_srcinfo)

.debug_sfnames
 *(.debug_sfnames)

.debug_aranges  0x00000000      0xa28
 *(.debug_aranges)
 .debug_aranges
                0x00000000       0xe8 BNO055/Adafruit_BNO055.o
 .debug_aranges
                0x000000e8       0x40 Commands.o
 .debug_aranges
                0x00000128       0x88 EtherCardModified/enc28j60.o
 .debug_aranges
                0x000001b0       0x28 EtherCardModified/EtherCard.o
 .debug_aranges
                0x000001d8       0xb0 EtherCardModified/tcpip.o
 .debug_aranges
                0x00000288       0x40 EtherCardModified/udpserver.o
 .debug_aranges
                0x000002c8       0x60 EtherCardModified/webutil.o
 .debug_aranges
                0x00000328       0x38 EtherComm.o
 .debug_aranges
                0x00000360       0x28 main.o
 .debug_aranges
                0x00000388       0xa0 PCA9685/PCA9685.o
 .debug_aranges
                0x00000428       0x30 PCA9685/TwiServoController.o
 .debug_aranges
                0x00000458       0x68 Peripherals/HardwareSerial.o
 .debug_aranges
                0x000004c0       0x48 Peripherals/HardwareSerial0.o
 .debug_aranges
                0x00000508       0x48 Peripherals/HardwareSerial1.o
 .debug_aranges
                0x00000550       0x48 Peripherals/HardwareSerial2.o
 .debug_aranges
                0x00000598       0x48 Peripherals/HardwareSerial3.o
 .debug_aranges
                0x000005e0       0xa8 Peripherals/HardwareServo.o
 .debug_aranges
                0x00000688       0x60 Peripherals/HardwareTimer.o
 .debug_aranges
                0x000006e8       0x80 Peripherals/twi.o
 .debug_aranges
                0x00000768       0xf8 Peripherals/Wire.o
 .debug_aranges
                0x00000860       0x70 Robot.o
 .debug_aranges
                0x000008d0       0x50 Sensors/ImuSensor.o
 .debug_aranges
                0x00000920       0x40 TestIMU.o
 .debug_aranges
                0x00000960       0xc8 Utils/Print.o

.debug_pubnames
 *(.debug_pubnames)

.debug_info     0x00000000    0x1667f
 *(.debug_info .gnu.linkonce.wi.*)
 .debug_info    0x00000000      0xbbc C:/Program Files (x86)/Atmel/Studio/7.0/Packs/atmel/ATmega_DFP/1.2.209/gcc/dev/atmega2560/avr6/crtatmega2560.o
 .debug_info    0x00000bbc     0x4250 BNO055/Adafruit_BNO055.o
 .debug_info    0x00004e0c      0x986 Commands.o
 .debug_info    0x00005792      0xfd8 EtherCardModified/enc28j60.o
 .debug_info    0x0000676a      0x77b EtherCardModified/EtherCard.o
 .debug_info    0x00006ee5     0x10d6 EtherCardModified/tcpip.o
 .debug_info    0x00007fbb      0x6de EtherCardModified/udpserver.o
 .debug_info    0x00008699      0xa2a EtherCardModified/webutil.o
 .debug_info    0x000090c3      0x984 EtherComm.o
 .debug_info    0x00009a47      0xd47 main.o
 .debug_info    0x0000a78e     0x109d PCA9685/PCA9685.o
 .debug_info    0x0000b82b      0x6da PCA9685/TwiServoController.o
 .debug_info    0x0000bf05      0xdbe Peripherals/HardwareSerial.o
 .debug_info    0x0000ccc3      0x989 Peripherals/HardwareSerial0.o
 .debug_info    0x0000d64c      0x989 Peripherals/HardwareSerial1.o
 .debug_info    0x0000dfd5      0x989 Peripherals/HardwareSerial2.o
 .debug_info    0x0000e95e      0x98f Peripherals/HardwareSerial3.o
 .debug_info    0x0000f2ed      0xaee Peripherals/HardwareServo.o
 .debug_info    0x0000fddb      0x4d2 Peripherals/HardwareTimer.o
 .debug_info    0x000102ad      0x60a Peripherals/twi.o
 .debug_info    0x000108b7     0x163d Peripherals/Wire.o
 .debug_info    0x00011ef4     0x12be Robot.o
 .debug_info    0x000131b2     0x1572 Sensors/ImuSensor.o
 .debug_info    0x00014724      0xd9b TestIMU.o
 .debug_info    0x000154bf     0x11c0 Utils/Print.o

.debug_abbrev   0x00000000     0x541f
 *(.debug_abbrev)
 .debug_abbrev  0x00000000      0xb1a C:/Program Files (x86)/Atmel/Studio/7.0/Packs/atmel/ATmega_DFP/1.2.209/gcc/dev/atmega2560/avr6/crtatmega2560.o
 .debug_abbrev  0x00000b1a      0x5a8 BNO055/Adafruit_BNO055.o
 .debug_abbrev  0x000010c2      0x281 Commands.o
 .debug_abbrev  0x00001343      0x3b9 EtherCardModified/enc28j60.o
 .debug_abbrev  0x000016fc      0x180 EtherCardModified/EtherCard.o
 .debug_abbrev  0x0000187c      0x379 EtherCardModified/tcpip.o
 .debug_abbrev  0x00001bf5      0x1fd EtherCardModified/udpserver.o
 .debug_abbrev  0x00001df2      0x315 EtherCardModified/webutil.o
 .debug_abbrev  0x00002107      0x247 EtherComm.o
 .debug_abbrev  0x0000234e      0x33e main.o
 .debug_abbrev  0x0000268c      0x30c PCA9685/PCA9685.o
 .debug_abbrev  0x00002998      0x236 PCA9685/TwiServoController.o
 .debug_abbrev  0x00002bce      0x363 Peripherals/HardwareSerial.o
 .debug_abbrev  0x00002f31      0x2d8 Peripherals/HardwareSerial0.o
 .debug_abbrev  0x00003209      0x2d8 Peripherals/HardwareSerial1.o
 .debug_abbrev  0x000034e1      0x2d8 Peripherals/HardwareSerial2.o
 .debug_abbrev  0x000037b9      0x2d8 Peripherals/HardwareSerial3.o
 .debug_abbrev  0x00003a91      0x1fb Peripherals/HardwareServo.o
 .debug_abbrev  0x00003c8c      0x1e0 Peripherals/HardwareTimer.o
 .debug_abbrev  0x00003e6c      0x222 Peripherals/twi.o
 .debug_abbrev  0x0000408e      0x428 Peripherals/Wire.o
 .debug_abbrev  0x000044b6      0x49e Robot.o
 .debug_abbrev  0x00004954      0x4e7 Sensors/ImuSensor.o
 .debug_abbrev  0x00004e3b      0x348 TestIMU.o
 .debug_abbrev  0x00005183      0x29c Utils/Print.o

.debug_line     0x00000000     0x5dd1
 *(.debug_line .debug_line.* .debug_line_end)
 .debug_line    0x00000000      0x1f9 C:/Program Files (x86)/Atmel/Studio/7.0/Packs/atmel/ATmega_DFP/1.2.209/gcc/dev/atmega2560/avr6/crtatmega2560.o
 .debug_line    0x000001f9      0xc47 BNO055/Adafruit_BNO055.o
 .debug_line    0x00000e40      0x1ad Commands.o
 .debug_line    0x00000fed      0x62e EtherCardModified/enc28j60.o
 .debug_line    0x0000161b      0x15f EtherCardModified/EtherCard.o
 .debug_line    0x0000177a      0x7fc EtherCardModified/tcpip.o
 .debug_line    0x00001f76      0x211 EtherCardModified/udpserver.o
 .debug_line    0x00002187      0x468 EtherCardModified/webutil.o
 .debug_line    0x000025ef      0x20a EtherComm.o
 .debug_line    0x000027f9      0x1f4 main.o
 .debug_line    0x000029ed      0x521 PCA9685/PCA9685.o
 .debug_line    0x00002f0e      0x218 PCA9685/TwiServoController.o
 .debug_line    0x00003126      0x51d Peripherals/HardwareSerial.o
 .debug_line    0x00003643      0x23c Peripherals/HardwareSerial0.o
 .debug_line    0x0000387f      0x23b Peripherals/HardwareSerial1.o
 .debug_line    0x00003aba      0x23a Peripherals/HardwareSerial2.o
 .debug_line    0x00003cf4      0x23a Peripherals/HardwareSerial3.o
 .debug_line    0x00003f2e      0x2a5 Peripherals/HardwareServo.o
 .debug_line    0x000041d3      0x1f3 Peripherals/HardwareTimer.o
 .debug_line    0x000043c6      0x53e Peripherals/twi.o
 .debug_line    0x00004904      0x58b Peripherals/Wire.o
 .debug_line    0x00004e8f      0x3bd Robot.o
 .debug_line    0x0000524c      0x367 Sensors/ImuSensor.o
 .debug_line    0x000055b3      0x333 TestIMU.o
 .debug_line    0x000058e6      0x4eb Utils/Print.o

.debug_frame    0x00000000     0x1f30
 *(.debug_frame)
 .debug_frame   0x00000000      0x470 BNO055/Adafruit_BNO055.o
 .debug_frame   0x00000470       0x64 Commands.o
 .debug_frame   0x000004d4      0x1b4 EtherCardModified/enc28j60.o
 .debug_frame   0x00000688       0x70 EtherCardModified/EtherCard.o
 .debug_frame   0x000006f8      0x240 EtherCardModified/tcpip.o
 .debug_frame   0x00000938       0xb8 EtherCardModified/udpserver.o
 .debug_frame   0x000009f0      0x14c EtherCardModified/webutil.o
 .debug_frame   0x00000b3c       0x8c EtherComm.o
 .debug_frame   0x00000bc8       0x34 main.o
 .debug_frame   0x00000bfc      0x21c PCA9685/PCA9685.o
 .debug_frame   0x00000e18       0x74 PCA9685/TwiServoController.o
 .debug_frame   0x00000e8c      0x104 Peripherals/HardwareSerial.o
 .debug_frame   0x00000f90       0xec Peripherals/HardwareSerial0.o
 .debug_frame   0x0000107c       0xec Peripherals/HardwareSerial1.o
 .debug_frame   0x00001168       0xec Peripherals/HardwareSerial2.o
 .debug_frame   0x00001254       0xec Peripherals/HardwareSerial3.o
 .debug_frame   0x00001340      0x1ac Peripherals/HardwareServo.o
 .debug_frame   0x000014ec      0x148 Peripherals/HardwareTimer.o
 .debug_frame   0x00001634      0x134 Peripherals/twi.o
 .debug_frame   0x00001768      0x280 Peripherals/Wire.o
 .debug_frame   0x000019e8       0xc4 Robot.o
 .debug_frame   0x00001aac       0xd4 Sensors/ImuSensor.o
 .debug_frame   0x00001b80       0xd0 TestIMU.o
 .debug_frame   0x00001c50      0x2e0 Utils/Print.o

.debug_str      0x00000000     0x64ed
 *(.debug_str)
 .debug_str     0x00000000      0x3e6 C:/Program Files (x86)/Atmel/Studio/7.0/Packs/atmel/ATmega_DFP/1.2.209/gcc/dev/atmega2560/avr6/crtatmega2560.o
 .debug_str     0x000003e6     0x3168 BNO055/Adafruit_BNO055.o
                               0x32cd (size before relaxing)
 .debug_str     0x0000354e      0x8af Commands.o
                                0xab8 (size before relaxing)
 .debug_str     0x00003dfd      0x21f EtherCardModified/enc28j60.o
                                0x54d (size before relaxing)
 .debug_str     0x0000401c       0xf7 EtherCardModified/EtherCard.o
                                0x8cb (size before relaxing)
 .debug_str     0x00004113      0x1fe EtherCardModified/tcpip.o
                                0x9c4 (size before relaxing)
 .debug_str     0x00004311       0x68 EtherCardModified/udpserver.o
                                0x843 (size before relaxing)
 .debug_str     0x00004379      0x124 EtherCardModified/webutil.o
                                0x930 (size before relaxing)
 .debug_str     0x0000449d       0xfe EtherComm.o
                                0xa36 (size before relaxing)
 .debug_str     0x0000459b      0x361 main.o
                                0xdd9 (size before relaxing)
 .debug_str     0x000048fc       0xe1 PCA9685/PCA9685.o
                                0x67c (size before relaxing)
 .debug_str     0x000049dd       0x47 PCA9685/TwiServoController.o
                                0x542 (size before relaxing)
 .debug_str     0x00004a24      0x7f5 Peripherals/HardwareSerial.o
                                0xa8f (size before relaxing)
 .debug_str     0x00005219       0x89 Peripherals/HardwareSerial0.o
                                0x7cb (size before relaxing)
 .debug_str     0x000052a2       0x52 Peripherals/HardwareSerial1.o
                                0x7cc (size before relaxing)
 .debug_str     0x000052f4       0x52 Peripherals/HardwareSerial2.o
                                0x7cc (size before relaxing)
 .debug_str     0x00005346       0x52 Peripherals/HardwareSerial3.o
                                0x7cc (size before relaxing)
 .debug_str     0x00005398      0x388 Peripherals/HardwareServo.o
                                0x5e2 (size before relaxing)
 .debug_str     0x00005720      0x197 Peripherals/HardwareTimer.o
                                0x3e4 (size before relaxing)
 .debug_str     0x000058b7      0x287 Peripherals/twi.o
                                0x37c (size before relaxing)
 .debug_str     0x00005b3e      0x3dd Peripherals/Wire.o
                                0xc70 (size before relaxing)
 .debug_str     0x00005f1b      0x279 Robot.o
                               0x196c (size before relaxing)
 .debug_str     0x00006194       0xd6 Sensors/ImuSensor.o
                               0x1414 (size before relaxing)
 .debug_str     0x0000626a      0x10c TestIMU.o
                               0x14df (size before relaxing)
 .debug_str     0x00006376      0x177 Utils/Print.o
                                0x4a3 (size before relaxing)

.debug_loc      0x00000000     0xa75b
 *(.debug_loc)
 .debug_loc     0x00000000     0x2157 BNO055/Adafruit_BNO055.o
 .debug_loc     0x00002157      0x311 Commands.o
 .debug_loc     0x00002468      0x955 EtherCardModified/enc28j60.o
 .debug_loc     0x00002dbd      0x25f EtherCardModified/EtherCard.o
 .debug_loc     0x0000301c      0xa60 EtherCardModified/tcpip.o
 .debug_loc     0x00003a7c      0x243 EtherCardModified/udpserver.o
 .debug_loc     0x00003cbf      0x9be EtherCardModified/webutil.o
 .debug_loc     0x0000467d      0x486 EtherComm.o
 .debug_loc     0x00004b03       0x3f main.o
 .debug_loc     0x00004b42      0xe27 PCA9685/PCA9685.o
 .debug_loc     0x00005969      0x333 PCA9685/TwiServoController.o
 .debug_loc     0x00005c9c      0x4e0 Peripherals/HardwareSerial.o
 .debug_loc     0x0000617c      0x1ca Peripherals/HardwareSerial0.o
 .debug_loc     0x00006346      0x1ca Peripherals/HardwareSerial1.o
 .debug_loc     0x00006510      0x1ca Peripherals/HardwareSerial2.o
 .debug_loc     0x000066da      0x1ca Peripherals/HardwareSerial3.o
 .debug_loc     0x000068a4      0x71a Peripherals/HardwareServo.o
 .debug_loc     0x00006fbe      0x375 Peripherals/HardwareTimer.o
 .debug_loc     0x00007333      0x54a Peripherals/twi.o
 .debug_loc     0x0000787d      0xb3b Peripherals/Wire.o
 .debug_loc     0x000083b8      0x2e1 Robot.o
 .debug_loc     0x00008699      0x5e9 Sensors/ImuSensor.o
 .debug_loc     0x00008c82      0x4b9 TestIMU.o
 .debug_loc     0x0000913b     0x1620 Utils/Print.o

.debug_macinfo
 *(.debug_macinfo)

.debug_weaknames
 *(.debug_weaknames)

.debug_funcnames
 *(.debug_funcnames)

.debug_typenames
 *(.debug_typenames)

.debug_varnames
 *(.debug_varnames)

.debug_pubtypes
 *(.debug_pubtypes)

.debug_ranges   0x00000000      0x978
 *(.debug_ranges)
 .debug_ranges  0x00000000       0xd8 BNO055/Adafruit_BNO055.o
 .debug_ranges  0x000000d8       0x30 Commands.o
 .debug_ranges  0x00000108       0xc0 EtherCardModified/enc28j60.o
 .debug_ranges  0x000001c8       0x18 EtherCardModified/EtherCard.o
 .debug_ranges  0x000001e0       0xe0 EtherCardModified/tcpip.o
 .debug_ranges  0x000002c0       0x48 EtherCardModified/udpserver.o
 .debug_ranges  0x00000308       0x68 EtherCardModified/webutil.o
 .debug_ranges  0x00000370       0x28 EtherComm.o
 .debug_ranges  0x00000398       0x18 main.o
 .debug_ranges  0x000003b0       0x90 PCA9685/PCA9685.o
 .debug_ranges  0x00000440       0x38 PCA9685/TwiServoController.o
 .debug_ranges  0x00000478       0x58 Peripherals/HardwareSerial.o
 .debug_ranges  0x000004d0       0x38 Peripherals/HardwareSerial0.o
 .debug_ranges  0x00000508       0x38 Peripherals/HardwareSerial1.o
 .debug_ranges  0x00000540       0x38 Peripherals/HardwareSerial2.o
 .debug_ranges  0x00000578       0x38 Peripherals/HardwareSerial3.o
 .debug_ranges  0x000005b0       0x98 Peripherals/HardwareServo.o
 .debug_ranges  0x00000648       0x50 Peripherals/HardwareTimer.o
 .debug_ranges  0x00000698       0x70 Peripherals/twi.o
 .debug_ranges  0x00000708       0xe8 Peripherals/Wire.o
 .debug_ranges  0x000007f0       0x60 Robot.o
 .debug_ranges  0x00000850       0x40 Sensors/ImuSensor.o
 .debug_ranges  0x00000890       0x30 TestIMU.o
 .debug_ranges  0x000008c0       0xb8 Utils/Print.o

.debug_macro
 *(.debug_macro)
OUTPUT(RovController.elf elf32-avr)
LOAD linker stubs
