Archive member included to satisfy reference by file (symbol)

c:/program files (x86)/atmel/studio/7.0/toolchain/avr8/avr8-gnu-toolchain/bin/../lib/gcc/avr/5.4.0/../../../../avr/lib/avr6\libm.a(addsf3.o)
                              PCA9685/PCA9685.o (__subsf3)
c:/program files (x86)/atmel/studio/7.0/toolchain/avr8/avr8-gnu-toolchain/bin/../lib/gcc/avr/5.4.0/../../../../avr/lib/avr6\libm.a(addsf3x.o)
                              c:/program files (x86)/atmel/studio/7.0/toolchain/avr8/avr8-gnu-toolchain/bin/../lib/gcc/avr/5.4.0/../../../../avr/lib/avr6\libm.a(addsf3.o) (__addsf3x)
c:/program files (x86)/atmel/studio/7.0/toolchain/avr8/avr8-gnu-toolchain/bin/../lib/gcc/avr/5.4.0/../../../../avr/lib/avr6\libm.a(cmpsf2.o)
                              PCA9685/PCA9685.o (__ltsf2)
c:/program files (x86)/atmel/studio/7.0/toolchain/avr8/avr8-gnu-toolchain/bin/../lib/gcc/avr/5.4.0/../../../../avr/lib/avr6\libm.a(divsf3.o)
                              BNO055/Adafruit_BNO055.o (__divsf3)
c:/program files (x86)/atmel/studio/7.0/toolchain/avr8/avr8-gnu-toolchain/bin/../lib/gcc/avr/5.4.0/../../../../avr/lib/avr6\libm.a(divsf3x.o)
                              c:/program files (x86)/atmel/studio/7.0/toolchain/avr8/avr8-gnu-toolchain/bin/../lib/gcc/avr/5.4.0/../../../../avr/lib/avr6\libm.a(divsf3.o) (__divsf3x)
c:/program files (x86)/atmel/studio/7.0/toolchain/avr8/avr8-gnu-toolchain/bin/../lib/gcc/avr/5.4.0/../../../../avr/lib/avr6\libm.a(fixunssfsi.o)
                              PCA9685/PCA9685.o (__fixunssfsi)
c:/program files (x86)/atmel/studio/7.0/toolchain/avr8/avr8-gnu-toolchain/bin/../lib/gcc/avr/5.4.0/../../../../avr/lib/avr6\libm.a(floatsisf.o)
                              PCA9685/PCA9685.o (__floatunsisf)
c:/program files (x86)/atmel/studio/7.0/toolchain/avr8/avr8-gnu-toolchain/bin/../lib/gcc/avr/5.4.0/../../../../avr/lib/avr6\libm.a(fp_cmp.o)
                              c:/program files (x86)/atmel/studio/7.0/toolchain/avr8/avr8-gnu-toolchain/bin/../lib/gcc/avr/5.4.0/../../../../avr/lib/avr6\libm.a(cmpsf2.o) (__fp_cmp)
c:/program files (x86)/atmel/studio/7.0/toolchain/avr8/avr8-gnu-toolchain/bin/../lib/gcc/avr/5.4.0/../../../../avr/lib/avr6\libm.a(fp_inf.o)
                              c:/program files (x86)/atmel/studio/7.0/toolchain/avr8/avr8-gnu-toolchain/bin/../lib/gcc/avr/5.4.0/../../../../avr/lib/avr6\libm.a(addsf3x.o) (__fp_inf)
c:/program files (x86)/atmel/studio/7.0/toolchain/avr8/avr8-gnu-toolchain/bin/../lib/gcc/avr/5.4.0/../../../../avr/lib/avr6\libm.a(fp_nan.o)
                              c:/program files (x86)/atmel/studio/7.0/toolchain/avr8/avr8-gnu-toolchain/bin/../lib/gcc/avr/5.4.0/../../../../avr/lib/avr6\libm.a(addsf3x.o) (__fp_nan)
c:/program files (x86)/atmel/studio/7.0/toolchain/avr8/avr8-gnu-toolchain/bin/../lib/gcc/avr/5.4.0/../../../../avr/lib/avr6\libm.a(fp_pscA.o)
                              c:/program files (x86)/atmel/studio/7.0/toolchain/avr8/avr8-gnu-toolchain/bin/../lib/gcc/avr/5.4.0/../../../../avr/lib/avr6\libm.a(addsf3x.o) (__fp_pscA)
c:/program files (x86)/atmel/studio/7.0/toolchain/avr8/avr8-gnu-toolchain/bin/../lib/gcc/avr/5.4.0/../../../../avr/lib/avr6\libm.a(fp_pscB.o)
                              c:/program files (x86)/atmel/studio/7.0/toolchain/avr8/avr8-gnu-toolchain/bin/../lib/gcc/avr/5.4.0/../../../../avr/lib/avr6\libm.a(addsf3x.o) (__fp_pscB)
c:/program files (x86)/atmel/studio/7.0/toolchain/avr8/avr8-gnu-toolchain/bin/../lib/gcc/avr/5.4.0/../../../../avr/lib/avr6\libm.a(fp_round.o)
                              c:/program files (x86)/atmel/studio/7.0/toolchain/avr8/avr8-gnu-toolchain/bin/../lib/gcc/avr/5.4.0/../../../../avr/lib/avr6\libm.a(addsf3.o) (__fp_round)
c:/program files (x86)/atmel/studio/7.0/toolchain/avr8/avr8-gnu-toolchain/bin/../lib/gcc/avr/5.4.0/../../../../avr/lib/avr6\libm.a(fp_split3.o)
                              c:/program files (x86)/atmel/studio/7.0/toolchain/avr8/avr8-gnu-toolchain/bin/../lib/gcc/avr/5.4.0/../../../../avr/lib/avr6\libm.a(addsf3x.o) (__fp_split3)
c:/program files (x86)/atmel/studio/7.0/toolchain/avr8/avr8-gnu-toolchain/bin/../lib/gcc/avr/5.4.0/../../../../avr/lib/avr6\libm.a(fp_zero.o)
                              c:/program files (x86)/atmel/studio/7.0/toolchain/avr8/avr8-gnu-toolchain/bin/../lib/gcc/avr/5.4.0/../../../../avr/lib/avr6\libm.a(addsf3x.o) (__fp_zero)
c:/program files (x86)/atmel/studio/7.0/toolchain/avr8/avr8-gnu-toolchain/bin/../lib/gcc/avr/5.4.0/../../../../avr/lib/avr6\libm.a(gesf2.o)
                              PCA9685/PCA9685.o (__gtsf2)
c:/program files (x86)/atmel/studio/7.0/toolchain/avr8/avr8-gnu-toolchain/bin/../lib/gcc/avr/5.4.0/../../../../avr/lib/avr6\libm.a(mulsf3.o)
                              BNO055/Adafruit_BNO055.o (__mulsf3)
c:/program files (x86)/atmel/studio/7.0/toolchain/avr8/avr8-gnu-toolchain/bin/../lib/gcc/avr/5.4.0/../../../../avr/lib/avr6\libm.a(mulsf3x.o)
[...]
Memory Configuration

Name             Origin             Length             Attributes
text             0x00000000         0x00100000         xr
data             0x00800200         0x0000fe00         rw !x
eeprom           0x00810000         0x00010000         rw !x
fuse             0x00820000         0x00000003         rw !x
lock             0x00830000         0x00000400         rw !x
signature        0x00840000         0x00000400         rw !x
user_signatures  0x00850000         0x00000400         rw !x
*default*        0x00000000         0xffffffff

Linker script and memory map

Address of section .data set to 0x800200
LOAD C:/Program Files (x86)/Atmel/Studio/7.0/Packs/atmel/ATmega_DFP/1.2.209/gcc/dev/atmega2560/avr6/crtatmega2560.o
LOAD BNO055/Adafruit_BNO055.o
LOAD BNO055/Adafruit_Sensor.o
LOAD Commands.o
LOAD EtherCardModified/enc28j60.o
LOAD EtherCardModified/EtherCard.o
LOAD EtherCardModified/tcpip.o
LOAD EtherCardModified/udpserver.o
LOAD EtherCardModified/webutil.o
LOAD EtherComm.o
LOAD main.o
LOAD PCA9685/PCA9685.o
LOAD PCA9685/TwiServoController.o
LOAD Peripherals/HardwareSerial.o
LOAD Peripherals/HardwareSerial0.o
LOAD Peripherals/HardwareSerial1.o
LOAD Peripherals/HardwareSerial2.o
LOAD Peripherals/HardwareSerial3.o
LOAD Peripherals/PWM/HardwareServo.o
LOAD Peripherals/PWM/HardwareServo1.o
LOAD Peripherals/PWM/HardwareServo3.o
LOAD Peripherals/PWM/HardwareServo4.o
LOAD Peripherals/PWM/HardwareServo5.o
LOAD Peripherals/twi.o
LOAD Peripherals/Wire.o
LOAD Robot.o
LOAD Sensors/ImuSensor.o
LOAD TestIMU.o
LOAD Timer1.o
LOAD Utils/Print.o
LOAD Utils/Stream.o
START GROUP
LOAD c:/program files (x86)/atmel/studio/7.0/toolchain/avr8/avr8-gnu-toolchain/bin/../lib/gcc/avr/5.4.0/../../../../avr/lib/avr6\libm.a
END GROUP
LOAD c:/program files (x86)/atmel/studio/7.0/toolchain/avr8/avr8-gnu-toolchain/bin/../lib/gcc/avr/5.4.0/avr6\libgcc.a
LOAD c:/program files (x86)/atmel/studio/7.0/toolchain/avr8/avr8-gnu-toolchain/bin/../lib/gcc/avr/5.4.0/../../../../avr/lib/avr6\libm.a
START GROUP
LOAD c:/program files (x86)/atmel/studio/7.0/toolchain/avr8/avr8-gnu-toolchain/bin/../lib/gcc/avr/5.4.0/avr6\libgcc.a
LOAD c:/program files (x86)/atmel/studio/7.0/toolchain/avr8/avr8-gnu-toolchain/bin/../lib/gcc/avr/5.4.0/../../../../avr/lib/avr6\libm.a
LOAD c:/program files (x86)/atmel/studio/7.0/toolchain/avr8/avr8-gnu-toolchain/bin/../lib/gcc/avr/5.4.0/../../../../avr/lib/avr6\libc.a
LOAD C:/Program Files (x86)/Atmel/Studio/7.0/Packs/atmel/ATmega_DFP/1.2.209/gcc/dev/atmega2560/avr6\libatmega2560.a
END GROUP
                0x00100000                __TEXT_REGION_LENGTH__ = DEFINED (__TEXT_REGION_LENGTH__)?__TEXT_REGION_LENGTH__:0x100000
                0x0000fe00                __DATA_REGION_LENGTH__ = DEFINED (__DATA_REGION_LENGTH__)?__DATA_REGION_LENGTH__:0xfe00
                0x00010000                __EEPROM_REGION_LENGTH__ = DEFINED (__EEPROM_REGION_LENGTH__)?__EEPROM_REGION_LENGTH__:0x10000
                [0x00000003]                __FUSE_REGION_LENGTH__ = DEFINED (__FUSE_REGION_LENGTH__)?__FUSE_REGION_LENGTH__:0x400
                0x00000400                __LOCK_REGION_LENGTH__ = DEFINED (__LOCK_REGION_LENGTH__)?__LOCK_REGION_LENGTH__:0x400
                0x00000400                __SIGNATURE_REGION_LENGTH__ = DEFINED (__SIGNATURE_REGION_LENGTH__)?__SIGNATURE_REGION_LENGTH__:0x400
                0x00000400                __USER_SIGNATURE_REGION_LENGTH__ = DEFINED (__USER_SIGNATURE_REGION_LENGTH__)?__USER_SIGNATURE_REGION_LENGTH__:0x400

.hash
 *(.hash)

.dynsym
 *(.dynsym)

.dynstr
 *(.dynstr)

.gnu.version
 *(.gnu.version)

.gnu.version_d
 *(.gnu.version_d)

.gnu.version_r
 *(.gnu.version_r)

.rel.init
 *(.rel.init)

.rela.init
 *(.rela.init)

.rel.text
 *(.rel.text)
 *(.rel.text.*)
 *(.rel.gnu.linkonce.t*)

.rela.text
 *(.rela.text)
 *(.rela.text.*)
 *(.rela.gnu.linkonce.t*)

.rel.fini
 *(.rel.fini)

.rela.fini
 *(.rela.fini)

.rel.rodata
 *(.rel.rodata)
 *(.rel.rodata.*)
 *(.rel.gnu.linkonce.r*)

.rela.rodata
 *(.rela.rodata)
 *(.rela.rodata.*)
 *(.rela.gnu.linkonce.r*)

.rel.data
 *(.rel.data)
 *(.rel.data.*)
 *(.rel.gnu.linkonce.d*)

.rela.data
 *(.rela.data)
 *(.rela.data.*)
 *(.rela.gnu.linkonce.d*)

.rel.ctors
 *(.rel.ctors)

.rela.ctors
 *(.rela.ctors)

.rel.dtors
 *(.rel.dtors)

.rela.dtors
 *(.rela.dtors)

.rel.got
 *(.rel.got)

.rela.got
 *(.rela.got)

.rel.bss
 *(.rel.bss)

.rela.bss
 *(.rela.bss)

.rel.plt
 *(.rel.plt)

.rela.plt
 *(.rela.plt)

.text           0x00000000     0x34a8
 *(.vectors)
 .vectors       0x00000000       0xe4 C:/Program Files (x86)/Atmel/Studio/7.0/Packs/atmel/ATmega_DFP/1.2.209/gcc/dev/atmega2560/avr6/crtatmega2560.o
                0x00000000                __vector_default
                0x00000000                __vectors
 *(.vectors)
 *(.progmem.gcc*)
 .progmem.gcc_sw_table.__vector_39
                0x000000e4      0x192 Peripherals/twi.o
                0x00000276                . = ALIGN (0x2)
                0x00000276                __trampolines_start = .
 *(.trampolines)
 .trampolines   0x00000276        0x0 linker stubs
 *(.trampolines*)
                0x00000276                __trampolines_end = .
 *libprintf_flt.a:*(.progmem.data)
 *libc.a:*(.progmem.data)
 *(.progmem*)
 .progmem.data._ZL5iphdr
                0x00000276        0x9 EtherCardModified/tcpip.o
 .progmem.data._ZL9arpreqhdr
                0x0000027f        0x8 EtherCardModified/tcpip.o
                0x00000288                . = ALIGN (0x2)
 *fill*         0x00000287        0x1 
 *(.jumptables)
 *(.jumptables*)
 *(.lowtext)
 *(.lowtext*)
                0x00000288                __ctors_start = .
 *(.ctors)
 .ctors         0x00000288        0x2 Commands.o
 .ctors         0x0000028a        0x2 main.o
 .ctors         0x0000028c        0x2 Peripherals/HardwareSerial0.o
 .ctors         0x0000028e        0x2 Peripherals/HardwareSerial1.o
 .ctors         0x00000290        0x2 Peripherals/HardwareSerial2.o
 .ctors         0x00000292        0x2 Peripherals/HardwareSerial3.o
 .ctors         0x00000294        0x2 Peripherals/PWM/HardwareServo1.o
 .ctors         0x00000296        0x2 Peripherals/PWM/HardwareServo3.o
 .ctors         0x00000298        0x2 Peripherals/PWM/HardwareServo4.o
 .ctors         0x0000029a        0x2 Peripherals/PWM/HardwareServo5.o
 .ctors         0x0000029c        0x2 Peripherals/Wire.o
 .ctors         0x0000029e        0x2 Robot.o
 .ctors         0x000002a0        0x2 Sensors/ImuSensor.o
 .ctors         0x000002a2        0x2 TestIMU.o
                0x000002a4                __ctors_end = .
                0x000002a4                __dtors_start = .
 *(.dtors)
                0x000002a4                __dtors_end = .
 SORT(*)(.ctors)
 SORT(*)(.dtors)
 *(.init0)
 .init0         0x000002a4        0x0 C:/Program Files (x86)/Atmel/Studio/7.0/Packs/atmel/ATmega_DFP/1.2.209/gcc/dev/atmega2560/avr6/crtatmega2560.o
                0x000002a4                __init
 *(.init0)
 *(.init1)
 *(.init1)
 *(.init2)
 .init2         0x000002a4       0x10 C:/Program Files (x86)/Atmel/Studio/7.0/Packs/atmel/ATmega_DFP/1.2.209/gcc/dev/atmega2560/avr6/crtatmega2560.o
 *(.init2)
 *(.init3)
 *(.init3)
 *(.init4)
 .init4         0x000002b4       0x1a c:/program files (x86)/atmel/studio/7.0/toolchain/avr8/avr8-gnu-toolchain/bin/../lib/gcc/avr/5.4.0/avr6\libgcc.a(_copy_data.o)
                0x000002b4                __do_copy_data
 .init4         0x000002ce       0x10 c:/program files (x86)/atmel/studio/7.0/toolchain/avr8/avr8-gnu-toolchain/bin/../lib/gcc/avr/5.4.0/avr6\libgcc.a(_clear_bss.o)
                0x000002ce                __do_clear_bss
 *(.init4)
 *(.init5)
 *(.init5)
 *(.init6)
 .init6         0x000002de       0x20 c:/program files (x86)/atmel/studio/7.0/toolchain/avr8/avr8-gnu-toolchain/bin/../lib/gcc/avr/5.4.0/avr6\libgcc.a(_ctors.o)
                0x000002de                __do_global_ctors
 *(.init6)
 *(.init7)
 *(.init7)
 *(.init8)
 *(.init8)
 *(.init9)
 .init9         0x000002fe        0x8 C:/Program Files (x86)/Atmel/Studio/7.0/Packs/atmel/ATmega_DFP/1.2.209/gcc/dev/atmega2560/avr6/crtatmega2560.o
 *(.init9)
 *(.text)
 .text          0x00000306        0x2 C:/Program Files (x86)/Atmel/Studio/7.0/Packs/atmel/ATmega_DFP/1.2.209/gcc/dev/atmega2560/avr6/crtatmega2560.o
                0x00000306                __vector_38
                0x00000306                __vector_22
                0x00000306                __vector_28
                0x00000306                __vector_1
                0x00000306                __vector_32
                0x00000306                __vector_34
                0x00000306                __vector_24
                0x00000306                __vector_12
                0x00000306                __vector_46
                0x00000306                __bad_interrupt
                0x00000306                __vector_6
                0x00000306                __vector_31
                0x00000306                __vector_35
                0x00000306                __vector_3
                0x00000306                __vector_23
                0x00000306                __vector_30
                0x00000306                __vector_45
                0x00000306                __vector_11
                0x00000306                __vector_13
                0x00000306                __vector_17
                0x00000306                __vector_19
                0x00000306                __vector_56
                0x00000306                __vector_7
                0x00000306                __vector_49
                0x00000306                __vector_41
                0x00000306                __vector_43
                0x00000306                __vector_27
                0x00000306                __vector_5
                0x00000306                __vector_33
                0x00000306                __vector_47
                0x00000306                __vector_4
                0x00000306                __vector_44
                0x00000306                __vector_9
                0x00000306                __vector_2
                0x00000306                __vector_21
                0x00000306                __vector_15
                0x00000306                __vector_29
                0x00000306                __vector_40
                0x00000306                __vector_8
                0x00000306                __vector_48
                0x00000306                __vector_14
                0x00000306                __vector_53
                0x00000306                __vector_10
                0x00000306                __vector_50
                0x00000306                __vector_16
                0x00000306                __vector_18
                0x00000306                __vector_20
                0x00000306                __vector_42
                0x00000308                . = ALIGN (0x2)
 *(.text.*)
 .text._ZN15Adafruit_Sensor15enableAutoRangeEb
                0x00000308        0x2 BNO055/Adafruit_BNO055.o
                0x00000308                _ZN15Adafruit_Sensor15enableAutoRangeEb
 .text._ZN15Adafruit_BNO0559getSensorEP8sensor_t
                0x0000030a       0x8a BNO055/Adafruit_BNO055.o
                0x0000030a                _ZN15Adafruit_BNO0559getSensorEP8sensor_t
 .text._ZN15Adafruit_BNO055C2ElhP7TwoWire
                0x00000394       0x22 BNO055/Adafruit_BNO055.o
                0x00000394                _ZN15Adafruit_BNO055C1ElhP7TwoWire
                0x00000394                _ZN15Adafruit_BNO055C2ElhP7TwoWire
 .text._ZN15Adafruit_BNO0556write8ENS_21adafruit_bno055_reg_tEh
                0x000003b6       0x54 BNO055/Adafruit_BNO055.o
                0x000003b6                _ZN15Adafruit_BNO0556write8ENS_21adafruit_bno055_reg_tEh
 .text._ZN15Adafruit_BNO0557setModeENS_24adafruit_bno055_opmode_tE
                0x0000040a       0x1e BNO055/Adafruit_BNO055.o
                0x0000040a                _ZN15Adafruit_BNO0557setModeENS_24adafruit_bno055_opmode_tE
 .text._ZN15Adafruit_BNO0555read8ENS_21adafruit_bno055_reg_tE
                0x00000428       0x56 BNO055/Adafruit_BNO055.o
                0x00000428                _ZN15Adafruit_BNO0555read8ENS_21adafruit_bno055_reg_tE
 .text._ZN15Adafruit_BNO0555beginENS_24adafruit_bno055_opmode_tE
                0x0000047e       0xda BNO055/Adafruit_BNO055.o
                0x0000047e                _ZN15Adafruit_BNO0555beginENS_24adafruit_bno055_opmode_tE
 .text._ZN15Adafruit_BNO0557getTempEv
                0x00000558        0x6 BNO055/Adafruit_BNO055.o
                0x00000558                _ZN15Adafruit_BNO0557getTempEv
 .text._ZN15Adafruit_BNO0557readLenENS_21adafruit_bno055_reg_tEPhh
                0x0000055e       0xa6 BNO055/Adafruit_BNO055.o
                0x0000055e                _ZN15Adafruit_BNO0557readLenENS_21adafruit_bno055_reg_tEPhh
 .text._ZN15Adafruit_BNO0559getVectorENS_22adafruit_vector_type_tE
                0x00000604      0x32c BNO055/Adafruit_BNO055.o
                0x00000604                _ZN15Adafruit_BNO0559getVectorENS_22adafruit_vector_type_tE
 .text._ZN15Adafruit_BNO0558getEventEP15sensors_event_t
                0x00000930       0xae BNO055/Adafruit_BNO055.o
                0x00000930                _ZN15Adafruit_BNO0558getEventEP15sensors_event_t
 .text._Z14RunPingCommandPKhh
                0x000009de       0x18 Commands.o
                0x000009de                _Z14RunPingCommandPKhh
 .text._Z14RunEchoCommandPKhh
                0x000009f6       0x26 Commands.o
                0x000009f6                _Z14RunEchoCommandPKhh
 .text._Z13RunLedCommandPKhh
                0x00000a1c       0x1a Commands.o
                0x00000a1c                _Z13RunLedCommandPKhh
 .text._ZN9EtherComm15CommandReceivedEhPKhh
                0x00000a36       0x34 Commands.o
                0x00000a36                _ZN9EtherComm15CommandReceivedEhPKhh
 .text._GLOBAL__sub_I__Z14RunPingCommandPKhh
                0x00000a6a       0x14 Commands.o
 .text._ZL10enableChipv
                0x00000a7e       0x16 EtherCardModified/enc28j60.o
 .text._ZL11disableChipv
                0x00000a94       0x14 EtherCardModified/enc28j60.o
 .text._ZL6readOphh
                0x00000aa8       0x40 EtherCardModified/enc28j60.o
 .text._ZL7writeOphhh
                0x00000ae8       0x30 EtherCardModified/enc28j60.o
 .text._ZL7readBufjPh
                0x00000b18       0x44 EtherCardModified/enc28j60.o
 .text._ZL7SetBankh
                0x00000b5c       0x4a EtherCardModified/enc28j60.o
 .text._ZL11readRegByteh
                0x00000ba6       0x10 EtherCardModified/enc28j60.o
 .text._ZL12writeRegBytehh
                0x00000bb6       0x18 EtherCardModified/enc28j60.o
 .text._ZL8writeReghj
                0x00000bce       0x18 EtherCardModified/enc28j60.o
 .text._ZN8ENC28J607initSPIERVh
                0x00000be6       0x24 EtherCardModified/enc28j60.o
                0x00000be6                _ZN8ENC28J607initSPIERVh
 .text._ZN8ENC28J6010initializeEjPKhRVhS3_h
                0x00000c0a      0x100 EtherCardModified/enc28j60.o
                0x00000c0a                _ZN8ENC28J6010initializeEjPKhRVhS3_h
 .text._ZN8ENC28J608isLinkUpEv
                0x00000d0a       0x26 EtherCardModified/enc28j60.o
                0x00000d0a                _ZN8ENC28J608isLinkUpEv
 .text._ZN8ENC28J6010packetSendEj
                0x00000d30       0xf2 EtherCardModified/enc28j60.o
                0x00000d30                _ZN8ENC28J6010packetSendEj
 .text._ZN8ENC28J6013packetReceiveEv
                0x00000e22       0xca EtherCardModified/enc28j60.o
                0x00000e22                _ZN8ENC28J6013packetReceiveEv
 .text._ZN9EtherCard5beginEPKhRVhS3_h
                0x00000eec       0x32 EtherCardModified/EtherCard.o
                0x00000eec                _ZN9EtherCard5beginEPKhRVhS3_h
 .text._ZN9EtherCard11staticSetupEPKhS1_S1_S1_
                0x00000f1e       0x5c EtherCardModified/EtherCard.o
                0x00000f1e                _ZN9EtherCard11staticSetupEPKhS1_S1_S1_
 .text._ZL13fill_checksumhhjh
                0x00000f7a       0xe2 EtherCardModified/tcpip.o
 .text._ZL6is_lanPKhS0_
                0x0000105c       0x54 EtherCardModified/tcpip.o
 .text._ZL20fill_ip_hdr_checksumv
                0x000010b0       0x1e EtherCardModified/tcpip.o
 .text._ZL7setMACsPKh
                0x000010ce       0x14 EtherCardModified/tcpip.o
 .text._ZL11make_eth_ipv
                0x000010e2       0x1e EtherCardModified/tcpip.o
 .text._ZL12setMACandIPsPKhS0_
                0x00001100       0x20 EtherCardModified/tcpip.o
 .text._ZL16client_store_macPhS_
                0x00001120       0x2c EtherCardModified/tcpip.o
 .text._ZL17client_arp_whohasPh
                0x0000114c       0x60 EtherCardModified/tcpip.o
 .text._ZN9EtherCard10udpPrepareEjPKhj
                0x000011ac       0xa4 EtherCardModified/tcpip.o
                0x000011ac                _ZN9EtherCard10udpPrepareEjPKhj
 .text._ZN9EtherCard11udpTransmitEj
                0x00001250       0x40 EtherCardModified/tcpip.o
                0x00001250                _ZN9EtherCard11udpTransmitEj
 .text._ZN9EtherCard7sendUdpEPKhjjS1_j
                0x00001290       0x30 EtherCardModified/tcpip.o
                0x00001290                _ZN9EtherCard7sendUdpEPKhjjS1_j
 .text._ZN9EtherCard7setGwIpEPKh
                0x000012c0       0x18 EtherCardModified/tcpip.o
                0x000012c0                _ZN9EtherCard7setGwIpEPKh
 .text._ZN9EtherCard22updateBroadcastAddressEv
                0x000012d8       0x2a EtherCardModified/tcpip.o
                0x000012d8                _ZN9EtherCard22updateBroadcastAddressEv
 .text._ZN9EtherCard10packetLoopEj
                0x00001302      0x272 EtherCardModified/tcpip.o
                0x00001302                _ZN9EtherCard10packetLoopEj
 .text._ZN9EtherCard21udpServerListenOnPortEPFvjPhjPKcjEj
                0x00001574       0x34 EtherCardModified/udpserver.o
                0x00001574                _ZN9EtherCard21udpServerListenOnPortEPFvjPhjPKcjEj
 .text._ZN9EtherCard18udpServerListeningEv
                0x000015a8        0xe EtherCardModified/udpserver.o
                0x000015a8                _ZN9EtherCard18udpServerListeningEv
 .text._ZN9EtherCard27udpServerHasProcessedPacketEj
                0x000015b6       0xc6 EtherCardModified/udpserver.o
                0x000015b6                _ZN9EtherCard27udpServerHasProcessedPacketEj
 .text._ZN9EtherCard6copyIpEPhPKh
                0x0000167c       0x1a EtherCardModified/webutil.o
                0x0000167c                _ZN9EtherCard6copyIpEPhPKh
 .text._ZN9EtherCard7copyMacEPhPKh
                0x00001696       0x10 EtherCardModified/webutil.o
                0x00001696                _ZN9EtherCard7copyMacEPhPKh
 .text._ZN9EtherComm13CheckChecksumEPKch
                0x000016a6       0x38 EtherComm.o
                0x000016a6                _ZN9EtherComm13CheckChecksumEPKch
 .text._Z10udpReceivejPhjPKcj
                0x000016de       0x42 EtherComm.o
                0x000016de                _Z10udpReceivejPhjPKcj
 .text._ZN9EtherComm5beginEjjRVhS1_h
                0x00001720       0x52 EtherComm.o
                0x00001720                _ZN9EtherComm5beginEjjRVhS1_h
 .text._ZN9EtherComm11SendCommandEhh
                0x00001772       0x84 EtherComm.o
                0x00001772                _ZN9EtherComm11SendCommandEhh
 .text.main     0x000017f6       0x88 main.o
                0x000017f6                main
 .text._GLOBAL__sub_I_dir
                0x0000187e        0xa main.o
 .text._ZN7PCA9685C2Eh
                0x00001888        0x6 PCA9685/PCA9685.o
                0x00001888                _ZN7PCA9685C1Eh
                0x00001888                _ZN7PCA9685C2Eh
 .text._ZN7PCA96856setPWMEhjj
                0x0000188e       0x98 PCA9685/PCA9685.o
                0x0000188e                _ZN7PCA96856setPWMEhjj
 .text._ZN7PCA968522setOscillatorFrequencyEm
                0x00001926        0xc PCA9685/PCA9685.o
                0x00001926                _ZN7PCA968522setOscillatorFrequencyEm
 .text._ZN7PCA96855read8Eh
                0x00001932       0x40 PCA9685/PCA9685.o
                0x00001932                _ZN7PCA96855read8Eh
 .text._ZN7PCA96856write8Ehh
                0x00001972       0x36 PCA9685/PCA9685.o
                0x00001972                _ZN7PCA96856write8Ehh
 .text._ZN7PCA96855resetEv
                0x000019a8       0x14 PCA9685/PCA9685.o
                0x000019a8                _ZN7PCA96855resetEv
 .text._ZN7PCA96859setExtClkEh
                0x000019bc       0x52 PCA9685/PCA9685.o
                0x000019bc                _ZN7PCA96859setExtClkEh
 .text._ZN7PCA968510setPWMFreqEf
                0x00001a0e      0x14c PCA9685/PCA9685.o
                0x00001a0e                _ZN7PCA968510setPWMFreqEf
 .text._ZN7PCA96855beginEh
                0x00001b5a       0x44 PCA9685/PCA9685.o
                0x00001b5a                _ZN7PCA96855beginEh
 .text._ZN18TwiServoControllerC2Eh
                0x00001b9e        0x4 PCA9685/TwiServoController.o
                0x00001b9e                _ZN18TwiServoControllerC1Eh
                0x00001b9e                _ZN18TwiServoControllerC2Eh
 .text._ZN18TwiServoController5beginEv
                0x00001ba2       0x34 PCA9685/TwiServoController.o
                0x00001ba2                _ZN18TwiServoController5beginEv
 .text._ZN18TwiServoController5sweepEv
                0x00001bd6       0xc2 PCA9685/TwiServoController.o
                0x00001bd6                _ZN18TwiServoController5sweepEv
 .text._ZN14HardwareSerial9availableEv
                0x00001c98       0x18 Peripherals/HardwareSerial.o
                0x00001c98                _ZN14HardwareSerial9availableEv
 .text._ZN14HardwareSerial4peekEv
                0x00001cb0       0x1c Peripherals/HardwareSerial.o
                0x00001cb0                _ZN14HardwareSerial4peekEv
 .text._ZN14HardwareSerial4readEv
                0x00001ccc       0x28 Peripherals/HardwareSerial.o
                0x00001ccc                _ZN14HardwareSerial4readEv
 .text._ZN14HardwareSerial17availableForWriteEv
                0x00001cf4       0x24 Peripherals/HardwareSerial.o
                0x00001cf4                _ZN14HardwareSerial17availableForWriteEv
 .text._ZN14HardwareSerial17_tx_udr_empty_irqEv
                0x00001d18       0x56 Peripherals/HardwareSerial.o
                0x00001d18                _ZN14HardwareSerial17_tx_udr_empty_irqEv
 .text._ZN14HardwareSerial5flushEv
                0x00001d6e       0x46 Peripherals/HardwareSerial.o
                0x00001d6e                _ZN14HardwareSerial5flushEv
 .text._ZN14HardwareSerial5writeEh
                0x00001db4       0xa8 Peripherals/HardwareSerial.o
                0x00001db4                _ZN14HardwareSerial5writeEh
 .text._ZN14HardwareSerial5beginEmh
                0x00001e5c       0xca Peripherals/HardwareSerial.o
                0x00001e5c                _ZN14HardwareSerial5beginEmh
 .text._ZN5Print17availableForWriteEv
                0x00001f26        0x6 Peripherals/HardwareSerial0.o
                0x00001f26                _ZN5Print17availableForWriteEv
 .text.__vector_25
                0x00001f2c       0x78 Peripherals/HardwareSerial0.o
                0x00001f2c                __vector_25
 .text.__vector_26
                0x00001fa4       0x52 Peripherals/HardwareSerial0.o
                0x00001fa4                __vector_26
 .text._GLOBAL__sub_I___vector_25
                0x00001ff6       0x46 Peripherals/HardwareSerial0.o
 .text.__vector_36
                0x0000203c       0x78 Peripherals/HardwareSerial1.o
                0x0000203c                __vector_36
 .text.__vector_37
                0x000020b4       0x52 Peripherals/HardwareSerial1.o
                0x000020b4                __vector_37
 .text._GLOBAL__sub_I___vector_36
                0x00002106       0x46 Peripherals/HardwareSerial1.o
 .text.__vector_51
                0x0000214c       0x78 Peripherals/HardwareSerial2.o
                0x0000214c                __vector_51
 .text.__vector_52
                0x000021c4       0x52 Peripherals/HardwareSerial2.o
                0x000021c4                __vector_52
 .text._GLOBAL__sub_I___vector_51
                0x00002216       0x46 Peripherals/HardwareSerial2.o
 .text.__vector_54
                0x0000225c       0x78 Peripherals/HardwareSerial3.o
                0x0000225c                __vector_54
 .text.__vector_55
                0x000022d4       0x52 Peripherals/HardwareSerial3.o
                0x000022d4                __vector_55
 .text._GLOBAL__sub_I___vector_54
                0x00002326       0x46 Peripherals/HardwareSerial3.o
 .text._ZN13HardwareServoC2ERVjRVhS3_S1_S1_S1_
                0x0000236c       0x54 Peripherals/PWM/HardwareServo.o
                0x0000236c                _ZN13HardwareServoC2ERVjRVhS3_S1_S1_S1_
                0x0000236c                _ZN13HardwareServoC1ERVjRVhS3_S1_S1_S1_
 .text._GLOBAL__sub_I_Servo1
                0x000023c0       0x44 Peripherals/PWM/HardwareServo1.o
 .text._GLOBAL__sub_I_Servo3
                0x00002404       0x44 Peripherals/PWM/HardwareServo3.o
 .text._GLOBAL__sub_I_Servo4
                0x00002448       0x44 Peripherals/PWM/HardwareServo4.o
 .text._GLOBAL__sub_I_Servo5
                0x0000248c       0x48 Peripherals/PWM/HardwareServo5.o
 .text.twi_init
                0x000024d4       0x32 Peripherals/twi.o
                0x000024d4                twi_init
 .text.twi_readFrom
                0x00002506       0xa4 Peripherals/twi.o
                0x00002506                twi_readFrom
 .text.twi_writeTo
                0x000025aa       0xc6 Peripherals/twi.o
                0x000025aa                twi_writeTo
 .text.twi_transmit
                0x00002670       0x54 Peripherals/twi.o
                0x00002670                twi_transmit
 .text.twi_attachSlaveRxEvent
                0x000026c4        0xa Peripherals/twi.o
                0x000026c4                twi_attachSlaveRxEvent
 .text.twi_attachSlaveTxEvent
                0x000026ce        0xa Peripherals/twi.o
                0x000026ce                twi_attachSlaveTxEvent
 .text.twi_stop
                0x000026d8       0x16 Peripherals/twi.o
                0x000026d8                twi_stop
 .text.twi_releaseBus
                0x000026ee        0xc Peripherals/twi.o
                0x000026ee                twi_releaseBus
 .text.__vector_39
                0x000026fa      0x238 Peripherals/twi.o
                0x000026fa                __vector_39
 .text._ZN7TwoWire9availableEv
                0x00002932       0x10 Peripherals/Wire.o
                0x00002932                _ZN7TwoWire9availableEv
 .text._ZN7TwoWire4readEv
                0x00002942       0x28 Peripherals/Wire.o
                0x00002942                _ZN7TwoWire4readEv
 .text._ZN7TwoWire4peekEv
                0x0000296a       0x1e Peripherals/Wire.o
                0x0000296a                _ZN7TwoWire4peekEv
 .text._ZN7TwoWire5flushEv
                0x00002988        0x2 Peripherals/Wire.o
                0x00002988                _ZN7TwoWire5flushEv
 .text._ZN7TwoWire16onReceiveServiceEPhi
                0x0000298a       0x58 Peripherals/Wire.o
                0x0000298a                _ZN7TwoWire16onReceiveServiceEPhi
 .text._ZN7TwoWire16onRequestServiceEv
                0x000029e2       0x18 Peripherals/Wire.o
                0x000029e2                _ZN7TwoWire16onRequestServiceEv
 .text._ZN7TwoWire5writeEh
                0x000029fa       0x54 Peripherals/Wire.o
                0x000029fa                _ZN7TwoWire5writeEh
 .text._ZN7TwoWire5writeEPKhj
                0x00002a4e       0x5e Peripherals/Wire.o
                0x00002a4e                _ZN7TwoWire5writeEPKhj
 .text._ZN7TwoWire5beginEv
                0x00002aac       0x20 Peripherals/Wire.o
                0x00002aac                _ZN7TwoWire5beginEv
 .text._ZN7TwoWire17beginTransmissionEh
                0x00002acc       0x14 Peripherals/Wire.o
                0x00002acc                _ZN7TwoWire17beginTransmissionEh
 .text._ZN7TwoWire15endTransmissionEh
                0x00002ae0       0x24 Peripherals/Wire.o
                0x00002ae0                _ZN7TwoWire15endTransmissionEh
 .text._ZN7TwoWire11requestFromEhhmhh
                0x00002b04       0xac Peripherals/Wire.o
                0x00002b04                _ZN7TwoWire11requestFromEhhmhh
 .text._ZN7TwoWire11requestFromEhhh
                0x00002bb0       0x1e Peripherals/Wire.o
                0x00002bb0                _ZN7TwoWire11requestFromEhhh
 .text._ZN7TwoWire11requestFromEhh
                0x00002bce        0x6 Peripherals/Wire.o
                0x00002bce                _ZN7TwoWire11requestFromEhh
 .text._ZN7TwoWire15endTransmissionEv
                0x00002bd4        0x6 Peripherals/Wire.o
                0x00002bd4                _ZN7TwoWire15endTransmissionEv
 .text._GLOBAL__sub_I__ZN7TwoWire8rxBufferE
                0x00002bda        0xe Peripherals/Wire.o
 .text._ZN9IReadable15CommandReceivedEhPKhh
                0x00002be8       0x20 Robot.o
                0x00002be8                _ZN9IReadable15CommandReceivedEhPKhh
 .text._ZN13DigitalSensor6UpdateEPh
                0x00002c08        0x2 Robot.o
                0x00002c08                _ZN13DigitalSensor6UpdateEPh
 .text._ZN13DigitalSensor21ReadRegisterRequestedEhPh
                0x00002c0a       0x42 Robot.o
                0x00002c0a                _ZN13DigitalSensor21ReadRegisterRequestedEhPh
 .text._ZN5Robot14RegisterDeviceEhP7IDevice
                0x00002c4c       0x2a Robot.o
                0x00002c4c                _ZN5Robot14RegisterDeviceEhP7IDevice
 .text._ZN13DigitalSensor5beginEv
                0x00002c76        0xa Robot.o
                0x00002c76                _ZN13DigitalSensor5beginEv
 .text._ZN5Robot6SetLedEb
                0x00002c80        0xc Robot.o
                0x00002c80                _ZN5Robot6SetLedEb
 .text._ZN5Robot15CommandReceivedEPKhh
                0x00002c8c       0x3a Robot.o
                0x00002c8c                _ZN5Robot15CommandReceivedEPKhh
 .text._GLOBAL__sub_I__ZN5Robot9registersE
                0x00002cc6       0x34 Robot.o
 .text._ZN5Robot5beginEv
                0x00002cfa       0x28 Robot.o
                0x00002cfa                _ZN5Robot5beginEv
 .text._ZN5Robot4LoopEv
                0x00002d22       0x14 Robot.o
                0x00002d22                _ZN5Robot4LoopEv
 .text._ZN9ImuSensor6UpdateEPh
                0x00002d36        0x2 Sensors/ImuSensor.o
                0x00002d36                _ZN9ImuSensor6UpdateEPh
 .text._ZN9ImuSensor5beginEv
                0x00002d38       0x2a Sensors/ImuSensor.o
                0x00002d38                _ZN9ImuSensor5beginEv
 .text._ZN9ImuSensor21ReadRegisterRequestedEhPh
                0x00002d62      0x144 Sensors/ImuSensor.o
                0x00002d62                _ZN9ImuSensor21ReadRegisterRequestedEhPh
 .text._ZN9ImuSensorC2Ehh
                0x00002ea6       0x42 Sensors/ImuSensor.o
                0x00002ea6                _ZN9ImuSensorC1Ehh
                0x00002ea6                _ZN9ImuSensorC2Ehh
 .text._GLOBAL__sub_I__ZN9ImuSensorC2Ehh
                0x00002ee8       0x10 Sensors/ImuSensor.o
 .text._GLOBAL__sub_I_bno
                0x00002ef8       0x20 TestIMU.o
 .text._ZN5Print5writeEPKhj
                0x00002f18       0x5e Utils/Print.o
                0x00002f18                _ZN5Print5writeEPKhj
 .text._ZN5Print5printEPKc
                0x00002f76       0x2c Utils/Print.o
                0x00002f76                _ZN5Print5printEPKc
 .text._ZN5Print7printlnEv
                0x00002fa2       0x18 Utils/Print.o
                0x00002fa2                _ZN5Print7printlnEv
 .text._ZN5Print7printlnEPKc
                0x00002fba       0x20 Utils/Print.o
                0x00002fba                _ZN5Print7printlnEPKc
 .text.avr-libc.fplib
                0x00002fda        0xa c:/program files (x86)/atmel/studio/7.0/toolchain/avr8/avr8-gnu-toolchain/bin/../lib/gcc/avr/5.4.0/../../../../avr/lib/avr6\libm.a(addsf3.o)
                0x00002fda                __subsf3
                0x00002fdc                __addsf3
 .text.avr-libc.fplib
                0x00002fe4       0xc0 c:/program files (x86)/atmel/studio/7.0/toolchain/avr8/avr8-gnu-toolchain/bin/../lib/gcc/avr/5.4.0/../../../../avr/lib/avr6\libm.a(addsf3x.o)
                0x00002ffe                __addsf3x
 .text.avr-libc.fplib
                0x000030a4        0x8 c:/program files (x86)/atmel/studio/7.0/toolchain/avr8/avr8-gnu-toolchain/bin/../lib/gcc/avr/5.4.0/../../../../avr/lib/avr6\libm.a(cmpsf2.o)
                0x000030a4                __nesf2
                0x000030a4                __eqsf2
                0x000030a4                __cmpsf2
                0x000030a4                __ltsf2
                0x000030a4                __lesf2
 .text.avr-libc.fplib
                0x000030ac        0x4 c:/program files (x86)/atmel/studio/7.0/toolchain/avr8/avr8-gnu-toolchain/bin/../lib/gcc/avr/5.4.0/../../../../avr/lib/avr6\libm.a(divsf3.o)
                0x000030ac                __divsf3
 .text.avr-libc.fplib
                0x000030b0       0xcc c:/program files (x86)/atmel/studio/7.0/toolchain/avr8/avr8-gnu-toolchain/bin/../lib/gcc/avr/5.4.0/../../../../avr/lib/avr6\libm.a(divsf3x.o)
                0x000030c6                __divsf3x
                0x000030ca                __divsf3_pse
 .text.avr-libc.fplib
                0x0000317c       0x58 c:/program files (x86)/atmel/studio/7.0/toolchain/avr8/avr8-gnu-toolchain/bin/../lib/gcc/avr/5.4.0/../../../../avr/lib/avr6\libm.a(fixunssfsi.o)
                0x0000317c                __fixunssfsi
 .text.avr-libc.fplib
                0x000031d4       0x7a c:/program files (x86)/atmel/studio/7.0/toolchain/avr8/avr8-gnu-toolchain/bin/../lib/gcc/avr/5.4.0/../../../../avr/lib/avr6\libm.a(floatsisf.o)
                0x000031d4                __floatunsisf
                0x000031d8                __floatsisf
 .text.avr-libc.fplib
                0x0000324e       0x48 c:/program files (x86)/atmel/studio/7.0/toolchain/avr8/avr8-gnu-toolchain/bin/../lib/gcc/avr/5.4.0/../../../../avr/lib/avr6\libm.a(fp_cmp.o)
                0x0000324e                __fp_cmp
 .text.avr-libc.fplib
                0x00003296        0xc c:/program files (x86)/atmel/studio/7.0/toolchain/avr8/avr8-gnu-toolchain/bin/../lib/gcc/avr/5.4.0/../../../../avr/lib/avr6\libm.a(fp_inf.o)
                0x00003296                __fp_inf
 .text.avr-libc.fplib
                0x000032a2        0x6 c:/program files (x86)/atmel/studio/7.0/toolchain/avr8/avr8-gnu-toolchain/bin/../lib/gcc/avr/5.4.0/../../../../avr/lib/avr6\libm.a(fp_nan.o)
                0x000032a2                __fp_nan
 .text.avr-libc.fplib
                0x000032a8        0xe c:/program files (x86)/atmel/studio/7.0/toolchain/avr8/avr8-gnu-toolchain/bin/../lib/gcc/avr/5.4.0/../../../../avr/lib/avr6\libm.a(fp_pscA.o)
                0x000032a8                __fp_pscA
 .text.avr-libc.fplib
                0x000032b6        0xe c:/program files (x86)/atmel/studio/7.0/toolchain/avr8/avr8-gnu-toolchain/bin/../lib/gcc/avr/5.4.0/../../../../avr/lib/avr6\libm.a(fp_pscB.o)
                0x000032b6                __fp_pscB
 .text.avr-libc.fplib
                0x000032c4       0x22 c:/program files (x86)/atmel/studio/7.0/toolchain/avr8/avr8-gnu-toolchain/bin/../lib/gcc/avr/5.4.0/../../../../avr/lib/avr6\libm.a(fp_round.o)
                0x000032c4                __fp_round
 .text.avr-libc.fplib
                0x000032e6       0x44 c:/program files (x86)/atmel/studio/7.0/toolchain/avr8/avr8-gnu-toolchain/bin/../lib/gcc/avr/5.4.0/../../../../avr/lib/avr6\libm.a(fp_split3.o)
                0x000032e6                __fp_split3
                0x000032f6                __fp_splitA
 .text.avr-libc.fplib
                0x0000332a        0xe c:/program files (x86)/atmel/studio/7.0/toolchain/avr8/avr8-gnu-toolchain/bin/../lib/gcc/avr/5.4.0/../../../../avr/lib/avr6\libm.a(fp_zero.o)
                0x0000332a                __fp_zero
                0x0000332c                __fp_szero
 .text.avr-libc.fplib
                0x00003338        0x8 c:/program files (x86)/atmel/studio/7.0/toolchain/avr8/avr8-gnu-toolchain/bin/../lib/gcc/avr/5.4.0/../../../../avr/lib/avr6\libm.a(gesf2.o)
                0x00003338                __gesf2
                0x00003338                __gtsf2
 .text.avr-libc.fplib
                0x00003340        0x4 c:/program files (x86)/atmel/studio/7.0/toolchain/avr8/avr8-gnu-toolchain/bin/../lib/gcc/avr/5.4.0/../../../../avr/lib/avr6\libm.a(mulsf3.o)
                0x00003340                __mulsf3
 .text.avr-libc.fplib
                0x00003344       0xc2 c:/program files (x86)/atmel/studio/7.0/toolchain/avr8/avr8-gnu-toolchain/bin/../lib/gcc/avr/5.4.0/../../../../avr/lib/avr6\libm.a(mulsf3x.o)
                0x00003358                __mulsf3x
                0x0000335c                __mulsf3_pse
 .text.libgcc.div
                0x00003406       0x44 c:/program files (x86)/atmel/studio/7.0/toolchain/avr8/avr8-gnu-toolchain/bin/../lib/gcc/avr/5.4.0/avr6\libgcc.a(_udivmodsi4.o)
                0x00003406                __udivmodsi4
 .text.libgcc   0x0000344a       0x10 c:/program files (x86)/atmel/studio/7.0/toolchain/avr8/avr8-gnu-toolchain/bin/../lib/gcc/avr/5.4.0/avr6\libgcc.a(_tablejump2.o)
                0x0000344a                __tablejump2__
 .text.avr-libc
                0x0000345a       0x12 c:/program files (x86)/atmel/studio/7.0/toolchain/avr8/avr8-gnu-toolchain/bin/../lib/gcc/avr/5.4.0/../../../../avr/lib/avr6\libc.a(memcpy_P.o)
                0x0000345a                memcpy_P
 .text.avr-libc
                0x0000346c       0x1a c:/program files (x86)/atmel/studio/7.0/toolchain/avr8/avr8-gnu-toolchain/bin/../lib/gcc/avr/5.4.0/../../../../avr/lib/avr6\libc.a(memcmp.o)
                0x0000346c                memcmp
 .text.avr-libc
                0x00003486       0x1e c:/program files (x86)/atmel/studio/7.0/toolchain/avr8/avr8-gnu-toolchain/bin/../lib/gcc/avr/5.4.0/../../../../avr/lib/avr6\libc.a(strncpy.o)
                0x00003486                strncpy
                0x000034a4                . = ALIGN (0x2)
 *(.fini9)
 .fini9         0x000034a4        0x0 c:/program files (x86)/atmel/studio/7.0/toolchain/avr8/avr8-gnu-toolchain/bin/../lib/gcc/avr/5.4.0/avr6\libgcc.a(_exit.o)
                0x000034a4                _exit
                0x000034a4                exit
 *(.fini9)
 *(.fini8)
 *(.fini8)
 *(.fini7)
 *(.fini7)
 *(.fini6)
 *(.fini6)
 *(.fini5)
 *(.fini5)
 *(.fini4)
 *(.fini4)
 *(.fini3)
 *(.fini3)
 *(.fini2)
 *(.fini2)
 *(.fini1)
 *(.fini1)
 *(.fini0)
 .fini0         0x000034a4        0x4 c:/program files (x86)/atmel/studio/7.0/toolchain/avr8/avr8-gnu-toolchain/bin/../lib/gcc/avr/5.4.0/avr6\libgcc.a(_exit.o)
 *(.fini0)
                0x000034a8                _etext = .

.data           0x00800200       0xf6 load address 0x000034a8
                0x00800200                PROVIDE (__data_start, .)
 *(.data)
 *(.data*)
 .data._ZN9EtherComm6bufferE
                0x00800200        0x2 EtherComm.o
                0x00800200                _ZN9EtherComm6bufferE
 .data._ZN9EtherComm7_destIPE
                0x00800202        0x4 EtherComm.o
                0x00800202                _ZN9EtherComm7_destIPE
 .data._ZN9EtherComm6_mymacE
                0x00800206        0x6 EtherComm.o
                0x00800206                _ZN9EtherComm6_mymacE
 .data._ZN9EtherComm5_gwipE
                0x0080020c        0x4 EtherComm.o
                0x0080020c                _ZN9EtherComm5_gwipE
 .data._ZN9EtherComm5_myipE
                0x00800210        0x4 EtherComm.o
                0x00800210                _ZN9EtherComm5_myipE
 *(.gnu.linkonce.d*)
 *(.rodata)
 *(.rodata*)
 .rodata.str1.1
                0x00800214        0x7 BNO055/Adafruit_BNO055.o
 .rodata._ZTV15Adafruit_BNO055
                0x0080021b        0xa BNO055/Adafruit_BNO055.o
                0x0080021b                _ZTV15Adafruit_BNO055
 .rodata.allOnes
                0x00800225        0x6 EtherCardModified/tcpip.o
                0x00800225                allOnes
 .rodata.str1.1
                0x0080022b       0x7f main.o
 .rodata._ZTV14HardwareSerial
                0x008002aa       0x12 Peripherals/HardwareSerial.o
                0x008002aa                _ZTV14HardwareSerial
 .rodata._ZTV7TwoWire
                0x008002bc       0x12 Peripherals/Wire.o
                0x008002bc                _ZTV7TwoWire
 .rodata._ZTV13DigitalSensor
                0x008002ce        0xc Robot.o
                0x008002ce                _ZTV13DigitalSensor
 .rodata._ZTV9ImuSensor
                0x008002da        0xc Sensors/ImuSensor.o
                0x008002da                _ZTV9ImuSensor
 .rodata.str1.1
                0x008002e6        0xf Utils/Print.o
 *(.gnu.linkonce.r*)
                0x008002f6                . = ALIGN (0x2)
 *fill*         0x008002f5        0x1 
                0x008002f6                _edata = .
                0x008002f6                PROVIDE (__data_end, .)

.bss            0x008002f6      0x683
                0x008002f6                PROVIDE (__bss_start, .)
 *(.bss)
 *(.bss*)
 .bss._ZL14SendDataBuffer
                0x008002f6        0x2 Commands.o
 .bss._ZZN8ENC28J6013packetReceiveEvE14gNextPacketPtr
                0x008002f8        0x2 EtherCardModified/enc28j60.o
 .bss._ZZN8ENC28J6013packetReceiveEvE16unreleasedPacket
                0x008002fa        0x1 EtherCardModified/enc28j60.o
 .bss._ZL9selectPin
                0x008002fb        0x1 EtherCardModified/enc28j60.o
 .bss._ZL10selectPort
                0x008002fc        0x2 EtherCardModified/enc28j60.o
 .bss._ZL12Enc28j60Bank
                0x008002fe        0x1 EtherCardModified/enc28j60.o
 .bss._ZN8ENC28J6010bufferSizeE
                0x008002ff        0x2 EtherCardModified/enc28j60.o
                0x008002ff                _ZN8ENC28J6010bufferSizeE
 .bss._ZN8ENC28J606bufferE
                0x00800301      0x200 EtherCardModified/EtherCard.o
                0x00800301                _ZN8ENC28J606bufferE
 .bss._ZN9EtherCard8delaycntE
                0x00800501        0x2 EtherCardModified/EtherCard.o
                0x00800501                _ZN9EtherCard8delaycntE
 .bss._ZN9EtherCard5hisipE
                0x00800503        0x4 EtherCardModified/EtherCard.o
                0x00800503                _ZN9EtherCard5hisipE
 .bss._ZN9EtherCard5dnsipE
                0x00800507        0x4 EtherCardModified/EtherCard.o
                0x00800507                _ZN9EtherCard5dnsipE
 .bss._ZN9EtherCard4gwipE
                0x0080050b        0x4 EtherCardModified/EtherCard.o
                0x0080050b                _ZN9EtherCard4gwipE
 .bss._ZN9EtherCard11broadcastipE
                0x0080050f        0x4 EtherCardModified/EtherCard.o
                0x0080050f                _ZN9EtherCard11broadcastipE
 .bss._ZN9EtherCard7netmaskE
                0x00800513        0x4 EtherCardModified/EtherCard.o
                0x00800513                _ZN9EtherCard7netmaskE
 .bss._ZN9EtherCard4myipE
                0x00800517        0x4 EtherCardModified/EtherCard.o
                0x00800517                _ZN9EtherCard4myipE
 .bss._ZN9EtherCard5mymacE
                0x0080051b        0x6 EtherCardModified/EtherCard.o
                0x0080051b                _ZN9EtherCard5mymacE
 .bss._ZL9waitgwmac
                0x00800521        0x1 EtherCardModified/tcpip.o
 .bss._ZL9gwmacaddr
                0x00800522        0x6 EtherCardModified/tcpip.o
 .bss._ZL12has_dest_mac
                0x00800528        0x1 EtherCardModified/tcpip.o
 .bss._ZL20waiting_for_dest_mac
                0x00800529        0x1 EtherCardModified/tcpip.o
 .bss._ZL11has_dns_mac
                0x0080052a        0x1 EtherCardModified/tcpip.o
 .bss._ZL19waiting_for_dns_mac
                0x0080052b        0x1 EtherCardModified/tcpip.o
 .bss._ZL11destmacaddr
                0x0080052c        0x6 EtherCardModified/tcpip.o
 .bss._ZL7icmp_cb
                0x00800532        0x2 EtherCardModified/tcpip.o
 .bss.numListeners
                0x00800534        0x1 EtherCardModified/udpserver.o
                0x00800534                numListeners
 .bss.listeners
                0x00800535       0x28 EtherCardModified/udpserver.o
                0x00800535                listeners
 .bss._ZN9EtherComm9_destPortE
                0x0080055d        0x2 EtherComm.o
                0x0080055d                _ZN9EtherComm9_destPortE
 .bss._ZN9EtherComm9_recvPortE
                0x0080055f        0x2 EtherComm.o
                0x0080055f                _ZN9EtherComm9_recvPortE
 .bss.TwiServo  0x00800561        0x5 main.o
                0x00800561                TwiServo
 .bss.Serial    0x00800566       0x33 Peripherals/HardwareSerial0.o
                0x00800566                Serial
 .bss.Serial1   0x00800599       0x33 Peripherals/HardwareSerial1.o
                0x00800599                Serial1
 .bss.Serial2   0x008005cc       0x33 Peripherals/HardwareSerial2.o
                0x008005cc                Serial2
 .bss.Serial3   0x008005ff       0x33 Peripherals/HardwareSerial3.o
                0x008005ff                Serial3
 .bss.Servo1    0x00800632       0x18 Peripherals/PWM/HardwareServo1.o
                0x00800632                Servo1
 .bss.Servo3    0x0080064a       0x18 Peripherals/PWM/HardwareServo3.o
                0x0080064a                Servo3
 .bss.Servo4    0x00800662       0x18 Peripherals/PWM/HardwareServo4.o
                0x00800662                Servo4
 .bss.Servo5    0x0080067a       0x18 Peripherals/PWM/HardwareServo5.o
                0x0080067a                Servo5
 .bss.twi_error
                0x00800692        0x1 Peripherals/twi.o
 .bss.twi_rxBufferIndex
                0x00800693        0x1 Peripherals/twi.o
 .bss.twi_rxBuffer
                0x00800694       0x20 Peripherals/twi.o
 .bss.twi_txBufferLength
                0x008006b4        0x1 Peripherals/twi.o
 .bss.twi_txBufferIndex
                0x008006b5        0x1 Peripherals/twi.o
 .bss.twi_txBuffer
                0x008006b6       0x20 Peripherals/twi.o
 .bss.twi_masterBufferLength
                0x008006d6        0x1 Peripherals/twi.o
 .bss.twi_masterBufferIndex
                0x008006d7        0x1 Peripherals/twi.o
 .bss.twi_masterBuffer
                0x008006d8       0x20 Peripherals/twi.o
 .bss.twi_onSlaveReceive
                0x008006f8        0x2 Peripherals/twi.o
 .bss.twi_onSlaveTransmit
                0x008006fa        0x2 Peripherals/twi.o
 .bss.twi_inRepStart
                0x008006fc        0x1 Peripherals/twi.o
 .bss.twi_sendStop
                0x008006fd        0x1 Peripherals/twi.o
 .bss.twi_slarw
                0x008006fe        0x1 Peripherals/twi.o
 .bss.twi_state
                0x008006ff        0x1 Peripherals/twi.o
 .bss.Wire      0x00800700        0x2 Peripherals/Wire.o
                0x00800700                Wire
 .bss._ZN7TwoWire14user_onReceiveE
                0x00800702        0x2 Peripherals/Wire.o
                0x00800702                _ZN7TwoWire14user_onReceiveE
 .bss._ZN7TwoWire14user_onRequestE
                0x00800704        0x2 Peripherals/Wire.o
                0x00800704                _ZN7TwoWire14user_onRequestE
 .bss._ZN7TwoWire12transmittingE
                0x00800706        0x1 Peripherals/Wire.o
                0x00800706                _ZN7TwoWire12transmittingE
 .bss._ZN7TwoWire14txBufferLengthE
                0x00800707        0x1 Peripherals/Wire.o
                0x00800707                _ZN7TwoWire14txBufferLengthE
 .bss._ZN7TwoWire13txBufferIndexE
                0x00800708        0x1 Peripherals/Wire.o
                0x00800708                _ZN7TwoWire13txBufferIndexE
 .bss._ZN7TwoWire8txBufferE
                0x00800709       0x20 Peripherals/Wire.o
                0x00800709                _ZN7TwoWire8txBufferE
 .bss._ZN7TwoWire9txAddressE
                0x00800729        0x1 Peripherals/Wire.o
                0x00800729                _ZN7TwoWire9txAddressE
 .bss._ZN7TwoWire14rxBufferLengthE
                0x0080072a        0x1 Peripherals/Wire.o
                0x0080072a                _ZN7TwoWire14rxBufferLengthE
 .bss._ZN7TwoWire13rxBufferIndexE
                0x0080072b        0x1 Peripherals/Wire.o
                0x0080072b                _ZN7TwoWire13rxBufferIndexE
 .bss._ZN7TwoWire8rxBufferE
                0x0080072c       0x20 Peripherals/Wire.o
                0x0080072c                _ZN7TwoWire8rxBufferE
 .bss.Imu       0x0080074c        0xf Robot.o
                0x0080074c                Imu
 .bss.BtnTest   0x0080075b        0x7 Robot.o
                0x0080075b                BtnTest
 .bss._ZN5Robot9registersE
                0x00800762      0x200 Robot.o
                0x00800762                _ZN5Robot9registersE
 .bss.vector    0x00800962        0xc Sensors/ImuSensor.o
                0x00800962                vector
 .bss.bno       0x0080096e        0xb TestIMU.o
                0x0080096e                bno
 *(COMMON)
                0x00800979                PROVIDE (__bss_end, .)
                0x000034a8                __data_load_start = LOADADDR (.data)
                0x0000359e                __data_load_end = (__data_load_start + SIZEOF (.data))

.noinit         0x00800979        0x0
                [!provide]                PROVIDE (__noinit_start, .)
 *(.noinit*)
                [!provide]                PROVIDE (__noinit_end, .)
                0x00800979                _end = .
                [!provide]                PROVIDE (__heap_start, .)

.eeprom         0x00810000        0x0
 *(.eeprom*)
                0x00810000                __eeprom_end = .

.fuse
 *(.fuse)
 *(.lfuse)
 *(.hfuse)
 *(.efuse)

.lock
 *(.lock*)

.signature
 *(.signature*)

.user_signatures
 *(.user_signatures*)

.stab
 *(.stab)

.stabstr
 *(.stabstr)

.stab.excl
 *(.stab.excl)

.stab.exclstr
 *(.stab.exclstr)

.stab.index
 *(.stab.index)

.stab.indexstr
 *(.stab.indexstr)

.comment        0x00000000       0x30
 *(.comment)
 .comment       0x00000000       0x30 BNO055/Adafruit_BNO055.o
                                 0x31 (size before relaxing)
 .comment       0x00000030       0x31 Commands.o
 .comment       0x00000030       0x31 EtherCardModified/enc28j60.o
 .comment       0x00000030       0x31 EtherCardModified/EtherCard.o
 .comment       0x00000030       0x31 EtherCardModified/tcpip.o
 .comment       0x00000030       0x31 EtherCardModified/udpserver.o
 .comment       0x00000030       0x31 EtherCardModified/webutil.o
 .comment       0x00000030       0x31 EtherComm.o
 .comment       0x00000030       0x31 main.o
 .comment       0x00000030       0x31 PCA9685/PCA9685.o
 .comment       0x00000030       0x31 PCA9685/TwiServoController.o
 .comment       0x00000030       0x31 Peripherals/HardwareSerial.o
 .comment       0x00000030       0x31 Peripherals/HardwareSerial0.o
 .comment       0x00000030       0x31 Peripherals/HardwareSerial1.o
 .comment       0x00000030       0x31 Peripherals/HardwareSerial2.o
 .comment       0x00000030       0x31 Peripherals/HardwareSerial3.o
 .comment       0x00000030       0x31 Peripherals/PWM/HardwareServo.o
 .comment       0x00000030       0x31 Peripherals/PWM/HardwareServo1.o
 .comment       0x00000030       0x31 Peripherals/PWM/HardwareServo3.o
 .comment       0x00000030       0x31 Peripherals/PWM/HardwareServo4.o
 .comment       0x00000030       0x31 Peripherals/PWM/HardwareServo5.o
 .comment       0x00000030       0x31 Peripherals/twi.o
 .comment       0x00000030       0x31 Peripherals/Wire.o
 .comment       0x00000030       0x31 Robot.o
 .comment       0x00000030       0x31 Sensors/ImuSensor.o
 .comment       0x00000030       0x31 TestIMU.o
 .comment       0x00000030       0x31 Utils/Print.o

.note.gnu.avr.deviceinfo
                0x00000000       0x40
 .note.gnu.avr.deviceinfo
                0x00000000       0x40 C:/Program Files (x86)/Atmel/Studio/7.0/Packs/atmel/ATmega_DFP/1.2.209/gcc/dev/atmega2560/avr6/crtatmega2560.o

.note.gnu.build-id
 *(.note.gnu.build-id)

.debug
 *(.debug)

.line
 *(.line)

.debug_srcinfo
 *(.debug_srcinfo)

.debug_sfnames
 *(.debug_sfnames)

.debug_aranges  0x00000000      0xa40
 *(.debug_aranges)
 .debug_aranges
                0x00000000       0xe8 BNO055/Adafruit_BNO055.o
 .debug_aranges
                0x000000e8       0x40 Commands.o
 .debug_aranges
                0x00000128       0x88 EtherCardModified/enc28j60.o
 .debug_aranges
                0x000001b0       0x28 EtherCardModified/EtherCard.o
 .debug_aranges
                0x000001d8       0xb0 EtherCardModified/tcpip.o
 .debug_aranges
                0x00000288       0x40 EtherCardModified/udpserver.o
 .debug_aranges
                0x000002c8       0x60 EtherCardModified/webutil.o
 .debug_aranges
                0x00000328       0x38 EtherComm.o
 .debug_aranges
                0x00000360       0x28 main.o
 .debug_aranges
                0x00000388       0xa0 PCA9685/PCA9685.o
 .debug_aranges
                0x00000428       0x30 PCA9685/TwiServoController.o
 .debug_aranges
                0x00000458       0x68 Peripherals/HardwareSerial.o
 .debug_aranges
                0x000004c0       0x48 Peripherals/HardwareSerial0.o
 .debug_aranges
                0x00000508       0x48 Peripherals/HardwareSerial1.o
 .debug_aranges
                0x00000550       0x48 Peripherals/HardwareSerial2.o
 .debug_aranges
                0x00000598       0x48 Peripherals/HardwareSerial3.o
 .debug_aranges
                0x000005e0       0xa0 Peripherals/PWM/HardwareServo.o
 .debug_aranges
                0x00000680       0x20 Peripherals/PWM/HardwareServo1.o
 .debug_aranges
                0x000006a0       0x20 Peripherals/PWM/HardwareServo3.o
 .debug_aranges
                0x000006c0       0x20 Peripherals/PWM/HardwareServo4.o
 .debug_aranges
                0x000006e0       0x20 Peripherals/PWM/HardwareServo5.o
 .debug_aranges
                0x00000700       0x80 Peripherals/twi.o
 .debug_aranges
                0x00000780       0xf8 Peripherals/Wire.o
 .debug_aranges
                0x00000878       0x70 Robot.o
 .debug_aranges
                0x000008e8       0x50 Sensors/ImuSensor.o
 .debug_aranges
                0x00000938       0x40 TestIMU.o
 .debug_aranges
                0x00000978       0xc8 Utils/Print.o

.debug_pubnames
 *(.debug_pubnames)

.debug_info     0x00000000    0x1707c
 *(.debug_info .gnu.linkonce.wi.*)
 .debug_info    0x00000000      0xbbc C:/Program Files (x86)/Atmel/Studio/7.0/Packs/atmel/ATmega_DFP/1.2.209/gcc/dev/atmega2560/avr6/crtatmega2560.o
 .debug_info    0x00000bbc     0x4250 BNO055/Adafruit_BNO055.o
 .debug_info    0x00004e0c      0x986 Commands.o
 .debug_info    0x00005792      0xfd8 EtherCardModified/enc28j60.o
 .debug_info    0x0000676a      0x77b EtherCardModified/EtherCard.o
 .debug_info    0x00006ee5     0x10d6 EtherCardModified/tcpip.o
 .debug_info    0x00007fbb      0x6de EtherCardModified/udpserver.o
 .debug_info    0x00008699      0xa2a EtherCardModified/webutil.o
 .debug_info    0x000090c3      0x984 EtherComm.o
 .debug_info    0x00009a47      0xd7b main.o
 .debug_info    0x0000a7c2     0x109d PCA9685/PCA9685.o
 .debug_info    0x0000b85f      0x6da PCA9685/TwiServoController.o
 .debug_info    0x0000bf39      0xdbe Peripherals/HardwareSerial.o
 .debug_info    0x0000ccf7      0x989 Peripherals/HardwareSerial0.o
 .debug_info    0x0000d680      0x989 Peripherals/HardwareSerial1.o
 .debug_info    0x0000e009      0x989 Peripherals/HardwareSerial2.o
 .debug_info    0x0000e992      0x98f Peripherals/HardwareSerial3.o
 .debug_info    0x0000f321      0x7e6 Peripherals/PWM/HardwareServo.o
 .debug_info    0x0000fb07      0x468 Peripherals/PWM/HardwareServo1.o
 .debug_info    0x0000ff6f      0x468 Peripherals/PWM/HardwareServo3.o
 .debug_info    0x000103d7      0x468 Peripherals/PWM/HardwareServo4.o
 .debug_info    0x0001083f      0x46b Peripherals/PWM/HardwareServo5.o
 .debug_info    0x00010caa      0x60a Peripherals/twi.o
 .debug_info    0x000112b4     0x163d Peripherals/Wire.o
 .debug_info    0x000128f1     0x12be Robot.o
 .debug_info    0x00013baf     0x1572 Sensors/ImuSensor.o
 .debug_info    0x00015121      0xd9b TestIMU.o
 .debug_info    0x00015ebc     0x11c0 Utils/Print.o

.debug_abbrev   0x00000000     0x5666
 *(.debug_abbrev)
 .debug_abbrev  0x00000000      0xb1a C:/Program Files (x86)/Atmel/Studio/7.0/Packs/atmel/ATmega_DFP/1.2.209/gcc/dev/atmega2560/avr6/crtatmega2560.o
 .debug_abbrev  0x00000b1a      0x5a8 BNO055/Adafruit_BNO055.o
 .debug_abbrev  0x000010c2      0x281 Commands.o
 .debug_abbrev  0x00001343      0x3b9 EtherCardModified/enc28j60.o
 .debug_abbrev  0x000016fc      0x180 EtherCardModified/EtherCard.o
 .debug_abbrev  0x0000187c      0x379 EtherCardModified/tcpip.o
 .debug_abbrev  0x00001bf5      0x1fd EtherCardModified/udpserver.o
 .debug_abbrev  0x00001df2      0x315 EtherCardModified/webutil.o
 .debug_abbrev  0x00002107      0x247 EtherComm.o
 .debug_abbrev  0x0000234e      0x33e main.o
 .debug_abbrev  0x0000268c      0x30c PCA9685/PCA9685.o
 .debug_abbrev  0x00002998      0x236 PCA9685/TwiServoController.o
 .debug_abbrev  0x00002bce      0x363 Peripherals/HardwareSerial.o
 .debug_abbrev  0x00002f31      0x2d8 Peripherals/HardwareSerial0.o
 .debug_abbrev  0x00003209      0x2d8 Peripherals/HardwareSerial1.o
 .debug_abbrev  0x000034e1      0x2d8 Peripherals/HardwareSerial2.o
 .debug_abbrev  0x000037b9      0x2d8 Peripherals/HardwareSerial3.o
 .debug_abbrev  0x00003a91      0x1a6 Peripherals/PWM/HardwareServo.o
 .debug_abbrev  0x00003c37      0x11f Peripherals/PWM/HardwareServo1.o
 .debug_abbrev  0x00003d56      0x11f Peripherals/PWM/HardwareServo3.o
 .debug_abbrev  0x00003e75      0x11f Peripherals/PWM/HardwareServo4.o
 .debug_abbrev  0x00003f94      0x11f Peripherals/PWM/HardwareServo5.o
 .debug_abbrev  0x000040b3      0x222 Peripherals/twi.o
 .debug_abbrev  0x000042d5      0x428 Peripherals/Wire.o
 .debug_abbrev  0x000046fd      0x49e Robot.o
 .debug_abbrev  0x00004b9b      0x4e7 Sensors/ImuSensor.o
 .debug_abbrev  0x00005082      0x348 TestIMU.o
 .debug_abbrev  0x000053ca      0x29c Utils/Print.o

.debug_line     0x00000000     0x5fbb
 *(.debug_line .debug_line.* .debug_line_end)
 .debug_line    0x00000000      0x1f9 C:/Program Files (x86)/Atmel/Studio/7.0/Packs/atmel/ATmega_DFP/1.2.209/gcc/dev/atmega2560/avr6/crtatmega2560.o
 .debug_line    0x000001f9      0xc47 BNO055/Adafruit_BNO055.o
 .debug_line    0x00000e40      0x1ad Commands.o
 .debug_line    0x00000fed      0x62e EtherCardModified/enc28j60.o
 .debug_line    0x0000161b      0x15f EtherCardModified/EtherCard.o
 .debug_line    0x0000177a      0x7fc EtherCardModified/tcpip.o
 .debug_line    0x00001f76      0x211 EtherCardModified/udpserver.o
 .debug_line    0x00002187      0x468 EtherCardModified/webutil.o
 .debug_line    0x000025ef      0x20a EtherComm.o
 .debug_line    0x000027f9      0x205 main.o
 .debug_line    0x000029fe      0x521 PCA9685/PCA9685.o
 .debug_line    0x00002f1f      0x218 PCA9685/TwiServoController.o
 .debug_line    0x00003137      0x51d Peripherals/HardwareSerial.o
 .debug_line    0x00003654      0x23c Peripherals/HardwareSerial0.o
 .debug_line    0x00003890      0x23b Peripherals/HardwareSerial1.o
 .debug_line    0x00003acb      0x23a Peripherals/HardwareSerial2.o
 .debug_line    0x00003d05      0x23a Peripherals/HardwareSerial3.o
 .debug_line    0x00003f3f      0x285 Peripherals/PWM/HardwareServo.o
 .debug_line    0x000041c4       0xfb Peripherals/PWM/HardwareServo1.o
 .debug_line    0x000042bf       0xfb Peripherals/PWM/HardwareServo3.o
 .debug_line    0x000043ba       0xfb Peripherals/PWM/HardwareServo4.o
 .debug_line    0x000044b5       0xfb Peripherals/PWM/HardwareServo5.o
 .debug_line    0x000045b0      0x53e Peripherals/twi.o
 .debug_line    0x00004aee      0x58b Peripherals/Wire.o
 .debug_line    0x00005079      0x3bd Robot.o
 .debug_line    0x00005436      0x367 Sensors/ImuSensor.o
 .debug_line    0x0000579d      0x333 TestIMU.o
 .debug_line    0x00005ad0      0x4eb Utils/Print.o

.debug_frame    0x00000000     0x1ecc
 *(.debug_frame)
 .debug_frame   0x00000000      0x470 BNO055/Adafruit_BNO055.o
 .debug_frame   0x00000470       0x64 Commands.o
 .debug_frame   0x000004d4      0x1b4 EtherCardModified/enc28j60.o
 .debug_frame   0x00000688       0x70 EtherCardModified/EtherCard.o
 .debug_frame   0x000006f8      0x240 EtherCardModified/tcpip.o
 .debug_frame   0x00000938       0xb8 EtherCardModified/udpserver.o
 .debug_frame   0x000009f0      0x14c EtherCardModified/webutil.o
 .debug_frame   0x00000b3c       0x8c EtherComm.o
 .debug_frame   0x00000bc8       0x34 main.o
 .debug_frame   0x00000bfc      0x21c PCA9685/PCA9685.o
 .debug_frame   0x00000e18       0x74 PCA9685/TwiServoController.o
 .debug_frame   0x00000e8c      0x104 Peripherals/HardwareSerial.o
 .debug_frame   0x00000f90       0xec Peripherals/HardwareSerial0.o
 .debug_frame   0x0000107c       0xec Peripherals/HardwareSerial1.o
 .debug_frame   0x00001168       0xec Peripherals/HardwareSerial2.o
 .debug_frame   0x00001254       0xec Peripherals/HardwareSerial3.o
 .debug_frame   0x00001340      0x180 Peripherals/PWM/HardwareServo.o
 .debug_frame   0x000014c0       0x44 Peripherals/PWM/HardwareServo1.o
 .debug_frame   0x00001504       0x44 Peripherals/PWM/HardwareServo3.o
 .debug_frame   0x00001548       0x44 Peripherals/PWM/HardwareServo4.o
 .debug_frame   0x0000158c       0x44 Peripherals/PWM/HardwareServo5.o
 .debug_frame   0x000015d0      0x134 Peripherals/twi.o
 .debug_frame   0x00001704      0x280 Peripherals/Wire.o
 .debug_frame   0x00001984       0xc4 Robot.o
 .debug_frame   0x00001a48       0xd4 Sensors/ImuSensor.o
 .debug_frame   0x00001b1c       0xd0 TestIMU.o
 .debug_frame   0x00001bec      0x2e0 Utils/Print.o

.debug_str      0x00000000     0x63ed
 *(.debug_str)
 .debug_str     0x00000000      0x3e6 C:/Program Files (x86)/Atmel/Studio/7.0/Packs/atmel/ATmega_DFP/1.2.209/gcc/dev/atmega2560/avr6/crtatmega2560.o
 .debug_str     0x000003e6     0x3168 BNO055/Adafruit_BNO055.o
                               0x32cd (size before relaxing)
 .debug_str     0x0000354e      0x8af Commands.o
                                0xab8 (size before relaxing)
 .debug_str     0x00003dfd      0x21f EtherCardModified/enc28j60.o
                                0x54d (size before relaxing)
 .debug_str     0x0000401c       0xf7 EtherCardModified/EtherCard.o
                                0x8cb (size before relaxing)
 .debug_str     0x00004113      0x1fe EtherCardModified/tcpip.o
                                0x9c4 (size before relaxing)
 .debug_str     0x00004311       0x68 EtherCardModified/udpserver.o
                                0x843 (size before relaxing)
 .debug_str     0x00004379      0x124 EtherCardModified/webutil.o
                                0x930 (size before relaxing)
 .debug_str     0x0000449d       0xfe EtherComm.o
                                0xa36 (size before relaxing)
 .debug_str     0x0000459b      0x361 main.o
                                0xdd9 (size before relaxing)
 .debug_str     0x000048fc       0xe1 PCA9685/PCA9685.o
                                0x67c (size before relaxing)
 .debug_str     0x000049dd       0x47 PCA9685/TwiServoController.o
                                0x542 (size before relaxing)
 .debug_str     0x00004a24      0x7f5 Peripherals/HardwareSerial.o
                                0xa8f (size before relaxing)
 .debug_str     0x00005219       0x89 Peripherals/HardwareSerial0.o
                                0x7cb (size before relaxing)
 .debug_str     0x000052a2       0x52 Peripherals/HardwareSerial1.o
                                0x7cc (size before relaxing)
 .debug_str     0x000052f4       0x52 Peripherals/HardwareSerial2.o
                                0x7cc (size before relaxing)
 .debug_str     0x00005346       0x52 Peripherals/HardwareSerial3.o
                                0x7cc (size before relaxing)
 .debug_str     0x00005398      0x32f Peripherals/PWM/HardwareServo.o
                                0x517 (size before relaxing)
 .debug_str     0x000056c7       0x3c Peripherals/PWM/HardwareServo1.o
                                0x522 (size before relaxing)
 .debug_str     0x00005703       0x3c Peripherals/PWM/HardwareServo3.o
                                0x522 (size before relaxing)
 .debug_str     0x0000573f       0x3c Peripherals/PWM/HardwareServo4.o
                                0x522 (size before relaxing)
 .debug_str     0x0000577b       0x3c Peripherals/PWM/HardwareServo5.o
                                0x522 (size before relaxing)
 .debug_str     0x000057b7      0x287 Peripherals/twi.o
                                0x37c (size before relaxing)
 .debug_str     0x00005a3e      0x3dd Peripherals/Wire.o
                                0xc70 (size before relaxing)
 .debug_str     0x00005e1b      0x279 Robot.o
                               0x196c (size before relaxing)
 .debug_str     0x00006094       0xd6 Sensors/ImuSensor.o
                               0x1414 (size before relaxing)
 .debug_str     0x0000616a      0x10c TestIMU.o
                               0x14df (size before relaxing)
 .debug_str     0x00006276      0x177 Utils/Print.o
                                0x4a3 (size before relaxing)

.debug_loc      0x00000000     0xa2ea
 *(.debug_loc)
 .debug_loc     0x00000000     0x2157 BNO055/Adafruit_BNO055.o
 .debug_loc     0x00002157      0x311 Commands.o
 .debug_loc     0x00002468      0x955 EtherCardModified/enc28j60.o
 .debug_loc     0x00002dbd      0x25f EtherCardModified/EtherCard.o
 .debug_loc     0x0000301c      0xa60 EtherCardModified/tcpip.o
 .debug_loc     0x00003a7c      0x243 EtherCardModified/udpserver.o
 .debug_loc     0x00003cbf      0x9be EtherCardModified/webutil.o
 .debug_loc     0x0000467d      0x486 EtherComm.o
 .debug_loc     0x00004b03       0x3f main.o
 .debug_loc     0x00004b42      0xe27 PCA9685/PCA9685.o
 .debug_loc     0x00005969      0x333 PCA9685/TwiServoController.o
 .debug_loc     0x00005c9c      0x4e0 Peripherals/HardwareSerial.o
 .debug_loc     0x0000617c      0x1ca Peripherals/HardwareSerial0.o
 .debug_loc     0x00006346      0x1ca Peripherals/HardwareSerial1.o
 .debug_loc     0x00006510      0x1ca Peripherals/HardwareSerial2.o
 .debug_loc     0x000066da      0x1ca Peripherals/HardwareSerial3.o
 .debug_loc     0x000068a4      0x3ee Peripherals/PWM/HardwareServo.o
 .debug_loc     0x00006c92       0x8c Peripherals/PWM/HardwareServo1.o
 .debug_loc     0x00006d1e       0x8c Peripherals/PWM/HardwareServo3.o
 .debug_loc     0x00006daa       0x8c Peripherals/PWM/HardwareServo4.o
 .debug_loc     0x00006e36       0x8c Peripherals/PWM/HardwareServo5.o
 .debug_loc     0x00006ec2      0x54a Peripherals/twi.o
 .debug_loc     0x0000740c      0xb3b Peripherals/Wire.o
 .debug_loc     0x00007f47      0x2e1 Robot.o
 .debug_loc     0x00008228      0x5e9 Sensors/ImuSensor.o
 .debug_loc     0x00008811      0x4b9 TestIMU.o
 .debug_loc     0x00008cca     0x1620 Utils/Print.o

.debug_macinfo
 *(.debug_macinfo)

.debug_weaknames
 *(.debug_weaknames)

.debug_funcnames
 *(.debug_funcnames)

.debug_typenames
 *(.debug_typenames)

.debug_varnames
 *(.debug_varnames)

.debug_pubtypes
 *(.debug_pubtypes)

.debug_ranges   0x00000000      0x960
 *(.debug_ranges)
 .debug_ranges  0x00000000       0xd8 BNO055/Adafruit_BNO055.o
 .debug_ranges  0x000000d8       0x30 Commands.o
 .debug_ranges  0x00000108       0xc0 EtherCardModified/enc28j60.o
 .debug_ranges  0x000001c8       0x18 EtherCardModified/EtherCard.o
 .debug_ranges  0x000001e0       0xe0 EtherCardModified/tcpip.o
 .debug_ranges  0x000002c0       0x48 EtherCardModified/udpserver.o
 .debug_ranges  0x00000308       0x68 EtherCardModified/webutil.o
 .debug_ranges  0x00000370       0x28 EtherComm.o
 .debug_ranges  0x00000398       0x18 main.o
 .debug_ranges  0x000003b0       0x90 PCA9685/PCA9685.o
 .debug_ranges  0x00000440       0x38 PCA9685/TwiServoController.o
 .debug_ranges  0x00000478       0x58 Peripherals/HardwareSerial.o
 .debug_ranges  0x000004d0       0x38 Peripherals/HardwareSerial0.o
 .debug_ranges  0x00000508       0x38 Peripherals/HardwareSerial1.o
 .debug_ranges  0x00000540       0x38 Peripherals/HardwareSerial2.o
 .debug_ranges  0x00000578       0x38 Peripherals/HardwareSerial3.o
 .debug_ranges  0x000005b0       0x90 Peripherals/PWM/HardwareServo.o
 .debug_ranges  0x00000640       0x10 Peripherals/PWM/HardwareServo1.o
 .debug_ranges  0x00000650       0x10 Peripherals/PWM/HardwareServo3.o
 .debug_ranges  0x00000660       0x10 Peripherals/PWM/HardwareServo4.o
 .debug_ranges  0x00000670       0x10 Peripherals/PWM/HardwareServo5.o
 .debug_ranges  0x00000680       0x70 Peripherals/twi.o
 .debug_ranges  0x000006f0       0xe8 Peripherals/Wire.o
 .debug_ranges  0x000007d8       0x60 Robot.o
 .debug_ranges  0x00000838       0x40 Sensors/ImuSensor.o
 .debug_ranges  0x00000878       0x30 TestIMU.o
 .debug_ranges  0x000008a8       0xb8 Utils/Print.o

.debug_macro
 *(.debug_macro)
OUTPUT(RovController.elf elf32-avr)
LOAD linker stubs
