Archive member included to satisfy reference by file (symbol)

c:/program files (x86)/atmel/studio/7.0/toolchain/avr8/avr8-gnu-toolchain/bin/../lib/gcc/avr/5.4.0/../../../../avr/lib/avr6\libm.a(addsf3.o)
                              Utils/Print.o (__subsf3)
c:/program files (x86)/atmel/studio/7.0/toolchain/avr8/avr8-gnu-toolchain/bin/../lib/gcc/avr/5.4.0/../../../../avr/lib/avr6\libm.a(addsf3x.o)
                              c:/program files (x86)/atmel/studio/7.0/toolchain/avr8/avr8-gnu-toolchain/bin/../lib/gcc/avr/5.4.0/../../../../avr/lib/avr6\libm.a(addsf3.o) (__addsf3x)
c:/program files (x86)/atmel/studio/7.0/toolchain/avr8/avr8-gnu-toolchain/bin/../lib/gcc/avr/5.4.0/../../../../avr/lib/avr6\libm.a(cmpsf2.o)
                              Utils/Print.o (__ltsf2)
c:/program files (x86)/atmel/studio/7.0/toolchain/avr8/avr8-gnu-toolchain/bin/../lib/gcc/avr/5.4.0/../../../../avr/lib/avr6\libm.a(divsf3.o)
                              Utils/Print.o (__divsf3)
c:/program files (x86)/atmel/studio/7.0/toolchain/avr8/avr8-gnu-toolchain/bin/../lib/gcc/avr/5.4.0/../../../../avr/lib/avr6\libm.a(divsf3x.o)
                              c:/program files (x86)/atmel/studio/7.0/toolchain/avr8/avr8-gnu-toolchain/bin/../lib/gcc/avr/5.4.0/../../../../avr/lib/avr6\libm.a(divsf3.o) (__divsf3x)
c:/program files (x86)/atmel/studio/7.0/toolchain/avr8/avr8-gnu-toolchain/bin/../lib/gcc/avr/5.4.0/../../../../avr/lib/avr6\libm.a(fixunssfsi.o)
                              Utils/Print.o (__fixunssfsi)
c:/program files (x86)/atmel/studio/7.0/toolchain/avr8/avr8-gnu-toolchain/bin/../lib/gcc/avr/5.4.0/../../../../avr/lib/avr6\libm.a(floatsisf.o)
                              Utils/Print.o (__floatunsisf)
c:/program files (x86)/atmel/studio/7.0/toolchain/avr8/avr8-gnu-toolchain/bin/../lib/gcc/avr/5.4.0/../../../../avr/lib/avr6\libm.a(fp_cmp.o)
                              c:/program files (x86)/atmel/studio/7.0/toolchain/avr8/avr8-gnu-toolchain/bin/../lib/gcc/avr/5.4.0/../../../../avr/lib/avr6\libm.a(cmpsf2.o) (__fp_cmp)
c:/program files (x86)/atmel/studio/7.0/toolchain/avr8/avr8-gnu-toolchain/bin/../lib/gcc/avr/5.4.0/../../../../avr/lib/avr6\libm.a(fp_inf.o)
                              c:/program files (x86)/atmel/studio/7.0/toolchain/avr8/avr8-gnu-toolchain/bin/../lib/gcc/avr/5.4.0/../../../../avr/lib/avr6\libm.a(addsf3x.o) (__fp_inf)
c:/program files (x86)/atmel/studio/7.0/toolchain/avr8/avr8-gnu-toolchain/bin/../lib/gcc/avr/5.4.0/../../../../avr/lib/avr6\libm.a(fp_nan.o)
                              c:/program files (x86)/atmel/studio/7.0/toolchain/avr8/avr8-gnu-toolchain/bin/../lib/gcc/avr/5.4.0/../../../../avr/lib/avr6\libm.a(addsf3x.o) (__fp_nan)
c:/program files (x86)/atmel/studio/7.0/toolchain/avr8/avr8-gnu-toolchain/bin/../lib/gcc/avr/5.4.0/../../../../avr/lib/avr6\libm.a(fp_pscA.o)
                              c:/program files (x86)/atmel/studio/7.0/toolchain/avr8/avr8-gnu-toolchain/bin/../lib/gcc/avr/5.4.0/../../../../avr/lib/avr6\libm.a(addsf3x.o) (__fp_pscA)
c:/program files (x86)/atmel/studio/7.0/toolchain/avr8/avr8-gnu-toolchain/bin/../lib/gcc/avr/5.4.0/../../../../avr/lib/avr6\libm.a(fp_pscB.o)
                              c:/program files (x86)/atmel/studio/7.0/toolchain/avr8/avr8-gnu-toolchain/bin/../lib/gcc/avr/5.4.0/../../../../avr/lib/avr6\libm.a(addsf3x.o) (__fp_pscB)
c:/program files (x86)/atmel/studio/7.0/toolchain/avr8/avr8-gnu-toolchain/bin/../lib/gcc/avr/5.4.0/../../../../avr/lib/avr6\libm.a(fp_round.o)
                              c:/program files (x86)/atmel/studio/7.0/toolchain/avr8/avr8-gnu-toolchain/bin/../lib/gcc/avr/5.4.0/../../../../avr/lib/avr6\libm.a(addsf3.o) (__fp_round)
c:/program files (x86)/atmel/studio/7.0/toolchain/avr8/avr8-gnu-toolchain/bin/../lib/gcc/avr/5.4.0/../../../../avr/lib/avr6\libm.a(fp_split3.o)
                              c:/program files (x86)/atmel/studio/7.0/toolchain/avr8/avr8-gnu-toolchain/bin/../lib/gcc/avr/5.4.0/../../../../avr/lib/avr6\libm.a(addsf3x.o) (__fp_split3)
c:/program files (x86)/atmel/studio/7.0/toolchain/avr8/avr8-gnu-toolchain/bin/../lib/gcc/avr/5.4.0/../../../../avr/lib/avr6\libm.a(fp_zero.o)
                              c:/program files (x86)/atmel/studio/7.0/toolchain/avr8/avr8-gnu-toolchain/bin/../lib/gcc/avr/5.4.0/../../../../avr/lib/avr6\libm.a(addsf3x.o) (__fp_zero)
c:/program files (x86)/atmel/studio/7.0/toolchain/avr8/avr8-gnu-toolchain/bin/../lib/gcc/avr/5.4.0/../../../../avr/lib/avr6\libm.a(gesf2.o)
                              Utils/Print.o (__gtsf2)
c:/program files (x86)/atmel/studio/7.0/toolchain/avr8/avr8-gnu-toolchain/bin/../lib/gcc/avr/5.4.0/../../../../avr/lib/avr6\libm.a(mulsf3.o)
                              Utils/Print.o (__mulsf3)
c:/program files (x86)/atmel/studio/7.0/toolchain/avr8/avr8-gnu-toolchain/bin/../lib/gcc/avr/5.4.0/../../../../avr/lib/avr6\libm.a(mulsf3x.o)
[...]
Memory Configuration

Name             Origin             Length             Attributes
text             0x00000000         0x00100000         xr
data             0x00800200         0x0000fe00         rw !x
eeprom           0x00810000         0x00010000         rw !x
fuse             0x00820000         0x00000003         rw !x
lock             0x00830000         0x00000400         rw !x
signature        0x00840000         0x00000400         rw !x
user_signatures  0x00850000         0x00000400         rw !x
*default*        0x00000000         0xffffffff

Linker script and memory map

Address of section .data set to 0x800200
LOAD C:/Program Files (x86)/Atmel/Studio/7.0/Packs/atmel/ATmega_DFP/1.2.209/gcc/dev/atmega2560/avr6/crtatmega2560.o
LOAD Commands.o
LOAD EtherCardModified/bufferfiller.o
LOAD EtherCardModified/dhcp.o
LOAD EtherCardModified/dns.o
LOAD EtherCardModified/enc28j60.o
LOAD EtherCardModified/EtherCard.o
LOAD EtherCardModified/stash.o
LOAD EtherCardModified/tcpip.o
LOAD EtherCardModified/udpserver.o
LOAD EtherCardModified/webutil.o
LOAD EtherComm.o
LOAD main.o
LOAD Peripherals/HardwareSerial.o
LOAD Peripherals/HardwareSerial0.o
LOAD Peripherals/HardwareSerial1.o
LOAD Peripherals/HardwareSerial2.o
LOAD Peripherals/HardwareSerial3.o
LOAD Robot.o
LOAD Timer1.o
LOAD Utils/Print.o
LOAD Utils/Stream.o
START GROUP
LOAD c:/program files (x86)/atmel/studio/7.0/toolchain/avr8/avr8-gnu-toolchain/bin/../lib/gcc/avr/5.4.0/../../../../avr/lib/avr6\libm.a
END GROUP
LOAD c:/program files (x86)/atmel/studio/7.0/toolchain/avr8/avr8-gnu-toolchain/bin/../lib/gcc/avr/5.4.0/avr6\libgcc.a
LOAD c:/program files (x86)/atmel/studio/7.0/toolchain/avr8/avr8-gnu-toolchain/bin/../lib/gcc/avr/5.4.0/../../../../avr/lib/avr6\libm.a
START GROUP
LOAD c:/program files (x86)/atmel/studio/7.0/toolchain/avr8/avr8-gnu-toolchain/bin/../lib/gcc/avr/5.4.0/avr6\libgcc.a
LOAD c:/program files (x86)/atmel/studio/7.0/toolchain/avr8/avr8-gnu-toolchain/bin/../lib/gcc/avr/5.4.0/../../../../avr/lib/avr6\libm.a
LOAD c:/program files (x86)/atmel/studio/7.0/toolchain/avr8/avr8-gnu-toolchain/bin/../lib/gcc/avr/5.4.0/../../../../avr/lib/avr6\libc.a
LOAD C:/Program Files (x86)/Atmel/Studio/7.0/Packs/atmel/ATmega_DFP/1.2.209/gcc/dev/atmega2560/avr6\libatmega2560.a
END GROUP
                0x00100000                __TEXT_REGION_LENGTH__ = DEFINED (__TEXT_REGION_LENGTH__)?__TEXT_REGION_LENGTH__:0x100000
                0x0000fe00                __DATA_REGION_LENGTH__ = DEFINED (__DATA_REGION_LENGTH__)?__DATA_REGION_LENGTH__:0xfe00
                0x00010000                __EEPROM_REGION_LENGTH__ = DEFINED (__EEPROM_REGION_LENGTH__)?__EEPROM_REGION_LENGTH__:0x10000
                [0x00000003]                __FUSE_REGION_LENGTH__ = DEFINED (__FUSE_REGION_LENGTH__)?__FUSE_REGION_LENGTH__:0x400
                0x00000400                __LOCK_REGION_LENGTH__ = DEFINED (__LOCK_REGION_LENGTH__)?__LOCK_REGION_LENGTH__:0x400
                0x00000400                __SIGNATURE_REGION_LENGTH__ = DEFINED (__SIGNATURE_REGION_LENGTH__)?__SIGNATURE_REGION_LENGTH__:0x400
                0x00000400                __USER_SIGNATURE_REGION_LENGTH__ = DEFINED (__USER_SIGNATURE_REGION_LENGTH__)?__USER_SIGNATURE_REGION_LENGTH__:0x400

.hash
 *(.hash)

.dynsym
 *(.dynsym)

.dynstr
 *(.dynstr)

.gnu.version
 *(.gnu.version)

.gnu.version_d
 *(.gnu.version_d)

.gnu.version_r
 *(.gnu.version_r)

.rel.init
 *(.rel.init)

.rela.init
 *(.rela.init)

.rel.text
 *(.rel.text)
 *(.rel.text.*)
 *(.rel.gnu.linkonce.t*)

.rela.text
 *(.rela.text)
 *(.rela.text.*)
 *(.rela.gnu.linkonce.t*)

.rel.fini
 *(.rel.fini)

.rela.fini
 *(.rela.fini)

.rel.rodata
 *(.rel.rodata)
 *(.rel.rodata.*)
 *(.rel.gnu.linkonce.r*)

.rela.rodata
 *(.rela.rodata)
 *(.rela.rodata.*)
 *(.rela.gnu.linkonce.r*)

.rel.data
 *(.rel.data)
 *(.rel.data.*)
 *(.rel.gnu.linkonce.d*)

.rela.data
 *(.rela.data)
 *(.rela.data.*)
 *(.rela.gnu.linkonce.d*)

.rel.ctors
 *(.rel.ctors)

.rela.ctors
 *(.rela.ctors)

.rel.dtors
 *(.rel.dtors)

.rela.dtors
 *(.rela.dtors)

.rel.got
 *(.rel.got)

.rela.got
 *(.rela.got)

.rel.bss
 *(.rel.bss)

.rela.bss
 *(.rela.bss)

.rel.plt
 *(.rel.plt)

.rela.plt
 *(.rela.plt)

.text           0x00000000     0x2354
 *(.vectors)
 .vectors       0x00000000       0xe4 C:/Program Files (x86)/Atmel/Studio/7.0/Packs/atmel/ATmega_DFP/1.2.209/gcc/dev/atmega2560/avr6/crtatmega2560.o
                0x00000000                __vector_default
                0x00000000                __vectors
 *(.vectors)
 *(.progmem.gcc*)
                0x000000e4                . = ALIGN (0x2)
                0x000000e4                __trampolines_start = .
 *(.trampolines)
 .trampolines   0x000000e4        0x0 linker stubs
 *(.trampolines*)
                0x000000e4                __trampolines_end = .
 *libprintf_flt.a:*(.progmem.data)
 *libc.a:*(.progmem.data)
 *(.progmem*)
 .progmem.data._ZZL17send_dhcp_messagePhE6cookie
                0x000000e4        0x4 EtherCardModified/dhcp.o
 .progmem.data._ZL5iphdr
                0x000000e8        0x9 EtherCardModified/tcpip.o
 .progmem.data._ZL9arpreqhdr
                0x000000f1        0x8 EtherCardModified/tcpip.o
                0x000000fa                . = ALIGN (0x2)
 *fill*         0x000000f9        0x1 
 *(.jumptables)
 *(.jumptables*)
 *(.lowtext)
 *(.lowtext*)
                0x000000fa                __ctors_start = .
 *(.ctors)
 .ctors         0x000000fa        0x2 Commands.o
 .ctors         0x000000fc        0x2 Peripherals/HardwareSerial0.o
 .ctors         0x000000fe        0x2 Peripherals/HardwareSerial1.o
 .ctors         0x00000100        0x2 Peripherals/HardwareSerial2.o
 .ctors         0x00000102        0x2 Peripherals/HardwareSerial3.o
 .ctors         0x00000104        0x2 Robot.o
                0x00000106                __ctors_end = .
                0x00000106                __dtors_start = .
 *(.dtors)
                0x00000106                __dtors_end = .
 SORT(*)(.ctors)
 SORT(*)(.dtors)
 *(.init0)
 .init0         0x00000106        0x0 C:/Program Files (x86)/Atmel/Studio/7.0/Packs/atmel/ATmega_DFP/1.2.209/gcc/dev/atmega2560/avr6/crtatmega2560.o
                0x00000106                __init
 *(.init0)
 *(.init1)
 *(.init1)
 *(.init2)
 .init2         0x00000106       0x10 C:/Program Files (x86)/Atmel/Studio/7.0/Packs/atmel/ATmega_DFP/1.2.209/gcc/dev/atmega2560/avr6/crtatmega2560.o
 *(.init2)
 *(.init3)
 *(.init3)
 *(.init4)
 .init4         0x00000116       0x1a c:/program files (x86)/atmel/studio/7.0/toolchain/avr8/avr8-gnu-toolchain/bin/../lib/gcc/avr/5.4.0/avr6\libgcc.a(_copy_data.o)
                0x00000116                __do_copy_data
 .init4         0x00000130       0x10 c:/program files (x86)/atmel/studio/7.0/toolchain/avr8/avr8-gnu-toolchain/bin/../lib/gcc/avr/5.4.0/avr6\libgcc.a(_clear_bss.o)
                0x00000130                __do_clear_bss
 *(.init4)
 *(.init5)
 *(.init5)
 *(.init6)
 .init6         0x00000140       0x20 c:/program files (x86)/atmel/studio/7.0/toolchain/avr8/avr8-gnu-toolchain/bin/../lib/gcc/avr/5.4.0/avr6\libgcc.a(_ctors.o)
                0x00000140                __do_global_ctors
 *(.init6)
 *(.init7)
 *(.init7)
 *(.init8)
 *(.init8)
 *(.init9)
 .init9         0x00000160        0x8 C:/Program Files (x86)/Atmel/Studio/7.0/Packs/atmel/ATmega_DFP/1.2.209/gcc/dev/atmega2560/avr6/crtatmega2560.o
 *(.init9)
 *(.text)
 .text          0x00000168        0x2 C:/Program Files (x86)/Atmel/Studio/7.0/Packs/atmel/ATmega_DFP/1.2.209/gcc/dev/atmega2560/avr6/crtatmega2560.o
                0x00000168                __vector_38
                0x00000168                __vector_22
                0x00000168                __vector_28
                0x00000168                __vector_1
                0x00000168                __vector_32
                0x00000168                __vector_34
                0x00000168                __vector_24
                0x00000168                __vector_12
                0x00000168                __vector_46
                0x00000168                __bad_interrupt
                0x00000168                __vector_6
                0x00000168                __vector_31
                0x00000168                __vector_35
                0x00000168                __vector_39
                0x00000168                __vector_3
                0x00000168                __vector_23
                0x00000168                __vector_30
                0x00000168                __vector_45
                0x00000168                __vector_11
                0x00000168                __vector_13
                0x00000168                __vector_17
                0x00000168                __vector_19
                0x00000168                __vector_56
                0x00000168                __vector_7
                0x00000168                __vector_49
                0x00000168                __vector_41
                0x00000168                __vector_43
                0x00000168                __vector_27
                0x00000168                __vector_5
                0x00000168                __vector_33
                0x00000168                __vector_47
                0x00000168                __vector_4
                0x00000168                __vector_44
                0x00000168                __vector_9
                0x00000168                __vector_2
                0x00000168                __vector_21
                0x00000168                __vector_15
                0x00000168                __vector_29
                0x00000168                __vector_40
                0x00000168                __vector_8
                0x00000168                __vector_48
                0x00000168                __vector_14
                0x00000168                __vector_53
                0x00000168                __vector_10
                0x00000168                __vector_50
                0x00000168                __vector_16
                0x00000168                __vector_18
                0x00000168                __vector_20
                0x00000168                __vector_42
                0x0000016a                . = ALIGN (0x2)
 *(.text.*)
 .text._Z14RunPingCommandPKhh
                0x0000016a       0x1a Commands.o
                0x0000016a                _Z14RunPingCommandPKhh
 .text._Z14RunEchoCommandPKhh
                0x00000184       0x28 Commands.o
                0x00000184                _Z14RunEchoCommandPKhh
 .text._Z13RunLedCommandPKhh
                0x000001ac       0x1a Commands.o
                0x000001ac                _Z13RunLedCommandPKhh
 .text._Z22RunUpdateDeviceCommandPKhh
                0x000001c6       0x36 Commands.o
                0x000001c6                _Z22RunUpdateDeviceCommandPKhh
 .text._ZN9EtherComm15CommandReceivedEhPKhh
                0x000001fc       0x32 Commands.o
                0x000001fc                _ZN9EtherComm15CommandReceivedEhPKhh
 .text._GLOBAL__sub_I__Z14RunPingCommandPKhh
                0x0000022e       0x14 Commands.o
 .text._ZL8addToBufh
                0x00000242       0x1a EtherCardModified/dhcp.o
 .text._ZL8addByteshPKh
                0x0000025c       0x32 EtherCardModified/dhcp.o
 .text._ZL26dhcp_received_message_typejh
                0x0000028e       0x6a EtherCardModified/dhcp.o
 .text._ZL17send_dhcp_messagePh
                0x000002f8      0x178 EtherCardModified/dhcp.o
 .text._ZN9EtherCard16DhcpStateMachineEj
                0x00000470      0x21c EtherCardModified/dhcp.o
                0x00000470                _ZN9EtherCard16DhcpStateMachineEj
 .text._ZL10enableChipv
                0x0000068c       0x18 EtherCardModified/enc28j60.o
 .text._ZL11disableChipv
                0x000006a4       0x16 EtherCardModified/enc28j60.o
 .text._ZL7xferSPIh
                0x000006ba        0xa EtherCardModified/enc28j60.o
 .text._ZL7writeOphhh
                0x000006c4       0x24 EtherCardModified/enc28j60.o
 .text._ZL7readBufjPh
                0x000006e8       0x4e EtherCardModified/enc28j60.o
 .text._ZL8writeBufjPKh
                0x00000736       0x4e EtherCardModified/enc28j60.o
 .text._ZL7SetBankh
                0x00000784       0x4a EtherCardModified/enc28j60.o
 .text._ZL11readRegByteh
                0x000007ce       0x24 EtherCardModified/enc28j60.o
 .text._ZL12writeRegBytehh
                0x000007f2       0x18 EtherCardModified/enc28j60.o
 .text._ZL8writeReghj
                0x0000080a       0x18 EtherCardModified/enc28j60.o
 .text._ZL8writePhyhj
                0x00000822       0x20 EtherCardModified/enc28j60.o
 .text._ZN8ENC28J607initSPIEv
                0x00000842       0x1c EtherCardModified/enc28j60.o
                0x00000842                _ZN8ENC28J607initSPIEv
 .text._ZN8ENC28J6010initializeEjPKhRVhS3_h
                0x0000085e      0x12c EtherCardModified/enc28j60.o
                0x0000085e                _ZN8ENC28J6010initializeEjPKhRVhS3_h
 .text._ZN8ENC28J608isLinkUpEv
                0x0000098a       0x26 EtherCardModified/enc28j60.o
                0x0000098a                _ZN8ENC28J608isLinkUpEv
 .text._ZN8ENC28J6010packetSendEj
                0x000009b0       0x82 EtherCardModified/enc28j60.o
                0x000009b0                _ZN8ENC28J6010packetSendEj
 .text._ZN8ENC28J6013packetReceiveEv
                0x00000a32       0xca EtherCardModified/enc28j60.o
                0x00000a32                _ZN8ENC28J6013packetReceiveEv
 .text._ZN8ENC28J6015enableBroadcastEb
                0x00000afc       0x1e EtherCardModified/enc28j60.o
                0x00000afc                _ZN8ENC28J6015enableBroadcastEb
 .text._ZN8ENC28J6016disableBroadcastEb
                0x00000b1a       0x20 EtherCardModified/enc28j60.o
                0x00000b1a                _ZN8ENC28J6016disableBroadcastEb
 .text._ZN9EtherCard5beginEPKhRVhS3_h
                0x00000b3a       0x44 EtherCardModified/EtherCard.o
                0x00000b3a                _ZN9EtherCard5beginEPKhRVhS3_h
 .text._ZN9EtherCard11staticSetupEPKhS1_S1_S1_
                0x00000b7e       0x60 EtherCardModified/EtherCard.o
                0x00000b7e                _ZN9EtherCard11staticSetupEPKhS1_S1_S1_
 .text._ZN5Stash9freeBlockEh
                0x00000bde       0x36 EtherCardModified/stash.o
                0x00000bde                _ZN5Stash9freeBlockEh
 .text._ZN5Stash7initMapEh
                0x00000c14       0x10 EtherCardModified/stash.o
                0x00000c14                _ZN5Stash7initMapEh
 .text._ZL13fill_checksumhhjh
                0x00000c24       0xe2 EtherCardModified/tcpip.o
 .text._ZL6is_lanPKhS0_
                0x00000d06       0x54 EtherCardModified/tcpip.o
 .text._ZL20fill_ip_hdr_checksumv
                0x00000d5a       0x1e EtherCardModified/tcpip.o
 .text._ZL12make_tcpheadjh
                0x00000d78       0x48 EtherCardModified/tcpip.o
 .text._ZL30make_tcp_ack_with_data_noflagsj
                0x00000dc0       0x38 EtherCardModified/tcpip.o
 .text._ZL7setMACsPKh
                0x00000df8       0x14 EtherCardModified/tcpip.o
 .text._ZL11make_eth_ipv
                0x00000e0c       0x1e EtherCardModified/tcpip.o
 .text._ZL21make_tcp_ack_from_anyih
                0x00000e2a       0x46 EtherCardModified/tcpip.o
 .text._ZL12setMACandIPsPKhS0_
                0x00000e70       0x20 EtherCardModified/tcpip.o
 .text._ZL17client_arp_whohasPh
                0x00000e90       0x60 EtherCardModified/tcpip.o
 .text._ZL16client_store_macPhS_
                0x00000ef0       0x2c EtherCardModified/tcpip.o
 .text._ZN9EtherCard19getTcpPayloadLengthEv
                0x00000f1c       0x3a EtherCardModified/tcpip.o
                0x00000f1c                _ZN9EtherCard19getTcpPayloadLengthEv
 .text._ZN9EtherCard10udpPrepareEjPKhj
                0x00000f56       0xa4 EtherCardModified/tcpip.o
                0x00000f56                _ZN9EtherCard10udpPrepareEjPKhj
 .text._ZN9EtherCard11udpTransmitEj
                0x00000ffa       0x40 EtherCardModified/tcpip.o
                0x00000ffa                _ZN9EtherCard11udpTransmitEj
 .text._ZN9EtherCard7sendUdpEPKhjjS1_j
                0x0000103a       0x30 EtherCardModified/tcpip.o
                0x0000103a                _ZN9EtherCard7sendUdpEPKhjjS1_j
 .text._ZN9EtherCard7setGwIpEPKh
                0x0000106a       0x18 EtherCardModified/tcpip.o
                0x0000106a                _ZN9EtherCard7setGwIpEPKh
 .text._ZN9EtherCard22updateBroadcastAddressEv
                0x00001082       0x2a EtherCardModified/tcpip.o
                0x00001082                _ZN9EtherCard22updateBroadcastAddressEv
 .text._ZN9EtherCard6acceptEjj
                0x000010ac       0xfc EtherCardModified/tcpip.o
                0x000010ac                _ZN9EtherCard6acceptEjj
 .text._ZN9EtherCard10packetLoopEj
                0x000011a8      0x592 EtherCardModified/tcpip.o
                0x000011a8                _ZN9EtherCard10packetLoopEj
 .text._ZN9EtherCard21udpServerListenOnPortEPFvjPhjPKcjEj
                0x0000173a       0x34 EtherCardModified/udpserver.o
                0x0000173a                _ZN9EtherCard21udpServerListenOnPortEPFvjPhjPKcjEj
 .text._ZN9EtherCard18udpServerListeningEv
                0x0000176e        0xe EtherCardModified/udpserver.o
                0x0000176e                _ZN9EtherCard18udpServerListeningEv
 .text._ZN9EtherCard27udpServerHasProcessedPacketEj
                0x0000177c       0xc6 EtherCardModified/udpserver.o
                0x0000177c                _ZN9EtherCard27udpServerHasProcessedPacketEj
 .text._ZN9EtherCard6copyIpEPhPKh
                0x00001842       0x1a EtherCardModified/webutil.o
                0x00001842                _ZN9EtherCard6copyIpEPhPKh
 .text._ZN9EtherCard7copyMacEPhPKh
                0x0000185c       0x10 EtherCardModified/webutil.o
                0x0000185c                _ZN9EtherCard7copyMacEPhPKh
 .text._ZN9EtherComm13CheckChecksumEPKch
                0x0000186c       0x38 EtherComm.o
                0x0000186c                _ZN9EtherComm13CheckChecksumEPKch
 .text._Z10udpReceivejPhjPKcj
                0x000018a4       0x44 EtherComm.o
                0x000018a4                _Z10udpReceivejPhjPKcj
 .text._ZN9EtherComm5beginEjjRVhS1_h
                0x000018e8       0x52 EtherComm.o
                0x000018e8                _ZN9EtherComm5beginEjjRVhS1_h
 .text._ZN9EtherComm11SendCommandEhh
                0x0000193a       0x84 EtherComm.o
                0x0000193a                _ZN9EtherComm11SendCommandEhh
 .text.main     0x000019be       0x6a main.o
                0x000019be                main
 .text._ZN14HardwareSerial9availableEv
                0x00001a28       0x18 Peripherals/HardwareSerial.o
                0x00001a28                _ZN14HardwareSerial9availableEv
 .text._ZN14HardwareSerial4peekEv
                0x00001a40       0x1c Peripherals/HardwareSerial.o
                0x00001a40                _ZN14HardwareSerial4peekEv
 .text._ZN14HardwareSerial4readEv
                0x00001a5c       0x28 Peripherals/HardwareSerial.o
                0x00001a5c                _ZN14HardwareSerial4readEv
 .text._ZN14HardwareSerial17availableForWriteEv
                0x00001a84       0x24 Peripherals/HardwareSerial.o
                0x00001a84                _ZN14HardwareSerial17availableForWriteEv
 .text._ZN14HardwareSerial17_tx_udr_empty_irqEv
                0x00001aa8       0x56 Peripherals/HardwareSerial.o
                0x00001aa8                _ZN14HardwareSerial17_tx_udr_empty_irqEv
 .text._ZN14HardwareSerial5flushEv
                0x00001afe       0x46 Peripherals/HardwareSerial.o
                0x00001afe                _ZN14HardwareSerial5flushEv
 .text._ZN14HardwareSerial5writeEh
                0x00001b44       0xa8 Peripherals/HardwareSerial.o
                0x00001b44                _ZN14HardwareSerial5writeEh
 .text._ZN14HardwareSerial5beginEmh
                0x00001bec       0xc6 Peripherals/HardwareSerial.o
                0x00001bec                _ZN14HardwareSerial5beginEmh
 .text.__vector_25
                0x00001cb2       0x78 Peripherals/HardwareSerial0.o
                0x00001cb2                __vector_25
 .text.__vector_26
                0x00001d2a       0x52 Peripherals/HardwareSerial0.o
                0x00001d2a                __vector_26
 .text._GLOBAL__sub_I___vector_25
                0x00001d7c       0x46 Peripherals/HardwareSerial0.o
 .text.__vector_36
                0x00001dc2       0x78 Peripherals/HardwareSerial1.o
                0x00001dc2                __vector_36
 .text.__vector_37
                0x00001e3a       0x52 Peripherals/HardwareSerial1.o
                0x00001e3a                __vector_37
 .text._GLOBAL__sub_I___vector_36
                0x00001e8c       0x46 Peripherals/HardwareSerial1.o
 .text.__vector_51
                0x00001ed2       0x78 Peripherals/HardwareSerial2.o
                0x00001ed2                __vector_51
 .text.__vector_52
                0x00001f4a       0x52 Peripherals/HardwareSerial2.o
                0x00001f4a                __vector_52
 .text._GLOBAL__sub_I___vector_51
                0x00001f9c       0x46 Peripherals/HardwareSerial2.o
 .text.__vector_54
                0x00001fe2       0x78 Peripherals/HardwareSerial3.o
                0x00001fe2                __vector_54
 .text.__vector_55
                0x0000205a       0x52 Peripherals/HardwareSerial3.o
                0x0000205a                __vector_55
 .text._GLOBAL__sub_I___vector_54
                0x000020ac       0x46 Peripherals/HardwareSerial3.o
 .text._ZN13DigitalSensor14IsValidRequestEPKhh
                0x000020f2        0x8 Robot.o
                0x000020f2                _ZN13DigitalSensor14IsValidRequestEPKhh
 .text._ZN13DigitalSensor15UpdateRequestedEPh
                0x000020fa       0x1e Robot.o
                0x000020fa                _ZN13DigitalSensor15UpdateRequestedEPh
 .text._ZN7ISensor6UpdateEPKhh
                0x00002118       0x60 Robot.o
                0x00002118                _ZN7ISensor6UpdateEPKhh
 .text._ZN5Robot6SetLedEb
                0x00002178        0xc Robot.o
                0x00002178                _ZN5Robot6SetLedEb
 .text._ZN5Robot14RegisterDeviceER7ISensor
                0x00002184       0x28 Robot.o
                0x00002184                _ZN5Robot14RegisterDeviceER7ISensor
 .text._ZN5Robot5beginEv
                0x000021ac        0xc Robot.o
                0x000021ac                _ZN5Robot5beginEv
 .text._GLOBAL__sub_I__ZN5Robot7devicesE
                0x000021b8       0x24 Robot.o
 .text._ZN5Print5writeEPKhj
                0x000021dc       0x5e Utils/Print.o
                0x000021dc                _ZN5Print5writeEPKhj
 .text._ZN5Print5printEPKc
                0x0000223a       0x2c Utils/Print.o
                0x0000223a                _ZN5Print5printEPKc
 .text._ZN5Print7printlnEv
                0x00002266       0x18 Utils/Print.o
                0x00002266                _ZN5Print7printlnEv
 .text._ZN5Print7printlnEPKc
                0x0000227e       0x20 Utils/Print.o
                0x0000227e                _ZN5Print7printlnEPKc
 .text.libgcc.div
                0x0000229e       0x44 c:/program files (x86)/atmel/studio/7.0/toolchain/avr8/avr8-gnu-toolchain/bin/../lib/gcc/avr/5.4.0/avr6\libgcc.a(_udivmodsi4.o)
                0x0000229e                __udivmodsi4
 .text.libgcc.mul
                0x000022e2       0x1e c:/program files (x86)/atmel/studio/7.0/toolchain/avr8/avr8-gnu-toolchain/bin/../lib/gcc/avr/5.4.0/avr6\libgcc.a(_umulhisi3.o)
                0x000022e2                __umulhisi3
 .text.libgcc.mul
                0x00002300       0x14 c:/program files (x86)/atmel/studio/7.0/toolchain/avr8/avr8-gnu-toolchain/bin/../lib/gcc/avr/5.4.0/avr6\libgcc.a(_muluhisi3.o)
                0x00002300                __muluhisi3
 .text.libgcc   0x00002314       0x10 c:/program files (x86)/atmel/studio/7.0/toolchain/avr8/avr8-gnu-toolchain/bin/../lib/gcc/avr/5.4.0/avr6\libgcc.a(_tablejump2.o)
                0x00002314                __tablejump2__
 .text.avr-libc
                0x00002324       0x12 c:/program files (x86)/atmel/studio/7.0/toolchain/avr8/avr8-gnu-toolchain/bin/../lib/gcc/avr/5.4.0/../../../../avr/lib/avr6\libc.a(memcpy_P.o)
                0x00002324                memcpy_P
 .text.avr-libc
                0x00002336       0x1a c:/program files (x86)/atmel/studio/7.0/toolchain/avr8/avr8-gnu-toolchain/bin/../lib/gcc/avr/5.4.0/../../../../avr/lib/avr6\libc.a(memcmp.o)
                0x00002336                memcmp
                0x00002350                . = ALIGN (0x2)
 *(.fini9)
 .fini9         0x00002350        0x0 c:/program files (x86)/atmel/studio/7.0/toolchain/avr8/avr8-gnu-toolchain/bin/../lib/gcc/avr/5.4.0/avr6\libgcc.a(_exit.o)
                0x00002350                _exit
                0x00002350                exit
 *(.fini9)
 *(.fini8)
 *(.fini8)
 *(.fini7)
 *(.fini7)
 *(.fini6)
 *(.fini6)
 *(.fini5)
 *(.fini5)
 *(.fini4)
 *(.fini4)
 *(.fini3)
 *(.fini3)
 *(.fini2)
 *(.fini2)
 *(.fini1)
 *(.fini1)
 *(.fini0)
 .fini0         0x00002350        0x4 c:/program files (x86)/atmel/studio/7.0/toolchain/avr8/avr8-gnu-toolchain/bin/../lib/gcc/avr/5.4.0/avr6\libgcc.a(_exit.o)
 *(.fini0)
                0x00002354                _etext = .

.data           0x00800200       0xe8 load address 0x00002354
                0x00800200                PROVIDE (__data_start, .)
 *(.data)
 *(.data*)
 .data._ZL8hostname
                0x00800200       0x20 EtherCardModified/dhcp.o
 .data._ZN9EtherCard7hisportE
                0x00800220        0x2 EtherCardModified/EtherCard.o
                0x00800220                _ZN9EtherCard7hisportE
 .data._ZL6seqnum
                0x00800222        0x1 EtherCardModified/tcpip.o
 .data._ZL20tcpclient_src_port_l
                0x00800223        0x1 EtherCardModified/tcpip.o
 .data._ZN9EtherComm6bufferE
                0x00800224        0x2 EtherComm.o
                0x00800224                _ZN9EtherComm6bufferE
 .data._ZN9EtherComm7_destIPE
                0x00800226        0x4 EtherComm.o
                0x00800226                _ZN9EtherComm7_destIPE
 .data._ZN9EtherComm6_mymacE
                0x0080022a        0x6 EtherComm.o
                0x0080022a                _ZN9EtherComm6_mymacE
 .data._ZN9EtherComm5_gwipE
                0x00800230        0x4 EtherComm.o
                0x00800230                _ZN9EtherComm5_gwipE
 .data._ZN9EtherComm5_myipE
                0x00800234        0x4 EtherComm.o
                0x00800234                _ZN9EtherComm5_myipE
 *(.gnu.linkonce.d*)
 *(.rodata)
 *(.rodata*)
 .rodata.allOnes
                0x00800238        0x6 EtherCardModified/tcpip.o
                0x00800238                allOnes
 .rodata.str1.1
                0x0080023e       0x7f main.o
 .rodata._ZTV14HardwareSerial
                0x008002bd       0x12 Peripherals/HardwareSerial.o
                0x008002bd                _ZTV14HardwareSerial
 .rodata._ZTV13DigitalSensor
                0x008002cf        0xa Robot.o
                0x008002cf                _ZTV13DigitalSensor
 .rodata.str1.1
                0x008002d9        0xf Utils/Print.o
 *(.gnu.linkonce.r*)
                0x008002e8                . = ALIGN (0x2)
                0x008002e8                _edata = .
                0x008002e8                PROVIDE (__data_end, .)

.bss            0x008002e8      0x561
                0x008002e8                PROVIDE (__bss_start, .)
 *(.bss)
 *(.bss*)
 .bss._ZL14SendDataBuffer
                0x008002e8        0x2 Commands.o
 .bss._ZL24dhcpCustomOptionCallback
                0x008002ea        0x2 EtherCardModified/dhcp.o
 .bss._ZL19dhcpCustomOptionNum
                0x008002ec        0x1 EtherCardModified/dhcp.o
 .bss._ZL6bufPtr
                0x008002ed        0x2 EtherCardModified/dhcp.o
 .bss._ZL9leaseTime
                0x008002ef        0x4 EtherCardModified/dhcp.o
 .bss._ZL9dhcpState
                0x008002f3        0x1 EtherCardModified/dhcp.o
 .bss._ZZN8ENC28J6013packetReceiveEvE14gNextPacketPtr
                0x008002f4        0x2 EtherCardModified/enc28j60.o
 .bss._ZZN8ENC28J6013packetReceiveEvE16unreleasedPacket
                0x008002f6        0x1 EtherCardModified/enc28j60.o
 .bss._ZL9selectPin
                0x008002f7        0x1 EtherCardModified/enc28j60.o
 .bss._ZL10selectPort
                0x008002f8        0x2 EtherCardModified/enc28j60.o
 .bss._ZL12Enc28j60Bank
                0x008002fa        0x1 EtherCardModified/enc28j60.o
 .bss._ZN8ENC28J6017broadcast_enabledE
                0x008002fb        0x1 EtherCardModified/enc28j60.o
                0x008002fb                _ZN8ENC28J6017broadcast_enabledE
 .bss._ZN8ENC28J6010bufferSizeE
                0x008002fc        0x2 EtherCardModified/enc28j60.o
                0x008002fc                _ZN8ENC28J6010bufferSizeE
 .bss._ZN8ENC28J606bufferE
                0x008002fe      0x200 EtherCardModified/EtherCard.o
                0x008002fe                _ZN8ENC28J606bufferE
 .bss._ZN9EtherCard8delaycntE
                0x008004fe        0x2 EtherCardModified/EtherCard.o
                0x008004fe                _ZN9EtherCard8delaycntE
 .bss._ZN9EtherCard22persist_tcp_connectionE
                0x00800500        0x1 EtherCardModified/EtherCard.o
                0x00800500                _ZN9EtherCard22persist_tcp_connectionE
 .bss._ZN9EtherCard10using_dhcpE
                0x00800501        0x1 EtherCardModified/EtherCard.o
                0x00800501                _ZN9EtherCard10using_dhcpE
 .bss._ZN9EtherCard5hisipE
                0x00800502        0x4 EtherCardModified/EtherCard.o
                0x00800502                _ZN9EtherCard5hisipE
 .bss._ZN9EtherCard5dnsipE
                0x00800506        0x4 EtherCardModified/EtherCard.o
                0x00800506                _ZN9EtherCard5dnsipE
 .bss._ZN9EtherCard6dhcpipE
                0x0080050a        0x4 EtherCardModified/EtherCard.o
                0x0080050a                _ZN9EtherCard6dhcpipE
 .bss._ZN9EtherCard4gwipE
                0x0080050e        0x4 EtherCardModified/EtherCard.o
                0x0080050e                _ZN9EtherCard4gwipE
 .bss._ZN9EtherCard11broadcastipE
                0x00800512        0x4 EtherCardModified/EtherCard.o
                0x00800512                _ZN9EtherCard11broadcastipE
 .bss._ZN9EtherCard7netmaskE
                0x00800516        0x4 EtherCardModified/EtherCard.o
                0x00800516                _ZN9EtherCard7netmaskE
 .bss._ZN9EtherCard4myipE
                0x0080051a        0x4 EtherCardModified/EtherCard.o
                0x0080051a                _ZN9EtherCard4myipE
 .bss._ZN9EtherCard5mymacE
                0x0080051e        0x6 EtherCardModified/EtherCard.o
                0x0080051e                _ZN9EtherCard5mymacE
 .bss._ZN5Stash3mapE
                0x00800524        0x7 EtherCardModified/stash.o
                0x00800524                _ZN5Stash3mapE
 .bss._ZL13info_data_len
                0x0080052b        0x2 EtherCardModified/tcpip.o
 .bss._ZL9waitgwmac
                0x0080052d        0x1 EtherCardModified/tcpip.o
 .bss._ZL9gwmacaddr
                0x0080052e        0x6 EtherCardModified/tcpip.o
 .bss._ZL12has_dest_mac
                0x00800534        0x1 EtherCardModified/tcpip.o
 .bss._ZL20waiting_for_dest_mac
                0x00800535        0x1 EtherCardModified/tcpip.o
 .bss._ZL11has_dns_mac
                0x00800536        0x1 EtherCardModified/tcpip.o
 .bss._ZL19waiting_for_dns_mac
                0x00800537        0x1 EtherCardModified/tcpip.o
 .bss._ZL11destmacaddr
                0x00800538        0x6 EtherCardModified/tcpip.o
 .bss._ZL7icmp_cb
                0x0080053e        0x2 EtherCardModified/tcpip.o
 .bss._ZL22client_tcp_datafill_cb
                0x00800540        0x2 EtherCardModified/tcpip.o
 .bss._ZL20client_tcp_result_cb
                0x00800542        0x2 EtherCardModified/tcpip.o
 .bss._ZL17tcp_client_port_l
                0x00800544        0x1 EtherCardModified/tcpip.o
 .bss._ZL17tcp_client_port_h
                0x00800545        0x1 EtherCardModified/tcpip.o
 .bss._ZL16tcp_client_state
                0x00800546        0x1 EtherCardModified/tcpip.o
 .bss._ZL6tcp_fd
                0x00800547        0x1 EtherCardModified/tcpip.o
 .bss.numListeners
                0x00800548        0x1 EtherCardModified/udpserver.o
                0x00800548                numListeners
 .bss.listeners
                0x00800549       0x28 EtherCardModified/udpserver.o
                0x00800549                listeners
 .bss._ZN9EtherComm9_destPortE
                0x00800571        0x2 EtherComm.o
                0x00800571                _ZN9EtherComm9_destPortE
 .bss._ZN9EtherComm9_recvPortE
                0x00800573        0x2 EtherComm.o
                0x00800573                _ZN9EtherComm9_recvPortE
 .bss.Serial    0x00800575       0x33 Peripherals/HardwareSerial0.o
                0x00800575                Serial
 .bss.Serial1   0x008005a8       0x33 Peripherals/HardwareSerial1.o
                0x008005a8                Serial1
 .bss.Serial2   0x008005db       0x33 Peripherals/HardwareSerial2.o
                0x008005db                Serial2
 .bss.Serial3   0x0080060e       0x33 Peripherals/HardwareSerial3.o
                0x0080060e                Serial3
 .bss.BtnTest   0x00800641        0x8 Robot.o
                0x00800641                BtnTest
 .bss._ZN5Robot7devicesE
                0x00800649      0x200 Robot.o
                0x00800649                _ZN5Robot7devicesE
 *(COMMON)
                0x00800849                PROVIDE (__bss_end, .)
                0x00002354                __data_load_start = LOADADDR (.data)
                0x0000243c                __data_load_end = (__data_load_start + SIZEOF (.data))

.noinit         0x00800849        0x0
                [!provide]                PROVIDE (__noinit_start, .)
 *(.noinit*)
                [!provide]                PROVIDE (__noinit_end, .)
                0x00800849                _end = .
                [!provide]                PROVIDE (__heap_start, .)

.eeprom         0x00810000        0x0
 *(.eeprom*)
                0x00810000                __eeprom_end = .

.fuse
 *(.fuse)
 *(.lfuse)
 *(.hfuse)
 *(.efuse)

.lock
 *(.lock*)

.signature
 *(.signature*)

.user_signatures
 *(.user_signatures*)

.stab
 *(.stab)

.stabstr
 *(.stabstr)

.stab.excl
 *(.stab.excl)

.stab.exclstr
 *(.stab.exclstr)

.stab.index
 *(.stab.index)

.stab.indexstr
 *(.stab.indexstr)

.comment        0x00000000       0x30
 *(.comment)
 .comment       0x00000000       0x30 Commands.o
                                 0x31 (size before relaxing)
 .comment       0x00000030       0x31 EtherCardModified/dhcp.o
 .comment       0x00000030       0x31 EtherCardModified/enc28j60.o
 .comment       0x00000030       0x31 EtherCardModified/EtherCard.o
 .comment       0x00000030       0x31 EtherCardModified/stash.o
 .comment       0x00000030       0x31 EtherCardModified/tcpip.o
 .comment       0x00000030       0x31 EtherCardModified/udpserver.o
 .comment       0x00000030       0x31 EtherCardModified/webutil.o
 .comment       0x00000030       0x31 EtherComm.o
 .comment       0x00000030       0x31 main.o
 .comment       0x00000030       0x31 Peripherals/HardwareSerial.o
 .comment       0x00000030       0x31 Peripherals/HardwareSerial0.o
 .comment       0x00000030       0x31 Peripherals/HardwareSerial1.o
 .comment       0x00000030       0x31 Peripherals/HardwareSerial2.o
 .comment       0x00000030       0x31 Peripherals/HardwareSerial3.o
 .comment       0x00000030       0x31 Robot.o
 .comment       0x00000030       0x31 Utils/Print.o

.note.gnu.avr.deviceinfo
                0x00000000       0x40
 .note.gnu.avr.deviceinfo
                0x00000000       0x40 C:/Program Files (x86)/Atmel/Studio/7.0/Packs/atmel/ATmega_DFP/1.2.209/gcc/dev/atmega2560/avr6/crtatmega2560.o

.note.gnu.build-id
 *(.note.gnu.build-id)

.debug
 *(.debug)

.line
 *(.line)

.debug_srcinfo
 *(.debug_srcinfo)

.debug_sfnames
 *(.debug_sfnames)

.debug_aranges  0x00000000      0x7d8
 *(.debug_aranges)
 .debug_aranges
                0x00000000       0x48 Commands.o
 .debug_aranges
                0x00000048       0x50 EtherCardModified/dhcp.o
 .debug_aranges
                0x00000098      0x118 EtherCardModified/enc28j60.o
 .debug_aranges
                0x000001b0       0x30 EtherCardModified/EtherCard.o
 .debug_aranges
                0x000001e0       0xb8 EtherCardModified/stash.o
 .debug_aranges
                0x00000298      0x188 EtherCardModified/tcpip.o
 .debug_aranges
                0x00000420       0x40 EtherCardModified/udpserver.o
 .debug_aranges
                0x00000460       0x70 EtherCardModified/webutil.o
 .debug_aranges
                0x000004d0       0x38 EtherComm.o
 .debug_aranges
                0x00000508       0x20 main.o
 .debug_aranges
                0x00000528       0x68 Peripherals/HardwareSerial.o
 .debug_aranges
                0x00000590       0x48 Peripherals/HardwareSerial0.o
 .debug_aranges
                0x000005d8       0x48 Peripherals/HardwareSerial1.o
 .debug_aranges
                0x00000620       0x48 Peripherals/HardwareSerial2.o
 .debug_aranges
                0x00000668       0x48 Peripherals/HardwareSerial3.o
 .debug_aranges
                0x000006b0       0x60 Robot.o
 .debug_aranges
                0x00000710       0xc8 Utils/Print.o

.debug_pubnames
 *(.debug_pubnames)

.debug_info     0x00000000    0x13896
 *(.debug_info .gnu.linkonce.wi.*)
 .debug_info    0x00000000      0xbbc C:/Program Files (x86)/Atmel/Studio/7.0/Packs/atmel/ATmega_DFP/1.2.209/gcc/dev/atmega2560/avr6/crtatmega2560.o
 .debug_info    0x00000bbc     0x10e8 Commands.o
 .debug_info    0x00001ca4     0x15bc EtherCardModified/dhcp.o
 .debug_info    0x00003260     0x1761 EtherCardModified/enc28j60.o
 .debug_info    0x000049c1     0x117d EtherCardModified/EtherCard.o
 .debug_info    0x00005b3e     0x1a41 EtherCardModified/stash.o
 .debug_info    0x0000757f     0x2d65 EtherCardModified/tcpip.o
 .debug_info    0x0000a2e4      0xc47 EtherCardModified/udpserver.o
 .debug_info    0x0000af2b     0x105d EtherCardModified/webutil.o
 .debug_info    0x0000bf88      0xeed EtherComm.o
 .debug_info    0x0000ce75     0x1097 main.o
 .debug_info    0x0000df0c      0xdbe Peripherals/HardwareSerial.o
 .debug_info    0x0000ecca      0x989 Peripherals/HardwareSerial0.o
 .debug_info    0x0000f653      0x989 Peripherals/HardwareSerial1.o
 .debug_info    0x0000ffdc      0x989 Peripherals/HardwareSerial2.o
 .debug_info    0x00010965      0x98f Peripherals/HardwareSerial3.o
 .debug_info    0x000112f4     0x13e2 Robot.o
 .debug_info    0x000126d6     0x11c0 Utils/Print.o

.debug_abbrev   0x00000000     0x4a35
 *(.debug_abbrev)
 .debug_abbrev  0x00000000      0xb1a C:/Program Files (x86)/Atmel/Studio/7.0/Packs/atmel/ATmega_DFP/1.2.209/gcc/dev/atmega2560/avr6/crtatmega2560.o
 .debug_abbrev  0x00000b1a      0x3ff Commands.o
 .debug_abbrev  0x00000f19      0x447 EtherCardModified/dhcp.o
 .debug_abbrev  0x00001360      0x393 EtherCardModified/enc28j60.o
 .debug_abbrev  0x000016f3      0x3a8 EtherCardModified/EtherCard.o
 .debug_abbrev  0x00001a9b      0x56d EtherCardModified/stash.o
 .debug_abbrev  0x00002008      0x74a EtherCardModified/tcpip.o
 .debug_abbrev  0x00002752      0x26c EtherCardModified/udpserver.o
 .debug_abbrev  0x000029be      0x37b EtherCardModified/webutil.o
 .debug_abbrev  0x00002d39      0x2ad EtherComm.o
 .debug_abbrev  0x00002fe6      0x412 main.o
 .debug_abbrev  0x000033f8      0x363 Peripherals/HardwareSerial.o
 .debug_abbrev  0x0000375b      0x2d8 Peripherals/HardwareSerial0.o
 .debug_abbrev  0x00003a33      0x2d8 Peripherals/HardwareSerial1.o
 .debug_abbrev  0x00003d0b      0x2d8 Peripherals/HardwareSerial2.o
 .debug_abbrev  0x00003fe3      0x2d8 Peripherals/HardwareSerial3.o
 .debug_abbrev  0x000042bb      0x4de Robot.o
 .debug_abbrev  0x00004799      0x29c Utils/Print.o

.debug_line     0x00000000     0x4f2b
 *(.debug_line .debug_line.* .debug_line_end)
 .debug_line    0x00000000      0x1f9 C:/Program Files (x86)/Atmel/Studio/7.0/Packs/atmel/ATmega_DFP/1.2.209/gcc/dev/atmega2560/avr6/crtatmega2560.o
 .debug_line    0x000001f9      0x1e9 Commands.o
 .debug_line    0x000003e2      0x549 EtherCardModified/dhcp.o
 .debug_line    0x0000092b      0x89b EtherCardModified/enc28j60.o
 .debug_line    0x000011c6      0x21a EtherCardModified/EtherCard.o
 .debug_line    0x000013e0      0x7ef EtherCardModified/stash.o
 .debug_line    0x00001bcf     0x12b3 EtherCardModified/tcpip.o
 .debug_line    0x00002e82      0x211 EtherCardModified/udpserver.o
 .debug_line    0x00003093      0x538 EtherCardModified/webutil.o
 .debug_line    0x000035cb      0x20a EtherComm.o
 .debug_line    0x000037d5      0x1d1 main.o
 .debug_line    0x000039a6      0x51d Peripherals/HardwareSerial.o
 .debug_line    0x00003ec3      0x23c Peripherals/HardwareSerial0.o
 .debug_line    0x000040ff      0x23b Peripherals/HardwareSerial1.o
 .debug_line    0x0000433a      0x23a Peripherals/HardwareSerial2.o
 .debug_line    0x00004574      0x23a Peripherals/HardwareSerial3.o
 .debug_line    0x000047ae      0x292 Robot.o
 .debug_line    0x00004a40      0x4eb Utils/Print.o

.debug_frame    0x00000000     0x188c
 *(.debug_frame)
 .debug_frame   0x00000000       0x74 Commands.o
 .debug_frame   0x00000074      0x110 EtherCardModified/dhcp.o
 .debug_frame   0x00000184      0x378 EtherCardModified/enc28j60.o
 .debug_frame   0x000004fc       0x94 EtherCardModified/EtherCard.o
 .debug_frame   0x00000590      0x2d0 EtherCardModified/stash.o
 .debug_frame   0x00000860      0x4d0 EtherCardModified/tcpip.o
 .debug_frame   0x00000d30       0xb8 EtherCardModified/udpserver.o
 .debug_frame   0x00000de8      0x1b0 EtherCardModified/webutil.o
 .debug_frame   0x00000f98       0x8c EtherComm.o
 .debug_frame   0x00001024       0x24 main.o
 .debug_frame   0x00001048      0x104 Peripherals/HardwareSerial.o
 .debug_frame   0x0000114c       0xec Peripherals/HardwareSerial0.o
 .debug_frame   0x00001238       0xec Peripherals/HardwareSerial1.o
 .debug_frame   0x00001324       0xec Peripherals/HardwareSerial2.o
 .debug_frame   0x00001410       0xec Peripherals/HardwareSerial3.o
 .debug_frame   0x000014fc       0xb0 Robot.o
 .debug_frame   0x000015ac      0x2e0 Utils/Print.o

.debug_str      0x00000000     0x3692
 *(.debug_str)
 .debug_str     0x00000000      0x3e6 C:/Program Files (x86)/Atmel/Studio/7.0/Packs/atmel/ATmega_DFP/1.2.209/gcc/dev/atmega2560/avr6/crtatmega2560.o
 .debug_str     0x000003e6     0x13c4 Commands.o
                               0x1458 (size before relaxing)
 .debug_str     0x000017aa      0x22a EtherCardModified/dhcp.o
                               0x1247 (size before relaxing)
 .debug_str     0x000019d4      0x28d EtherCardModified/enc28j60.o
                                0x850 (size before relaxing)
 .debug_str     0x00001c61      0x3b2 EtherCardModified/EtherCard.o
                               0x141a (size before relaxing)
 .debug_str     0x00002013      0x123 EtherCardModified/stash.o
                               0x13ce (size before relaxing)
 .debug_str     0x00002136      0x5d8 EtherCardModified/tcpip.o
                               0x195c (size before relaxing)
 .debug_str     0x0000270e       0x68 EtherCardModified/udpserver.o
                               0x109e (size before relaxing)
 .debug_str     0x00002776      0x178 EtherCardModified/webutil.o
                               0x119a (size before relaxing)
 .debug_str     0x000028ee       0xf8 EtherComm.o
                               0x1291 (size before relaxing)
 .debug_str     0x000029e6       0x67 main.o
                               0x13e8 (size before relaxing)
 .debug_str     0x00002a4d      0x7e2 Peripherals/HardwareSerial.o
                                0xa8f (size before relaxing)
 .debug_str     0x0000322f       0x4a Peripherals/HardwareSerial0.o
                                0x7cb (size before relaxing)
 .debug_str     0x00003279       0x52 Peripherals/HardwareSerial1.o
                                0x7cc (size before relaxing)
 .debug_str     0x000032cb       0x52 Peripherals/HardwareSerial2.o
                                0x7cc (size before relaxing)
 .debug_str     0x0000331d       0x52 Peripherals/HardwareSerial3.o
                                0x7cc (size before relaxing)
 .debug_str     0x0000336f      0x15c Robot.o
                               0x14c8 (size before relaxing)
 .debug_str     0x000034cb      0x1c7 Utils/Print.o
                                0x4a3 (size before relaxing)

.debug_loc      0x00000000     0x848c
 *(.debug_loc)
 .debug_loc     0x00000000      0x37d Commands.o
 .debug_loc     0x0000037d      0x8ff EtherCardModified/dhcp.o
 .debug_loc     0x00000c7c      0xf83 EtherCardModified/enc28j60.o
 .debug_loc     0x00001bff      0x377 EtherCardModified/EtherCard.o
 .debug_loc     0x00001f76     0x14dd EtherCardModified/stash.o
 .debug_loc     0x00003453     0x18d2 EtherCardModified/tcpip.o
 .debug_loc     0x00004d25      0x243 EtherCardModified/udpserver.o
 .debug_loc     0x00004f68      0xc97 EtherCardModified/webutil.o
 .debug_loc     0x00005bff      0x486 EtherComm.o
 .debug_loc     0x00006085       0x16 main.o
 .debug_loc     0x0000609b      0x4e0 Peripherals/HardwareSerial.o
 .debug_loc     0x0000657b      0x1ca Peripherals/HardwareSerial0.o
 .debug_loc     0x00006745      0x1ca Peripherals/HardwareSerial1.o
 .debug_loc     0x0000690f      0x1ca Peripherals/HardwareSerial2.o
 .debug_loc     0x00006ad9      0x1ca Peripherals/HardwareSerial3.o
 .debug_loc     0x00006ca3      0x1c9 Robot.o
 .debug_loc     0x00006e6c     0x1620 Utils/Print.o

.debug_macinfo
 *(.debug_macinfo)

.debug_weaknames
 *(.debug_weaknames)

.debug_funcnames
 *(.debug_funcnames)

.debug_typenames
 *(.debug_typenames)

.debug_varnames
 *(.debug_varnames)

.debug_pubtypes
 *(.debug_pubtypes)

.debug_ranges   0x00000000      0x8a0
 *(.debug_ranges)
 .debug_ranges  0x00000000       0x38 Commands.o
 .debug_ranges  0x00000038       0xb0 EtherCardModified/dhcp.o
 .debug_ranges  0x000000e8      0x108 EtherCardModified/enc28j60.o
 .debug_ranges  0x000001f0       0x20 EtherCardModified/EtherCard.o
 .debug_ranges  0x00000210      0x1a0 EtherCardModified/stash.o
 .debug_ranges  0x000003b0      0x1b8 EtherCardModified/tcpip.o
 .debug_ranges  0x00000568       0x48 EtherCardModified/udpserver.o
 .debug_ranges  0x000005b0       0x78 EtherCardModified/webutil.o
 .debug_ranges  0x00000628       0x28 EtherComm.o
 .debug_ranges  0x00000650       0x10 main.o
 .debug_ranges  0x00000660       0x58 Peripherals/HardwareSerial.o
 .debug_ranges  0x000006b8       0x38 Peripherals/HardwareSerial0.o
 .debug_ranges  0x000006f0       0x38 Peripherals/HardwareSerial1.o
 .debug_ranges  0x00000728       0x38 Peripherals/HardwareSerial2.o
 .debug_ranges  0x00000760       0x38 Peripherals/HardwareSerial3.o
 .debug_ranges  0x00000798       0x50 Robot.o
 .debug_ranges  0x000007e8       0xb8 Utils/Print.o

.debug_macro
 *(.debug_macro)
OUTPUT(RovController.elf elf32-avr)
LOAD linker stubs
