Archive member included to satisfy reference by file (symbol)

c:/program files (x86)/atmel/studio/7.0/toolchain/avr8/avr8-gnu-toolchain/bin/../lib/gcc/avr/5.4.0/../../../../avr/lib/avr6\libm.a(addsf3.o)
                              Utils/Print.o (__subsf3)
c:/program files (x86)/atmel/studio/7.0/toolchain/avr8/avr8-gnu-toolchain/bin/../lib/gcc/avr/5.4.0/../../../../avr/lib/avr6\libm.a(addsf3x.o)
                              c:/program files (x86)/atmel/studio/7.0/toolchain/avr8/avr8-gnu-toolchain/bin/../lib/gcc/avr/5.4.0/../../../../avr/lib/avr6\libm.a(addsf3.o) (__addsf3x)
c:/program files (x86)/atmel/studio/7.0/toolchain/avr8/avr8-gnu-toolchain/bin/../lib/gcc/avr/5.4.0/../../../../avr/lib/avr6\libm.a(cmpsf2.o)
                              Utils/Print.o (__ltsf2)
c:/program files (x86)/atmel/studio/7.0/toolchain/avr8/avr8-gnu-toolchain/bin/../lib/gcc/avr/5.4.0/../../../../avr/lib/avr6\libm.a(divsf3.o)
                              Utils/Print.o (__divsf3)
c:/program files (x86)/atmel/studio/7.0/toolchain/avr8/avr8-gnu-toolchain/bin/../lib/gcc/avr/5.4.0/../../../../avr/lib/avr6\libm.a(divsf3x.o)
                              c:/program files (x86)/atmel/studio/7.0/toolchain/avr8/avr8-gnu-toolchain/bin/../lib/gcc/avr/5.4.0/../../../../avr/lib/avr6\libm.a(divsf3.o) (__divsf3x)
c:/program files (x86)/atmel/studio/7.0/toolchain/avr8/avr8-gnu-toolchain/bin/../lib/gcc/avr/5.4.0/../../../../avr/lib/avr6\libm.a(fixunssfsi.o)
                              Utils/Print.o (__fixunssfsi)
c:/program files (x86)/atmel/studio/7.0/toolchain/avr8/avr8-gnu-toolchain/bin/../lib/gcc/avr/5.4.0/../../../../avr/lib/avr6\libm.a(floatsisf.o)
                              Utils/Print.o (__floatunsisf)
c:/program files (x86)/atmel/studio/7.0/toolchain/avr8/avr8-gnu-toolchain/bin/../lib/gcc/avr/5.4.0/../../../../avr/lib/avr6\libm.a(fp_cmp.o)
                              c:/program files (x86)/atmel/studio/7.0/toolchain/avr8/avr8-gnu-toolchain/bin/../lib/gcc/avr/5.4.0/../../../../avr/lib/avr6\libm.a(cmpsf2.o) (__fp_cmp)
c:/program files (x86)/atmel/studio/7.0/toolchain/avr8/avr8-gnu-toolchain/bin/../lib/gcc/avr/5.4.0/../../../../avr/lib/avr6\libm.a(fp_inf.o)
                              c:/program files (x86)/atmel/studio/7.0/toolchain/avr8/avr8-gnu-toolchain/bin/../lib/gcc/avr/5.4.0/../../../../avr/lib/avr6\libm.a(addsf3x.o) (__fp_inf)
c:/program files (x86)/atmel/studio/7.0/toolchain/avr8/avr8-gnu-toolchain/bin/../lib/gcc/avr/5.4.0/../../../../avr/lib/avr6\libm.a(fp_nan.o)
                              c:/program files (x86)/atmel/studio/7.0/toolchain/avr8/avr8-gnu-toolchain/bin/../lib/gcc/avr/5.4.0/../../../../avr/lib/avr6\libm.a(addsf3x.o) (__fp_nan)
c:/program files (x86)/atmel/studio/7.0/toolchain/avr8/avr8-gnu-toolchain/bin/../lib/gcc/avr/5.4.0/../../../../avr/lib/avr6\libm.a(fp_pscA.o)
                              c:/program files (x86)/atmel/studio/7.0/toolchain/avr8/avr8-gnu-toolchain/bin/../lib/gcc/avr/5.4.0/../../../../avr/lib/avr6\libm.a(addsf3x.o) (__fp_pscA)
c:/program files (x86)/atmel/studio/7.0/toolchain/avr8/avr8-gnu-toolchain/bin/../lib/gcc/avr/5.4.0/../../../../avr/lib/avr6\libm.a(fp_pscB.o)
                              c:/program files (x86)/atmel/studio/7.0/toolchain/avr8/avr8-gnu-toolchain/bin/../lib/gcc/avr/5.4.0/../../../../avr/lib/avr6\libm.a(addsf3x.o) (__fp_pscB)
c:/program files (x86)/atmel/studio/7.0/toolchain/avr8/avr8-gnu-toolchain/bin/../lib/gcc/avr/5.4.0/../../../../avr/lib/avr6\libm.a(fp_round.o)
                              c:/program files (x86)/atmel/studio/7.0/toolchain/avr8/avr8-gnu-toolchain/bin/../lib/gcc/avr/5.4.0/../../../../avr/lib/avr6\libm.a(addsf3.o) (__fp_round)
c:/program files (x86)/atmel/studio/7.0/toolchain/avr8/avr8-gnu-toolchain/bin/../lib/gcc/avr/5.4.0/../../../../avr/lib/avr6\libm.a(fp_split3.o)
                              c:/program files (x86)/atmel/studio/7.0/toolchain/avr8/avr8-gnu-toolchain/bin/../lib/gcc/avr/5.4.0/../../../../avr/lib/avr6\libm.a(addsf3x.o) (__fp_split3)
c:/program files (x86)/atmel/studio/7.0/toolchain/avr8/avr8-gnu-toolchain/bin/../lib/gcc/avr/5.4.0/../../../../avr/lib/avr6\libm.a(fp_zero.o)
                              c:/program files (x86)/atmel/studio/7.0/toolchain/avr8/avr8-gnu-toolchain/bin/../lib/gcc/avr/5.4.0/../../../../avr/lib/avr6\libm.a(addsf3x.o) (__fp_zero)
c:/program files (x86)/atmel/studio/7.0/toolchain/avr8/avr8-gnu-toolchain/bin/../lib/gcc/avr/5.4.0/../../../../avr/lib/avr6\libm.a(gesf2.o)
                              Utils/Print.o (__gtsf2)
c:/program files (x86)/atmel/studio/7.0/toolchain/avr8/avr8-gnu-toolchain/bin/../lib/gcc/avr/5.4.0/../../../../avr/lib/avr6\libm.a(mulsf3.o)
                              Utils/Print.o (__mulsf3)
c:/program files (x86)/atmel/studio/7.0/toolchain/avr8/avr8-gnu-toolchain/bin/../lib/gcc/avr/5.4.0/../../../../avr/lib/avr6\libm.a(mulsf3x.o)
[...]
Memory Configuration

Name             Origin             Length             Attributes
text             0x00000000         0x00100000         xr
data             0x00800200         0x0000fe00         rw !x
eeprom           0x00810000         0x00010000         rw !x
fuse             0x00820000         0x00000003         rw !x
lock             0x00830000         0x00000400         rw !x
signature        0x00840000         0x00000400         rw !x
user_signatures  0x00850000         0x00000400         rw !x
*default*        0x00000000         0xffffffff

Linker script and memory map

Address of section .data set to 0x800200
LOAD C:/Program Files (x86)/Atmel/Studio/7.0/Packs/atmel/ATmega_DFP/1.2.209/gcc/dev/atmega2560/avr6/crtatmega2560.o
LOAD Commands.o
LOAD EtherCardModified/bufferfiller.o
LOAD EtherCardModified/dhcp.o
LOAD EtherCardModified/dns.o
LOAD EtherCardModified/enc28j60.o
LOAD EtherCardModified/EtherCard.o
LOAD EtherCardModified/stash.o
LOAD EtherCardModified/tcpip.o
LOAD EtherCardModified/udpserver.o
LOAD EtherCardModified/webutil.o
LOAD EtherComm.o
LOAD main.o
LOAD Peripherals/HardwareSerial.o
LOAD Peripherals/HardwareSerial0.o
LOAD Peripherals/HardwareSerial1.o
LOAD Peripherals/HardwareSerial2.o
LOAD Peripherals/HardwareSerial3.o
LOAD Robot.o
LOAD Timer1.o
LOAD Utils/Print.o
LOAD Utils/Stream.o
START GROUP
LOAD c:/program files (x86)/atmel/studio/7.0/toolchain/avr8/avr8-gnu-toolchain/bin/../lib/gcc/avr/5.4.0/../../../../avr/lib/avr6\libm.a
END GROUP
LOAD c:/program files (x86)/atmel/studio/7.0/toolchain/avr8/avr8-gnu-toolchain/bin/../lib/gcc/avr/5.4.0/avr6\libgcc.a
LOAD c:/program files (x86)/atmel/studio/7.0/toolchain/avr8/avr8-gnu-toolchain/bin/../lib/gcc/avr/5.4.0/../../../../avr/lib/avr6\libm.a
START GROUP
LOAD c:/program files (x86)/atmel/studio/7.0/toolchain/avr8/avr8-gnu-toolchain/bin/../lib/gcc/avr/5.4.0/avr6\libgcc.a
LOAD c:/program files (x86)/atmel/studio/7.0/toolchain/avr8/avr8-gnu-toolchain/bin/../lib/gcc/avr/5.4.0/../../../../avr/lib/avr6\libm.a
LOAD c:/program files (x86)/atmel/studio/7.0/toolchain/avr8/avr8-gnu-toolchain/bin/../lib/gcc/avr/5.4.0/../../../../avr/lib/avr6\libc.a
LOAD C:/Program Files (x86)/Atmel/Studio/7.0/Packs/atmel/ATmega_DFP/1.2.209/gcc/dev/atmega2560/avr6\libatmega2560.a
END GROUP
                0x00100000                __TEXT_REGION_LENGTH__ = DEFINED (__TEXT_REGION_LENGTH__)?__TEXT_REGION_LENGTH__:0x100000
                0x0000fe00                __DATA_REGION_LENGTH__ = DEFINED (__DATA_REGION_LENGTH__)?__DATA_REGION_LENGTH__:0xfe00
                0x00010000                __EEPROM_REGION_LENGTH__ = DEFINED (__EEPROM_REGION_LENGTH__)?__EEPROM_REGION_LENGTH__:0x10000
                [0x00000003]                __FUSE_REGION_LENGTH__ = DEFINED (__FUSE_REGION_LENGTH__)?__FUSE_REGION_LENGTH__:0x400
                0x00000400                __LOCK_REGION_LENGTH__ = DEFINED (__LOCK_REGION_LENGTH__)?__LOCK_REGION_LENGTH__:0x400
                0x00000400                __SIGNATURE_REGION_LENGTH__ = DEFINED (__SIGNATURE_REGION_LENGTH__)?__SIGNATURE_REGION_LENGTH__:0x400
                0x00000400                __USER_SIGNATURE_REGION_LENGTH__ = DEFINED (__USER_SIGNATURE_REGION_LENGTH__)?__USER_SIGNATURE_REGION_LENGTH__:0x400

.hash
 *(.hash)

.dynsym
 *(.dynsym)

.dynstr
 *(.dynstr)

.gnu.version
 *(.gnu.version)

.gnu.version_d
 *(.gnu.version_d)

.gnu.version_r
 *(.gnu.version_r)

.rel.init
 *(.rel.init)

.rela.init
 *(.rela.init)

.rel.text
 *(.rel.text)
 *(.rel.text.*)
 *(.rel.gnu.linkonce.t*)

.rela.text
 *(.rela.text)
 *(.rela.text.*)
 *(.rela.gnu.linkonce.t*)

.rel.fini
 *(.rel.fini)

.rela.fini
 *(.rela.fini)

.rel.rodata
 *(.rel.rodata)
 *(.rel.rodata.*)
 *(.rel.gnu.linkonce.r*)

.rela.rodata
 *(.rela.rodata)
 *(.rela.rodata.*)
 *(.rela.gnu.linkonce.r*)

.rel.data
 *(.rel.data)
 *(.rel.data.*)
 *(.rel.gnu.linkonce.d*)

.rela.data
 *(.rela.data)
 *(.rela.data.*)
 *(.rela.gnu.linkonce.d*)

.rel.ctors
 *(.rel.ctors)

.rela.ctors
 *(.rela.ctors)

.rel.dtors
 *(.rel.dtors)

.rela.dtors
 *(.rela.dtors)

.rel.got
 *(.rel.got)

.rela.got
 *(.rela.got)

.rel.bss
 *(.rel.bss)

.rela.bss
 *(.rela.bss)

.rel.plt
 *(.rel.plt)

.rela.plt
 *(.rela.plt)

.text           0x00000000     0x2236
 *(.vectors)
 .vectors       0x00000000       0xe4 C:/Program Files (x86)/Atmel/Studio/7.0/Packs/atmel/ATmega_DFP/1.2.209/gcc/dev/atmega2560/avr6/crtatmega2560.o
                0x00000000                __vector_default
                0x00000000                __vectors
 *(.vectors)
 *(.progmem.gcc*)
                0x000000e4                . = ALIGN (0x2)
                0x000000e4                __trampolines_start = .
 *(.trampolines)
 .trampolines   0x000000e4        0x0 linker stubs
 *(.trampolines*)
                0x000000e4                __trampolines_end = .
 *libprintf_flt.a:*(.progmem.data)
 *libc.a:*(.progmem.data)
 *(.progmem*)
 .progmem.data._ZZL17send_dhcp_messagePhE6cookie
                0x000000e4        0x4 EtherCardModified/dhcp.o
 .progmem.data._ZL5iphdr
                0x000000e8        0x9 EtherCardModified/tcpip.o
 .progmem.data._ZL9arpreqhdr
                0x000000f1        0x8 EtherCardModified/tcpip.o
                0x000000fa                . = ALIGN (0x2)
 *fill*         0x000000f9        0x1 
 *(.jumptables)
 *(.jumptables*)
 *(.lowtext)
 *(.lowtext*)
                0x000000fa                __ctors_start = .
 *(.ctors)
 .ctors         0x000000fa        0x2 Commands.o
 .ctors         0x000000fc        0x2 Peripherals/HardwareSerial0.o
 .ctors         0x000000fe        0x2 Peripherals/HardwareSerial1.o
 .ctors         0x00000100        0x2 Peripherals/HardwareSerial2.o
 .ctors         0x00000102        0x2 Peripherals/HardwareSerial3.o
                0x00000104                __ctors_end = .
                0x00000104                __dtors_start = .
 *(.dtors)
                0x00000104                __dtors_end = .
 SORT(*)(.ctors)
 SORT(*)(.dtors)
 *(.init0)
 .init0         0x00000104        0x0 C:/Program Files (x86)/Atmel/Studio/7.0/Packs/atmel/ATmega_DFP/1.2.209/gcc/dev/atmega2560/avr6/crtatmega2560.o
                0x00000104                __init
 *(.init0)
 *(.init1)
 *(.init1)
 *(.init2)
 .init2         0x00000104       0x10 C:/Program Files (x86)/Atmel/Studio/7.0/Packs/atmel/ATmega_DFP/1.2.209/gcc/dev/atmega2560/avr6/crtatmega2560.o
 *(.init2)
 *(.init3)
 *(.init3)
 *(.init4)
 .init4         0x00000114       0x1a c:/program files (x86)/atmel/studio/7.0/toolchain/avr8/avr8-gnu-toolchain/bin/../lib/gcc/avr/5.4.0/avr6\libgcc.a(_copy_data.o)
                0x00000114                __do_copy_data
 .init4         0x0000012e       0x10 c:/program files (x86)/atmel/studio/7.0/toolchain/avr8/avr8-gnu-toolchain/bin/../lib/gcc/avr/5.4.0/avr6\libgcc.a(_clear_bss.o)
                0x0000012e                __do_clear_bss
 *(.init4)
 *(.init5)
 *(.init5)
 *(.init6)
 .init6         0x0000013e       0x20 c:/program files (x86)/atmel/studio/7.0/toolchain/avr8/avr8-gnu-toolchain/bin/../lib/gcc/avr/5.4.0/avr6\libgcc.a(_ctors.o)
                0x0000013e                __do_global_ctors
 *(.init6)
 *(.init7)
 *(.init7)
 *(.init8)
 *(.init8)
 *(.init9)
 .init9         0x0000015e        0x8 C:/Program Files (x86)/Atmel/Studio/7.0/Packs/atmel/ATmega_DFP/1.2.209/gcc/dev/atmega2560/avr6/crtatmega2560.o
 *(.init9)
 *(.text)
 .text          0x00000166        0x2 C:/Program Files (x86)/Atmel/Studio/7.0/Packs/atmel/ATmega_DFP/1.2.209/gcc/dev/atmega2560/avr6/crtatmega2560.o
                0x00000166                __vector_38
                0x00000166                __vector_22
                0x00000166                __vector_28
                0x00000166                __vector_1
                0x00000166                __vector_32
                0x00000166                __vector_34
                0x00000166                __vector_24
                0x00000166                __vector_12
                0x00000166                __vector_46
                0x00000166                __bad_interrupt
                0x00000166                __vector_6
                0x00000166                __vector_31
                0x00000166                __vector_35
                0x00000166                __vector_39
                0x00000166                __vector_3
                0x00000166                __vector_23
                0x00000166                __vector_30
                0x00000166                __vector_45
                0x00000166                __vector_11
                0x00000166                __vector_13
                0x00000166                __vector_17
                0x00000166                __vector_19
                0x00000166                __vector_56
                0x00000166                __vector_7
                0x00000166                __vector_49
                0x00000166                __vector_41
                0x00000166                __vector_43
                0x00000166                __vector_27
                0x00000166                __vector_5
                0x00000166                __vector_33
                0x00000166                __vector_47
                0x00000166                __vector_4
                0x00000166                __vector_44
                0x00000166                __vector_9
                0x00000166                __vector_2
                0x00000166                __vector_21
                0x00000166                __vector_15
                0x00000166                __vector_29
                0x00000166                __vector_40
                0x00000166                __vector_8
                0x00000166                __vector_48
                0x00000166                __vector_14
                0x00000166                __vector_53
                0x00000166                __vector_10
                0x00000166                __vector_50
                0x00000166                __vector_16
                0x00000166                __vector_18
                0x00000166                __vector_20
                0x00000166                __vector_42
                0x00000168                . = ALIGN (0x2)
 *(.text.*)
 .text._Z14RunPingCommandPKhh
                0x00000168       0x1a Commands.o
                0x00000168                _Z14RunPingCommandPKhh
 .text._Z14RunEchoCommandPKhh
                0x00000182       0x28 Commands.o
                0x00000182                _Z14RunEchoCommandPKhh
 .text._Z13RunLedCommandPKhh
                0x000001aa       0x1a Commands.o
                0x000001aa                _Z13RunLedCommandPKhh
 .text._ZN9EtherComm15CommandReceivedEhPKhh
                0x000001c4       0x26 Commands.o
                0x000001c4                _ZN9EtherComm15CommandReceivedEhPKhh
 .text._GLOBAL__sub_I__Z14RunPingCommandPKhh
                0x000001ea       0x14 Commands.o
 .text._ZL8addToBufh
                0x000001fe       0x1a EtherCardModified/dhcp.o
 .text._ZL8addByteshPKh
                0x00000218       0x32 EtherCardModified/dhcp.o
 .text._ZL26dhcp_received_message_typejh
                0x0000024a       0x6a EtherCardModified/dhcp.o
 .text._ZL17send_dhcp_messagePh
                0x000002b4      0x178 EtherCardModified/dhcp.o
 .text._ZN9EtherCard16DhcpStateMachineEj
                0x0000042c      0x21c EtherCardModified/dhcp.o
                0x0000042c                _ZN9EtherCard16DhcpStateMachineEj
 .text._ZL10enableChipv
                0x00000648       0x18 EtherCardModified/enc28j60.o
 .text._ZL11disableChipv
                0x00000660       0x16 EtherCardModified/enc28j60.o
 .text._ZL7xferSPIh
                0x00000676        0xa EtherCardModified/enc28j60.o
 .text._ZL7writeOphhh
                0x00000680       0x24 EtherCardModified/enc28j60.o
 .text._ZL7readBufjPh
                0x000006a4       0x4e EtherCardModified/enc28j60.o
 .text._ZL8writeBufjPKh
                0x000006f2       0x4e EtherCardModified/enc28j60.o
 .text._ZL7SetBankh
                0x00000740       0x4a EtherCardModified/enc28j60.o
 .text._ZL11readRegByteh
                0x0000078a       0x24 EtherCardModified/enc28j60.o
 .text._ZL12writeRegBytehh
                0x000007ae       0x18 EtherCardModified/enc28j60.o
 .text._ZL8writeReghj
                0x000007c6       0x18 EtherCardModified/enc28j60.o
 .text._ZL8writePhyhj
                0x000007de       0x20 EtherCardModified/enc28j60.o
 .text._ZN8ENC28J607initSPIEv
                0x000007fe       0x1c EtherCardModified/enc28j60.o
                0x000007fe                _ZN8ENC28J607initSPIEv
 .text._ZN8ENC28J6010initializeEjPKhRVhS3_h
                0x0000081a      0x12c EtherCardModified/enc28j60.o
                0x0000081a                _ZN8ENC28J6010initializeEjPKhRVhS3_h
 .text._ZN8ENC28J608isLinkUpEv
                0x00000946       0x26 EtherCardModified/enc28j60.o
                0x00000946                _ZN8ENC28J608isLinkUpEv
 .text._ZN8ENC28J6010packetSendEj
                0x0000096c       0x82 EtherCardModified/enc28j60.o
                0x0000096c                _ZN8ENC28J6010packetSendEj
 .text._ZN8ENC28J6013packetReceiveEv
                0x000009ee       0xca EtherCardModified/enc28j60.o
                0x000009ee                _ZN8ENC28J6013packetReceiveEv
 .text._ZN8ENC28J6015enableBroadcastEb
                0x00000ab8       0x1e EtherCardModified/enc28j60.o
                0x00000ab8                _ZN8ENC28J6015enableBroadcastEb
 .text._ZN8ENC28J6016disableBroadcastEb
                0x00000ad6       0x20 EtherCardModified/enc28j60.o
                0x00000ad6                _ZN8ENC28J6016disableBroadcastEb
 .text._ZN9EtherCard5beginEPKhRVhS3_h
                0x00000af6       0x44 EtherCardModified/EtherCard.o
                0x00000af6                _ZN9EtherCard5beginEPKhRVhS3_h
 .text._ZN9EtherCard11staticSetupEPKhS1_S1_S1_
                0x00000b3a       0x60 EtherCardModified/EtherCard.o
                0x00000b3a                _ZN9EtherCard11staticSetupEPKhS1_S1_S1_
 .text._ZN5Stash9freeBlockEh
                0x00000b9a       0x36 EtherCardModified/stash.o
                0x00000b9a                _ZN5Stash9freeBlockEh
 .text._ZN5Stash7initMapEh
                0x00000bd0       0x10 EtherCardModified/stash.o
                0x00000bd0                _ZN5Stash7initMapEh
 .text._ZL13fill_checksumhhjh
                0x00000be0       0xe2 EtherCardModified/tcpip.o
 .text._ZL6is_lanPKhS0_
                0x00000cc2       0x54 EtherCardModified/tcpip.o
 .text._ZL20fill_ip_hdr_checksumv
                0x00000d16       0x1e EtherCardModified/tcpip.o
 .text._ZL12make_tcpheadjh
                0x00000d34       0x48 EtherCardModified/tcpip.o
 .text._ZL30make_tcp_ack_with_data_noflagsj
                0x00000d7c       0x38 EtherCardModified/tcpip.o
 .text._ZL7setMACsPKh
                0x00000db4       0x14 EtherCardModified/tcpip.o
 .text._ZL11make_eth_ipv
                0x00000dc8       0x1e EtherCardModified/tcpip.o
 .text._ZL21make_tcp_ack_from_anyih
                0x00000de6       0x46 EtherCardModified/tcpip.o
 .text._ZL12setMACandIPsPKhS0_
                0x00000e2c       0x20 EtherCardModified/tcpip.o
 .text._ZL17client_arp_whohasPh
                0x00000e4c       0x60 EtherCardModified/tcpip.o
 .text._ZL16client_store_macPhS_
                0x00000eac       0x2c EtherCardModified/tcpip.o
 .text._ZN9EtherCard19getTcpPayloadLengthEv
                0x00000ed8       0x3a EtherCardModified/tcpip.o
                0x00000ed8                _ZN9EtherCard19getTcpPayloadLengthEv
 .text._ZN9EtherCard10udpPrepareEjPKhj
                0x00000f12       0xa4 EtherCardModified/tcpip.o
                0x00000f12                _ZN9EtherCard10udpPrepareEjPKhj
 .text._ZN9EtherCard11udpTransmitEj
                0x00000fb6       0x40 EtherCardModified/tcpip.o
                0x00000fb6                _ZN9EtherCard11udpTransmitEj
 .text._ZN9EtherCard7sendUdpEPKhjjS1_j
                0x00000ff6       0x30 EtherCardModified/tcpip.o
                0x00000ff6                _ZN9EtherCard7sendUdpEPKhjjS1_j
 .text._ZN9EtherCard7setGwIpEPKh
                0x00001026       0x18 EtherCardModified/tcpip.o
                0x00001026                _ZN9EtherCard7setGwIpEPKh
 .text._ZN9EtherCard22updateBroadcastAddressEv
                0x0000103e       0x2a EtherCardModified/tcpip.o
                0x0000103e                _ZN9EtherCard22updateBroadcastAddressEv
 .text._ZN9EtherCard6acceptEjj
                0x00001068       0xfc EtherCardModified/tcpip.o
                0x00001068                _ZN9EtherCard6acceptEjj
 .text._ZN9EtherCard10packetLoopEj
                0x00001164      0x590 EtherCardModified/tcpip.o
                0x00001164                _ZN9EtherCard10packetLoopEj
 .text._ZN9EtherCard21udpServerListenOnPortEPFvjPhjPKcjEj
                0x000016f4       0x34 EtherCardModified/udpserver.o
                0x000016f4                _ZN9EtherCard21udpServerListenOnPortEPFvjPhjPKcjEj
 .text._ZN9EtherCard18udpServerListeningEv
                0x00001728        0xe EtherCardModified/udpserver.o
                0x00001728                _ZN9EtherCard18udpServerListeningEv
 .text._ZN9EtherCard27udpServerHasProcessedPacketEj
                0x00001736       0xc6 EtherCardModified/udpserver.o
                0x00001736                _ZN9EtherCard27udpServerHasProcessedPacketEj
 .text._ZN9EtherCard6copyIpEPhPKh
                0x000017fc       0x1a EtherCardModified/webutil.o
                0x000017fc                _ZN9EtherCard6copyIpEPhPKh
 .text._ZN9EtherCard7copyMacEPhPKh
                0x00001816       0x10 EtherCardModified/webutil.o
                0x00001816                _ZN9EtherCard7copyMacEPhPKh
 .text._ZN9EtherComm13CheckChecksumEPKch
                0x00001826       0x38 EtherComm.o
                0x00001826                _ZN9EtherComm13CheckChecksumEPKch
 .text._Z10udpReceivejPhjPKcj
                0x0000185e       0x44 EtherComm.o
                0x0000185e                _Z10udpReceivejPhjPKcj
 .text._ZN9EtherComm5beginEjjRVhS1_h
                0x000018a2       0x52 EtherComm.o
                0x000018a2                _ZN9EtherComm5beginEjjRVhS1_h
 .text._ZN9EtherComm11SendCommandEhh
                0x000018f4       0x84 EtherComm.o
                0x000018f4                _ZN9EtherComm11SendCommandEhh
 .text.main     0x00001978       0x6a main.o
                0x00001978                main
 .text._ZN14HardwareSerial9availableEv
                0x000019e2       0x18 Peripherals/HardwareSerial.o
                0x000019e2                _ZN14HardwareSerial9availableEv
 .text._ZN14HardwareSerial4peekEv
                0x000019fa       0x1c Peripherals/HardwareSerial.o
                0x000019fa                _ZN14HardwareSerial4peekEv
 .text._ZN14HardwareSerial4readEv
                0x00001a16       0x28 Peripherals/HardwareSerial.o
                0x00001a16                _ZN14HardwareSerial4readEv
 .text._ZN14HardwareSerial17availableForWriteEv
                0x00001a3e       0x24 Peripherals/HardwareSerial.o
                0x00001a3e                _ZN14HardwareSerial17availableForWriteEv
 .text._ZN14HardwareSerial17_tx_udr_empty_irqEv
                0x00001a62       0x56 Peripherals/HardwareSerial.o
                0x00001a62                _ZN14HardwareSerial17_tx_udr_empty_irqEv
 .text._ZN14HardwareSerial5flushEv
                0x00001ab8       0x46 Peripherals/HardwareSerial.o
                0x00001ab8                _ZN14HardwareSerial5flushEv
 .text._ZN14HardwareSerial5writeEh
                0x00001afe       0xa8 Peripherals/HardwareSerial.o
                0x00001afe                _ZN14HardwareSerial5writeEh
 .text._ZN14HardwareSerial5beginEmh
                0x00001ba6       0xc6 Peripherals/HardwareSerial.o
                0x00001ba6                _ZN14HardwareSerial5beginEmh
 .text.__vector_25
                0x00001c6c       0x78 Peripherals/HardwareSerial0.o
                0x00001c6c                __vector_25
 .text.__vector_26
                0x00001ce4       0x52 Peripherals/HardwareSerial0.o
                0x00001ce4                __vector_26
 .text._GLOBAL__sub_I___vector_25
                0x00001d36       0x46 Peripherals/HardwareSerial0.o
 .text.__vector_36
                0x00001d7c       0x78 Peripherals/HardwareSerial1.o
                0x00001d7c                __vector_36
 .text.__vector_37
                0x00001df4       0x52 Peripherals/HardwareSerial1.o
                0x00001df4                __vector_37
 .text._GLOBAL__sub_I___vector_36
                0x00001e46       0x46 Peripherals/HardwareSerial1.o
 .text.__vector_51
                0x00001e8c       0x78 Peripherals/HardwareSerial2.o
                0x00001e8c                __vector_51
 .text.__vector_52
                0x00001f04       0x52 Peripherals/HardwareSerial2.o
                0x00001f04                __vector_52
 .text._GLOBAL__sub_I___vector_51
                0x00001f56       0x46 Peripherals/HardwareSerial2.o
 .text.__vector_54
                0x00001f9c       0x78 Peripherals/HardwareSerial3.o
                0x00001f9c                __vector_54
 .text.__vector_55
                0x00002014       0x52 Peripherals/HardwareSerial3.o
                0x00002014                __vector_55
 .text._GLOBAL__sub_I___vector_54
                0x00002066       0x46 Peripherals/HardwareSerial3.o
 .text._ZN5Robot5beginEv
                0x000020ac        0x6 Robot.o
                0x000020ac                _ZN5Robot5beginEv
 .text._ZN5Robot6SetLedEb
                0x000020b2        0xc Robot.o
                0x000020b2                _ZN5Robot6SetLedEb
 .text._ZN5Print5writeEPKhj
                0x000020be       0x5e Utils/Print.o
                0x000020be                _ZN5Print5writeEPKhj
 .text._ZN5Print5printEPKc
                0x0000211c       0x2c Utils/Print.o
                0x0000211c                _ZN5Print5printEPKc
 .text._ZN5Print7printlnEv
                0x00002148       0x18 Utils/Print.o
                0x00002148                _ZN5Print7printlnEv
 .text._ZN5Print7printlnEPKc
                0x00002160       0x20 Utils/Print.o
                0x00002160                _ZN5Print7printlnEPKc
 .text.libgcc.div
                0x00002180       0x44 c:/program files (x86)/atmel/studio/7.0/toolchain/avr8/avr8-gnu-toolchain/bin/../lib/gcc/avr/5.4.0/avr6\libgcc.a(_udivmodsi4.o)
                0x00002180                __udivmodsi4
 .text.libgcc.mul
                0x000021c4       0x1e c:/program files (x86)/atmel/studio/7.0/toolchain/avr8/avr8-gnu-toolchain/bin/../lib/gcc/avr/5.4.0/avr6\libgcc.a(_umulhisi3.o)
                0x000021c4                __umulhisi3
 .text.libgcc.mul
                0x000021e2       0x14 c:/program files (x86)/atmel/studio/7.0/toolchain/avr8/avr8-gnu-toolchain/bin/../lib/gcc/avr/5.4.0/avr6\libgcc.a(_muluhisi3.o)
                0x000021e2                __muluhisi3
 .text.libgcc   0x000021f6       0x10 c:/program files (x86)/atmel/studio/7.0/toolchain/avr8/avr8-gnu-toolchain/bin/../lib/gcc/avr/5.4.0/avr6\libgcc.a(_tablejump2.o)
                0x000021f6                __tablejump2__
 .text.avr-libc
                0x00002206       0x12 c:/program files (x86)/atmel/studio/7.0/toolchain/avr8/avr8-gnu-toolchain/bin/../lib/gcc/avr/5.4.0/../../../../avr/lib/avr6\libc.a(memcpy_P.o)
                0x00002206                memcpy_P
 .text.avr-libc
                0x00002218       0x1a c:/program files (x86)/atmel/studio/7.0/toolchain/avr8/avr8-gnu-toolchain/bin/../lib/gcc/avr/5.4.0/../../../../avr/lib/avr6\libc.a(memcmp.o)
                0x00002218                memcmp
                0x00002232                . = ALIGN (0x2)
 *(.fini9)
 .fini9         0x00002232        0x0 c:/program files (x86)/atmel/studio/7.0/toolchain/avr8/avr8-gnu-toolchain/bin/../lib/gcc/avr/5.4.0/avr6\libgcc.a(_exit.o)
                0x00002232                _exit
                0x00002232                exit
 *(.fini9)
 *(.fini8)
 *(.fini8)
 *(.fini7)
 *(.fini7)
 *(.fini6)
 *(.fini6)
 *(.fini5)
 *(.fini5)
 *(.fini4)
 *(.fini4)
 *(.fini3)
 *(.fini3)
 *(.fini2)
 *(.fini2)
 *(.fini1)
 *(.fini1)
 *(.fini0)
 .fini0         0x00002232        0x4 c:/program files (x86)/atmel/studio/7.0/toolchain/avr8/avr8-gnu-toolchain/bin/../lib/gcc/avr/5.4.0/avr6\libgcc.a(_exit.o)
 *(.fini0)
                0x00002236                _etext = .

.data           0x00800200       0xde load address 0x00002236
                0x00800200                PROVIDE (__data_start, .)
 *(.data)
 *(.data*)
 .data._ZL8hostname
                0x00800200       0x20 EtherCardModified/dhcp.o
 .data._ZN9EtherCard7hisportE
                0x00800220        0x2 EtherCardModified/EtherCard.o
                0x00800220                _ZN9EtherCard7hisportE
 .data._ZL6seqnum
                0x00800222        0x1 EtherCardModified/tcpip.o
 .data._ZL20tcpclient_src_port_l
                0x00800223        0x1 EtherCardModified/tcpip.o
 .data._ZN9EtherComm6bufferE
                0x00800224        0x2 EtherComm.o
                0x00800224                _ZN9EtherComm6bufferE
 .data._ZN9EtherComm7_destIPE
                0x00800226        0x4 EtherComm.o
                0x00800226                _ZN9EtherComm7_destIPE
 .data._ZN9EtherComm6_mymacE
                0x0080022a        0x6 EtherComm.o
                0x0080022a                _ZN9EtherComm6_mymacE
 .data._ZN9EtherComm5_gwipE
                0x00800230        0x4 EtherComm.o
                0x00800230                _ZN9EtherComm5_gwipE
 .data._ZN9EtherComm5_myipE
                0x00800234        0x4 EtherComm.o
                0x00800234                _ZN9EtherComm5_myipE
 *(.gnu.linkonce.d*)
 *(.rodata)
 *(.rodata*)
 .rodata.allOnes
                0x00800238        0x6 EtherCardModified/tcpip.o
                0x00800238                allOnes
 .rodata.str1.1
                0x0080023e       0x7f main.o
 .rodata._ZTV14HardwareSerial
                0x008002bd       0x12 Peripherals/HardwareSerial.o
                0x008002bd                _ZTV14HardwareSerial
 .rodata.str1.1
                0x008002cf        0xf Utils/Print.o
 *(.gnu.linkonce.r*)
                0x008002de                . = ALIGN (0x2)
                0x008002de                _edata = .
                0x008002de                PROVIDE (__data_end, .)

.bss            0x008002de      0x359
                0x008002de                PROVIDE (__bss_start, .)
 *(.bss)
 *(.bss*)
 .bss._ZL14SendDataBuffer
                0x008002de        0x2 Commands.o
 .bss._ZL24dhcpCustomOptionCallback
                0x008002e0        0x2 EtherCardModified/dhcp.o
 .bss._ZL19dhcpCustomOptionNum
                0x008002e2        0x1 EtherCardModified/dhcp.o
 .bss._ZL6bufPtr
                0x008002e3        0x2 EtherCardModified/dhcp.o
 .bss._ZL9leaseTime
                0x008002e5        0x4 EtherCardModified/dhcp.o
 .bss._ZL9dhcpState
                0x008002e9        0x1 EtherCardModified/dhcp.o
 .bss._ZZN8ENC28J6013packetReceiveEvE14gNextPacketPtr
                0x008002ea        0x2 EtherCardModified/enc28j60.o
 .bss._ZZN8ENC28J6013packetReceiveEvE16unreleasedPacket
                0x008002ec        0x1 EtherCardModified/enc28j60.o
 .bss._ZL9selectPin
                0x008002ed        0x1 EtherCardModified/enc28j60.o
 .bss._ZL10selectPort
                0x008002ee        0x2 EtherCardModified/enc28j60.o
 .bss._ZL12Enc28j60Bank
                0x008002f0        0x1 EtherCardModified/enc28j60.o
 .bss._ZN8ENC28J6017broadcast_enabledE
                0x008002f1        0x1 EtherCardModified/enc28j60.o
                0x008002f1                _ZN8ENC28J6017broadcast_enabledE
 .bss._ZN8ENC28J6010bufferSizeE
                0x008002f2        0x2 EtherCardModified/enc28j60.o
                0x008002f2                _ZN8ENC28J6010bufferSizeE
 .bss._ZN8ENC28J606bufferE
                0x008002f4      0x200 EtherCardModified/EtherCard.o
                0x008002f4                _ZN8ENC28J606bufferE
 .bss._ZN9EtherCard8delaycntE
                0x008004f4        0x2 EtherCardModified/EtherCard.o
                0x008004f4                _ZN9EtherCard8delaycntE
 .bss._ZN9EtherCard22persist_tcp_connectionE
                0x008004f6        0x1 EtherCardModified/EtherCard.o
                0x008004f6                _ZN9EtherCard22persist_tcp_connectionE
 .bss._ZN9EtherCard10using_dhcpE
                0x008004f7        0x1 EtherCardModified/EtherCard.o
                0x008004f7                _ZN9EtherCard10using_dhcpE
 .bss._ZN9EtherCard5hisipE
                0x008004f8        0x4 EtherCardModified/EtherCard.o
                0x008004f8                _ZN9EtherCard5hisipE
 .bss._ZN9EtherCard5dnsipE
                0x008004fc        0x4 EtherCardModified/EtherCard.o
                0x008004fc                _ZN9EtherCard5dnsipE
 .bss._ZN9EtherCard6dhcpipE
                0x00800500        0x4 EtherCardModified/EtherCard.o
                0x00800500                _ZN9EtherCard6dhcpipE
 .bss._ZN9EtherCard4gwipE
                0x00800504        0x4 EtherCardModified/EtherCard.o
                0x00800504                _ZN9EtherCard4gwipE
 .bss._ZN9EtherCard11broadcastipE
                0x00800508        0x4 EtherCardModified/EtherCard.o
                0x00800508                _ZN9EtherCard11broadcastipE
 .bss._ZN9EtherCard7netmaskE
                0x0080050c        0x4 EtherCardModified/EtherCard.o
                0x0080050c                _ZN9EtherCard7netmaskE
 .bss._ZN9EtherCard4myipE
                0x00800510        0x4 EtherCardModified/EtherCard.o
                0x00800510                _ZN9EtherCard4myipE
 .bss._ZN9EtherCard5mymacE
                0x00800514        0x6 EtherCardModified/EtherCard.o
                0x00800514                _ZN9EtherCard5mymacE
 .bss._ZN5Stash3mapE
                0x0080051a        0x7 EtherCardModified/stash.o
                0x0080051a                _ZN5Stash3mapE
 .bss._ZL13info_data_len
                0x00800521        0x2 EtherCardModified/tcpip.o
 .bss._ZL9waitgwmac
                0x00800523        0x1 EtherCardModified/tcpip.o
 .bss._ZL9gwmacaddr
                0x00800524        0x6 EtherCardModified/tcpip.o
 .bss._ZL12has_dest_mac
                0x0080052a        0x1 EtherCardModified/tcpip.o
 .bss._ZL20waiting_for_dest_mac
                0x0080052b        0x1 EtherCardModified/tcpip.o
 .bss._ZL11has_dns_mac
                0x0080052c        0x1 EtherCardModified/tcpip.o
 .bss._ZL19waiting_for_dns_mac
                0x0080052d        0x1 EtherCardModified/tcpip.o
 .bss._ZL11destmacaddr
                0x0080052e        0x6 EtherCardModified/tcpip.o
 .bss._ZL7icmp_cb
                0x00800534        0x2 EtherCardModified/tcpip.o
 .bss._ZL22client_tcp_datafill_cb
                0x00800536        0x2 EtherCardModified/tcpip.o
 .bss._ZL20client_tcp_result_cb
                0x00800538        0x2 EtherCardModified/tcpip.o
 .bss._ZL17tcp_client_port_l
                0x0080053a        0x1 EtherCardModified/tcpip.o
 .bss._ZL17tcp_client_port_h
                0x0080053b        0x1 EtherCardModified/tcpip.o
 .bss._ZL16tcp_client_state
                0x0080053c        0x1 EtherCardModified/tcpip.o
 .bss._ZL6tcp_fd
                0x0080053d        0x1 EtherCardModified/tcpip.o
 .bss.numListeners
                0x0080053e        0x1 EtherCardModified/udpserver.o
                0x0080053e                numListeners
 .bss.listeners
                0x0080053f       0x28 EtherCardModified/udpserver.o
                0x0080053f                listeners
 .bss._ZN9EtherComm9_destPortE
                0x00800567        0x2 EtherComm.o
                0x00800567                _ZN9EtherComm9_destPortE
 .bss._ZN9EtherComm9_recvPortE
                0x00800569        0x2 EtherComm.o
                0x00800569                _ZN9EtherComm9_recvPortE
 .bss.Serial    0x0080056b       0x33 Peripherals/HardwareSerial0.o
                0x0080056b                Serial
 .bss.Serial1   0x0080059e       0x33 Peripherals/HardwareSerial1.o
                0x0080059e                Serial1
 .bss.Serial2   0x008005d1       0x33 Peripherals/HardwareSerial2.o
                0x008005d1                Serial2
 .bss.Serial3   0x00800604       0x33 Peripherals/HardwareSerial3.o
                0x00800604                Serial3
 *(COMMON)
                0x00800637                PROVIDE (__bss_end, .)
                0x00002236                __data_load_start = LOADADDR (.data)
                0x00002314                __data_load_end = (__data_load_start + SIZEOF (.data))

.noinit         0x00800637        0x0
                [!provide]                PROVIDE (__noinit_start, .)
 *(.noinit*)
                [!provide]                PROVIDE (__noinit_end, .)
                0x00800637                _end = .
                [!provide]                PROVIDE (__heap_start, .)

.eeprom         0x00810000        0x0
 *(.eeprom*)
                0x00810000                __eeprom_end = .

.fuse
 *(.fuse)
 *(.lfuse)
 *(.hfuse)
 *(.efuse)

.lock
 *(.lock*)

.signature
 *(.signature*)

.user_signatures
 *(.user_signatures*)

.stab
 *(.stab)

.stabstr
 *(.stabstr)

.stab.excl
 *(.stab.excl)

.stab.exclstr
 *(.stab.exclstr)

.stab.index
 *(.stab.index)

.stab.indexstr
 *(.stab.indexstr)

.comment        0x00000000       0x30
 *(.comment)
 .comment       0x00000000       0x30 Commands.o
                                 0x31 (size before relaxing)
 .comment       0x00000030       0x31 EtherCardModified/dhcp.o
 .comment       0x00000030       0x31 EtherCardModified/enc28j60.o
 .comment       0x00000030       0x31 EtherCardModified/EtherCard.o
 .comment       0x00000030       0x31 EtherCardModified/stash.o
 .comment       0x00000030       0x31 EtherCardModified/tcpip.o
 .comment       0x00000030       0x31 EtherCardModified/udpserver.o
 .comment       0x00000030       0x31 EtherCardModified/webutil.o
 .comment       0x00000030       0x31 EtherComm.o
 .comment       0x00000030       0x31 main.o
 .comment       0x00000030       0x31 Peripherals/HardwareSerial.o
 .comment       0x00000030       0x31 Peripherals/HardwareSerial0.o
 .comment       0x00000030       0x31 Peripherals/HardwareSerial1.o
 .comment       0x00000030       0x31 Peripherals/HardwareSerial2.o
 .comment       0x00000030       0x31 Peripherals/HardwareSerial3.o
 .comment       0x00000030       0x31 Robot.o
 .comment       0x00000030       0x31 Utils/Print.o

.note.gnu.avr.deviceinfo
                0x00000000       0x40
 .note.gnu.avr.deviceinfo
                0x00000000       0x40 C:/Program Files (x86)/Atmel/Studio/7.0/Packs/atmel/ATmega_DFP/1.2.209/gcc/dev/atmega2560/avr6/crtatmega2560.o

.note.gnu.build-id
 *(.note.gnu.build-id)

.debug
 *(.debug)

.line
 *(.line)

.debug_srcinfo
 *(.debug_srcinfo)

.debug_sfnames
 *(.debug_sfnames)

.debug_aranges  0x00000000      0x798
 *(.debug_aranges)
 .debug_aranges
                0x00000000       0x40 Commands.o
 .debug_aranges
                0x00000040       0x50 EtherCardModified/dhcp.o
 .debug_aranges
                0x00000090      0x118 EtherCardModified/enc28j60.o
 .debug_aranges
                0x000001a8       0x30 EtherCardModified/EtherCard.o
 .debug_aranges
                0x000001d8       0xb8 EtherCardModified/stash.o
 .debug_aranges
                0x00000290      0x188 EtherCardModified/tcpip.o
 .debug_aranges
                0x00000418       0x40 EtherCardModified/udpserver.o
 .debug_aranges
                0x00000458       0x70 EtherCardModified/webutil.o
 .debug_aranges
                0x000004c8       0x38 EtherComm.o
 .debug_aranges
                0x00000500       0x20 main.o
 .debug_aranges
                0x00000520       0x68 Peripherals/HardwareSerial.o
 .debug_aranges
                0x00000588       0x48 Peripherals/HardwareSerial0.o
 .debug_aranges
                0x000005d0       0x48 Peripherals/HardwareSerial1.o
 .debug_aranges
                0x00000618       0x48 Peripherals/HardwareSerial2.o
 .debug_aranges
                0x00000660       0x48 Peripherals/HardwareSerial3.o
 .debug_aranges
                0x000006a8       0x28 Robot.o
 .debug_aranges
                0x000006d0       0xc8 Utils/Print.o

.debug_pubnames
 *(.debug_pubnames)

.debug_info     0x00000000    0x120f7
 *(.debug_info .gnu.linkonce.wi.*)
 .debug_info    0x00000000      0xbbc C:/Program Files (x86)/Atmel/Studio/7.0/Packs/atmel/ATmega_DFP/1.2.209/gcc/dev/atmega2560/avr6/crtatmega2560.o
 .debug_info    0x00000bbc      0xe4b Commands.o
 .debug_info    0x00001a07     0x15bc EtherCardModified/dhcp.o
 .debug_info    0x00002fc3     0x1761 EtherCardModified/enc28j60.o
 .debug_info    0x00004724     0x117d EtherCardModified/EtherCard.o
 .debug_info    0x000058a1     0x1a41 EtherCardModified/stash.o
 .debug_info    0x000072e2     0x2d65 EtherCardModified/tcpip.o
 .debug_info    0x0000a047      0xc47 EtherCardModified/udpserver.o
 .debug_info    0x0000ac8e     0x105d EtherCardModified/webutil.o
 .debug_info    0x0000bceb      0xeed EtherComm.o
 .debug_info    0x0000cbd8      0xe74 main.o
 .debug_info    0x0000da4c      0xdbe Peripherals/HardwareSerial.o
 .debug_info    0x0000e80a      0x989 Peripherals/HardwareSerial0.o
 .debug_info    0x0000f193      0x989 Peripherals/HardwareSerial1.o
 .debug_info    0x0000fb1c      0x989 Peripherals/HardwareSerial2.o
 .debug_info    0x000104a5      0x98f Peripherals/HardwareSerial3.o
 .debug_info    0x00010e34      0x103 Robot.o
 .debug_info    0x00010f37     0x11c0 Utils/Print.o

.debug_abbrev   0x00000000     0x4413
 *(.debug_abbrev)
 .debug_abbrev  0x00000000      0xb1a C:/Program Files (x86)/Atmel/Studio/7.0/Packs/atmel/ATmega_DFP/1.2.209/gcc/dev/atmega2560/avr6/crtatmega2560.o
 .debug_abbrev  0x00000b1a      0x2de Commands.o
 .debug_abbrev  0x00000df8      0x447 EtherCardModified/dhcp.o
 .debug_abbrev  0x0000123f      0x393 EtherCardModified/enc28j60.o
 .debug_abbrev  0x000015d2      0x3a8 EtherCardModified/EtherCard.o
 .debug_abbrev  0x0000197a      0x56d EtherCardModified/stash.o
 .debug_abbrev  0x00001ee7      0x74a EtherCardModified/tcpip.o
 .debug_abbrev  0x00002631      0x26c EtherCardModified/udpserver.o
 .debug_abbrev  0x0000289d      0x37b EtherCardModified/webutil.o
 .debug_abbrev  0x00002c18      0x2ad EtherComm.o
 .debug_abbrev  0x00002ec5      0x312 main.o
 .debug_abbrev  0x000031d7      0x363 Peripherals/HardwareSerial.o
 .debug_abbrev  0x0000353a      0x2d8 Peripherals/HardwareSerial0.o
 .debug_abbrev  0x00003812      0x2d8 Peripherals/HardwareSerial1.o
 .debug_abbrev  0x00003aea      0x2d8 Peripherals/HardwareSerial2.o
 .debug_abbrev  0x00003dc2      0x2d8 Peripherals/HardwareSerial3.o
 .debug_abbrev  0x0000409a       0xdd Robot.o
 .debug_abbrev  0x00004177      0x29c Utils/Print.o

.debug_line     0x00000000     0x4d1c
 *(.debug_line .debug_line.* .debug_line_end)
 .debug_line    0x00000000      0x1f9 C:/Program Files (x86)/Atmel/Studio/7.0/Packs/atmel/ATmega_DFP/1.2.209/gcc/dev/atmega2560/avr6/crtatmega2560.o
 .debug_line    0x000001f9      0x1a9 Commands.o
 .debug_line    0x000003a2      0x549 EtherCardModified/dhcp.o
 .debug_line    0x000008eb      0x89b EtherCardModified/enc28j60.o
 .debug_line    0x00001186      0x21a EtherCardModified/EtherCard.o
 .debug_line    0x000013a0      0x7ef EtherCardModified/stash.o
 .debug_line    0x00001b8f     0x12b3 EtherCardModified/tcpip.o
 .debug_line    0x00002e42      0x211 EtherCardModified/udpserver.o
 .debug_line    0x00003053      0x538 EtherCardModified/webutil.o
 .debug_line    0x0000358b      0x20a EtherComm.o
 .debug_line    0x00003795      0x1b7 main.o
 .debug_line    0x0000394c      0x51d Peripherals/HardwareSerial.o
 .debug_line    0x00003e69      0x23c Peripherals/HardwareSerial0.o
 .debug_line    0x000040a5      0x23b Peripherals/HardwareSerial1.o
 .debug_line    0x000042e0      0x23a Peripherals/HardwareSerial2.o
 .debug_line    0x0000451a      0x23a Peripherals/HardwareSerial3.o
 .debug_line    0x00004754       0xdd Robot.o
 .debug_line    0x00004831      0x4eb Utils/Print.o

.debug_frame    0x00000000     0x1800
 *(.debug_frame)
 .debug_frame   0x00000000       0x64 Commands.o
 .debug_frame   0x00000064      0x110 EtherCardModified/dhcp.o
 .debug_frame   0x00000174      0x378 EtherCardModified/enc28j60.o
 .debug_frame   0x000004ec       0x94 EtherCardModified/EtherCard.o
 .debug_frame   0x00000580      0x2d0 EtherCardModified/stash.o
 .debug_frame   0x00000850      0x4d0 EtherCardModified/tcpip.o
 .debug_frame   0x00000d20       0xb8 EtherCardModified/udpserver.o
 .debug_frame   0x00000dd8      0x1b0 EtherCardModified/webutil.o
 .debug_frame   0x00000f88       0x8c EtherComm.o
 .debug_frame   0x00001014       0x24 main.o
 .debug_frame   0x00001038      0x104 Peripherals/HardwareSerial.o
 .debug_frame   0x0000113c       0xec Peripherals/HardwareSerial0.o
 .debug_frame   0x00001228       0xec Peripherals/HardwareSerial1.o
 .debug_frame   0x00001314       0xec Peripherals/HardwareSerial2.o
 .debug_frame   0x00001400       0xec Peripherals/HardwareSerial3.o
 .debug_frame   0x000014ec       0x34 Robot.o
 .debug_frame   0x00001520      0x2e0 Utils/Print.o

.debug_str      0x00000000     0x338f
 *(.debug_str)
 .debug_str     0x00000000      0x3e6 C:/Program Files (x86)/Atmel/Studio/7.0/Packs/atmel/ATmega_DFP/1.2.209/gcc/dev/atmega2560/avr6/crtatmega2560.o
 .debug_str     0x000003e6     0x11f3 Commands.o
                               0x1277 (size before relaxing)
 .debug_str     0x000015d9      0x22a EtherCardModified/dhcp.o
                               0x1247 (size before relaxing)
 .debug_str     0x00001803      0x28d EtherCardModified/enc28j60.o
                                0x850 (size before relaxing)
 .debug_str     0x00001a90      0x3b2 EtherCardModified/EtherCard.o
                               0x141a (size before relaxing)
 .debug_str     0x00001e42      0x123 EtherCardModified/stash.o
                               0x13ce (size before relaxing)
 .debug_str     0x00001f65      0x5d8 EtherCardModified/tcpip.o
                               0x195c (size before relaxing)
 .debug_str     0x0000253d       0x68 EtherCardModified/udpserver.o
                               0x109e (size before relaxing)
 .debug_str     0x000025a5      0x178 EtherCardModified/webutil.o
                               0x119a (size before relaxing)
 .debug_str     0x0000271d       0xf8 EtherComm.o
                               0x1291 (size before relaxing)
 .debug_str     0x00002815       0x67 main.o
                               0x123d (size before relaxing)
 .debug_str     0x0000287c      0x7e2 Peripherals/HardwareSerial.o
                                0xa8f (size before relaxing)
 .debug_str     0x0000305e       0x4a Peripherals/HardwareSerial0.o
                                0x7cb (size before relaxing)
 .debug_str     0x000030a8       0x52 Peripherals/HardwareSerial1.o
                                0x7cc (size before relaxing)
 .debug_str     0x000030fa       0x52 Peripherals/HardwareSerial2.o
                                0x7cc (size before relaxing)
 .debug_str     0x0000314c       0x52 Peripherals/HardwareSerial3.o
                                0x7cc (size before relaxing)
 .debug_str     0x0000319e       0x1a Robot.o
                                0x206 (size before relaxing)
 .debug_str     0x000031b8      0x1d7 Utils/Print.o
                                0x4a3 (size before relaxing)

.debug_loc      0x00000000     0x81eb
 *(.debug_loc)
 .debug_loc     0x00000000      0x2c1 Commands.o
 .debug_loc     0x000002c1      0x8e3 EtherCardModified/dhcp.o
 .debug_loc     0x00000ba4      0xf83 EtherCardModified/enc28j60.o
 .debug_loc     0x00001b27      0x377 EtherCardModified/EtherCard.o
 .debug_loc     0x00001e9e     0x14dd EtherCardModified/stash.o
 .debug_loc     0x0000337b     0x18d2 EtherCardModified/tcpip.o
 .debug_loc     0x00004c4d      0x243 EtherCardModified/udpserver.o
 .debug_loc     0x00004e90      0xc97 EtherCardModified/webutil.o
 .debug_loc     0x00005b27      0x486 EtherComm.o
 .debug_loc     0x00005fad       0x16 main.o
 .debug_loc     0x00005fc3      0x4e0 Peripherals/HardwareSerial.o
 .debug_loc     0x000064a3      0x1ca Peripherals/HardwareSerial0.o
 .debug_loc     0x0000666d      0x1ca Peripherals/HardwareSerial1.o
 .debug_loc     0x00006837      0x1ca Peripherals/HardwareSerial2.o
 .debug_loc     0x00006a01      0x1ca Peripherals/HardwareSerial3.o
 .debug_loc     0x00006bcb     0x1620 Utils/Print.o

.debug_macinfo
 *(.debug_macinfo)

.debug_weaknames
 *(.debug_weaknames)

.debug_funcnames
 *(.debug_funcnames)

.debug_typenames
 *(.debug_typenames)

.debug_varnames
 *(.debug_varnames)

.debug_pubtypes
 *(.debug_pubtypes)

.debug_ranges   0x00000000      0x860
 *(.debug_ranges)
 .debug_ranges  0x00000000       0x30 Commands.o
 .debug_ranges  0x00000030       0xb0 EtherCardModified/dhcp.o
 .debug_ranges  0x000000e0      0x108 EtherCardModified/enc28j60.o
 .debug_ranges  0x000001e8       0x20 EtherCardModified/EtherCard.o
 .debug_ranges  0x00000208      0x1a0 EtherCardModified/stash.o
 .debug_ranges  0x000003a8      0x1b8 EtherCardModified/tcpip.o
 .debug_ranges  0x00000560       0x48 EtherCardModified/udpserver.o
 .debug_ranges  0x000005a8       0x78 EtherCardModified/webutil.o
 .debug_ranges  0x00000620       0x28 EtherComm.o
 .debug_ranges  0x00000648       0x10 main.o
 .debug_ranges  0x00000658       0x58 Peripherals/HardwareSerial.o
 .debug_ranges  0x000006b0       0x38 Peripherals/HardwareSerial0.o
 .debug_ranges  0x000006e8       0x38 Peripherals/HardwareSerial1.o
 .debug_ranges  0x00000720       0x38 Peripherals/HardwareSerial2.o
 .debug_ranges  0x00000758       0x38 Peripherals/HardwareSerial3.o
 .debug_ranges  0x00000790       0x18 Robot.o
 .debug_ranges  0x000007a8       0xb8 Utils/Print.o

.debug_macro
 *(.debug_macro)
OUTPUT(RovController.elf elf32-avr)
LOAD linker stubs
