Archive member included to satisfy reference by file (symbol)

c:/program files (x86)/atmel/studio/7.0/toolchain/avr8/avr8-gnu-toolchain/bin/../lib/gcc/avr/5.4.0/../../../../avr/lib/avr6\libm.a(addsf3.o)
                              Utils/Print.o (__subsf3)
c:/program files (x86)/atmel/studio/7.0/toolchain/avr8/avr8-gnu-toolchain/bin/../lib/gcc/avr/5.4.0/../../../../avr/lib/avr6\libm.a(addsf3x.o)
                              c:/program files (x86)/atmel/studio/7.0/toolchain/avr8/avr8-gnu-toolchain/bin/../lib/gcc/avr/5.4.0/../../../../avr/lib/avr6\libm.a(addsf3.o) (__addsf3x)
c:/program files (x86)/atmel/studio/7.0/toolchain/avr8/avr8-gnu-toolchain/bin/../lib/gcc/avr/5.4.0/../../../../avr/lib/avr6\libm.a(cmpsf2.o)
                              Utils/Print.o (__ltsf2)
c:/program files (x86)/atmel/studio/7.0/toolchain/avr8/avr8-gnu-toolchain/bin/../lib/gcc/avr/5.4.0/../../../../avr/lib/avr6\libm.a(divsf3.o)
                              BNO055/Adafruit_BNO055.o (__divsf3)
c:/program files (x86)/atmel/studio/7.0/toolchain/avr8/avr8-gnu-toolchain/bin/../lib/gcc/avr/5.4.0/../../../../avr/lib/avr6\libm.a(divsf3x.o)
                              c:/program files (x86)/atmel/studio/7.0/toolchain/avr8/avr8-gnu-toolchain/bin/../lib/gcc/avr/5.4.0/../../../../avr/lib/avr6\libm.a(divsf3.o) (__divsf3x)
c:/program files (x86)/atmel/studio/7.0/toolchain/avr8/avr8-gnu-toolchain/bin/../lib/gcc/avr/5.4.0/../../../../avr/lib/avr6\libm.a(fixunssfsi.o)
                              Utils/Print.o (__fixunssfsi)
c:/program files (x86)/atmel/studio/7.0/toolchain/avr8/avr8-gnu-toolchain/bin/../lib/gcc/avr/5.4.0/../../../../avr/lib/avr6\libm.a(floatsisf.o)
                              Utils/Print.o (__floatunsisf)
c:/program files (x86)/atmel/studio/7.0/toolchain/avr8/avr8-gnu-toolchain/bin/../lib/gcc/avr/5.4.0/../../../../avr/lib/avr6\libm.a(fp_cmp.o)
                              c:/program files (x86)/atmel/studio/7.0/toolchain/avr8/avr8-gnu-toolchain/bin/../lib/gcc/avr/5.4.0/../../../../avr/lib/avr6\libm.a(cmpsf2.o) (__fp_cmp)
c:/program files (x86)/atmel/studio/7.0/toolchain/avr8/avr8-gnu-toolchain/bin/../lib/gcc/avr/5.4.0/../../../../avr/lib/avr6\libm.a(fp_inf.o)
                              c:/program files (x86)/atmel/studio/7.0/toolchain/avr8/avr8-gnu-toolchain/bin/../lib/gcc/avr/5.4.0/../../../../avr/lib/avr6\libm.a(addsf3x.o) (__fp_inf)
c:/program files (x86)/atmel/studio/7.0/toolchain/avr8/avr8-gnu-toolchain/bin/../lib/gcc/avr/5.4.0/../../../../avr/lib/avr6\libm.a(fp_nan.o)
                              c:/program files (x86)/atmel/studio/7.0/toolchain/avr8/avr8-gnu-toolchain/bin/../lib/gcc/avr/5.4.0/../../../../avr/lib/avr6\libm.a(addsf3x.o) (__fp_nan)
c:/program files (x86)/atmel/studio/7.0/toolchain/avr8/avr8-gnu-toolchain/bin/../lib/gcc/avr/5.4.0/../../../../avr/lib/avr6\libm.a(fp_pscA.o)
                              c:/program files (x86)/atmel/studio/7.0/toolchain/avr8/avr8-gnu-toolchain/bin/../lib/gcc/avr/5.4.0/../../../../avr/lib/avr6\libm.a(addsf3x.o) (__fp_pscA)
c:/program files (x86)/atmel/studio/7.0/toolchain/avr8/avr8-gnu-toolchain/bin/../lib/gcc/avr/5.4.0/../../../../avr/lib/avr6\libm.a(fp_pscB.o)
                              c:/program files (x86)/atmel/studio/7.0/toolchain/avr8/avr8-gnu-toolchain/bin/../lib/gcc/avr/5.4.0/../../../../avr/lib/avr6\libm.a(addsf3x.o) (__fp_pscB)
c:/program files (x86)/atmel/studio/7.0/toolchain/avr8/avr8-gnu-toolchain/bin/../lib/gcc/avr/5.4.0/../../../../avr/lib/avr6\libm.a(fp_round.o)
                              c:/program files (x86)/atmel/studio/7.0/toolchain/avr8/avr8-gnu-toolchain/bin/../lib/gcc/avr/5.4.0/../../../../avr/lib/avr6\libm.a(addsf3.o) (__fp_round)
c:/program files (x86)/atmel/studio/7.0/toolchain/avr8/avr8-gnu-toolchain/bin/../lib/gcc/avr/5.4.0/../../../../avr/lib/avr6\libm.a(fp_split3.o)
                              c:/program files (x86)/atmel/studio/7.0/toolchain/avr8/avr8-gnu-toolchain/bin/../lib/gcc/avr/5.4.0/../../../../avr/lib/avr6\libm.a(addsf3x.o) (__fp_split3)
c:/program files (x86)/atmel/studio/7.0/toolchain/avr8/avr8-gnu-toolchain/bin/../lib/gcc/avr/5.4.0/../../../../avr/lib/avr6\libm.a(fp_zero.o)
                              c:/program files (x86)/atmel/studio/7.0/toolchain/avr8/avr8-gnu-toolchain/bin/../lib/gcc/avr/5.4.0/../../../../avr/lib/avr6\libm.a(addsf3x.o) (__fp_zero)
c:/program files (x86)/atmel/studio/7.0/toolchain/avr8/avr8-gnu-toolchain/bin/../lib/gcc/avr/5.4.0/../../../../avr/lib/avr6\libm.a(gesf2.o)
                              Utils/Print.o (__gtsf2)
c:/program files (x86)/atmel/studio/7.0/toolchain/avr8/avr8-gnu-toolchain/bin/../lib/gcc/avr/5.4.0/../../../../avr/lib/avr6\libm.a(mulsf3.o)
                              BNO055/Adafruit_BNO055.o (__mulsf3)
c:/program files (x86)/atmel/studio/7.0/toolchain/avr8/avr8-gnu-toolchain/bin/../lib/gcc/avr/5.4.0/../../../../avr/lib/avr6\libm.a(mulsf3x.o)
[...]
Memory Configuration

Name             Origin             Length             Attributes
text             0x00000000         0x00100000         xr
data             0x00800200         0x0000fe00         rw !x
eeprom           0x00810000         0x00010000         rw !x
fuse             0x00820000         0x00000003         rw !x
lock             0x00830000         0x00000400         rw !x
signature        0x00840000         0x00000400         rw !x
user_signatures  0x00850000         0x00000400         rw !x
*default*        0x00000000         0xffffffff

Linker script and memory map

Address of section .data set to 0x800200
LOAD C:/Program Files (x86)/Atmel/Studio/7.0/Packs/atmel/ATmega_DFP/1.2.209/gcc/dev/atmega2560/avr6/crtatmega2560.o
LOAD BNO055/Adafruit_BNO055.o
LOAD BNO055/Adafruit_Sensor.o
LOAD Commands.o
LOAD EtherCardModified/enc28j60.o
LOAD EtherCardModified/EtherCard.o
LOAD EtherCardModified/tcpip.o
LOAD EtherCardModified/udpserver.o
LOAD EtherCardModified/webutil.o
LOAD EtherComm.o
LOAD main.o
LOAD Peripherals/HardwareSerial.o
LOAD Peripherals/HardwareSerial0.o
LOAD Peripherals/HardwareSerial1.o
LOAD Peripherals/HardwareSerial2.o
LOAD Peripherals/HardwareSerial3.o
LOAD Peripherals/twi.o
LOAD Peripherals/Wire.o
LOAD Robot.o
LOAD TestIMU.o
LOAD Timer1.o
LOAD Utils/Print.o
LOAD Utils/Stream.o
START GROUP
LOAD c:/program files (x86)/atmel/studio/7.0/toolchain/avr8/avr8-gnu-toolchain/bin/../lib/gcc/avr/5.4.0/../../../../avr/lib/avr6\libm.a
END GROUP
LOAD c:/program files (x86)/atmel/studio/7.0/toolchain/avr8/avr8-gnu-toolchain/bin/../lib/gcc/avr/5.4.0/avr6\libgcc.a
LOAD c:/program files (x86)/atmel/studio/7.0/toolchain/avr8/avr8-gnu-toolchain/bin/../lib/gcc/avr/5.4.0/../../../../avr/lib/avr6\libm.a
START GROUP
LOAD c:/program files (x86)/atmel/studio/7.0/toolchain/avr8/avr8-gnu-toolchain/bin/../lib/gcc/avr/5.4.0/avr6\libgcc.a
LOAD c:/program files (x86)/atmel/studio/7.0/toolchain/avr8/avr8-gnu-toolchain/bin/../lib/gcc/avr/5.4.0/../../../../avr/lib/avr6\libm.a
LOAD c:/program files (x86)/atmel/studio/7.0/toolchain/avr8/avr8-gnu-toolchain/bin/../lib/gcc/avr/5.4.0/../../../../avr/lib/avr6\libc.a
LOAD C:/Program Files (x86)/Atmel/Studio/7.0/Packs/atmel/ATmega_DFP/1.2.209/gcc/dev/atmega2560/avr6\libatmega2560.a
END GROUP
                0x00100000                __TEXT_REGION_LENGTH__ = DEFINED (__TEXT_REGION_LENGTH__)?__TEXT_REGION_LENGTH__:0x100000
                0x0000fe00                __DATA_REGION_LENGTH__ = DEFINED (__DATA_REGION_LENGTH__)?__DATA_REGION_LENGTH__:0xfe00
                0x00010000                __EEPROM_REGION_LENGTH__ = DEFINED (__EEPROM_REGION_LENGTH__)?__EEPROM_REGION_LENGTH__:0x10000
                [0x00000003]                __FUSE_REGION_LENGTH__ = DEFINED (__FUSE_REGION_LENGTH__)?__FUSE_REGION_LENGTH__:0x400
                0x00000400                __LOCK_REGION_LENGTH__ = DEFINED (__LOCK_REGION_LENGTH__)?__LOCK_REGION_LENGTH__:0x400
                0x00000400                __SIGNATURE_REGION_LENGTH__ = DEFINED (__SIGNATURE_REGION_LENGTH__)?__SIGNATURE_REGION_LENGTH__:0x400
                0x00000400                __USER_SIGNATURE_REGION_LENGTH__ = DEFINED (__USER_SIGNATURE_REGION_LENGTH__)?__USER_SIGNATURE_REGION_LENGTH__:0x400

.hash
 *(.hash)

.dynsym
 *(.dynsym)

.dynstr
 *(.dynstr)

.gnu.version
 *(.gnu.version)

.gnu.version_d
 *(.gnu.version_d)

.gnu.version_r
 *(.gnu.version_r)

.rel.init
 *(.rel.init)

.rela.init
 *(.rela.init)

.rel.text
 *(.rel.text)
 *(.rel.text.*)
 *(.rel.gnu.linkonce.t*)

.rela.text
 *(.rela.text)
 *(.rela.text.*)
 *(.rela.gnu.linkonce.t*)

.rel.fini
 *(.rel.fini)

.rela.fini
 *(.rela.fini)

.rel.rodata
 *(.rel.rodata)
 *(.rel.rodata.*)
 *(.rel.gnu.linkonce.r*)

.rela.rodata
 *(.rela.rodata)
 *(.rela.rodata.*)
 *(.rela.gnu.linkonce.r*)

.rel.data
 *(.rel.data)
 *(.rel.data.*)
 *(.rel.gnu.linkonce.d*)

.rela.data
 *(.rela.data)
 *(.rela.data.*)
 *(.rela.gnu.linkonce.d*)

.rel.ctors
 *(.rel.ctors)

.rela.ctors
 *(.rela.ctors)

.rel.dtors
 *(.rel.dtors)

.rela.dtors
 *(.rela.dtors)

.rel.got
 *(.rel.got)

.rela.got
 *(.rela.got)

.rel.bss
 *(.rel.bss)

.rela.bss
 *(.rela.bss)

.rel.plt
 *(.rel.plt)

.rela.plt
 *(.rela.plt)

.text           0x00000000     0x28f2
 *(.vectors)
 .vectors       0x00000000       0xe4 C:/Program Files (x86)/Atmel/Studio/7.0/Packs/atmel/ATmega_DFP/1.2.209/gcc/dev/atmega2560/avr6/crtatmega2560.o
                0x00000000                __vector_default
                0x00000000                __vectors
 *(.vectors)
 *(.progmem.gcc*)
 .progmem.gcc_sw_table.__vector_39
                0x000000e4      0x192 Peripherals/twi.o
                0x00000276                . = ALIGN (0x2)
                0x00000276                __trampolines_start = .
 *(.trampolines)
 .trampolines   0x00000276        0x0 linker stubs
 *(.trampolines*)
                0x00000276                __trampolines_end = .
 *libprintf_flt.a:*(.progmem.data)
 *libc.a:*(.progmem.data)
 *(.progmem*)
 .progmem.data._ZL5iphdr
                0x00000276        0x9 EtherCardModified/tcpip.o
 .progmem.data._ZL9arpreqhdr
                0x0000027f        0x8 EtherCardModified/tcpip.o
                0x00000288                . = ALIGN (0x2)
 *fill*         0x00000287        0x1 
 *(.jumptables)
 *(.jumptables*)
 *(.lowtext)
 *(.lowtext*)
                0x00000288                __ctors_start = .
 *(.ctors)
 .ctors         0x00000288        0x2 Commands.o
 .ctors         0x0000028a        0x2 Peripherals/HardwareSerial0.o
 .ctors         0x0000028c        0x2 Peripherals/HardwareSerial1.o
 .ctors         0x0000028e        0x2 Peripherals/HardwareSerial2.o
 .ctors         0x00000290        0x2 Peripherals/HardwareSerial3.o
 .ctors         0x00000292        0x2 Peripherals/Wire.o
 .ctors         0x00000294        0x2 Robot.o
 .ctors         0x00000296        0x2 TestIMU.o
                0x00000298                __ctors_end = .
                0x00000298                __dtors_start = .
 *(.dtors)
                0x00000298                __dtors_end = .
 SORT(*)(.ctors)
 SORT(*)(.dtors)
 *(.init0)
 .init0         0x00000298        0x0 C:/Program Files (x86)/Atmel/Studio/7.0/Packs/atmel/ATmega_DFP/1.2.209/gcc/dev/atmega2560/avr6/crtatmega2560.o
                0x00000298                __init
 *(.init0)
 *(.init1)
 *(.init1)
 *(.init2)
 .init2         0x00000298       0x10 C:/Program Files (x86)/Atmel/Studio/7.0/Packs/atmel/ATmega_DFP/1.2.209/gcc/dev/atmega2560/avr6/crtatmega2560.o
 *(.init2)
 *(.init3)
 *(.init3)
 *(.init4)
 .init4         0x000002a8       0x1a c:/program files (x86)/atmel/studio/7.0/toolchain/avr8/avr8-gnu-toolchain/bin/../lib/gcc/avr/5.4.0/avr6\libgcc.a(_copy_data.o)
                0x000002a8                __do_copy_data
 .init4         0x000002c2       0x10 c:/program files (x86)/atmel/studio/7.0/toolchain/avr8/avr8-gnu-toolchain/bin/../lib/gcc/avr/5.4.0/avr6\libgcc.a(_clear_bss.o)
                0x000002c2                __do_clear_bss
 *(.init4)
 *(.init5)
 *(.init5)
 *(.init6)
 .init6         0x000002d2       0x20 c:/program files (x86)/atmel/studio/7.0/toolchain/avr8/avr8-gnu-toolchain/bin/../lib/gcc/avr/5.4.0/avr6\libgcc.a(_ctors.o)
                0x000002d2                __do_global_ctors
 *(.init6)
 *(.init7)
 *(.init7)
 *(.init8)
 *(.init8)
 *(.init9)
 .init9         0x000002f2        0x8 C:/Program Files (x86)/Atmel/Studio/7.0/Packs/atmel/ATmega_DFP/1.2.209/gcc/dev/atmega2560/avr6/crtatmega2560.o
 *(.init9)
 *(.text)
 .text          0x000002fa        0x2 C:/Program Files (x86)/Atmel/Studio/7.0/Packs/atmel/ATmega_DFP/1.2.209/gcc/dev/atmega2560/avr6/crtatmega2560.o
                0x000002fa                __vector_38
                0x000002fa                __vector_22
                0x000002fa                __vector_28
                0x000002fa                __vector_1
                0x000002fa                __vector_32
                0x000002fa                __vector_34
                0x000002fa                __vector_24
                0x000002fa                __vector_12
                0x000002fa                __vector_46
                0x000002fa                __bad_interrupt
                0x000002fa                __vector_6
                0x000002fa                __vector_31
                0x000002fa                __vector_35
                0x000002fa                __vector_3
                0x000002fa                __vector_23
                0x000002fa                __vector_30
                0x000002fa                __vector_45
                0x000002fa                __vector_11
                0x000002fa                __vector_13
                0x000002fa                __vector_17
                0x000002fa                __vector_19
                0x000002fa                __vector_56
                0x000002fa                __vector_7
                0x000002fa                __vector_49
                0x000002fa                __vector_41
                0x000002fa                __vector_43
                0x000002fa                __vector_27
                0x000002fa                __vector_5
                0x000002fa                __vector_33
                0x000002fa                __vector_47
                0x000002fa                __vector_4
                0x000002fa                __vector_44
                0x000002fa                __vector_9
                0x000002fa                __vector_2
                0x000002fa                __vector_21
                0x000002fa                __vector_15
                0x000002fa                __vector_29
                0x000002fa                __vector_40
                0x000002fa                __vector_8
                0x000002fa                __vector_48
                0x000002fa                __vector_14
                0x000002fa                __vector_53
                0x000002fa                __vector_10
                0x000002fa                __vector_50
                0x000002fa                __vector_16
                0x000002fa                __vector_18
                0x000002fa                __vector_20
                0x000002fa                __vector_42
                0x000002fc                . = ALIGN (0x2)
 *(.text.*)
 .text._ZN15Adafruit_Sensor15enableAutoRangeEb
                0x000002fc        0x2 BNO055/Adafruit_BNO055.o
                0x000002fc                _ZN15Adafruit_Sensor15enableAutoRangeEb
 .text._ZN15Adafruit_BNO0559getSensorEP8sensor_t
                0x000002fe       0x8a BNO055/Adafruit_BNO055.o
                0x000002fe                _ZN15Adafruit_BNO0559getSensorEP8sensor_t
 .text._ZN15Adafruit_BNO055C2ElhP7TwoWire
                0x00000388       0x22 BNO055/Adafruit_BNO055.o
                0x00000388                _ZN15Adafruit_BNO055C1ElhP7TwoWire
                0x00000388                _ZN15Adafruit_BNO055C2ElhP7TwoWire
 .text._ZN15Adafruit_BNO0557readLenENS_21adafruit_bno055_reg_tEPhh
                0x000003aa       0xa6 BNO055/Adafruit_BNO055.o
                0x000003aa                _ZN15Adafruit_BNO0557readLenENS_21adafruit_bno055_reg_tEPhh
 .text._ZN15Adafruit_BNO0559getVectorENS_22adafruit_vector_type_tE
                0x00000450      0x32c BNO055/Adafruit_BNO055.o
                0x00000450                _ZN15Adafruit_BNO0559getVectorENS_22adafruit_vector_type_tE
 .text._ZN15Adafruit_BNO0558getEventEP15sensors_event_t
                0x0000077c       0xae BNO055/Adafruit_BNO055.o
                0x0000077c                _ZN15Adafruit_BNO0558getEventEP15sensors_event_t
 .text._Z14RunPingCommandPKhh
                0x0000082a       0x18 Commands.o
                0x0000082a                _Z14RunPingCommandPKhh
 .text._Z14RunEchoCommandPKhh
                0x00000842       0x26 Commands.o
                0x00000842                _Z14RunEchoCommandPKhh
 .text._Z13RunLedCommandPKhh
                0x00000868       0x1a Commands.o
                0x00000868                _Z13RunLedCommandPKhh
 .text._Z22RunUpdateDeviceCommandPKhh
                0x00000882       0x36 Commands.o
                0x00000882                _Z22RunUpdateDeviceCommandPKhh
 .text._ZN9EtherComm15CommandReceivedEhPKhh
                0x000008b8       0x32 Commands.o
                0x000008b8                _ZN9EtherComm15CommandReceivedEhPKhh
 .text._GLOBAL__sub_I__Z14RunPingCommandPKhh
                0x000008ea       0x14 Commands.o
 .text._ZL10enableChipv
                0x000008fe       0x16 EtherCardModified/enc28j60.o
 .text._ZL11disableChipv
                0x00000914       0x14 EtherCardModified/enc28j60.o
 .text._ZL6readOphh
                0x00000928       0x40 EtherCardModified/enc28j60.o
 .text._ZL7writeOphhh
                0x00000968       0x30 EtherCardModified/enc28j60.o
 .text._ZL7readBufjPh
                0x00000998       0x44 EtherCardModified/enc28j60.o
 .text._ZL7SetBankh
                0x000009dc       0x4a EtherCardModified/enc28j60.o
 .text._ZL11readRegByteh
                0x00000a26       0x10 EtherCardModified/enc28j60.o
 .text._ZL12writeRegBytehh
                0x00000a36       0x18 EtherCardModified/enc28j60.o
 .text._ZL8writeReghj
                0x00000a4e       0x18 EtherCardModified/enc28j60.o
 .text._ZN8ENC28J607initSPIERVh
                0x00000a66       0x24 EtherCardModified/enc28j60.o
                0x00000a66                _ZN8ENC28J607initSPIERVh
 .text._ZN8ENC28J6010initializeEjPKhRVhS3_h
                0x00000a8a      0x100 EtherCardModified/enc28j60.o
                0x00000a8a                _ZN8ENC28J6010initializeEjPKhRVhS3_h
 .text._ZN8ENC28J608isLinkUpEv
                0x00000b8a       0x26 EtherCardModified/enc28j60.o
                0x00000b8a                _ZN8ENC28J608isLinkUpEv
 .text._ZN8ENC28J6010packetSendEj
                0x00000bb0       0xf2 EtherCardModified/enc28j60.o
                0x00000bb0                _ZN8ENC28J6010packetSendEj
 .text._ZN8ENC28J6013packetReceiveEv
                0x00000ca2       0xca EtherCardModified/enc28j60.o
                0x00000ca2                _ZN8ENC28J6013packetReceiveEv
 .text._ZN9EtherCard5beginEPKhRVhS3_h
                0x00000d6c       0x32 EtherCardModified/EtherCard.o
                0x00000d6c                _ZN9EtherCard5beginEPKhRVhS3_h
 .text._ZN9EtherCard11staticSetupEPKhS1_S1_S1_
                0x00000d9e       0x5c EtherCardModified/EtherCard.o
                0x00000d9e                _ZN9EtherCard11staticSetupEPKhS1_S1_S1_
 .text._ZL13fill_checksumhhjh
                0x00000dfa       0xe2 EtherCardModified/tcpip.o
 .text._ZL6is_lanPKhS0_
                0x00000edc       0x54 EtherCardModified/tcpip.o
 .text._ZL20fill_ip_hdr_checksumv
                0x00000f30       0x1e EtherCardModified/tcpip.o
 .text._ZL7setMACsPKh
                0x00000f4e       0x14 EtherCardModified/tcpip.o
 .text._ZL11make_eth_ipv
                0x00000f62       0x1e EtherCardModified/tcpip.o
 .text._ZL12setMACandIPsPKhS0_
                0x00000f80       0x20 EtherCardModified/tcpip.o
 .text._ZL16client_store_macPhS_
                0x00000fa0       0x2c EtherCardModified/tcpip.o
 .text._ZL17client_arp_whohasPh
                0x00000fcc       0x60 EtherCardModified/tcpip.o
 .text._ZN9EtherCard10udpPrepareEjPKhj
                0x0000102c       0xa4 EtherCardModified/tcpip.o
                0x0000102c                _ZN9EtherCard10udpPrepareEjPKhj
 .text._ZN9EtherCard11udpTransmitEj
                0x000010d0       0x40 EtherCardModified/tcpip.o
                0x000010d0                _ZN9EtherCard11udpTransmitEj
 .text._ZN9EtherCard7sendUdpEPKhjjS1_j
                0x00001110       0x30 EtherCardModified/tcpip.o
                0x00001110                _ZN9EtherCard7sendUdpEPKhjjS1_j
 .text._ZN9EtherCard7setGwIpEPKh
                0x00001140       0x18 EtherCardModified/tcpip.o
                0x00001140                _ZN9EtherCard7setGwIpEPKh
 .text._ZN9EtherCard22updateBroadcastAddressEv
                0x00001158       0x2a EtherCardModified/tcpip.o
                0x00001158                _ZN9EtherCard22updateBroadcastAddressEv
 .text._ZN9EtherCard10packetLoopEj
                0x00001182      0x272 EtherCardModified/tcpip.o
                0x00001182                _ZN9EtherCard10packetLoopEj
 .text._ZN9EtherCard21udpServerListenOnPortEPFvjPhjPKcjEj
                0x000013f4       0x34 EtherCardModified/udpserver.o
                0x000013f4                _ZN9EtherCard21udpServerListenOnPortEPFvjPhjPKcjEj
 .text._ZN9EtherCard18udpServerListeningEv
                0x00001428        0xe EtherCardModified/udpserver.o
                0x00001428                _ZN9EtherCard18udpServerListeningEv
 .text._ZN9EtherCard27udpServerHasProcessedPacketEj
                0x00001436       0xc6 EtherCardModified/udpserver.o
                0x00001436                _ZN9EtherCard27udpServerHasProcessedPacketEj
 .text._ZN9EtherCard6copyIpEPhPKh
                0x000014fc       0x1a EtherCardModified/webutil.o
                0x000014fc                _ZN9EtherCard6copyIpEPhPKh
 .text._ZN9EtherCard7copyMacEPhPKh
                0x00001516       0x10 EtherCardModified/webutil.o
                0x00001516                _ZN9EtherCard7copyMacEPhPKh
 .text._ZN9EtherComm13CheckChecksumEPKch
                0x00001526       0x38 EtherComm.o
                0x00001526                _ZN9EtherComm13CheckChecksumEPKch
 .text._Z10udpReceivejPhjPKcj
                0x0000155e       0x42 EtherComm.o
                0x0000155e                _Z10udpReceivejPhjPKcj
 .text._ZN9EtherComm5beginEjjRVhS1_h
                0x000015a0       0x52 EtherComm.o
                0x000015a0                _ZN9EtherComm5beginEjjRVhS1_h
 .text._ZN9EtherComm11SendCommandEhh
                0x000015f2       0x84 EtherComm.o
                0x000015f2                _ZN9EtherComm11SendCommandEhh
 .text.main     0x00001676       0x6a main.o
                0x00001676                main
 .text._ZN14HardwareSerial9availableEv
                0x000016e0       0x18 Peripherals/HardwareSerial.o
                0x000016e0                _ZN14HardwareSerial9availableEv
 .text._ZN14HardwareSerial4peekEv
                0x000016f8       0x1c Peripherals/HardwareSerial.o
                0x000016f8                _ZN14HardwareSerial4peekEv
 .text._ZN14HardwareSerial4readEv
                0x00001714       0x28 Peripherals/HardwareSerial.o
                0x00001714                _ZN14HardwareSerial4readEv
 .text._ZN14HardwareSerial17availableForWriteEv
                0x0000173c       0x24 Peripherals/HardwareSerial.o
                0x0000173c                _ZN14HardwareSerial17availableForWriteEv
 .text._ZN14HardwareSerial17_tx_udr_empty_irqEv
                0x00001760       0x56 Peripherals/HardwareSerial.o
                0x00001760                _ZN14HardwareSerial17_tx_udr_empty_irqEv
 .text._ZN14HardwareSerial5flushEv
                0x000017b6       0x46 Peripherals/HardwareSerial.o
                0x000017b6                _ZN14HardwareSerial5flushEv
 .text._ZN14HardwareSerial5writeEh
                0x000017fc       0xa8 Peripherals/HardwareSerial.o
                0x000017fc                _ZN14HardwareSerial5writeEh
 .text._ZN14HardwareSerial5beginEmh
                0x000018a4       0xc6 Peripherals/HardwareSerial.o
                0x000018a4                _ZN14HardwareSerial5beginEmh
 .text._ZN5Print17availableForWriteEv
                0x0000196a        0x6 Peripherals/HardwareSerial0.o
                0x0000196a                _ZN5Print17availableForWriteEv
 .text.__vector_25
                0x00001970       0x78 Peripherals/HardwareSerial0.o
                0x00001970                __vector_25
 .text.__vector_26
                0x000019e8       0x52 Peripherals/HardwareSerial0.o
                0x000019e8                __vector_26
 .text._GLOBAL__sub_I___vector_25
                0x00001a3a       0x46 Peripherals/HardwareSerial0.o
 .text.__vector_36
                0x00001a80       0x78 Peripherals/HardwareSerial1.o
                0x00001a80                __vector_36
 .text.__vector_37
                0x00001af8       0x52 Peripherals/HardwareSerial1.o
                0x00001af8                __vector_37
 .text._GLOBAL__sub_I___vector_36
                0x00001b4a       0x46 Peripherals/HardwareSerial1.o
 .text.__vector_51
                0x00001b90       0x78 Peripherals/HardwareSerial2.o
                0x00001b90                __vector_51
 .text.__vector_52
                0x00001c08       0x52 Peripherals/HardwareSerial2.o
                0x00001c08                __vector_52
 .text._GLOBAL__sub_I___vector_51
                0x00001c5a       0x46 Peripherals/HardwareSerial2.o
 .text.__vector_54
                0x00001ca0       0x78 Peripherals/HardwareSerial3.o
                0x00001ca0                __vector_54
 .text.__vector_55
                0x00001d18       0x52 Peripherals/HardwareSerial3.o
                0x00001d18                __vector_55
 .text._GLOBAL__sub_I___vector_54
                0x00001d6a       0x46 Peripherals/HardwareSerial3.o
 .text.twi_readFrom
                0x00001db0       0xa4 Peripherals/twi.o
                0x00001db0                twi_readFrom
 .text.twi_writeTo
                0x00001e54       0xc6 Peripherals/twi.o
                0x00001e54                twi_writeTo
 .text.twi_transmit
                0x00001f1a       0x54 Peripherals/twi.o
                0x00001f1a                twi_transmit
 .text.twi_stop
                0x00001f6e       0x16 Peripherals/twi.o
                0x00001f6e                twi_stop
 .text.twi_releaseBus
                0x00001f84        0xc Peripherals/twi.o
                0x00001f84                twi_releaseBus
 .text.__vector_39
                0x00001f90      0x238 Peripherals/twi.o
                0x00001f90                __vector_39
 .text._ZN7TwoWire9availableEv
                0x000021c8       0x10 Peripherals/Wire.o
                0x000021c8                _ZN7TwoWire9availableEv
 .text._ZN7TwoWire4readEv
                0x000021d8       0x28 Peripherals/Wire.o
                0x000021d8                _ZN7TwoWire4readEv
 .text._ZN7TwoWire4peekEv
                0x00002200       0x1e Peripherals/Wire.o
                0x00002200                _ZN7TwoWire4peekEv
 .text._ZN7TwoWire5flushEv
                0x0000221e        0x2 Peripherals/Wire.o
                0x0000221e                _ZN7TwoWire5flushEv
 .text._ZN7TwoWire5writeEh
                0x00002220       0x54 Peripherals/Wire.o
                0x00002220                _ZN7TwoWire5writeEh
 .text._ZN7TwoWire5writeEPKhj
                0x00002274       0x5e Peripherals/Wire.o
                0x00002274                _ZN7TwoWire5writeEPKhj
 .text._ZN7TwoWire17beginTransmissionEh
                0x000022d2       0x14 Peripherals/Wire.o
                0x000022d2                _ZN7TwoWire17beginTransmissionEh
 .text._ZN7TwoWire15endTransmissionEh
                0x000022e6       0x24 Peripherals/Wire.o
                0x000022e6                _ZN7TwoWire15endTransmissionEh
 .text._ZN7TwoWire11requestFromEhhmhh
                0x0000230a       0xac Peripherals/Wire.o
                0x0000230a                _ZN7TwoWire11requestFromEhhmhh
 .text._ZN7TwoWire11requestFromEhhh
                0x000023b6       0x1e Peripherals/Wire.o
                0x000023b6                _ZN7TwoWire11requestFromEhhh
 .text._ZN7TwoWire11requestFromEhh
                0x000023d4        0x6 Peripherals/Wire.o
                0x000023d4                _ZN7TwoWire11requestFromEhh
 .text._ZN7TwoWire15endTransmissionEv
                0x000023da        0x6 Peripherals/Wire.o
                0x000023da                _ZN7TwoWire15endTransmissionEv
 .text._GLOBAL__sub_I__ZN7TwoWire8rxBufferE
                0x000023e0        0xe Peripherals/Wire.o
 .text._ZN13DigitalSensor14IsValidRequestEPKhh
                0x000023ee        0x8 Robot.o
                0x000023ee                _ZN13DigitalSensor14IsValidRequestEPKhh
 .text._ZN13DigitalSensor15UpdateRequestedEPh
                0x000023f6       0x1e Robot.o
                0x000023f6                _ZN13DigitalSensor15UpdateRequestedEPh
 .text._ZN7ISensor6UpdateEPKhh
                0x00002414       0x44 Robot.o
                0x00002414                _ZN7ISensor6UpdateEPKhh
 .text._ZN5Robot6SetLedEb
                0x00002458        0xc Robot.o
                0x00002458                _ZN5Robot6SetLedEb
 .text._ZN5Robot14RegisterDeviceER7ISensor
                0x00002464       0x28 Robot.o
                0x00002464                _ZN5Robot14RegisterDeviceER7ISensor
 .text._ZN5Robot5beginEv
                0x0000248c        0xc Robot.o
                0x0000248c                _ZN5Robot5beginEv
 .text._GLOBAL__sub_I__ZN5Robot7devicesE
                0x00002498       0x24 Robot.o
 .text._GLOBAL__sub_I_bno
                0x000024bc       0x20 TestIMU.o
 .text._ZN5Print5writeEPKhj
                0x000024dc       0x5e Utils/Print.o
                0x000024dc                _ZN5Print5writeEPKhj
 .text._ZN5Print5printEPKc
                0x0000253a       0x2c Utils/Print.o
                0x0000253a                _ZN5Print5printEPKc
 .text._ZN5Print7printlnEv
                0x00002566       0x18 Utils/Print.o
                0x00002566                _ZN5Print7printlnEv
 .text._ZN5Print7printlnEPKc
                0x0000257e       0x20 Utils/Print.o
                0x0000257e                _ZN5Print7printlnEPKc
 .text.avr-libc.fplib
                0x0000259e        0x4 c:/program files (x86)/atmel/studio/7.0/toolchain/avr8/avr8-gnu-toolchain/bin/../lib/gcc/avr/5.4.0/../../../../avr/lib/avr6\libm.a(divsf3.o)
                0x0000259e                __divsf3
 .text.avr-libc.fplib
                0x000025a2       0xcc c:/program files (x86)/atmel/studio/7.0/toolchain/avr8/avr8-gnu-toolchain/bin/../lib/gcc/avr/5.4.0/../../../../avr/lib/avr6\libm.a(divsf3x.o)
                0x000025b8                __divsf3x
                0x000025bc                __divsf3_pse
 .text.avr-libc.fplib
                0x0000266e       0x7a c:/program files (x86)/atmel/studio/7.0/toolchain/avr8/avr8-gnu-toolchain/bin/../lib/gcc/avr/5.4.0/../../../../avr/lib/avr6\libm.a(floatsisf.o)
                0x0000266e                __floatunsisf
                0x00002672                __floatsisf
 .text.avr-libc.fplib
                0x000026e8        0xc c:/program files (x86)/atmel/studio/7.0/toolchain/avr8/avr8-gnu-toolchain/bin/../lib/gcc/avr/5.4.0/../../../../avr/lib/avr6\libm.a(fp_inf.o)
                0x000026e8                __fp_inf
 .text.avr-libc.fplib
                0x000026f4        0x6 c:/program files (x86)/atmel/studio/7.0/toolchain/avr8/avr8-gnu-toolchain/bin/../lib/gcc/avr/5.4.0/../../../../avr/lib/avr6\libm.a(fp_nan.o)
                0x000026f4                __fp_nan
 .text.avr-libc.fplib
                0x000026fa        0xe c:/program files (x86)/atmel/studio/7.0/toolchain/avr8/avr8-gnu-toolchain/bin/../lib/gcc/avr/5.4.0/../../../../avr/lib/avr6\libm.a(fp_pscA.o)
                0x000026fa                __fp_pscA
 .text.avr-libc.fplib
                0x00002708        0xe c:/program files (x86)/atmel/studio/7.0/toolchain/avr8/avr8-gnu-toolchain/bin/../lib/gcc/avr/5.4.0/../../../../avr/lib/avr6\libm.a(fp_pscB.o)
                0x00002708                __fp_pscB
 .text.avr-libc.fplib
                0x00002716       0x22 c:/program files (x86)/atmel/studio/7.0/toolchain/avr8/avr8-gnu-toolchain/bin/../lib/gcc/avr/5.4.0/../../../../avr/lib/avr6\libm.a(fp_round.o)
                0x00002716                __fp_round
 .text.avr-libc.fplib
                0x00002738       0x44 c:/program files (x86)/atmel/studio/7.0/toolchain/avr8/avr8-gnu-toolchain/bin/../lib/gcc/avr/5.4.0/../../../../avr/lib/avr6\libm.a(fp_split3.o)
                0x00002738                __fp_split3
                0x00002748                __fp_splitA
 .text.avr-libc.fplib
                0x0000277c        0xe c:/program files (x86)/atmel/studio/7.0/toolchain/avr8/avr8-gnu-toolchain/bin/../lib/gcc/avr/5.4.0/../../../../avr/lib/avr6\libm.a(fp_zero.o)
                0x0000277c                __fp_zero
                0x0000277e                __fp_szero
 .text.avr-libc.fplib
                0x0000278a        0x4 c:/program files (x86)/atmel/studio/7.0/toolchain/avr8/avr8-gnu-toolchain/bin/../lib/gcc/avr/5.4.0/../../../../avr/lib/avr6\libm.a(mulsf3.o)
                0x0000278a                __mulsf3
 .text.avr-libc.fplib
                0x0000278e       0xc2 c:/program files (x86)/atmel/studio/7.0/toolchain/avr8/avr8-gnu-toolchain/bin/../lib/gcc/avr/5.4.0/../../../../avr/lib/avr6\libm.a(mulsf3x.o)
                0x000027a2                __mulsf3x
                0x000027a6                __mulsf3_pse
 .text.libgcc.div
                0x00002850       0x44 c:/program files (x86)/atmel/studio/7.0/toolchain/avr8/avr8-gnu-toolchain/bin/../lib/gcc/avr/5.4.0/avr6\libgcc.a(_udivmodsi4.o)
                0x00002850                __udivmodsi4
 .text.libgcc   0x00002894       0x10 c:/program files (x86)/atmel/studio/7.0/toolchain/avr8/avr8-gnu-toolchain/bin/../lib/gcc/avr/5.4.0/avr6\libgcc.a(_tablejump2.o)
                0x00002894                __tablejump2__
 .text.avr-libc
                0x000028a4       0x12 c:/program files (x86)/atmel/studio/7.0/toolchain/avr8/avr8-gnu-toolchain/bin/../lib/gcc/avr/5.4.0/../../../../avr/lib/avr6\libc.a(memcpy_P.o)
                0x000028a4                memcpy_P
 .text.avr-libc
                0x000028b6       0x1a c:/program files (x86)/atmel/studio/7.0/toolchain/avr8/avr8-gnu-toolchain/bin/../lib/gcc/avr/5.4.0/../../../../avr/lib/avr6\libc.a(memcmp.o)
                0x000028b6                memcmp
 .text.avr-libc
                0x000028d0       0x1e c:/program files (x86)/atmel/studio/7.0/toolchain/avr8/avr8-gnu-toolchain/bin/../lib/gcc/avr/5.4.0/../../../../avr/lib/avr6\libc.a(strncpy.o)
                0x000028d0                strncpy
                0x000028ee                . = ALIGN (0x2)
 *(.fini9)
 .fini9         0x000028ee        0x0 c:/program files (x86)/atmel/studio/7.0/toolchain/avr8/avr8-gnu-toolchain/bin/../lib/gcc/avr/5.4.0/avr6\libgcc.a(_exit.o)
                0x000028ee                _exit
                0x000028ee                exit
 *(.fini9)
 *(.fini8)
 *(.fini8)
 *(.fini7)
 *(.fini7)
 *(.fini6)
 *(.fini6)
 *(.fini5)
 *(.fini5)
 *(.fini4)
 *(.fini4)
 *(.fini3)
 *(.fini3)
 *(.fini2)
 *(.fini2)
 *(.fini1)
 *(.fini1)
 *(.fini0)
 .fini0         0x000028ee        0x4 c:/program files (x86)/atmel/studio/7.0/toolchain/avr8/avr8-gnu-toolchain/bin/../lib/gcc/avr/5.4.0/avr6\libgcc.a(_exit.o)
 *(.fini0)
                0x000028f2                _etext = .

.data           0x00800200       0xe8 load address 0x000028f2
                0x00800200                PROVIDE (__data_start, .)
 *(.data)
 *(.data*)
 .data._ZN9EtherComm6bufferE
                0x00800200        0x2 EtherComm.o
                0x00800200                _ZN9EtherComm6bufferE
 .data._ZN9EtherComm7_destIPE
                0x00800202        0x4 EtherComm.o
                0x00800202                _ZN9EtherComm7_destIPE
 .data._ZN9EtherComm6_mymacE
                0x00800206        0x6 EtherComm.o
                0x00800206                _ZN9EtherComm6_mymacE
 .data._ZN9EtherComm5_gwipE
                0x0080020c        0x4 EtherComm.o
                0x0080020c                _ZN9EtherComm5_gwipE
 .data._ZN9EtherComm5_myipE
                0x00800210        0x4 EtherComm.o
                0x00800210                _ZN9EtherComm5_myipE
 *(.gnu.linkonce.d*)
 *(.rodata)
 *(.rodata*)
 .rodata.str1.1
                0x00800214        0x7 BNO055/Adafruit_BNO055.o
 .rodata._ZTV15Adafruit_BNO055
                0x0080021b        0xa BNO055/Adafruit_BNO055.o
                0x0080021b                _ZTV15Adafruit_BNO055
 .rodata.allOnes
                0x00800225        0x6 EtherCardModified/tcpip.o
                0x00800225                allOnes
 .rodata.str1.1
                0x0080022b       0x7f main.o
 .rodata._ZTV14HardwareSerial
                0x008002aa       0x12 Peripherals/HardwareSerial.o
                0x008002aa                _ZTV14HardwareSerial
 .rodata._ZTV7TwoWire
                0x008002bc       0x12 Peripherals/Wire.o
                0x008002bc                _ZTV7TwoWire
 .rodata._ZTV13DigitalSensor
                0x008002ce        0xa Robot.o
                0x008002ce                _ZTV13DigitalSensor
 .rodata.str1.1
                0x008002d8        0xf Utils/Print.o
 *(.gnu.linkonce.r*)
                0x008002e8                . = ALIGN (0x2)
 *fill*         0x008002e7        0x1 
                0x008002e8                _edata = .
                0x008002e8                PROVIDE (__data_end, .)

.bss            0x008002e8      0x600
                0x008002e8                PROVIDE (__bss_start, .)
 *(.bss)
 *(.bss*)
 .bss._ZL14SendDataBuffer
                0x008002e8        0x2 Commands.o
 .bss._ZZN8ENC28J6013packetReceiveEvE14gNextPacketPtr
                0x008002ea        0x2 EtherCardModified/enc28j60.o
 .bss._ZZN8ENC28J6013packetReceiveEvE16unreleasedPacket
                0x008002ec        0x1 EtherCardModified/enc28j60.o
 .bss._ZL9selectPin
                0x008002ed        0x1 EtherCardModified/enc28j60.o
 .bss._ZL10selectPort
                0x008002ee        0x2 EtherCardModified/enc28j60.o
 .bss._ZL12Enc28j60Bank
                0x008002f0        0x1 EtherCardModified/enc28j60.o
 .bss._ZN8ENC28J6010bufferSizeE
                0x008002f1        0x2 EtherCardModified/enc28j60.o
                0x008002f1                _ZN8ENC28J6010bufferSizeE
 .bss._ZN8ENC28J606bufferE
                0x008002f3      0x200 EtherCardModified/EtherCard.o
                0x008002f3                _ZN8ENC28J606bufferE
 .bss._ZN9EtherCard8delaycntE
                0x008004f3        0x2 EtherCardModified/EtherCard.o
                0x008004f3                _ZN9EtherCard8delaycntE
 .bss._ZN9EtherCard5hisipE
                0x008004f5        0x4 EtherCardModified/EtherCard.o
                0x008004f5                _ZN9EtherCard5hisipE
 .bss._ZN9EtherCard5dnsipE
                0x008004f9        0x4 EtherCardModified/EtherCard.o
                0x008004f9                _ZN9EtherCard5dnsipE
 .bss._ZN9EtherCard4gwipE
                0x008004fd        0x4 EtherCardModified/EtherCard.o
                0x008004fd                _ZN9EtherCard4gwipE
 .bss._ZN9EtherCard11broadcastipE
                0x00800501        0x4 EtherCardModified/EtherCard.o
                0x00800501                _ZN9EtherCard11broadcastipE
 .bss._ZN9EtherCard7netmaskE
                0x00800505        0x4 EtherCardModified/EtherCard.o
                0x00800505                _ZN9EtherCard7netmaskE
 .bss._ZN9EtherCard4myipE
                0x00800509        0x4 EtherCardModified/EtherCard.o
                0x00800509                _ZN9EtherCard4myipE
 .bss._ZN9EtherCard5mymacE
                0x0080050d        0x6 EtherCardModified/EtherCard.o
                0x0080050d                _ZN9EtherCard5mymacE
 .bss._ZL9waitgwmac
                0x00800513        0x1 EtherCardModified/tcpip.o
 .bss._ZL9gwmacaddr
                0x00800514        0x6 EtherCardModified/tcpip.o
 .bss._ZL12has_dest_mac
                0x0080051a        0x1 EtherCardModified/tcpip.o
 .bss._ZL20waiting_for_dest_mac
                0x0080051b        0x1 EtherCardModified/tcpip.o
 .bss._ZL11has_dns_mac
                0x0080051c        0x1 EtherCardModified/tcpip.o
 .bss._ZL19waiting_for_dns_mac
                0x0080051d        0x1 EtherCardModified/tcpip.o
 .bss._ZL11destmacaddr
                0x0080051e        0x6 EtherCardModified/tcpip.o
 .bss._ZL7icmp_cb
                0x00800524        0x2 EtherCardModified/tcpip.o
 .bss.numListeners
                0x00800526        0x1 EtherCardModified/udpserver.o
                0x00800526                numListeners
 .bss.listeners
                0x00800527       0x28 EtherCardModified/udpserver.o
                0x00800527                listeners
 .bss._ZN9EtherComm9_destPortE
                0x0080054f        0x2 EtherComm.o
                0x0080054f                _ZN9EtherComm9_destPortE
 .bss._ZN9EtherComm9_recvPortE
                0x00800551        0x2 EtherComm.o
                0x00800551                _ZN9EtherComm9_recvPortE
 .bss.Serial    0x00800553       0x33 Peripherals/HardwareSerial0.o
                0x00800553                Serial
 .bss.Serial1   0x00800586       0x33 Peripherals/HardwareSerial1.o
                0x00800586                Serial1
 .bss.Serial2   0x008005b9       0x33 Peripherals/HardwareSerial2.o
                0x008005b9                Serial2
 .bss.Serial3   0x008005ec       0x33 Peripherals/HardwareSerial3.o
                0x008005ec                Serial3
 .bss.twi_error
                0x0080061f        0x1 Peripherals/twi.o
 .bss.twi_rxBufferIndex
                0x00800620        0x1 Peripherals/twi.o
 .bss.twi_rxBuffer
                0x00800621       0x20 Peripherals/twi.o
 .bss.twi_txBufferLength
                0x00800641        0x1 Peripherals/twi.o
 .bss.twi_txBufferIndex
                0x00800642        0x1 Peripherals/twi.o
 .bss.twi_txBuffer
                0x00800643       0x20 Peripherals/twi.o
 .bss.twi_masterBufferLength
                0x00800663        0x1 Peripherals/twi.o
 .bss.twi_masterBufferIndex
                0x00800664        0x1 Peripherals/twi.o
 .bss.twi_masterBuffer
                0x00800665       0x20 Peripherals/twi.o
 .bss.twi_onSlaveReceive
                0x00800685        0x2 Peripherals/twi.o
 .bss.twi_onSlaveTransmit
                0x00800687        0x2 Peripherals/twi.o
 .bss.twi_inRepStart
                0x00800689        0x1 Peripherals/twi.o
 .bss.twi_sendStop
                0x0080068a        0x1 Peripherals/twi.o
 .bss.twi_slarw
                0x0080068b        0x1 Peripherals/twi.o
 .bss.twi_state
                0x0080068c        0x1 Peripherals/twi.o
 .bss.Wire      0x0080068d        0x2 Peripherals/Wire.o
                0x0080068d                Wire
 .bss._ZN7TwoWire12transmittingE
                0x0080068f        0x1 Peripherals/Wire.o
                0x0080068f                _ZN7TwoWire12transmittingE
 .bss._ZN7TwoWire14txBufferLengthE
                0x00800690        0x1 Peripherals/Wire.o
                0x00800690                _ZN7TwoWire14txBufferLengthE
 .bss._ZN7TwoWire13txBufferIndexE
                0x00800691        0x1 Peripherals/Wire.o
                0x00800691                _ZN7TwoWire13txBufferIndexE
 .bss._ZN7TwoWire8txBufferE
                0x00800692       0x20 Peripherals/Wire.o
                0x00800692                _ZN7TwoWire8txBufferE
 .bss._ZN7TwoWire9txAddressE
                0x008006b2        0x1 Peripherals/Wire.o
                0x008006b2                _ZN7TwoWire9txAddressE
 .bss._ZN7TwoWire14rxBufferLengthE
                0x008006b3        0x1 Peripherals/Wire.o
                0x008006b3                _ZN7TwoWire14rxBufferLengthE
 .bss._ZN7TwoWire13rxBufferIndexE
                0x008006b4        0x1 Peripherals/Wire.o
                0x008006b4                _ZN7TwoWire13rxBufferIndexE
 .bss._ZN7TwoWire8rxBufferE
                0x008006b5       0x20 Peripherals/Wire.o
                0x008006b5                _ZN7TwoWire8rxBufferE
 .bss.BtnTest   0x008006d5        0x8 Robot.o
                0x008006d5                BtnTest
 .bss._ZN5Robot7devicesE
                0x008006dd      0x200 Robot.o
                0x008006dd                _ZN5Robot7devicesE
 .bss.bno       0x008008dd        0xb TestIMU.o
                0x008008dd                bno
 *(COMMON)
                0x008008e8                PROVIDE (__bss_end, .)
                0x000028f2                __data_load_start = LOADADDR (.data)
                0x000029da                __data_load_end = (__data_load_start + SIZEOF (.data))

.noinit         0x008008e8        0x0
                [!provide]                PROVIDE (__noinit_start, .)
 *(.noinit*)
                [!provide]                PROVIDE (__noinit_end, .)
                0x008008e8                _end = .
                [!provide]                PROVIDE (__heap_start, .)

.eeprom         0x00810000        0x0
 *(.eeprom*)
                0x00810000                __eeprom_end = .

.fuse
 *(.fuse)
 *(.lfuse)
 *(.hfuse)
 *(.efuse)

.lock
 *(.lock*)

.signature
 *(.signature*)

.user_signatures
 *(.user_signatures*)

.stab
 *(.stab)

.stabstr
 *(.stabstr)

.stab.excl
 *(.stab.excl)

.stab.exclstr
 *(.stab.exclstr)

.stab.index
 *(.stab.index)

.stab.indexstr
 *(.stab.indexstr)

.comment        0x00000000       0x30
 *(.comment)
 .comment       0x00000000       0x30 BNO055/Adafruit_BNO055.o
                                 0x31 (size before relaxing)
 .comment       0x00000030       0x31 Commands.o
 .comment       0x00000030       0x31 EtherCardModified/enc28j60.o
 .comment       0x00000030       0x31 EtherCardModified/EtherCard.o
 .comment       0x00000030       0x31 EtherCardModified/tcpip.o
 .comment       0x00000030       0x31 EtherCardModified/udpserver.o
 .comment       0x00000030       0x31 EtherCardModified/webutil.o
 .comment       0x00000030       0x31 EtherComm.o
 .comment       0x00000030       0x31 main.o
 .comment       0x00000030       0x31 Peripherals/HardwareSerial.o
 .comment       0x00000030       0x31 Peripherals/HardwareSerial0.o
 .comment       0x00000030       0x31 Peripherals/HardwareSerial1.o
 .comment       0x00000030       0x31 Peripherals/HardwareSerial2.o
 .comment       0x00000030       0x31 Peripherals/HardwareSerial3.o
 .comment       0x00000030       0x31 Peripherals/twi.o
 .comment       0x00000030       0x31 Peripherals/Wire.o
 .comment       0x00000030       0x31 Robot.o
 .comment       0x00000030       0x31 TestIMU.o
 .comment       0x00000030       0x31 Utils/Print.o

.note.gnu.avr.deviceinfo
                0x00000000       0x40
 .note.gnu.avr.deviceinfo
                0x00000000       0x40 C:/Program Files (x86)/Atmel/Studio/7.0/Packs/atmel/ATmega_DFP/1.2.209/gcc/dev/atmega2560/avr6/crtatmega2560.o

.note.gnu.build-id
 *(.note.gnu.build-id)

.debug
 *(.debug)

.line
 *(.line)

.debug_srcinfo
 *(.debug_srcinfo)

.debug_sfnames
 *(.debug_sfnames)

.debug_aranges  0x00000000      0x7f0
 *(.debug_aranges)
 .debug_aranges
                0x00000000       0xe8 BNO055/Adafruit_BNO055.o
 .debug_aranges
                0x000000e8       0x48 Commands.o
 .debug_aranges
                0x00000130       0x88 EtherCardModified/enc28j60.o
 .debug_aranges
                0x000001b8       0x28 EtherCardModified/EtherCard.o
 .debug_aranges
                0x000001e0       0xb0 EtherCardModified/tcpip.o
 .debug_aranges
                0x00000290       0x40 EtherCardModified/udpserver.o
 .debug_aranges
                0x000002d0       0x60 EtherCardModified/webutil.o
 .debug_aranges
                0x00000330       0x38 EtherComm.o
 .debug_aranges
                0x00000368       0x20 main.o
 .debug_aranges
                0x00000388       0x68 Peripherals/HardwareSerial.o
 .debug_aranges
                0x000003f0       0x48 Peripherals/HardwareSerial0.o
 .debug_aranges
                0x00000438       0x48 Peripherals/HardwareSerial1.o
 .debug_aranges
                0x00000480       0x48 Peripherals/HardwareSerial2.o
 .debug_aranges
                0x000004c8       0x48 Peripherals/HardwareSerial3.o
 .debug_aranges
                0x00000510       0x80 Peripherals/twi.o
 .debug_aranges
                0x00000590       0xf8 Peripherals/Wire.o
 .debug_aranges
                0x00000688       0x60 Robot.o
 .debug_aranges
                0x000006e8       0x40 TestIMU.o
 .debug_aranges
                0x00000728       0xc8 Utils/Print.o

.debug_pubnames
 *(.debug_pubnames)

.debug_info     0x00000000    0x12555
 *(.debug_info .gnu.linkonce.wi.*)
 .debug_info    0x00000000      0xbbc C:/Program Files (x86)/Atmel/Studio/7.0/Packs/atmel/ATmega_DFP/1.2.209/gcc/dev/atmega2560/avr6/crtatmega2560.o
 .debug_info    0x00000bbc     0x4250 BNO055/Adafruit_BNO055.o
 .debug_info    0x00004e0c      0xb7f Commands.o
 .debug_info    0x0000598b      0xfd8 EtherCardModified/enc28j60.o
 .debug_info    0x00006963      0x77b EtherCardModified/EtherCard.o
 .debug_info    0x000070de     0x10d6 EtherCardModified/tcpip.o
 .debug_info    0x000081b4      0x6de EtherCardModified/udpserver.o
 .debug_info    0x00008892      0xa2a EtherCardModified/webutil.o
 .debug_info    0x000092bc      0x984 EtherComm.o
 .debug_info    0x00009c40      0xb2e main.o
 .debug_info    0x0000a76e      0xdbe Peripherals/HardwareSerial.o
 .debug_info    0x0000b52c      0x989 Peripherals/HardwareSerial0.o
 .debug_info    0x0000beb5      0x989 Peripherals/HardwareSerial1.o
 .debug_info    0x0000c83e      0x989 Peripherals/HardwareSerial2.o
 .debug_info    0x0000d1c7      0x98f Peripherals/HardwareSerial3.o
 .debug_info    0x0000db56      0x60a Peripherals/twi.o
 .debug_info    0x0000e160     0x163d Peripherals/Wire.o
 .debug_info    0x0000f79d      0xe5d Robot.o
 .debug_info    0x000105fa      0xd9b TestIMU.o
 .debug_info    0x00011395     0x11c0 Utils/Print.o

.debug_abbrev   0x00000000     0x4759
 *(.debug_abbrev)
 .debug_abbrev  0x00000000      0xb1a C:/Program Files (x86)/Atmel/Studio/7.0/Packs/atmel/ATmega_DFP/1.2.209/gcc/dev/atmega2560/avr6/crtatmega2560.o
 .debug_abbrev  0x00000b1a      0x5a8 BNO055/Adafruit_BNO055.o
 .debug_abbrev  0x000010c2      0x3a2 Commands.o
 .debug_abbrev  0x00001464      0x3b9 EtherCardModified/enc28j60.o
 .debug_abbrev  0x0000181d      0x180 EtherCardModified/EtherCard.o
 .debug_abbrev  0x0000199d      0x379 EtherCardModified/tcpip.o
 .debug_abbrev  0x00001d16      0x1fd EtherCardModified/udpserver.o
 .debug_abbrev  0x00001f13      0x315 EtherCardModified/webutil.o
 .debug_abbrev  0x00002228      0x247 EtherComm.o
 .debug_abbrev  0x0000246f      0x3a4 main.o
 .debug_abbrev  0x00002813      0x363 Peripherals/HardwareSerial.o
 .debug_abbrev  0x00002b76      0x2d8 Peripherals/HardwareSerial0.o
 .debug_abbrev  0x00002e4e      0x2d8 Peripherals/HardwareSerial1.o
 .debug_abbrev  0x00003126      0x2d8 Peripherals/HardwareSerial2.o
 .debug_abbrev  0x000033fe      0x2d8 Peripherals/HardwareSerial3.o
 .debug_abbrev  0x000036d6      0x222 Peripherals/twi.o
 .debug_abbrev  0x000038f8      0x428 Peripherals/Wire.o
 .debug_abbrev  0x00003d20      0x455 Robot.o
 .debug_abbrev  0x00004175      0x348 TestIMU.o
 .debug_abbrev  0x000044bd      0x29c Utils/Print.o

.debug_line     0x00000000     0x4d55
 *(.debug_line .debug_line.* .debug_line_end)
 .debug_line    0x00000000      0x1f9 C:/Program Files (x86)/Atmel/Studio/7.0/Packs/atmel/ATmega_DFP/1.2.209/gcc/dev/atmega2560/avr6/crtatmega2560.o
 .debug_line    0x000001f9      0xc47 BNO055/Adafruit_BNO055.o
 .debug_line    0x00000e40      0x1e9 Commands.o
 .debug_line    0x00001029      0x62e EtherCardModified/enc28j60.o
 .debug_line    0x00001657      0x15f EtherCardModified/EtherCard.o
 .debug_line    0x000017b6      0x7fc EtherCardModified/tcpip.o
 .debug_line    0x00001fb2      0x211 EtherCardModified/udpserver.o
 .debug_line    0x000021c3      0x468 EtherCardModified/webutil.o
 .debug_line    0x0000262b      0x20a EtherComm.o
 .debug_line    0x00002835      0x1b1 main.o
 .debug_line    0x000029e6      0x51d Peripherals/HardwareSerial.o
 .debug_line    0x00002f03      0x23c Peripherals/HardwareSerial0.o
 .debug_line    0x0000313f      0x23b Peripherals/HardwareSerial1.o
 .debug_line    0x0000337a      0x23a Peripherals/HardwareSerial2.o
 .debug_line    0x000035b4      0x23a Peripherals/HardwareSerial3.o
 .debug_line    0x000037ee      0x53e Peripherals/twi.o
 .debug_line    0x00003d2c      0x58b Peripherals/Wire.o
 .debug_line    0x000042b7      0x280 Robot.o
 .debug_line    0x00004537      0x333 TestIMU.o
 .debug_line    0x0000486a      0x4eb Utils/Print.o

.debug_frame    0x00000000     0x18c4
 *(.debug_frame)
 .debug_frame   0x00000000      0x470 BNO055/Adafruit_BNO055.o
 .debug_frame   0x00000470       0x74 Commands.o
 .debug_frame   0x000004e4      0x1b4 EtherCardModified/enc28j60.o
 .debug_frame   0x00000698       0x70 EtherCardModified/EtherCard.o
 .debug_frame   0x00000708      0x240 EtherCardModified/tcpip.o
 .debug_frame   0x00000948       0xb8 EtherCardModified/udpserver.o
 .debug_frame   0x00000a00      0x14c EtherCardModified/webutil.o
 .debug_frame   0x00000b4c       0x8c EtherComm.o
 .debug_frame   0x00000bd8       0x24 main.o
 .debug_frame   0x00000bfc      0x104 Peripherals/HardwareSerial.o
 .debug_frame   0x00000d00       0xec Peripherals/HardwareSerial0.o
 .debug_frame   0x00000dec       0xec Peripherals/HardwareSerial1.o
 .debug_frame   0x00000ed8       0xec Peripherals/HardwareSerial2.o
 .debug_frame   0x00000fc4       0xec Peripherals/HardwareSerial3.o
 .debug_frame   0x000010b0      0x134 Peripherals/twi.o
 .debug_frame   0x000011e4      0x280 Peripherals/Wire.o
 .debug_frame   0x00001464       0xb0 Robot.o
 .debug_frame   0x00001514       0xd0 TestIMU.o
 .debug_frame   0x000015e4      0x2e0 Utils/Print.o

.debug_str      0x00000000     0x576c
 *(.debug_str)
 .debug_str     0x00000000      0x3e6 C:/Program Files (x86)/Atmel/Studio/7.0/Packs/atmel/ATmega_DFP/1.2.209/gcc/dev/atmega2560/avr6/crtatmega2560.o
 .debug_str     0x000003e6     0x2d7b BNO055/Adafruit_BNO055.o
                               0x2eda (size before relaxing)
 .debug_str     0x00003161      0x9dc Commands.o
                                0xbfd (size before relaxing)
 .debug_str     0x00003b3d      0x21f EtherCardModified/enc28j60.o
                                0x54d (size before relaxing)
 .debug_str     0x00003d5c       0xf7 EtherCardModified/EtherCard.o
                                0x8cb (size before relaxing)
 .debug_str     0x00003e53      0x1fe EtherCardModified/tcpip.o
                                0x9c4 (size before relaxing)
 .debug_str     0x00004051       0x68 EtherCardModified/udpserver.o
                                0x843 (size before relaxing)
 .debug_str     0x000040b9      0x124 EtherCardModified/webutil.o
                                0x930 (size before relaxing)
 .debug_str     0x000041dd       0xfe EtherComm.o
                                0xa36 (size before relaxing)
 .debug_str     0x000042db       0x67 main.o
                                0xb8d (size before relaxing)
 .debug_str     0x00004342      0x7fc Peripherals/HardwareSerial.o
                                0xa8f (size before relaxing)
 .debug_str     0x00004b3e       0x89 Peripherals/HardwareSerial0.o
                                0x7cb (size before relaxing)
 .debug_str     0x00004bc7       0x52 Peripherals/HardwareSerial1.o
                                0x7cc (size before relaxing)
 .debug_str     0x00004c19       0x52 Peripherals/HardwareSerial2.o
                                0x7cc (size before relaxing)
 .debug_str     0x00004c6b       0x52 Peripherals/HardwareSerial3.o
                                0x7cc (size before relaxing)
 .debug_str     0x00004cbd      0x28e Peripherals/twi.o
                                0x37c (size before relaxing)
 .debug_str     0x00004f4b      0x449 Peripherals/Wire.o
                                0xc70 (size before relaxing)
 .debug_str     0x00005394      0x155 Robot.o
                                0xc6d (size before relaxing)
 .debug_str     0x000054e9      0x10c TestIMU.o
                               0x14d3 (size before relaxing)
 .debug_str     0x000055f5      0x177 Utils/Print.o
                                0x4a3 (size before relaxing)

.debug_loc      0x00000000     0x847b
 *(.debug_loc)
 .debug_loc     0x00000000     0x2157 BNO055/Adafruit_BNO055.o
 .debug_loc     0x00002157      0x37d Commands.o
 .debug_loc     0x000024d4      0x955 EtherCardModified/enc28j60.o
 .debug_loc     0x00002e29      0x25f EtherCardModified/EtherCard.o
 .debug_loc     0x00003088      0xa60 EtherCardModified/tcpip.o
 .debug_loc     0x00003ae8      0x243 EtherCardModified/udpserver.o
 .debug_loc     0x00003d2b      0x9be EtherCardModified/webutil.o
 .debug_loc     0x000046e9      0x486 EtherComm.o
 .debug_loc     0x00004b6f       0x16 main.o
 .debug_loc     0x00004b85      0x4e0 Peripherals/HardwareSerial.o
 .debug_loc     0x00005065      0x1ca Peripherals/HardwareSerial0.o
 .debug_loc     0x0000522f      0x1ca Peripherals/HardwareSerial1.o
 .debug_loc     0x000053f9      0x1ca Peripherals/HardwareSerial2.o
 .debug_loc     0x000055c3      0x1ca Peripherals/HardwareSerial3.o
 .debug_loc     0x0000578d      0x54a Peripherals/twi.o
 .debug_loc     0x00005cd7      0xb3b Peripherals/Wire.o
 .debug_loc     0x00006812      0x190 Robot.o
 .debug_loc     0x000069a2      0x4b9 TestIMU.o
 .debug_loc     0x00006e5b     0x1620 Utils/Print.o

.debug_macinfo
 *(.debug_macinfo)

.debug_weaknames
 *(.debug_weaknames)

.debug_funcnames
 *(.debug_funcnames)

.debug_typenames
 *(.debug_typenames)

.debug_varnames
 *(.debug_varnames)

.debug_pubtypes
 *(.debug_pubtypes)

.debug_ranges   0x00000000      0x778
 *(.debug_ranges)
 .debug_ranges  0x00000000       0xd8 BNO055/Adafruit_BNO055.o
 .debug_ranges  0x000000d8       0x38 Commands.o
 .debug_ranges  0x00000110       0xc0 EtherCardModified/enc28j60.o
 .debug_ranges  0x000001d0       0x18 EtherCardModified/EtherCard.o
 .debug_ranges  0x000001e8       0xe0 EtherCardModified/tcpip.o
 .debug_ranges  0x000002c8       0x48 EtherCardModified/udpserver.o
 .debug_ranges  0x00000310       0x68 EtherCardModified/webutil.o
 .debug_ranges  0x00000378       0x28 EtherComm.o
 .debug_ranges  0x000003a0       0x10 main.o
 .debug_ranges  0x000003b0       0x58 Peripherals/HardwareSerial.o
 .debug_ranges  0x00000408       0x38 Peripherals/HardwareSerial0.o
 .debug_ranges  0x00000440       0x38 Peripherals/HardwareSerial1.o
 .debug_ranges  0x00000478       0x38 Peripherals/HardwareSerial2.o
 .debug_ranges  0x000004b0       0x38 Peripherals/HardwareSerial3.o
 .debug_ranges  0x000004e8       0x70 Peripherals/twi.o
 .debug_ranges  0x00000558       0xe8 Peripherals/Wire.o
 .debug_ranges  0x00000640       0x50 Robot.o
 .debug_ranges  0x00000690       0x30 TestIMU.o
 .debug_ranges  0x000006c0       0xb8 Utils/Print.o

.debug_macro
 *(.debug_macro)
OUTPUT(RovController.elf elf32-avr)
LOAD linker stubs
