Archive member included to satisfy reference by file (symbol)

c:/program files (x86)/atmel/studio/7.0/toolchain/avr8/avr8-gnu-toolchain/bin/../lib/gcc/avr/5.4.0/../../../../avr/lib/avr6\libm.a(addsf3.o)
                              Utils/Print.o (__subsf3)
c:/program files (x86)/atmel/studio/7.0/toolchain/avr8/avr8-gnu-toolchain/bin/../lib/gcc/avr/5.4.0/../../../../avr/lib/avr6\libm.a(addsf3x.o)
                              c:/program files (x86)/atmel/studio/7.0/toolchain/avr8/avr8-gnu-toolchain/bin/../lib/gcc/avr/5.4.0/../../../../avr/lib/avr6\libm.a(addsf3.o) (__addsf3x)
c:/program files (x86)/atmel/studio/7.0/toolchain/avr8/avr8-gnu-toolchain/bin/../lib/gcc/avr/5.4.0/../../../../avr/lib/avr6\libm.a(cmpsf2.o)
                              Utils/Print.o (__ltsf2)
c:/program files (x86)/atmel/studio/7.0/toolchain/avr8/avr8-gnu-toolchain/bin/../lib/gcc/avr/5.4.0/../../../../avr/lib/avr6\libm.a(divsf3.o)
                              BNO055/Adafruit_BNO055.o (__divsf3)
c:/program files (x86)/atmel/studio/7.0/toolchain/avr8/avr8-gnu-toolchain/bin/../lib/gcc/avr/5.4.0/../../../../avr/lib/avr6\libm.a(divsf3x.o)
                              c:/program files (x86)/atmel/studio/7.0/toolchain/avr8/avr8-gnu-toolchain/bin/../lib/gcc/avr/5.4.0/../../../../avr/lib/avr6\libm.a(divsf3.o) (__divsf3x)
c:/program files (x86)/atmel/studio/7.0/toolchain/avr8/avr8-gnu-toolchain/bin/../lib/gcc/avr/5.4.0/../../../../avr/lib/avr6\libm.a(fixunssfsi.o)
                              Utils/Print.o (__fixunssfsi)
c:/program files (x86)/atmel/studio/7.0/toolchain/avr8/avr8-gnu-toolchain/bin/../lib/gcc/avr/5.4.0/../../../../avr/lib/avr6\libm.a(floatsisf.o)
                              Utils/Print.o (__floatunsisf)
c:/program files (x86)/atmel/studio/7.0/toolchain/avr8/avr8-gnu-toolchain/bin/../lib/gcc/avr/5.4.0/../../../../avr/lib/avr6\libm.a(fp_cmp.o)
                              c:/program files (x86)/atmel/studio/7.0/toolchain/avr8/avr8-gnu-toolchain/bin/../lib/gcc/avr/5.4.0/../../../../avr/lib/avr6\libm.a(cmpsf2.o) (__fp_cmp)
c:/program files (x86)/atmel/studio/7.0/toolchain/avr8/avr8-gnu-toolchain/bin/../lib/gcc/avr/5.4.0/../../../../avr/lib/avr6\libm.a(fp_inf.o)
                              c:/program files (x86)/atmel/studio/7.0/toolchain/avr8/avr8-gnu-toolchain/bin/../lib/gcc/avr/5.4.0/../../../../avr/lib/avr6\libm.a(addsf3x.o) (__fp_inf)
c:/program files (x86)/atmel/studio/7.0/toolchain/avr8/avr8-gnu-toolchain/bin/../lib/gcc/avr/5.4.0/../../../../avr/lib/avr6\libm.a(fp_nan.o)
                              c:/program files (x86)/atmel/studio/7.0/toolchain/avr8/avr8-gnu-toolchain/bin/../lib/gcc/avr/5.4.0/../../../../avr/lib/avr6\libm.a(addsf3x.o) (__fp_nan)
c:/program files (x86)/atmel/studio/7.0/toolchain/avr8/avr8-gnu-toolchain/bin/../lib/gcc/avr/5.4.0/../../../../avr/lib/avr6\libm.a(fp_pscA.o)
                              c:/program files (x86)/atmel/studio/7.0/toolchain/avr8/avr8-gnu-toolchain/bin/../lib/gcc/avr/5.4.0/../../../../avr/lib/avr6\libm.a(addsf3x.o) (__fp_pscA)
c:/program files (x86)/atmel/studio/7.0/toolchain/avr8/avr8-gnu-toolchain/bin/../lib/gcc/avr/5.4.0/../../../../avr/lib/avr6\libm.a(fp_pscB.o)
                              c:/program files (x86)/atmel/studio/7.0/toolchain/avr8/avr8-gnu-toolchain/bin/../lib/gcc/avr/5.4.0/../../../../avr/lib/avr6\libm.a(addsf3x.o) (__fp_pscB)
c:/program files (x86)/atmel/studio/7.0/toolchain/avr8/avr8-gnu-toolchain/bin/../lib/gcc/avr/5.4.0/../../../../avr/lib/avr6\libm.a(fp_round.o)
                              c:/program files (x86)/atmel/studio/7.0/toolchain/avr8/avr8-gnu-toolchain/bin/../lib/gcc/avr/5.4.0/../../../../avr/lib/avr6\libm.a(addsf3.o) (__fp_round)
c:/program files (x86)/atmel/studio/7.0/toolchain/avr8/avr8-gnu-toolchain/bin/../lib/gcc/avr/5.4.0/../../../../avr/lib/avr6\libm.a(fp_split3.o)
                              c:/program files (x86)/atmel/studio/7.0/toolchain/avr8/avr8-gnu-toolchain/bin/../lib/gcc/avr/5.4.0/../../../../avr/lib/avr6\libm.a(addsf3x.o) (__fp_split3)
c:/program files (x86)/atmel/studio/7.0/toolchain/avr8/avr8-gnu-toolchain/bin/../lib/gcc/avr/5.4.0/../../../../avr/lib/avr6\libm.a(fp_zero.o)
                              c:/program files (x86)/atmel/studio/7.0/toolchain/avr8/avr8-gnu-toolchain/bin/../lib/gcc/avr/5.4.0/../../../../avr/lib/avr6\libm.a(addsf3x.o) (__fp_zero)
c:/program files (x86)/atmel/studio/7.0/toolchain/avr8/avr8-gnu-toolchain/bin/../lib/gcc/avr/5.4.0/../../../../avr/lib/avr6\libm.a(gesf2.o)
                              Utils/Print.o (__gtsf2)
c:/program files (x86)/atmel/studio/7.0/toolchain/avr8/avr8-gnu-toolchain/bin/../lib/gcc/avr/5.4.0/../../../../avr/lib/avr6\libm.a(mulsf3.o)
                              BNO055/Adafruit_BNO055.o (__mulsf3)
c:/program files (x86)/atmel/studio/7.0/toolchain/avr8/avr8-gnu-toolchain/bin/../lib/gcc/avr/5.4.0/../../../../avr/lib/avr6\libm.a(mulsf3x.o)
[...]
Memory Configuration

Name             Origin             Length             Attributes
text             0x00000000         0x00100000         xr
data             0x00800200         0x0000fe00         rw !x
eeprom           0x00810000         0x00010000         rw !x
fuse             0x00820000         0x00000003         rw !x
lock             0x00830000         0x00000400         rw !x
signature        0x00840000         0x00000400         rw !x
user_signatures  0x00850000         0x00000400         rw !x
*default*        0x00000000         0xffffffff

Linker script and memory map

Address of section .data set to 0x800200
LOAD C:/Program Files (x86)/Atmel/Studio/7.0/Packs/atmel/ATmega_DFP/1.2.209/gcc/dev/atmega2560/avr6/crtatmega2560.o
LOAD BNO055/Adafruit_BNO055.o
LOAD BNO055/Adafruit_Sensor.o
LOAD Commands.o
LOAD EtherCardModified/enc28j60.o
LOAD EtherCardModified/EtherCard.o
LOAD EtherCardModified/tcpip.o
LOAD EtherCardModified/udpserver.o
LOAD EtherCardModified/webutil.o
LOAD EtherComm.o
LOAD main.o
LOAD Peripherals/HardwareSerial.o
LOAD Peripherals/HardwareSerial0.o
LOAD Peripherals/HardwareSerial1.o
LOAD Peripherals/HardwareSerial2.o
LOAD Peripherals/HardwareSerial3.o
LOAD Peripherals/twi.o
LOAD Peripherals/Wire.o
LOAD Robot.o
LOAD Sensors/ImuSensor.o
LOAD TestIMU.o
LOAD Timer1.o
LOAD Utils/Print.o
LOAD Utils/Stream.o
START GROUP
LOAD c:/program files (x86)/atmel/studio/7.0/toolchain/avr8/avr8-gnu-toolchain/bin/../lib/gcc/avr/5.4.0/../../../../avr/lib/avr6\libm.a
END GROUP
LOAD c:/program files (x86)/atmel/studio/7.0/toolchain/avr8/avr8-gnu-toolchain/bin/../lib/gcc/avr/5.4.0/avr6\libgcc.a
LOAD c:/program files (x86)/atmel/studio/7.0/toolchain/avr8/avr8-gnu-toolchain/bin/../lib/gcc/avr/5.4.0/../../../../avr/lib/avr6\libm.a
START GROUP
LOAD c:/program files (x86)/atmel/studio/7.0/toolchain/avr8/avr8-gnu-toolchain/bin/../lib/gcc/avr/5.4.0/avr6\libgcc.a
LOAD c:/program files (x86)/atmel/studio/7.0/toolchain/avr8/avr8-gnu-toolchain/bin/../lib/gcc/avr/5.4.0/../../../../avr/lib/avr6\libm.a
LOAD c:/program files (x86)/atmel/studio/7.0/toolchain/avr8/avr8-gnu-toolchain/bin/../lib/gcc/avr/5.4.0/../../../../avr/lib/avr6\libc.a
LOAD C:/Program Files (x86)/Atmel/Studio/7.0/Packs/atmel/ATmega_DFP/1.2.209/gcc/dev/atmega2560/avr6\libatmega2560.a
END GROUP
                0x00100000                __TEXT_REGION_LENGTH__ = DEFINED (__TEXT_REGION_LENGTH__)?__TEXT_REGION_LENGTH__:0x100000
                0x0000fe00                __DATA_REGION_LENGTH__ = DEFINED (__DATA_REGION_LENGTH__)?__DATA_REGION_LENGTH__:0xfe00
                0x00010000                __EEPROM_REGION_LENGTH__ = DEFINED (__EEPROM_REGION_LENGTH__)?__EEPROM_REGION_LENGTH__:0x10000
                [0x00000003]                __FUSE_REGION_LENGTH__ = DEFINED (__FUSE_REGION_LENGTH__)?__FUSE_REGION_LENGTH__:0x400
                0x00000400                __LOCK_REGION_LENGTH__ = DEFINED (__LOCK_REGION_LENGTH__)?__LOCK_REGION_LENGTH__:0x400
                0x00000400                __SIGNATURE_REGION_LENGTH__ = DEFINED (__SIGNATURE_REGION_LENGTH__)?__SIGNATURE_REGION_LENGTH__:0x400
                0x00000400                __USER_SIGNATURE_REGION_LENGTH__ = DEFINED (__USER_SIGNATURE_REGION_LENGTH__)?__USER_SIGNATURE_REGION_LENGTH__:0x400

.hash
 *(.hash)

.dynsym
 *(.dynsym)

.dynstr
 *(.dynstr)

.gnu.version
 *(.gnu.version)

.gnu.version_d
 *(.gnu.version_d)

.gnu.version_r
 *(.gnu.version_r)

.rel.init
 *(.rel.init)

.rela.init
 *(.rela.init)

.rel.text
 *(.rel.text)
 *(.rel.text.*)
 *(.rel.gnu.linkonce.t*)

.rela.text
 *(.rela.text)
 *(.rela.text.*)
 *(.rela.gnu.linkonce.t*)

.rel.fini
 *(.rel.fini)

.rela.fini
 *(.rela.fini)

.rel.rodata
 *(.rel.rodata)
 *(.rel.rodata.*)
 *(.rel.gnu.linkonce.r*)

.rela.rodata
 *(.rela.rodata)
 *(.rela.rodata.*)
 *(.rela.gnu.linkonce.r*)

.rel.data
 *(.rel.data)
 *(.rel.data.*)
 *(.rel.gnu.linkonce.d*)

.rela.data
 *(.rela.data)
 *(.rela.data.*)
 *(.rela.gnu.linkonce.d*)

.rel.ctors
 *(.rel.ctors)

.rela.ctors
 *(.rela.ctors)

.rel.dtors
 *(.rel.dtors)

.rela.dtors
 *(.rela.dtors)

.rel.got
 *(.rel.got)

.rela.got
 *(.rela.got)

.rel.bss
 *(.rel.bss)

.rela.bss
 *(.rela.bss)

.rel.plt
 *(.rel.plt)

.rela.plt
 *(.rela.plt)

.text           0x00000000     0x3c5e
 *(.vectors)
 .vectors       0x00000000       0xe4 C:/Program Files (x86)/Atmel/Studio/7.0/Packs/atmel/ATmega_DFP/1.2.209/gcc/dev/atmega2560/avr6/crtatmega2560.o
                0x00000000                __vector_default
                0x00000000                __vectors
 *(.vectors)
 *(.progmem.gcc*)
 .progmem.gcc_sw_table.__vector_39
                0x000000e4      0x192 Peripherals/twi.o
                0x00000276                . = ALIGN (0x2)
                0x00000276                __trampolines_start = .
 *(.trampolines)
 .trampolines   0x00000276        0x0 linker stubs
 *(.trampolines*)
                0x00000276                __trampolines_end = .
 *libprintf_flt.a:*(.progmem.data)
 *libc.a:*(.progmem.data)
 *(.progmem*)
 .progmem.data._ZL5iphdr
                0x00000276        0x9 EtherCardModified/tcpip.o
 .progmem.data._ZL9arpreqhdr
                0x0000027f        0x8 EtherCardModified/tcpip.o
                0x00000288                . = ALIGN (0x2)
 *fill*         0x00000287        0x1 
 *(.jumptables)
 *(.jumptables*)
 *(.lowtext)
 *(.lowtext*)
                0x00000288                __ctors_start = .
 *(.ctors)
 .ctors         0x00000288        0x2 Commands.o
 .ctors         0x0000028a        0x2 Peripherals/HardwareSerial0.o
 .ctors         0x0000028c        0x2 Peripherals/HardwareSerial1.o
 .ctors         0x0000028e        0x2 Peripherals/HardwareSerial2.o
 .ctors         0x00000290        0x2 Peripherals/HardwareSerial3.o
 .ctors         0x00000292        0x2 Peripherals/Wire.o
 .ctors         0x00000294        0x2 Robot.o
 .ctors         0x00000296        0x2 TestIMU.o
                0x00000298                __ctors_end = .
                0x00000298                __dtors_start = .
 *(.dtors)
                0x00000298                __dtors_end = .
 SORT(*)(.ctors)
 SORT(*)(.dtors)
 *(.init0)
 .init0         0x00000298        0x0 C:/Program Files (x86)/Atmel/Studio/7.0/Packs/atmel/ATmega_DFP/1.2.209/gcc/dev/atmega2560/avr6/crtatmega2560.o
                0x00000298                __init
 *(.init0)
 *(.init1)
 *(.init1)
 *(.init2)
 .init2         0x00000298       0x10 C:/Program Files (x86)/Atmel/Studio/7.0/Packs/atmel/ATmega_DFP/1.2.209/gcc/dev/atmega2560/avr6/crtatmega2560.o
 *(.init2)
 *(.init3)
 *(.init3)
 *(.init4)
 .init4         0x000002a8       0x1a c:/program files (x86)/atmel/studio/7.0/toolchain/avr8/avr8-gnu-toolchain/bin/../lib/gcc/avr/5.4.0/avr6\libgcc.a(_copy_data.o)
                0x000002a8                __do_copy_data
 .init4         0x000002c2       0x10 c:/program files (x86)/atmel/studio/7.0/toolchain/avr8/avr8-gnu-toolchain/bin/../lib/gcc/avr/5.4.0/avr6\libgcc.a(_clear_bss.o)
                0x000002c2                __do_clear_bss
 *(.init4)
 *(.init5)
 *(.init5)
 *(.init6)
 .init6         0x000002d2       0x20 c:/program files (x86)/atmel/studio/7.0/toolchain/avr8/avr8-gnu-toolchain/bin/../lib/gcc/avr/5.4.0/avr6\libgcc.a(_ctors.o)
                0x000002d2                __do_global_ctors
 *(.init6)
 *(.init7)
 *(.init7)
 *(.init8)
 *(.init8)
 *(.init9)
 .init9         0x000002f2        0x8 C:/Program Files (x86)/Atmel/Studio/7.0/Packs/atmel/ATmega_DFP/1.2.209/gcc/dev/atmega2560/avr6/crtatmega2560.o
 *(.init9)
 *(.text)
 .text          0x000002fa        0x2 C:/Program Files (x86)/Atmel/Studio/7.0/Packs/atmel/ATmega_DFP/1.2.209/gcc/dev/atmega2560/avr6/crtatmega2560.o
                0x000002fa                __vector_38
                0x000002fa                __vector_22
                0x000002fa                __vector_28
                0x000002fa                __vector_1
                0x000002fa                __vector_32
                0x000002fa                __vector_34
                0x000002fa                __vector_24
                0x000002fa                __vector_12
                0x000002fa                __vector_46
                0x000002fa                __bad_interrupt
                0x000002fa                __vector_6
                0x000002fa                __vector_31
                0x000002fa                __vector_35
                0x000002fa                __vector_3
                0x000002fa                __vector_23
                0x000002fa                __vector_30
                0x000002fa                __vector_45
                0x000002fa                __vector_11
                0x000002fa                __vector_13
                0x000002fa                __vector_17
                0x000002fa                __vector_19
                0x000002fa                __vector_56
                0x000002fa                __vector_7
                0x000002fa                __vector_49
                0x000002fa                __vector_41
                0x000002fa                __vector_43
                0x000002fa                __vector_27
                0x000002fa                __vector_5
                0x000002fa                __vector_33
                0x000002fa                __vector_47
                0x000002fa                __vector_4
                0x000002fa                __vector_44
                0x000002fa                __vector_9
                0x000002fa                __vector_2
                0x000002fa                __vector_21
                0x000002fa                __vector_15
                0x000002fa                __vector_29
                0x000002fa                __vector_40
                0x000002fa                __vector_8
                0x000002fa                __vector_48
                0x000002fa                __vector_14
                0x000002fa                __vector_53
                0x000002fa                __vector_10
                0x000002fa                __vector_50
                0x000002fa                __vector_16
                0x000002fa                __vector_18
                0x000002fa                __vector_20
                0x000002fa                __vector_42
                0x000002fc                . = ALIGN (0x2)
 *(.text.*)
 .text._ZN15Adafruit_Sensor15enableAutoRangeEb
                0x000002fc        0x2 BNO055/Adafruit_BNO055.o
                0x000002fc                _ZN15Adafruit_Sensor15enableAutoRangeEb
 .text._ZN15Adafruit_BNO0559getSensorEP8sensor_t
                0x000002fe       0x8a BNO055/Adafruit_BNO055.o
                0x000002fe                _ZN15Adafruit_BNO0559getSensorEP8sensor_t
 .text._ZN15Adafruit_BNO055C2ElhP7TwoWire
                0x00000388       0x22 BNO055/Adafruit_BNO055.o
                0x00000388                _ZN15Adafruit_BNO055C1ElhP7TwoWire
                0x00000388                _ZN15Adafruit_BNO055C2ElhP7TwoWire
 .text._ZN15Adafruit_BNO0556write8ENS_21adafruit_bno055_reg_tEh
                0x000003aa       0x54 BNO055/Adafruit_BNO055.o
                0x000003aa                _ZN15Adafruit_BNO0556write8ENS_21adafruit_bno055_reg_tEh
 .text._ZN15Adafruit_BNO0557setModeENS_24adafruit_bno055_opmode_tE
                0x000003fe       0x1e BNO055/Adafruit_BNO055.o
                0x000003fe                _ZN15Adafruit_BNO0557setModeENS_24adafruit_bno055_opmode_tE
 .text._ZN15Adafruit_BNO0555read8ENS_21adafruit_bno055_reg_tE
                0x0000041c       0x56 BNO055/Adafruit_BNO055.o
                0x0000041c                _ZN15Adafruit_BNO0555read8ENS_21adafruit_bno055_reg_tE
 .text._ZN15Adafruit_BNO0555beginENS_24adafruit_bno055_opmode_tE
                0x00000472       0xda BNO055/Adafruit_BNO055.o
                0x00000472                _ZN15Adafruit_BNO0555beginENS_24adafruit_bno055_opmode_tE
 .text._ZN15Adafruit_BNO0557getTempEv
                0x0000054c        0x6 BNO055/Adafruit_BNO055.o
                0x0000054c                _ZN15Adafruit_BNO0557getTempEv
 .text._ZN15Adafruit_BNO0557readLenENS_21adafruit_bno055_reg_tEPhh
                0x00000552       0xa6 BNO055/Adafruit_BNO055.o
                0x00000552                _ZN15Adafruit_BNO0557readLenENS_21adafruit_bno055_reg_tEPhh
 .text._ZN15Adafruit_BNO0559getVectorENS_22adafruit_vector_type_tE
                0x000005f8      0x32c BNO055/Adafruit_BNO055.o
                0x000005f8                _ZN15Adafruit_BNO0559getVectorENS_22adafruit_vector_type_tE
 .text._ZN15Adafruit_BNO0558getEventEP15sensors_event_t
                0x00000924       0xae BNO055/Adafruit_BNO055.o
                0x00000924                _ZN15Adafruit_BNO0558getEventEP15sensors_event_t
 .text._ZN15Adafruit_BNO0558getEventEP15sensors_event_tNS_22adafruit_vector_type_tE
                0x000009d2      0x3c0 BNO055/Adafruit_BNO055.o
                0x000009d2                _ZN15Adafruit_BNO0558getEventEP15sensors_event_tNS_22adafruit_vector_type_tE
 .text._Z14RunPingCommandPKhh
                0x00000d92       0x1a Commands.o
                0x00000d92                _Z14RunPingCommandPKhh
 .text._Z14RunEchoCommandPKhh
                0x00000dac       0x28 Commands.o
                0x00000dac                _Z14RunEchoCommandPKhh
 .text._Z13RunLedCommandPKhh
                0x00000dd4       0x1a Commands.o
                0x00000dd4                _Z13RunLedCommandPKhh
 .text._Z22RunUpdateDeviceCommandPKhh
                0x00000dee       0x36 Commands.o
                0x00000dee                _Z22RunUpdateDeviceCommandPKhh
 .text._ZN9EtherComm15CommandReceivedEhPKhh
                0x00000e24       0x32 Commands.o
                0x00000e24                _ZN9EtherComm15CommandReceivedEhPKhh
 .text._GLOBAL__sub_I__Z14RunPingCommandPKhh
                0x00000e56       0x14 Commands.o
 .text._ZL10enableChipv
                0x00000e6a       0x18 EtherCardModified/enc28j60.o
 .text._ZL11disableChipv
                0x00000e82       0x16 EtherCardModified/enc28j60.o
 .text._ZL7xferSPIh
                0x00000e98        0xa EtherCardModified/enc28j60.o
 .text._ZL7writeOphhh
                0x00000ea2       0x24 EtherCardModified/enc28j60.o
 .text._ZL7readBufjPh
                0x00000ec6       0x4e EtherCardModified/enc28j60.o
 .text._ZL8writeBufjPKh
                0x00000f14       0x4e EtherCardModified/enc28j60.o
 .text._ZL7SetBankh
                0x00000f62       0x4a EtherCardModified/enc28j60.o
 .text._ZL11readRegByteh
                0x00000fac       0x24 EtherCardModified/enc28j60.o
 .text._ZL12writeRegBytehh
                0x00000fd0       0x18 EtherCardModified/enc28j60.o
 .text._ZL8writeReghj
                0x00000fe8       0x18 EtherCardModified/enc28j60.o
 .text._ZL8writePhyhj
                0x00001000       0x20 EtherCardModified/enc28j60.o
 .text._ZN8ENC28J607initSPIEv
                0x00001020       0x1c EtherCardModified/enc28j60.o
                0x00001020                _ZN8ENC28J607initSPIEv
 .text._ZN8ENC28J6010initializeEjPKhRVhS3_h
                0x0000103c      0x12c EtherCardModified/enc28j60.o
                0x0000103c                _ZN8ENC28J6010initializeEjPKhRVhS3_h
 .text._ZN8ENC28J608isLinkUpEv
                0x00001168       0x26 EtherCardModified/enc28j60.o
                0x00001168                _ZN8ENC28J608isLinkUpEv
 .text._ZN8ENC28J6010packetSendEj
                0x0000118e       0x82 EtherCardModified/enc28j60.o
                0x0000118e                _ZN8ENC28J6010packetSendEj
 .text._ZN8ENC28J6013packetReceiveEv
                0x00001210       0xca EtherCardModified/enc28j60.o
                0x00001210                _ZN8ENC28J6013packetReceiveEv
 .text._ZN9EtherCard5beginEPKhRVhS3_h
                0x000012da       0x46 EtherCardModified/EtherCard.o
                0x000012da                _ZN9EtherCard5beginEPKhRVhS3_h
 .text._ZN9EtherCard11staticSetupEPKhS1_S1_S1_
                0x00001320       0x60 EtherCardModified/EtherCard.o
                0x00001320                _ZN9EtherCard11staticSetupEPKhS1_S1_S1_
 .text._ZN5Print17availableForWriteEv
                0x00001380        0x6 EtherCardModified/tcpip.o
                0x00001380                _ZN5Print17availableForWriteEv
 .text._ZL13fill_checksumhhjh
                0x00001386       0xe2 EtherCardModified/tcpip.o
 .text._ZL6is_lanPKhS0_
                0x00001468       0x54 EtherCardModified/tcpip.o
 .text._ZL20fill_ip_hdr_checksumv
                0x000014bc       0x1e EtherCardModified/tcpip.o
 .text._ZL12make_tcpheadjh
                0x000014da       0x48 EtherCardModified/tcpip.o
 .text._ZL30make_tcp_ack_with_data_noflagsj
                0x00001522       0x38 EtherCardModified/tcpip.o
 .text._ZL7setMACsPKh
                0x0000155a       0x14 EtherCardModified/tcpip.o
 .text._ZL11make_eth_ipv
                0x0000156e       0x1e EtherCardModified/tcpip.o
 .text._ZL21make_tcp_ack_from_anyih
                0x0000158c       0x46 EtherCardModified/tcpip.o
 .text._ZL12setMACandIPsPKhS0_
                0x000015d2       0x20 EtherCardModified/tcpip.o
 .text._ZL17client_arp_whohasPh
                0x000015f2       0x60 EtherCardModified/tcpip.o
 .text._ZL16client_store_macPhS_
                0x00001652       0x2c EtherCardModified/tcpip.o
 .text._ZN9EtherCard19getTcpPayloadLengthEv
                0x0000167e       0x3a EtherCardModified/tcpip.o
                0x0000167e                _ZN9EtherCard19getTcpPayloadLengthEv
 .text._ZN9EtherCard10udpPrepareEjPKhj
                0x000016b8       0xa4 EtherCardModified/tcpip.o
                0x000016b8                _ZN9EtherCard10udpPrepareEjPKhj
 .text._ZN9EtherCard11udpTransmitEj
                0x0000175c       0x40 EtherCardModified/tcpip.o
                0x0000175c                _ZN9EtherCard11udpTransmitEj
 .text._ZN9EtherCard7sendUdpEPKhjjS1_j
                0x0000179c       0x30 EtherCardModified/tcpip.o
                0x0000179c                _ZN9EtherCard7sendUdpEPKhjjS1_j
 .text._ZN9EtherCard7setGwIpEPKh
                0x000017cc       0x18 EtherCardModified/tcpip.o
                0x000017cc                _ZN9EtherCard7setGwIpEPKh
 .text._ZN9EtherCard22updateBroadcastAddressEv
                0x000017e4       0x2a EtherCardModified/tcpip.o
                0x000017e4                _ZN9EtherCard22updateBroadcastAddressEv
 .text._ZN9EtherCard6acceptEjj
                0x0000180e       0xfc EtherCardModified/tcpip.o
                0x0000180e                _ZN9EtherCard6acceptEjj
 .text._ZN9EtherCard10packetLoopEj
                0x0000190a      0x59e EtherCardModified/tcpip.o
                0x0000190a                _ZN9EtherCard10packetLoopEj
 .text._ZN9EtherCard21udpServerListenOnPortEPFvjPhjPKcjEj
                0x00001ea8       0x34 EtherCardModified/udpserver.o
                0x00001ea8                _ZN9EtherCard21udpServerListenOnPortEPFvjPhjPKcjEj
 .text._ZN9EtherCard18udpServerListeningEv
                0x00001edc        0xe EtherCardModified/udpserver.o
                0x00001edc                _ZN9EtherCard18udpServerListeningEv
 .text._ZN9EtherCard27udpServerHasProcessedPacketEj
                0x00001eea       0xc6 EtherCardModified/udpserver.o
                0x00001eea                _ZN9EtherCard27udpServerHasProcessedPacketEj
 .text._ZN9EtherCard6copyIpEPhPKh
                0x00001fb0       0x1a EtherCardModified/webutil.o
                0x00001fb0                _ZN9EtherCard6copyIpEPhPKh
 .text._ZN9EtherCard7copyMacEPhPKh
                0x00001fca       0x10 EtherCardModified/webutil.o
                0x00001fca                _ZN9EtherCard7copyMacEPhPKh
 .text._ZN9EtherComm13CheckChecksumEPKch
                0x00001fda       0x38 EtherComm.o
                0x00001fda                _ZN9EtherComm13CheckChecksumEPKch
 .text._Z10udpReceivejPhjPKcj
                0x00002012       0x44 EtherComm.o
                0x00002012                _Z10udpReceivejPhjPKcj
 .text._ZN9EtherComm5beginEjjRVhS1_h
                0x00002056       0x52 EtherComm.o
                0x00002056                _ZN9EtherComm5beginEjjRVhS1_h
 .text._ZN9EtherComm11SendCommandEhh
                0x000020a8       0x84 EtherComm.o
                0x000020a8                _ZN9EtherComm11SendCommandEhh
 .text.main     0x0000212c       0x78 main.o
                0x0000212c                main
 .text._ZN14HardwareSerial9availableEv
                0x000021a4       0x18 Peripherals/HardwareSerial.o
                0x000021a4                _ZN14HardwareSerial9availableEv
 .text._ZN14HardwareSerial4peekEv
                0x000021bc       0x1c Peripherals/HardwareSerial.o
                0x000021bc                _ZN14HardwareSerial4peekEv
 .text._ZN14HardwareSerial4readEv
                0x000021d8       0x28 Peripherals/HardwareSerial.o
                0x000021d8                _ZN14HardwareSerial4readEv
 .text._ZN14HardwareSerial17availableForWriteEv
                0x00002200       0x24 Peripherals/HardwareSerial.o
                0x00002200                _ZN14HardwareSerial17availableForWriteEv
 .text._ZN14HardwareSerial17_tx_udr_empty_irqEv
                0x00002224       0x56 Peripherals/HardwareSerial.o
                0x00002224                _ZN14HardwareSerial17_tx_udr_empty_irqEv
 .text._ZN14HardwareSerial5flushEv
                0x0000227a       0x46 Peripherals/HardwareSerial.o
                0x0000227a                _ZN14HardwareSerial5flushEv
 .text._ZN14HardwareSerial5writeEh
                0x000022c0       0xa8 Peripherals/HardwareSerial.o
                0x000022c0                _ZN14HardwareSerial5writeEh
 .text._ZN14HardwareSerial5beginEmh
                0x00002368       0xca Peripherals/HardwareSerial.o
                0x00002368                _ZN14HardwareSerial5beginEmh
 .text.__vector_25
                0x00002432       0x78 Peripherals/HardwareSerial0.o
                0x00002432                __vector_25
 .text.__vector_26
                0x000024aa       0x52 Peripherals/HardwareSerial0.o
                0x000024aa                __vector_26
 .text._GLOBAL__sub_I___vector_25
                0x000024fc       0x46 Peripherals/HardwareSerial0.o
 .text.__vector_36
                0x00002542       0x78 Peripherals/HardwareSerial1.o
                0x00002542                __vector_36
 .text.__vector_37
                0x000025ba       0x52 Peripherals/HardwareSerial1.o
                0x000025ba                __vector_37
 .text._GLOBAL__sub_I___vector_36
                0x0000260c       0x46 Peripherals/HardwareSerial1.o
 .text.__vector_51
                0x00002652       0x78 Peripherals/HardwareSerial2.o
                0x00002652                __vector_51
 .text.__vector_52
                0x000026ca       0x52 Peripherals/HardwareSerial2.o
                0x000026ca                __vector_52
 .text._GLOBAL__sub_I___vector_51
                0x0000271c       0x46 Peripherals/HardwareSerial2.o
 .text.__vector_54
                0x00002762       0x78 Peripherals/HardwareSerial3.o
                0x00002762                __vector_54
 .text.__vector_55
                0x000027da       0x52 Peripherals/HardwareSerial3.o
                0x000027da                __vector_55
 .text._GLOBAL__sub_I___vector_54
                0x0000282c       0x46 Peripherals/HardwareSerial3.o
 .text.twi_init
                0x00002872       0x32 Peripherals/twi.o
                0x00002872                twi_init
 .text.twi_readFrom
                0x000028a4       0xa4 Peripherals/twi.o
                0x000028a4                twi_readFrom
 .text.twi_writeTo
                0x00002948       0xc6 Peripherals/twi.o
                0x00002948                twi_writeTo
 .text.twi_transmit
                0x00002a0e       0x54 Peripherals/twi.o
                0x00002a0e                twi_transmit
 .text.twi_attachSlaveRxEvent
                0x00002a62        0xa Peripherals/twi.o
                0x00002a62                twi_attachSlaveRxEvent
 .text.twi_attachSlaveTxEvent
                0x00002a6c        0xa Peripherals/twi.o
                0x00002a6c                twi_attachSlaveTxEvent
 .text.twi_stop
                0x00002a76       0x16 Peripherals/twi.o
                0x00002a76                twi_stop
 .text.twi_releaseBus
                0x00002a8c        0xc Peripherals/twi.o
                0x00002a8c                twi_releaseBus
 .text.__vector_39
                0x00002a98      0x23a Peripherals/twi.o
                0x00002a98                __vector_39
 .text._ZN7TwoWire9availableEv
                0x00002cd2       0x10 Peripherals/Wire.o
                0x00002cd2                _ZN7TwoWire9availableEv
 .text._ZN7TwoWire4readEv
                0x00002ce2       0x28 Peripherals/Wire.o
                0x00002ce2                _ZN7TwoWire4readEv
 .text._ZN7TwoWire4peekEv
                0x00002d0a       0x1e Peripherals/Wire.o
                0x00002d0a                _ZN7TwoWire4peekEv
 .text._ZN7TwoWire5flushEv
                0x00002d28        0x2 Peripherals/Wire.o
                0x00002d28                _ZN7TwoWire5flushEv
 .text._ZN7TwoWire16onReceiveServiceEPhi
                0x00002d2a       0x58 Peripherals/Wire.o
                0x00002d2a                _ZN7TwoWire16onReceiveServiceEPhi
 .text._ZN7TwoWire16onRequestServiceEv
                0x00002d82       0x18 Peripherals/Wire.o
                0x00002d82                _ZN7TwoWire16onRequestServiceEv
 .text._ZN7TwoWire5writeEh
                0x00002d9a       0x54 Peripherals/Wire.o
                0x00002d9a                _ZN7TwoWire5writeEh
 .text._ZN7TwoWire5writeEPKhj
                0x00002dee       0x5e Peripherals/Wire.o
                0x00002dee                _ZN7TwoWire5writeEPKhj
 .text._ZN7TwoWire5beginEv
                0x00002e4c       0x20 Peripherals/Wire.o
                0x00002e4c                _ZN7TwoWire5beginEv
 .text._ZN7TwoWire17beginTransmissionEh
                0x00002e6c       0x14 Peripherals/Wire.o
                0x00002e6c                _ZN7TwoWire17beginTransmissionEh
 .text._ZN7TwoWire15endTransmissionEh
                0x00002e80       0x24 Peripherals/Wire.o
                0x00002e80                _ZN7TwoWire15endTransmissionEh
 .text._ZN7TwoWire11requestFromEhhmhh
                0x00002ea4       0xac Peripherals/Wire.o
                0x00002ea4                _ZN7TwoWire11requestFromEhhmhh
 .text._ZN7TwoWire11requestFromEhhh
                0x00002f50       0x1e Peripherals/Wire.o
                0x00002f50                _ZN7TwoWire11requestFromEhhh
 .text._ZN7TwoWire11requestFromEhh
                0x00002f6e        0x6 Peripherals/Wire.o
                0x00002f6e                _ZN7TwoWire11requestFromEhh
 .text._ZN7TwoWire15endTransmissionEv
                0x00002f74        0x6 Peripherals/Wire.o
                0x00002f74                _ZN7TwoWire15endTransmissionEv
 .text._GLOBAL__sub_I__ZN7TwoWire8rxBufferE
                0x00002f7a        0xe Peripherals/Wire.o
 .text._ZN13DigitalSensor14IsValidRequestEPKhh
                0x00002f88        0x8 Robot.o
                0x00002f88                _ZN13DigitalSensor14IsValidRequestEPKhh
 .text._ZN13DigitalSensor15UpdateRequestedEPh
                0x00002f90       0x1e Robot.o
                0x00002f90                _ZN13DigitalSensor15UpdateRequestedEPh
 .text._ZN7ISensor6UpdateEPKhh
                0x00002fae       0x44 Robot.o
                0x00002fae                _ZN7ISensor6UpdateEPKhh
 .text._ZN5Robot6SetLedEb
                0x00002ff2        0xc Robot.o
                0x00002ff2                _ZN5Robot6SetLedEb
 .text._ZN5Robot14RegisterDeviceER7ISensor
                0x00002ffe       0x28 Robot.o
                0x00002ffe                _ZN5Robot14RegisterDeviceER7ISensor
 .text._ZN5Robot15RegisterDevicesEv
                0x00003026       0x10 Robot.o
                0x00003026                _ZN5Robot15RegisterDevicesEv
 .text._ZN5Robot5beginEv
                0x00003036        0x6 Robot.o
                0x00003036                _ZN5Robot5beginEv
 .text._GLOBAL__sub_I__ZN5Robot7devicesE
                0x0000303c       0x50 Robot.o
 .text._ZN9ImuSensor14IsValidRequestEPKhh
                0x0000308c        0x8 Sensors/ImuSensor.o
                0x0000308c                _ZN9ImuSensor14IsValidRequestEPKhh
 .text._ZN9ImuSensor15UpdateRequestedEPh
                0x00003094       0x16 Sensors/ImuSensor.o
                0x00003094                _ZN9ImuSensor15UpdateRequestedEPh
 .text._Z10printEventP15sensors_event_t
                0x000030aa      0x156 TestIMU.o
                0x000030aa                _Z10printEventP15sensors_event_t
 .text._Z5setupv
                0x00003200       0x42 TestIMU.o
                0x00003200                _Z5setupv
 .text._Z4loopv
                0x00003242       0xa8 TestIMU.o
                0x00003242                _Z4loopv
 .text._Z7TestIMUv
                0x000032ea       0x16 TestIMU.o
                0x000032ea                _Z7TestIMUv
 .text._GLOBAL__sub_I_bno
                0x00003300       0x20 TestIMU.o
 .text._ZN5Print5writeEPKhj
                0x00003320       0x5e Utils/Print.o
                0x00003320                _ZN5Print5writeEPKhj
 .text._ZN5Print5printEPKc
                0x0000337e       0x2c Utils/Print.o
                0x0000337e                _ZN5Print5printEPKc
 .text._ZN5Print5printEc
                0x000033aa       0x10 Utils/Print.o
                0x000033aa                _ZN5Print5printEc
 .text._ZN5Print7printlnEv
                0x000033ba       0x18 Utils/Print.o
                0x000033ba                _ZN5Print7printlnEv
 .text._ZN5Print7printlnEPKc
                0x000033d2       0x20 Utils/Print.o
                0x000033d2                _ZN5Print7printlnEPKc
 .text._ZN5Print11printNumberEmh
                0x000033f2       0xba Utils/Print.o
                0x000033f2                _ZN5Print11printNumberEmh
 .text._ZN5Print5printEli
                0x000034ac       0x7a Utils/Print.o
                0x000034ac                _ZN5Print5printEli
 .text._ZN5Print5printEii
                0x00003526        0xe Utils/Print.o
                0x00003526                _ZN5Print5printEii
 .text._ZN5Print7printlnEii
                0x00003534       0x20 Utils/Print.o
                0x00003534                _ZN5Print7printlnEii
 .text._ZN5Print5printEmi
                0x00003554       0x1e Utils/Print.o
                0x00003554                _ZN5Print5printEmi
 .text._ZN5Print5printEji
                0x00003572        0xc Utils/Print.o
                0x00003572                _ZN5Print5printEji
 .text._ZN5Print10printFloatEdh
                0x0000357e      0x1e8 Utils/Print.o
                0x0000357e                _ZN5Print10printFloatEdh
 .text._ZN5Print5printEdi
                0x00003766        0x6 Utils/Print.o
                0x00003766                _ZN5Print5printEdi
 .text._ZN5Print7printlnEdi
                0x0000376c       0x1c Utils/Print.o
                0x0000376c                _ZN5Print7printlnEdi
 .text.avr-libc.fplib
                0x00003788        0xa c:/program files (x86)/atmel/studio/7.0/toolchain/avr8/avr8-gnu-toolchain/bin/../lib/gcc/avr/5.4.0/../../../../avr/lib/avr6\libm.a(addsf3.o)
                0x00003788                __subsf3
                0x0000378a                __addsf3
 .text.avr-libc.fplib
                0x00003792       0xc0 c:/program files (x86)/atmel/studio/7.0/toolchain/avr8/avr8-gnu-toolchain/bin/../lib/gcc/avr/5.4.0/../../../../avr/lib/avr6\libm.a(addsf3x.o)
                0x000037ac                __addsf3x
 .text.avr-libc.fplib
                0x00003852        0x8 c:/program files (x86)/atmel/studio/7.0/toolchain/avr8/avr8-gnu-toolchain/bin/../lib/gcc/avr/5.4.0/../../../../avr/lib/avr6\libm.a(cmpsf2.o)
                0x00003852                __nesf2
                0x00003852                __eqsf2
                0x00003852                __cmpsf2
                0x00003852                __ltsf2
                0x00003852                __lesf2
 .text.avr-libc.fplib
                0x0000385a        0x4 c:/program files (x86)/atmel/studio/7.0/toolchain/avr8/avr8-gnu-toolchain/bin/../lib/gcc/avr/5.4.0/../../../../avr/lib/avr6\libm.a(divsf3.o)
                0x0000385a                __divsf3
 .text.avr-libc.fplib
                0x0000385e       0xcc c:/program files (x86)/atmel/studio/7.0/toolchain/avr8/avr8-gnu-toolchain/bin/../lib/gcc/avr/5.4.0/../../../../avr/lib/avr6\libm.a(divsf3x.o)
                0x00003874                __divsf3x
                0x00003878                __divsf3_pse
 .text.avr-libc.fplib
                0x0000392a       0x58 c:/program files (x86)/atmel/studio/7.0/toolchain/avr8/avr8-gnu-toolchain/bin/../lib/gcc/avr/5.4.0/../../../../avr/lib/avr6\libm.a(fixunssfsi.o)
                0x0000392a                __fixunssfsi
 .text.avr-libc.fplib
                0x00003982       0x7a c:/program files (x86)/atmel/studio/7.0/toolchain/avr8/avr8-gnu-toolchain/bin/../lib/gcc/avr/5.4.0/../../../../avr/lib/avr6\libm.a(floatsisf.o)
                0x00003982                __floatunsisf
                0x00003986                __floatsisf
 .text.avr-libc.fplib
                0x000039fc       0x48 c:/program files (x86)/atmel/studio/7.0/toolchain/avr8/avr8-gnu-toolchain/bin/../lib/gcc/avr/5.4.0/../../../../avr/lib/avr6\libm.a(fp_cmp.o)
                0x000039fc                __fp_cmp
 .text.avr-libc.fplib
                0x00003a44        0xc c:/program files (x86)/atmel/studio/7.0/toolchain/avr8/avr8-gnu-toolchain/bin/../lib/gcc/avr/5.4.0/../../../../avr/lib/avr6\libm.a(fp_inf.o)
                0x00003a44                __fp_inf
 .text.avr-libc.fplib
                0x00003a50        0x6 c:/program files (x86)/atmel/studio/7.0/toolchain/avr8/avr8-gnu-toolchain/bin/../lib/gcc/avr/5.4.0/../../../../avr/lib/avr6\libm.a(fp_nan.o)
                0x00003a50                __fp_nan
 .text.avr-libc.fplib
                0x00003a56        0xe c:/program files (x86)/atmel/studio/7.0/toolchain/avr8/avr8-gnu-toolchain/bin/../lib/gcc/avr/5.4.0/../../../../avr/lib/avr6\libm.a(fp_pscA.o)
                0x00003a56                __fp_pscA
 .text.avr-libc.fplib
                0x00003a64        0xe c:/program files (x86)/atmel/studio/7.0/toolchain/avr8/avr8-gnu-toolchain/bin/../lib/gcc/avr/5.4.0/../../../../avr/lib/avr6\libm.a(fp_pscB.o)
                0x00003a64                __fp_pscB
 .text.avr-libc.fplib
                0x00003a72       0x22 c:/program files (x86)/atmel/studio/7.0/toolchain/avr8/avr8-gnu-toolchain/bin/../lib/gcc/avr/5.4.0/../../../../avr/lib/avr6\libm.a(fp_round.o)
                0x00003a72                __fp_round
 .text.avr-libc.fplib
                0x00003a94       0x44 c:/program files (x86)/atmel/studio/7.0/toolchain/avr8/avr8-gnu-toolchain/bin/../lib/gcc/avr/5.4.0/../../../../avr/lib/avr6\libm.a(fp_split3.o)
                0x00003a94                __fp_split3
                0x00003aa4                __fp_splitA
 .text.avr-libc.fplib
                0x00003ad8        0xe c:/program files (x86)/atmel/studio/7.0/toolchain/avr8/avr8-gnu-toolchain/bin/../lib/gcc/avr/5.4.0/../../../../avr/lib/avr6\libm.a(fp_zero.o)
                0x00003ad8                __fp_zero
                0x00003ada                __fp_szero
 .text.avr-libc.fplib
                0x00003ae6        0x8 c:/program files (x86)/atmel/studio/7.0/toolchain/avr8/avr8-gnu-toolchain/bin/../lib/gcc/avr/5.4.0/../../../../avr/lib/avr6\libm.a(gesf2.o)
                0x00003ae6                __gesf2
                0x00003ae6                __gtsf2
 .text.avr-libc.fplib
                0x00003aee        0x4 c:/program files (x86)/atmel/studio/7.0/toolchain/avr8/avr8-gnu-toolchain/bin/../lib/gcc/avr/5.4.0/../../../../avr/lib/avr6\libm.a(mulsf3.o)
                0x00003aee                __mulsf3
 .text.avr-libc.fplib
                0x00003af2       0xc2 c:/program files (x86)/atmel/studio/7.0/toolchain/avr8/avr8-gnu-toolchain/bin/../lib/gcc/avr/5.4.0/../../../../avr/lib/avr6\libm.a(mulsf3x.o)
                0x00003b06                __mulsf3x
                0x00003b0a                __mulsf3_pse
 .text.avr-libc.fplib
                0x00003bb4        0x8 c:/program files (x86)/atmel/studio/7.0/toolchain/avr8/avr8-gnu-toolchain/bin/../lib/gcc/avr/5.4.0/../../../../avr/lib/avr6\libm.a(unordsf2.o)
                0x00003bb4                __unordsf2
 .text.libgcc.div
                0x00003bbc       0x44 c:/program files (x86)/atmel/studio/7.0/toolchain/avr8/avr8-gnu-toolchain/bin/../lib/gcc/avr/5.4.0/avr6\libgcc.a(_udivmodsi4.o)
                0x00003bbc                __udivmodsi4
 .text.libgcc   0x00003c00       0x10 c:/program files (x86)/atmel/studio/7.0/toolchain/avr8/avr8-gnu-toolchain/bin/../lib/gcc/avr/5.4.0/avr6\libgcc.a(_tablejump2.o)
                0x00003c00                __tablejump2__
 .text.avr-libc
                0x00003c10       0x12 c:/program files (x86)/atmel/studio/7.0/toolchain/avr8/avr8-gnu-toolchain/bin/../lib/gcc/avr/5.4.0/../../../../avr/lib/avr6\libc.a(memcpy_P.o)
                0x00003c10                memcpy_P
 .text.avr-libc
                0x00003c22       0x1a c:/program files (x86)/atmel/studio/7.0/toolchain/avr8/avr8-gnu-toolchain/bin/../lib/gcc/avr/5.4.0/../../../../avr/lib/avr6\libc.a(memcmp.o)
                0x00003c22                memcmp
 .text.avr-libc
                0x00003c3c       0x1e c:/program files (x86)/atmel/studio/7.0/toolchain/avr8/avr8-gnu-toolchain/bin/../lib/gcc/avr/5.4.0/../../../../avr/lib/avr6\libc.a(strncpy.o)
                0x00003c3c                strncpy
                0x00003c5a                . = ALIGN (0x2)
 *(.fini9)
 .fini9         0x00003c5a        0x0 c:/program files (x86)/atmel/studio/7.0/toolchain/avr8/avr8-gnu-toolchain/bin/../lib/gcc/avr/5.4.0/avr6\libgcc.a(_exit.o)
                0x00003c5a                _exit
                0x00003c5a                exit
 *(.fini9)
 *(.fini8)
 *(.fini8)
 *(.fini7)
 *(.fini7)
 *(.fini6)
 *(.fini6)
 *(.fini5)
 *(.fini5)
 *(.fini4)
 *(.fini4)
 *(.fini3)
 *(.fini3)
 *(.fini2)
 *(.fini2)
 *(.fini1)
 *(.fini1)
 *(.fini0)
 .fini0         0x00003c5a        0x4 c:/program files (x86)/atmel/studio/7.0/toolchain/avr8/avr8-gnu-toolchain/bin/../lib/gcc/avr/5.4.0/avr6\libgcc.a(_exit.o)
 *(.fini0)
                0x00003c5e                _etext = .

.data           0x00800200      0x16c load address 0x00003c5e
                0x00800200                PROVIDE (__data_start, .)
 *(.data)
 *(.data*)
 .data._ZN9EtherCard7hisportE
                0x00800200        0x2 EtherCardModified/EtherCard.o
                0x00800200                _ZN9EtherCard7hisportE
 .data._ZL6seqnum
                0x00800202        0x1 EtherCardModified/tcpip.o
 .data._ZL20tcpclient_src_port_l
                0x00800203        0x1 EtherCardModified/tcpip.o
 .data._ZN9EtherComm6bufferE
                0x00800204        0x2 EtherComm.o
                0x00800204                _ZN9EtherComm6bufferE
 .data._ZN9EtherComm7_destIPE
                0x00800206        0x4 EtherComm.o
                0x00800206                _ZN9EtherComm7_destIPE
 .data._ZN9EtherComm6_mymacE
                0x0080020a        0x6 EtherComm.o
                0x0080020a                _ZN9EtherComm6_mymacE
 .data._ZN9EtherComm5_gwipE
                0x00800210        0x4 EtherComm.o
                0x00800210                _ZN9EtherComm5_gwipE
 .data._ZN9EtherComm5_myipE
                0x00800214        0x4 EtherComm.o
                0x00800214                _ZN9EtherComm5_myipE
 *(.gnu.linkonce.d*)
 *(.rodata)
 *(.rodata*)
 .rodata.str1.1
                0x00800218        0x7 BNO055/Adafruit_BNO055.o
 .rodata._ZTV15Adafruit_BNO055
                0x0080021f        0xa BNO055/Adafruit_BNO055.o
                0x0080021f                _ZTV15Adafruit_BNO055
 .rodata.allOnes
                0x00800229        0x6 EtherCardModified/tcpip.o
                0x00800229                allOnes
 .rodata.str1.1
                0x0080022f       0x7f main.o
 .rodata._ZTV14HardwareSerial
                0x008002ae       0x12 Peripherals/HardwareSerial.o
                0x008002ae                _ZTV14HardwareSerial
 .rodata._ZTV7TwoWire
                0x008002c0       0x12 Peripherals/Wire.o
                0x008002c0                _ZTV7TwoWire
 .rodata._ZTV13DigitalSensor
                0x008002d2        0xa Robot.o
                0x008002d2                _ZTV13DigitalSensor
 .rodata._ZTV9ImuSensor
                0x008002dc        0xa Sensors/ImuSensor.o
                0x008002dc                _ZTV9ImuSensor
 .rodata.str1.1
                0x008002e6       0x77 TestIMU.o
                                 0x78 (size before relaxing)
 .rodata.str1.1
                0x0080035d        0xf Utils/Print.o
 *(.gnu.linkonce.r*)
                0x0080036c                . = ALIGN (0x2)
                0x0080036c                _edata = .
                0x0080036c                PROVIDE (__data_end, .)

.bss            0x0080036c      0x61f
                0x0080036c                PROVIDE (__bss_start, .)
 *(.bss)
 *(.bss*)
 .bss._ZL14SendDataBuffer
                0x0080036c        0x2 Commands.o
 .bss._ZZN8ENC28J6013packetReceiveEvE14gNextPacketPtr
                0x0080036e        0x2 EtherCardModified/enc28j60.o
 .bss._ZZN8ENC28J6013packetReceiveEvE16unreleasedPacket
                0x00800370        0x1 EtherCardModified/enc28j60.o
 .bss._ZL9selectPin
                0x00800371        0x1 EtherCardModified/enc28j60.o
 .bss._ZL10selectPort
                0x00800372        0x2 EtherCardModified/enc28j60.o
 .bss._ZL12Enc28j60Bank
                0x00800374        0x1 EtherCardModified/enc28j60.o
 .bss._ZN8ENC28J6010bufferSizeE
                0x00800375        0x2 EtherCardModified/enc28j60.o
                0x00800375                _ZN8ENC28J6010bufferSizeE
 .bss._ZN8ENC28J606bufferE
                0x00800377      0x200 EtherCardModified/EtherCard.o
                0x00800377                _ZN8ENC28J606bufferE
 .bss._ZN9EtherCard8delaycntE
                0x00800577        0x2 EtherCardModified/EtherCard.o
                0x00800577                _ZN9EtherCard8delaycntE
 .bss._ZN9EtherCard22persist_tcp_connectionE
                0x00800579        0x1 EtherCardModified/EtherCard.o
                0x00800579                _ZN9EtherCard22persist_tcp_connectionE
 .bss._ZN9EtherCard10using_dhcpE
                0x0080057a        0x1 EtherCardModified/EtherCard.o
                0x0080057a                _ZN9EtherCard10using_dhcpE
 .bss._ZN9EtherCard5hisipE
                0x0080057b        0x4 EtherCardModified/EtherCard.o
                0x0080057b                _ZN9EtherCard5hisipE
 .bss._ZN9EtherCard5dnsipE
                0x0080057f        0x4 EtherCardModified/EtherCard.o
                0x0080057f                _ZN9EtherCard5dnsipE
 .bss._ZN9EtherCard4gwipE
                0x00800583        0x4 EtherCardModified/EtherCard.o
                0x00800583                _ZN9EtherCard4gwipE
 .bss._ZN9EtherCard11broadcastipE
                0x00800587        0x4 EtherCardModified/EtherCard.o
                0x00800587                _ZN9EtherCard11broadcastipE
 .bss._ZN9EtherCard7netmaskE
                0x0080058b        0x4 EtherCardModified/EtherCard.o
                0x0080058b                _ZN9EtherCard7netmaskE
 .bss._ZN9EtherCard4myipE
                0x0080058f        0x4 EtherCardModified/EtherCard.o
                0x0080058f                _ZN9EtherCard4myipE
 .bss._ZN9EtherCard5mymacE
                0x00800593        0x6 EtherCardModified/EtherCard.o
                0x00800593                _ZN9EtherCard5mymacE
 .bss._ZL13info_data_len
                0x00800599        0x2 EtherCardModified/tcpip.o
 .bss._ZL9waitgwmac
                0x0080059b        0x1 EtherCardModified/tcpip.o
 .bss._ZL9gwmacaddr
                0x0080059c        0x6 EtherCardModified/tcpip.o
 .bss._ZL12has_dest_mac
                0x008005a2        0x1 EtherCardModified/tcpip.o
 .bss._ZL20waiting_for_dest_mac
                0x008005a3        0x1 EtherCardModified/tcpip.o
 .bss._ZL11has_dns_mac
                0x008005a4        0x1 EtherCardModified/tcpip.o
 .bss._ZL19waiting_for_dns_mac
                0x008005a5        0x1 EtherCardModified/tcpip.o
 .bss._ZL11destmacaddr
                0x008005a6        0x6 EtherCardModified/tcpip.o
 .bss._ZL7icmp_cb
                0x008005ac        0x2 EtherCardModified/tcpip.o
 .bss._ZL22client_tcp_datafill_cb
                0x008005ae        0x2 EtherCardModified/tcpip.o
 .bss._ZL20client_tcp_result_cb
                0x008005b0        0x2 EtherCardModified/tcpip.o
 .bss._ZL17tcp_client_port_l
                0x008005b2        0x1 EtherCardModified/tcpip.o
 .bss._ZL17tcp_client_port_h
                0x008005b3        0x1 EtherCardModified/tcpip.o
 .bss._ZL16tcp_client_state
                0x008005b4        0x1 EtherCardModified/tcpip.o
 .bss._ZL6tcp_fd
                0x008005b5        0x1 EtherCardModified/tcpip.o
 .bss.numListeners
                0x008005b6        0x1 EtherCardModified/udpserver.o
                0x008005b6                numListeners
 .bss.listeners
                0x008005b7       0x28 EtherCardModified/udpserver.o
                0x008005b7                listeners
 .bss._ZN9EtherComm9_destPortE
                0x008005df        0x2 EtherComm.o
                0x008005df                _ZN9EtherComm9_destPortE
 .bss._ZN9EtherComm9_recvPortE
                0x008005e1        0x2 EtherComm.o
                0x008005e1                _ZN9EtherComm9_recvPortE
 .bss.Serial    0x008005e3       0x33 Peripherals/HardwareSerial0.o
                0x008005e3                Serial
 .bss.Serial1   0x00800616       0x33 Peripherals/HardwareSerial1.o
                0x00800616                Serial1
 .bss.Serial2   0x00800649       0x33 Peripherals/HardwareSerial2.o
                0x00800649                Serial2
 .bss.Serial3   0x0080067c       0x33 Peripherals/HardwareSerial3.o
                0x0080067c                Serial3
 .bss.twi_error
                0x008006af        0x1 Peripherals/twi.o
 .bss.twi_rxBufferIndex
                0x008006b0        0x1 Peripherals/twi.o
 .bss.twi_rxBuffer
                0x008006b1       0x20 Peripherals/twi.o
 .bss.twi_txBufferLength
                0x008006d1        0x1 Peripherals/twi.o
 .bss.twi_txBufferIndex
                0x008006d2        0x1 Peripherals/twi.o
 .bss.twi_txBuffer
                0x008006d3       0x20 Peripherals/twi.o
 .bss.twi_masterBufferLength
                0x008006f3        0x1 Peripherals/twi.o
 .bss.twi_masterBufferIndex
                0x008006f4        0x1 Peripherals/twi.o
 .bss.twi_masterBuffer
                0x008006f5       0x20 Peripherals/twi.o
 .bss.twi_onSlaveReceive
                0x00800715        0x2 Peripherals/twi.o
 .bss.twi_onSlaveTransmit
                0x00800717        0x2 Peripherals/twi.o
 .bss.twi_inRepStart
                0x00800719        0x1 Peripherals/twi.o
 .bss.twi_sendStop
                0x0080071a        0x1 Peripherals/twi.o
 .bss.twi_slarw
                0x0080071b        0x1 Peripherals/twi.o
 .bss.twi_state
                0x0080071c        0x1 Peripherals/twi.o
 .bss.Wire      0x0080071d        0x2 Peripherals/Wire.o
                0x0080071d                Wire
 .bss._ZN7TwoWire14user_onReceiveE
                0x0080071f        0x2 Peripherals/Wire.o
                0x0080071f                _ZN7TwoWire14user_onReceiveE
 .bss._ZN7TwoWire14user_onRequestE
                0x00800721        0x2 Peripherals/Wire.o
                0x00800721                _ZN7TwoWire14user_onRequestE
 .bss._ZN7TwoWire12transmittingE
                0x00800723        0x1 Peripherals/Wire.o
                0x00800723                _ZN7TwoWire12transmittingE
 .bss._ZN7TwoWire14txBufferLengthE
                0x00800724        0x1 Peripherals/Wire.o
                0x00800724                _ZN7TwoWire14txBufferLengthE
 .bss._ZN7TwoWire13txBufferIndexE
                0x00800725        0x1 Peripherals/Wire.o
                0x00800725                _ZN7TwoWire13txBufferIndexE
 .bss._ZN7TwoWire8txBufferE
                0x00800726       0x20 Peripherals/Wire.o
                0x00800726                _ZN7TwoWire8txBufferE
 .bss._ZN7TwoWire9txAddressE
                0x00800746        0x1 Peripherals/Wire.o
                0x00800746                _ZN7TwoWire9txAddressE
 .bss._ZN7TwoWire14rxBufferLengthE
                0x00800747        0x1 Peripherals/Wire.o
                0x00800747                _ZN7TwoWire14rxBufferLengthE
 .bss._ZN7TwoWire13rxBufferIndexE
                0x00800748        0x1 Peripherals/Wire.o
                0x00800748                _ZN7TwoWire13rxBufferIndexE
 .bss._ZN7TwoWire8rxBufferE
                0x00800749       0x20 Peripherals/Wire.o
                0x00800749                _ZN7TwoWire8rxBufferE
 .bss.Imu       0x00800769        0xf Robot.o
                0x00800769                Imu
 .bss.BtnTest   0x00800778        0x8 Robot.o
                0x00800778                BtnTest
 .bss._ZN5Robot7devicesE
                0x00800780      0x200 Robot.o
                0x00800780                _ZN5Robot7devicesE
 .bss.bno       0x00800980        0xb TestIMU.o
                0x00800980                bno
 *(COMMON)
                0x0080098b                PROVIDE (__bss_end, .)
                0x00003c5e                __data_load_start = LOADADDR (.data)
                0x00003dca                __data_load_end = (__data_load_start + SIZEOF (.data))

.noinit         0x0080098b        0x0
                [!provide]                PROVIDE (__noinit_start, .)
 *(.noinit*)
                [!provide]                PROVIDE (__noinit_end, .)
                0x0080098b                _end = .
                [!provide]                PROVIDE (__heap_start, .)

.eeprom         0x00810000        0x0
 *(.eeprom*)
                0x00810000                __eeprom_end = .

.fuse
 *(.fuse)
 *(.lfuse)
 *(.hfuse)
 *(.efuse)

.lock
 *(.lock*)

.signature
 *(.signature*)

.user_signatures
 *(.user_signatures*)

.stab
 *(.stab)

.stabstr
 *(.stabstr)

.stab.excl
 *(.stab.excl)

.stab.exclstr
 *(.stab.exclstr)

.stab.index
 *(.stab.index)

.stab.indexstr
 *(.stab.indexstr)

.comment        0x00000000       0x30
 *(.comment)
 .comment       0x00000000       0x30 BNO055/Adafruit_BNO055.o
                                 0x31 (size before relaxing)
 .comment       0x00000030       0x31 Commands.o
 .comment       0x00000030       0x31 EtherCardModified/enc28j60.o
 .comment       0x00000030       0x31 EtherCardModified/EtherCard.o
 .comment       0x00000030       0x31 EtherCardModified/tcpip.o
 .comment       0x00000030       0x31 EtherCardModified/udpserver.o
 .comment       0x00000030       0x31 EtherCardModified/webutil.o
 .comment       0x00000030       0x31 EtherComm.o
 .comment       0x00000030       0x31 main.o
 .comment       0x00000030       0x31 Peripherals/HardwareSerial.o
 .comment       0x00000030       0x31 Peripherals/HardwareSerial0.o
 .comment       0x00000030       0x31 Peripherals/HardwareSerial1.o
 .comment       0x00000030       0x31 Peripherals/HardwareSerial2.o
 .comment       0x00000030       0x31 Peripherals/HardwareSerial3.o
 .comment       0x00000030       0x31 Peripherals/twi.o
 .comment       0x00000030       0x31 Peripherals/Wire.o
 .comment       0x00000030       0x31 Robot.o
 .comment       0x00000030       0x31 Sensors/ImuSensor.o
 .comment       0x00000030       0x31 TestIMU.o
 .comment       0x00000030       0x31 Utils/Print.o

.note.gnu.avr.deviceinfo
                0x00000000       0x40
 .note.gnu.avr.deviceinfo
                0x00000000       0x40 C:/Program Files (x86)/Atmel/Studio/7.0/Packs/atmel/ATmega_DFP/1.2.209/gcc/dev/atmega2560/avr6/crtatmega2560.o

.note.gnu.build-id
 *(.note.gnu.build-id)

.debug
 *(.debug)

.line
 *(.line)

.debug_srcinfo
 *(.debug_srcinfo)

.debug_sfnames
 *(.debug_sfnames)

.debug_aranges  0x00000000      0x9a0
 *(.debug_aranges)
 .debug_aranges
                0x00000000       0xe8 BNO055/Adafruit_BNO055.o
 .debug_aranges
                0x000000e8       0x48 Commands.o
 .debug_aranges
                0x00000130      0x118 EtherCardModified/enc28j60.o
 .debug_aranges
                0x00000248       0x30 EtherCardModified/EtherCard.o
 .debug_aranges
                0x00000278      0x188 EtherCardModified/tcpip.o
 .debug_aranges
                0x00000400       0x40 EtherCardModified/udpserver.o
 .debug_aranges
                0x00000440       0x70 EtherCardModified/webutil.o
 .debug_aranges
                0x000004b0       0x38 EtherComm.o
 .debug_aranges
                0x000004e8       0x20 main.o
 .debug_aranges
                0x00000508       0x68 Peripherals/HardwareSerial.o
 .debug_aranges
                0x00000570       0x48 Peripherals/HardwareSerial0.o
 .debug_aranges
                0x000005b8       0x48 Peripherals/HardwareSerial1.o
 .debug_aranges
                0x00000600       0x48 Peripherals/HardwareSerial2.o
 .debug_aranges
                0x00000648       0x48 Peripherals/HardwareSerial3.o
 .debug_aranges
                0x00000690       0x80 Peripherals/twi.o
 .debug_aranges
                0x00000710       0xf8 Peripherals/Wire.o
 .debug_aranges
                0x00000808       0x60 Robot.o
 .debug_aranges
                0x00000868       0x30 Sensors/ImuSensor.o
 .debug_aranges
                0x00000898       0x40 TestIMU.o
 .debug_aranges
                0x000008d8       0xc8 Utils/Print.o

.debug_pubnames
 *(.debug_pubnames)

.debug_info     0x00000000    0x189e6
 *(.debug_info .gnu.linkonce.wi.*)
 .debug_info    0x00000000      0xbbc C:/Program Files (x86)/Atmel/Studio/7.0/Packs/atmel/ATmega_DFP/1.2.209/gcc/dev/atmega2560/avr6/crtatmega2560.o
 .debug_info    0x00000bbc     0x4250 BNO055/Adafruit_BNO055.o
 .debug_info    0x00004e0c     0x10e8 Commands.o
 .debug_info    0x00005ef4     0x1761 EtherCardModified/enc28j60.o
 .debug_info    0x00007655     0x117d EtherCardModified/EtherCard.o
 .debug_info    0x000087d2     0x2d65 EtherCardModified/tcpip.o
 .debug_info    0x0000b537      0xc47 EtherCardModified/udpserver.o
 .debug_info    0x0000c17e     0x105d EtherCardModified/webutil.o
 .debug_info    0x0000d1db      0xeed EtherComm.o
 .debug_info    0x0000e0c8     0x10b1 main.o
 .debug_info    0x0000f179      0xdbe Peripherals/HardwareSerial.o
 .debug_info    0x0000ff37      0x989 Peripherals/HardwareSerial0.o
 .debug_info    0x000108c0      0x989 Peripherals/HardwareSerial1.o
 .debug_info    0x00011249      0x989 Peripherals/HardwareSerial2.o
 .debug_info    0x00011bd2      0x98f Peripherals/HardwareSerial3.o
 .debug_info    0x00012561      0x60a Peripherals/twi.o
 .debug_info    0x00012b6b     0x163d Peripherals/Wire.o
 .debug_info    0x000141a8     0x1850 Robot.o
 .debug_info    0x000159f8     0x1093 Sensors/ImuSensor.o
 .debug_info    0x00016a8b      0xd9b TestIMU.o
 .debug_info    0x00017826     0x11c0 Utils/Print.o

.debug_abbrev   0x00000000     0x5453
 *(.debug_abbrev)
 .debug_abbrev  0x00000000      0xb1a C:/Program Files (x86)/Atmel/Studio/7.0/Packs/atmel/ATmega_DFP/1.2.209/gcc/dev/atmega2560/avr6/crtatmega2560.o
 .debug_abbrev  0x00000b1a      0x5a8 BNO055/Adafruit_BNO055.o
 .debug_abbrev  0x000010c2      0x3ff Commands.o
 .debug_abbrev  0x000014c1      0x393 EtherCardModified/enc28j60.o
 .debug_abbrev  0x00001854      0x3a8 EtherCardModified/EtherCard.o
 .debug_abbrev  0x00001bfc      0x74a EtherCardModified/tcpip.o
 .debug_abbrev  0x00002346      0x26c EtherCardModified/udpserver.o
 .debug_abbrev  0x000025b2      0x37b EtherCardModified/webutil.o
 .debug_abbrev  0x0000292d      0x2ad EtherComm.o
 .debug_abbrev  0x00002bda      0x412 main.o
 .debug_abbrev  0x00002fec      0x363 Peripherals/HardwareSerial.o
 .debug_abbrev  0x0000334f      0x2d8 Peripherals/HardwareSerial0.o
 .debug_abbrev  0x00003627      0x2d8 Peripherals/HardwareSerial1.o
 .debug_abbrev  0x000038ff      0x2d8 Peripherals/HardwareSerial2.o
 .debug_abbrev  0x00003bd7      0x2d8 Peripherals/HardwareSerial3.o
 .debug_abbrev  0x00003eaf      0x222 Peripherals/twi.o
 .debug_abbrev  0x000040d1      0x428 Peripherals/Wire.o
 .debug_abbrev  0x000044f9      0x554 Robot.o
 .debug_abbrev  0x00004a4d      0x422 Sensors/ImuSensor.o
 .debug_abbrev  0x00004e6f      0x348 TestIMU.o
 .debug_abbrev  0x000051b7      0x29c Utils/Print.o

.debug_line     0x00000000     0x5fc7
 *(.debug_line .debug_line.* .debug_line_end)
 .debug_line    0x00000000      0x1f9 C:/Program Files (x86)/Atmel/Studio/7.0/Packs/atmel/ATmega_DFP/1.2.209/gcc/dev/atmega2560/avr6/crtatmega2560.o
 .debug_line    0x000001f9      0xc47 BNO055/Adafruit_BNO055.o
 .debug_line    0x00000e40      0x1e9 Commands.o
 .debug_line    0x00001029      0x89b EtherCardModified/enc28j60.o
 .debug_line    0x000018c4      0x21a EtherCardModified/EtherCard.o
 .debug_line    0x00001ade     0x12b3 EtherCardModified/tcpip.o
 .debug_line    0x00002d91      0x211 EtherCardModified/udpserver.o
 .debug_line    0x00002fa2      0x538 EtherCardModified/webutil.o
 .debug_line    0x000034da      0x20a EtherComm.o
 .debug_line    0x000036e4      0x1e4 main.o
 .debug_line    0x000038c8      0x51d Peripherals/HardwareSerial.o
 .debug_line    0x00003de5      0x23c Peripherals/HardwareSerial0.o
 .debug_line    0x00004021      0x23b Peripherals/HardwareSerial1.o
 .debug_line    0x0000425c      0x23a Peripherals/HardwareSerial2.o
 .debug_line    0x00004496      0x23a Peripherals/HardwareSerial3.o
 .debug_line    0x000046d0      0x53e Peripherals/twi.o
 .debug_line    0x00004c0e      0x58b Peripherals/Wire.o
 .debug_line    0x00005199      0x3a2 Robot.o
 .debug_line    0x0000553b      0x26e Sensors/ImuSensor.o
 .debug_line    0x000057a9      0x333 TestIMU.o
 .debug_line    0x00005adc      0x4eb Utils/Print.o

.debug_frame    0x00000000     0x1e08
 *(.debug_frame)
 .debug_frame   0x00000000      0x470 BNO055/Adafruit_BNO055.o
 .debug_frame   0x00000470       0x74 Commands.o
 .debug_frame   0x000004e4      0x378 EtherCardModified/enc28j60.o
 .debug_frame   0x0000085c       0x94 EtherCardModified/EtherCard.o
 .debug_frame   0x000008f0      0x4d0 EtherCardModified/tcpip.o
 .debug_frame   0x00000dc0       0xb8 EtherCardModified/udpserver.o
 .debug_frame   0x00000e78      0x1b0 EtherCardModified/webutil.o
 .debug_frame   0x00001028       0x8c EtherComm.o
 .debug_frame   0x000010b4       0x24 main.o
 .debug_frame   0x000010d8      0x104 Peripherals/HardwareSerial.o
 .debug_frame   0x000011dc       0xec Peripherals/HardwareSerial0.o
 .debug_frame   0x000012c8       0xec Peripherals/HardwareSerial1.o
 .debug_frame   0x000013b4       0xec Peripherals/HardwareSerial2.o
 .debug_frame   0x000014a0       0xec Peripherals/HardwareSerial3.o
 .debug_frame   0x0000158c      0x134 Peripherals/twi.o
 .debug_frame   0x000016c0      0x280 Peripherals/Wire.o
 .debug_frame   0x00001940       0xbc Robot.o
 .debug_frame   0x000019fc       0x5c Sensors/ImuSensor.o
 .debug_frame   0x00001a58       0xd0 TestIMU.o
 .debug_frame   0x00001b28      0x2e0 Utils/Print.o

.debug_str      0x00000000     0x66e1
 *(.debug_str)
 .debug_str     0x00000000      0x3e6 C:/Program Files (x86)/Atmel/Studio/7.0/Packs/atmel/ATmega_DFP/1.2.209/gcc/dev/atmega2560/avr6/crtatmega2560.o
 .debug_str     0x000003e6     0x2d80 BNO055/Adafruit_BNO055.o
                               0x2eda (size before relaxing)
 .debug_str     0x00003166     0x1226 Commands.o
                               0x1458 (size before relaxing)
 .debug_str     0x0000438c      0x237 EtherCardModified/enc28j60.o
                                0x850 (size before relaxing)
 .debug_str     0x000045c3      0x3a1 EtherCardModified/EtherCard.o
                               0x141a (size before relaxing)
 .debug_str     0x00004964      0x640 EtherCardModified/tcpip.o
                               0x195c (size before relaxing)
 .debug_str     0x00004fa4       0x68 EtherCardModified/udpserver.o
                               0x109e (size before relaxing)
 .debug_str     0x0000500c      0x12c EtherCardModified/webutil.o
                               0x119a (size before relaxing)
 .debug_str     0x00005138       0xf8 EtherComm.o
                               0x1291 (size before relaxing)
 .debug_str     0x00005230       0x7b main.o
                               0x13fc (size before relaxing)
 .debug_str     0x000052ab      0x7e2 Peripherals/HardwareSerial.o
                                0xa8f (size before relaxing)
 .debug_str     0x00005a8d       0x4a Peripherals/HardwareSerial0.o
                                0x7cb (size before relaxing)
 .debug_str     0x00005ad7       0x52 Peripherals/HardwareSerial1.o
                                0x7cc (size before relaxing)
 .debug_str     0x00005b29       0x52 Peripherals/HardwareSerial2.o
                                0x7cc (size before relaxing)
 .debug_str     0x00005b7b       0x52 Peripherals/HardwareSerial3.o
                                0x7cc (size before relaxing)
 .debug_str     0x00005bcd      0x287 Peripherals/twi.o
                                0x37c (size before relaxing)
 .debug_str     0x00005e54      0x44f Peripherals/Wire.o
                                0xc70 (size before relaxing)
 .debug_str     0x000062a3      0x171 Robot.o
                               0x21bc (size before relaxing)
 .debug_str     0x00006414       0x5e Sensors/ImuSensor.o
                               0x138c (size before relaxing)
 .debug_str     0x00006472       0xf8 TestIMU.o
                               0x14d3 (size before relaxing)
 .debug_str     0x0000656a      0x177 Utils/Print.o
                                0x4a3 (size before relaxing)

.debug_loc      0x00000000     0x9f57
 *(.debug_loc)
 .debug_loc     0x00000000     0x2157 BNO055/Adafruit_BNO055.o
 .debug_loc     0x00002157      0x37d Commands.o
 .debug_loc     0x000024d4      0xf83 EtherCardModified/enc28j60.o
 .debug_loc     0x00003457      0x377 EtherCardModified/EtherCard.o
 .debug_loc     0x000037ce     0x18d2 EtherCardModified/tcpip.o
 .debug_loc     0x000050a0      0x243 EtherCardModified/udpserver.o
 .debug_loc     0x000052e3      0xc97 EtherCardModified/webutil.o
 .debug_loc     0x00005f7a      0x486 EtherComm.o
 .debug_loc     0x00006400       0x16 main.o
 .debug_loc     0x00006416      0x4e0 Peripherals/HardwareSerial.o
 .debug_loc     0x000068f6      0x1ca Peripherals/HardwareSerial0.o
 .debug_loc     0x00006ac0      0x1ca Peripherals/HardwareSerial1.o
 .debug_loc     0x00006c8a      0x1ca Peripherals/HardwareSerial2.o
 .debug_loc     0x00006e54      0x1ca Peripherals/HardwareSerial3.o
 .debug_loc     0x0000701e      0x54a Peripherals/twi.o
 .debug_loc     0x00007568      0xb3b Peripherals/Wire.o
 .debug_loc     0x000080a3      0x24e Robot.o
 .debug_loc     0x000082f1      0x18d Sensors/ImuSensor.o
 .debug_loc     0x0000847e      0x4b9 TestIMU.o
 .debug_loc     0x00008937     0x1620 Utils/Print.o

.debug_macinfo
 *(.debug_macinfo)

.debug_weaknames
 *(.debug_weaknames)

.debug_funcnames
 *(.debug_funcnames)

.debug_typenames
 *(.debug_typenames)

.debug_varnames
 *(.debug_varnames)

.debug_pubtypes
 *(.debug_pubtypes)

.debug_ranges   0x00000000      0x8d0
 *(.debug_ranges)
 .debug_ranges  0x00000000       0xd8 BNO055/Adafruit_BNO055.o
 .debug_ranges  0x000000d8       0x38 Commands.o
 .debug_ranges  0x00000110      0x108 EtherCardModified/enc28j60.o
 .debug_ranges  0x00000218       0x20 EtherCardModified/EtherCard.o
 .debug_ranges  0x00000238      0x1b8 EtherCardModified/tcpip.o
 .debug_ranges  0x000003f0       0x48 EtherCardModified/udpserver.o
 .debug_ranges  0x00000438       0x78 EtherCardModified/webutil.o
 .debug_ranges  0x000004b0       0x28 EtherComm.o
 .debug_ranges  0x000004d8       0x10 main.o
 .debug_ranges  0x000004e8       0x58 Peripherals/HardwareSerial.o
 .debug_ranges  0x00000540       0x38 Peripherals/HardwareSerial0.o
 .debug_ranges  0x00000578       0x38 Peripherals/HardwareSerial1.o
 .debug_ranges  0x000005b0       0x38 Peripherals/HardwareSerial2.o
 .debug_ranges  0x000005e8       0x38 Peripherals/HardwareSerial3.o
 .debug_ranges  0x00000620       0x70 Peripherals/twi.o
 .debug_ranges  0x00000690       0xe8 Peripherals/Wire.o
 .debug_ranges  0x00000778       0x50 Robot.o
 .debug_ranges  0x000007c8       0x20 Sensors/ImuSensor.o
 .debug_ranges  0x000007e8       0x30 TestIMU.o
 .debug_ranges  0x00000818       0xb8 Utils/Print.o

.debug_macro
 *(.debug_macro)
OUTPUT(RovController.elf elf32-avr)
LOAD linker stubs
